Archive member included to satisfy reference by file (symbol)

../../platform/ns/libplatform_ns.a(uart_stdout.o)
                              CMakeFiles/tfm_ns.dir/__/log/tfm_log_raw.o (stdio_output_string)
../../platform/ns/libplatform_ns.a(system_stm32l5xx.o)
                              CMakeFiles/tfm_ns.dir/__/__/__/platform/ext/target/stm/common/stm32l5xx/Device/Source/startup_stm32l5xx_ns.o (SystemInit)
../../platform/ns/libplatform_ns.a(low_level_com.o)
                              ../../platform/ns/libplatform_ns.a(uart_stdout.o) (Driver_USART0)
../../platform/ns/libplatform_ns.a(stm32l5xx_hal_pwr_ex.o)
                              ../../platform/ns/libplatform_ns.a(low_level_com.o) (HAL_PWREx_EnableVddIO2)
../../platform/ns/libplatform_ns.a(stm32l5xx_hal_gpio.o)
                              ../../platform/ns/libplatform_ns.a(low_level_com.o) (HAL_GPIO_Init)
../../platform/ns/libplatform_ns.a(stm32l5xx_hal_uart.o)
                              ../../platform/ns/libplatform_ns.a(low_level_com.o) (HAL_UART_Transmit)
../../platform/ns/libplatform_ns.a(stm32l5xx_hal_uart_ex.o)
                              ../../platform/ns/libplatform_ns.a(stm32l5xx_hal_uart.o) (HAL_UARTEx_WakeupCallback)
../../platform/ns/libplatform_ns.a(stm32l5xx_hal.o)
                              ../../platform/ns/libplatform_ns.a(stm32l5xx_hal_uart.o) (HAL_GetTick)
../../platform/ns/libplatform_ns.a(stm32l5xx_hal_dma.o)
                              ../../platform/ns/libplatform_ns.a(stm32l5xx_hal_uart.o) (HAL_DMA_Start_IT)
../../platform/ns/libplatform_ns.a(stm32l5xx_hal_pwr.o)
                              ../../platform/ns/libplatform_ns.a(stm32l5xx_hal_pwr_ex.o) (HAL_PWR_PVDCallback)
../../platform/ns/libplatform_ns.a(stm32l5xx_hal_rcc.o)
                              ../../platform/ns/libplatform_ns.a(stm32l5xx_hal_uart.o) (HAL_RCC_GetSysClockFreq)
../../platform/ns/libplatform_ns.a(stm32l5xx_hal_cortex.o)
                              ../../platform/ns/libplatform_ns.a(stm32l5xx_hal.o) (HAL_NVIC_SetPriorityGrouping)
libtfm_test_app.a(test_app.o)
                              CMakeFiles/tfm_ns.dir/main_ns.o (test_app)
../../lib/ext/tfm_test_repo-src/CMSIS/RTOS2/RTX/Library/GCC/libRTX_V8MMN.a(irq_armv8mml.o)
                              CMakeFiles/tfm_ns.dir/__/CMSIS/RTOS2/RTX/Source/rtx_lib.o (irqRtxLib)
../../lib/ext/tfm_test_repo-src/CMSIS/RTOS2/RTX/Library/GCC/libRTX_V8MMN.a(rtx_system.o)
                              ../../lib/ext/tfm_test_repo-src/CMSIS/RTOS2/RTX/Library/GCC/libRTX_V8MMN.a(irq_armv8mml.o) (osRtxTick_Handler)
../../lib/ext/tfm_test_repo-src/CMSIS/RTOS2/RTX/Library/GCC/libRTX_V8MMN.a(rtx_msgqueue.o)
                              CMakeFiles/tfm_ns.dir/os_wrapper_cmsis_rtos_v2.o (osMessageQueueNew)
../../lib/ext/tfm_test_repo-src/CMSIS/RTOS2/RTX/Library/GCC/libRTX_V8MMN.a(rtx_mempool.o)
                              ../../lib/ext/tfm_test_repo-src/CMSIS/RTOS2/RTX/Library/GCC/libRTX_V8MMN.a(rtx_msgqueue.o) (osRtxMemoryPoolInit)
../../lib/ext/tfm_test_repo-src/CMSIS/RTOS2/RTX/Library/GCC/libRTX_V8MMN.a(rtx_memory.o)
                              ../../lib/ext/tfm_test_repo-src/CMSIS/RTOS2/RTX/Library/GCC/libRTX_V8MMN.a(rtx_msgqueue.o) (osRtxMemoryAlloc)
../../lib/ext/tfm_test_repo-src/CMSIS/RTOS2/RTX/Library/GCC/libRTX_V8MMN.a(rtx_semaphore.o)
                              CMakeFiles/tfm_ns.dir/os_wrapper_cmsis_rtos_v2.o (osSemaphoreNew)
../../lib/ext/tfm_test_repo-src/CMSIS/RTOS2/RTX/Library/GCC/libRTX_V8MMN.a(rtx_mutex.o)
                              CMakeFiles/tfm_ns.dir/os_wrapper_cmsis_rtos_v2.o (osMutexNew)
../../lib/ext/tfm_test_repo-src/CMSIS/RTOS2/RTX/Library/GCC/libRTX_V8MMN.a(rtx_delay.o)
                              CMakeFiles/tfm_ns.dir/os_wrapper_cmsis_rtos_v2.o (osDelay)
../../lib/ext/tfm_test_repo-src/CMSIS/RTOS2/RTX/Library/GCC/libRTX_V8MMN.a(rtx_thread.o)
                              CMakeFiles/tfm_ns.dir/os_wrapper_cmsis_rtos_v2.o (osThreadExit)
../../lib/ext/tfm_test_repo-src/CMSIS/RTOS2/RTX/Library/GCC/libRTX_V8MMN.a(rtx_kernel.o)
                              CMakeFiles/tfm_ns.dir/main_ns.o (osKernelInitialize)
../../lib/ext/tfm_test_repo-src/CMSIS/RTOS2/RTX/Library/GCC/libRTX_V8MMN.a(os_systick.o)
                              ../../lib/ext/tfm_test_repo-src/CMSIS/RTOS2/RTX/Library/GCC/libRTX_V8MMN.a(rtx_kernel.o) (OS_Tick_Setup)
../../lib/ext/tfm_test_repo-src/CMSIS/RTOS2/RTX/Library/GCC/libRTX_V8MMN.a(rtx_timer.o)
                              ../../lib/ext/tfm_test_repo-src/CMSIS/RTOS2/RTX/Library/GCC/libRTX_V8MMN.a(rtx_thread.o) (osRtxTimerThread)
libtfm_api_ns.a(tfm_ns_interface.o)
                              CMakeFiles/tfm_ns.dir/main_ns.o (tfm_ns_interface_init)
/usr/lib/gcc/arm-none-eabi/9.2.1/thumb/v8-m.main/nofp/libgcc.a(_aeabi_ldivmod.o)
                              ../../platform/ns/libplatform_ns.a(stm32l5xx_hal_uart.o) (__aeabi_ldivmod)
/usr/lib/gcc/arm-none-eabi/9.2.1/thumb/v8-m.main/nofp/libgcc.a(_aeabi_uldivmod.o)
[...]
Memory Configuration

Name             Origin             Length             Attributes
FLASH            0x0000000008041400 0x0000000000006c00 xr
RAM              0x0000000020000000 0x0000000000020000 xrw
*default*        0x0000000000000000 0xffffffffffffffff

Linker script and memory map

LOAD /usr/lib/gcc/arm-none-eabi/9.2.1/thumb/v8-m.main/nofp/crti.o
LOAD /usr/lib/gcc/arm-none-eabi/9.2.1/thumb/v8-m.main/nofp/crtbegin.o
LOAD /usr/lib/gcc/arm-none-eabi/9.2.1/../../../arm-none-eabi/lib/thumb/v8-m.main/nofp/crt0.o
LOAD CMakeFiles/tfm_ns.dir/main_ns.o
LOAD CMakeFiles/tfm_ns.dir/__/__/__/platform/ext/target/stm/common/stm32l5xx/Device/Source/startup_stm32l5xx_ns.o
LOAD CMakeFiles/tfm_ns.dir/__/ns_interface/ns_client_ext/tz_shim_layer.o
LOAD CMakeFiles/tfm_ns.dir/__/CMSIS/RTOS2/RTX/Config/RTX_Config.o
LOAD CMakeFiles/tfm_ns.dir/__/CMSIS/RTOS2/RTX/Source/rtx_lib.o
LOAD CMakeFiles/tfm_ns.dir/os_wrapper_cmsis_rtos_v2.o
LOAD CMakeFiles/tfm_ns.dir/__/log/tfm_log_raw.o
LOAD ../../platform/ns/libplatform_ns.a
LOAD libtfm_test_app.a
LOAD ../../lib/ext/tfm_test_repo-src/CMSIS/RTOS2/RTX/Library/GCC/libRTX_V8MMN.a
LOAD libtfm_api_ns.a
LOAD ../../platform/ns/libplatform_ns.a
LOAD ../../secure_fw/libtfm_s_veneers.a
START GROUP
LOAD /usr/lib/gcc/arm-none-eabi/9.2.1/thumb/v8-m.main/nofp/libgcc.a
LOAD /usr/lib/gcc/arm-none-eabi/9.2.1/../../../arm-none-eabi/lib/thumb/v8-m.main/nofp/libg_nano.a
LOAD /usr/lib/gcc/arm-none-eabi/9.2.1/../../../arm-none-eabi/lib/thumb/v8-m.main/nofp/libc_nano.a
END GROUP
START GROUP
LOAD /usr/lib/gcc/arm-none-eabi/9.2.1/thumb/v8-m.main/nofp/libgcc.a
LOAD /usr/lib/gcc/arm-none-eabi/9.2.1/../../../arm-none-eabi/lib/thumb/v8-m.main/nofp/libc_nano.a
END GROUP
LOAD /usr/lib/gcc/arm-none-eabi/9.2.1/thumb/v8-m.main/nofp/crtend.o
LOAD /usr/lib/gcc/arm-none-eabi/9.2.1/thumb/v8-m.main/nofp/crtn.o
                0x0000000000001000                __heap_size__ = 0x1000
                0x0000000000001000                __stack_size__ = 0x1000
START GROUP
LOAD /usr/lib/gcc/arm-none-eabi/9.2.1/thumb/v8-m.main/nofp/libgcc.a
LOAD /usr/lib/gcc/arm-none-eabi/9.2.1/../../../arm-none-eabi/lib/thumb/v8-m.main/nofp/libc.a
LOAD /usr/lib/gcc/arm-none-eabi/9.2.1/../../../arm-none-eabi/lib/thumb/v8-m.main/nofp/libm.a
LOAD /usr/lib/gcc/arm-none-eabi/9.2.1/../../../arm-none-eabi/lib/thumb/v8-m.main/nofp/libnosys.a
END GROUP

.text           0x0000000008041400     0x523c
 *(.vectors)
 .vectors       0x0000000008041400      0x1f4 CMakeFiles/tfm_ns.dir/__/__/__/platform/ext/target/stm/common/stm32l5xx/Device/Source/startup_stm32l5xx_ns.o
                0x0000000008041400                __Vectors
                0x00000000080415f4                __Vectors_End = .
                0x00000000080415f4                __Vectors_Size = (__Vectors_End - __Vectors)
                0x00000000200036e0                __end__ = .
 *(.text*)
 .text          0x00000000080415f4       0x8c /usr/lib/gcc/arm-none-eabi/9.2.1/thumb/v8-m.main/nofp/crtbegin.o
 .text          0x0000000008041680       0x70 /usr/lib/gcc/arm-none-eabi/9.2.1/../../../arm-none-eabi/lib/thumb/v8-m.main/nofp/crt0.o
                0x0000000008041680                _stack_init
                0x0000000008041688                _mainCRTStartup
                0x0000000008041688                _start
 .text.tfm_ns_platform_init
                0x00000000080416f0        0xa CMakeFiles/tfm_ns.dir/main_ns.o
                0x00000000080416f0                tfm_ns_platform_init
 .text.tfm_ns_cp_init
                0x00000000080416fa        0x4 CMakeFiles/tfm_ns.dir/main_ns.o
                0x00000000080416fa                tfm_ns_cp_init
 *fill*         0x00000000080416fe        0x2 
 .text.startup.main
                0x0000000008041700       0x40 CMakeFiles/tfm_ns.dir/main_ns.o
                0x0000000008041700                main
 .text.NMI_Handler
                0x0000000008041740        0x2 CMakeFiles/tfm_ns.dir/__/__/__/platform/ext/target/stm/common/stm32l5xx/Device/Source/startup_stm32l5xx_ns.o
                0x0000000008041740                NMI_Handler
 .text.HardFault_Handler
                0x0000000008041742        0x2 CMakeFiles/tfm_ns.dir/__/__/__/platform/ext/target/stm/common/stm32l5xx/Device/Source/startup_stm32l5xx_ns.o
                0x0000000008041742                HardFault_Handler
 .text.MemManage_Handler
                0x0000000008041744        0x2 CMakeFiles/tfm_ns.dir/__/__/__/platform/ext/target/stm/common/stm32l5xx/Device/Source/startup_stm32l5xx_ns.o
                0x0000000008041744                MemManage_Handler
 .text.BusFault_Handler
                0x0000000008041746        0x2 CMakeFiles/tfm_ns.dir/__/__/__/platform/ext/target/stm/common/stm32l5xx/Device/Source/startup_stm32l5xx_ns.o
                0x0000000008041746                BusFault_Handler
 .text.UsageFault_Handler
                0x0000000008041748        0x2 CMakeFiles/tfm_ns.dir/__/__/__/platform/ext/target/stm/common/stm32l5xx/Device/Source/startup_stm32l5xx_ns.o
                0x0000000008041748                UsageFault_Handler
 .text.SecureFault_Handler
                0x000000000804174a        0x2 CMakeFiles/tfm_ns.dir/__/__/__/platform/ext/target/stm/common/stm32l5xx/Device/Source/startup_stm32l5xx_ns.o
                0x000000000804174a                SecureFault_Handler
 .text.DebugMon_Handler
                0x000000000804174c        0x2 CMakeFiles/tfm_ns.dir/__/__/__/platform/ext/target/stm/common/stm32l5xx/Device/Source/startup_stm32l5xx_ns.o
                0x000000000804174c                DebugMon_Handler
 .text.WWDG_IRQHandler
                0x000000000804174e        0x2 CMakeFiles/tfm_ns.dir/__/__/__/platform/ext/target/stm/common/stm32l5xx/Device/Source/startup_stm32l5xx_ns.o
                0x000000000804174e                WWDG_IRQHandler
 .text.PVD_PVM_IRQHandler
                0x0000000008041750        0x2 CMakeFiles/tfm_ns.dir/__/__/__/platform/ext/target/stm/common/stm32l5xx/Device/Source/startup_stm32l5xx_ns.o
                0x0000000008041750                PVD_PVM_IRQHandler
 .text.RTC_IRQHandler
                0x0000000008041752        0x2 CMakeFiles/tfm_ns.dir/__/__/__/platform/ext/target/stm/common/stm32l5xx/Device/Source/startup_stm32l5xx_ns.o
                0x0000000008041752                RTC_IRQHandler
 .text.RTC_IRQHandler_S
                0x0000000008041754        0x2 CMakeFiles/tfm_ns.dir/__/__/__/platform/ext/target/stm/common/stm32l5xx/Device/Source/startup_stm32l5xx_ns.o
                0x0000000008041754                RTC_IRQHandler_S
 .text.TAMP_IRQHandler
                0x0000000008041756        0x2 CMakeFiles/tfm_ns.dir/__/__/__/platform/ext/target/stm/common/stm32l5xx/Device/Source/startup_stm32l5xx_ns.o
                0x0000000008041756                TAMP_IRQHandler
 .text.TAMP_IRQHandler_S
                0x0000000008041758        0x2 CMakeFiles/tfm_ns.dir/__/__/__/platform/ext/target/stm/common/stm32l5xx/Device/Source/startup_stm32l5xx_ns.o
                0x0000000008041758                TAMP_IRQHandler_S
 .text.FLASH_IRQHandler
                0x000000000804175a        0x2 CMakeFiles/tfm_ns.dir/__/__/__/platform/ext/target/stm/common/stm32l5xx/Device/Source/startup_stm32l5xx_ns.o
                0x000000000804175a                FLASH_IRQHandler
 .text.FLASH_IRQHandler_S
                0x000000000804175c        0x2 CMakeFiles/tfm_ns.dir/__/__/__/platform/ext/target/stm/common/stm32l5xx/Device/Source/startup_stm32l5xx_ns.o
                0x000000000804175c                FLASH_IRQHandler_S
 .text.SERR_IRQHandler
                0x000000000804175e        0x2 CMakeFiles/tfm_ns.dir/__/__/__/platform/ext/target/stm/common/stm32l5xx/Device/Source/startup_stm32l5xx_ns.o
                0x000000000804175e                SERR_IRQHandler
 .text.RCC_IRQHandler
                0x0000000008041760        0x2 CMakeFiles/tfm_ns.dir/__/__/__/platform/ext/target/stm/common/stm32l5xx/Device/Source/startup_stm32l5xx_ns.o
                0x0000000008041760                RCC_IRQHandler
 .text.RCC_IRQHandler_S
                0x0000000008041762        0x2 CMakeFiles/tfm_ns.dir/__/__/__/platform/ext/target/stm/common/stm32l5xx/Device/Source/startup_stm32l5xx_ns.o
                0x0000000008041762                RCC_IRQHandler_S
 .text.EXTI0_IRQHandler
                0x0000000008041764        0x2 CMakeFiles/tfm_ns.dir/__/__/__/platform/ext/target/stm/common/stm32l5xx/Device/Source/startup_stm32l5xx_ns.o
                0x0000000008041764                EXTI0_IRQHandler
 .text.EXTI1_IRQHandler
                0x0000000008041766        0x2 CMakeFiles/tfm_ns.dir/__/__/__/platform/ext/target/stm/common/stm32l5xx/Device/Source/startup_stm32l5xx_ns.o
                0x0000000008041766                EXTI1_IRQHandler
 .text.EXTI2_IRQHandler
                0x0000000008041768        0x2 CMakeFiles/tfm_ns.dir/__/__/__/platform/ext/target/stm/common/stm32l5xx/Device/Source/startup_stm32l5xx_ns.o
                0x0000000008041768                EXTI2_IRQHandler
 .text.EXTI3_IRQHandler
                0x000000000804176a        0x2 CMakeFiles/tfm_ns.dir/__/__/__/platform/ext/target/stm/common/stm32l5xx/Device/Source/startup_stm32l5xx_ns.o
                0x000000000804176a                EXTI3_IRQHandler
 .text.EXTI4_IRQHandler
                0x000000000804176c        0x2 CMakeFiles/tfm_ns.dir/__/__/__/platform/ext/target/stm/common/stm32l5xx/Device/Source/startup_stm32l5xx_ns.o
                0x000000000804176c                EXTI4_IRQHandler
 .text.EXTI5_IRQHandler
                0x000000000804176e        0x2 CMakeFiles/tfm_ns.dir/__/__/__/platform/ext/target/stm/common/stm32l5xx/Device/Source/startup_stm32l5xx_ns.o
                0x000000000804176e                EXTI5_IRQHandler
 .text.EXTI6_IRQHandler
                0x0000000008041770        0x2 CMakeFiles/tfm_ns.dir/__/__/__/platform/ext/target/stm/common/stm32l5xx/Device/Source/startup_stm32l5xx_ns.o
                0x0000000008041770                EXTI6_IRQHandler
 .text.EXTI7_IRQHandler
                0x0000000008041772        0x2 CMakeFiles/tfm_ns.dir/__/__/__/platform/ext/target/stm/common/stm32l5xx/Device/Source/startup_stm32l5xx_ns.o
                0x0000000008041772                EXTI7_IRQHandler
 .text.EXTI8_IRQHandler
                0x0000000008041774        0x2 CMakeFiles/tfm_ns.dir/__/__/__/platform/ext/target/stm/common/stm32l5xx/Device/Source/startup_stm32l5xx_ns.o
                0x0000000008041774                EXTI8_IRQHandler
 .text.EXTI9_IRQHandler
                0x0000000008041776        0x2 CMakeFiles/tfm_ns.dir/__/__/__/platform/ext/target/stm/common/stm32l5xx/Device/Source/startup_stm32l5xx_ns.o
                0x0000000008041776                EXTI9_IRQHandler
 .text.EXTI10_IRQHandler
                0x0000000008041778        0x2 CMakeFiles/tfm_ns.dir/__/__/__/platform/ext/target/stm/common/stm32l5xx/Device/Source/startup_stm32l5xx_ns.o
                0x0000000008041778                EXTI10_IRQHandler
 .text.EXTI11_IRQHandler
                0x000000000804177a        0x2 CMakeFiles/tfm_ns.dir/__/__/__/platform/ext/target/stm/common/stm32l5xx/Device/Source/startup_stm32l5xx_ns.o
                0x000000000804177a                EXTI11_IRQHandler
 .text.EXTI12_IRQHandler
                0x000000000804177c        0x2 CMakeFiles/tfm_ns.dir/__/__/__/platform/ext/target/stm/common/stm32l5xx/Device/Source/startup_stm32l5xx_ns.o
                0x000000000804177c                EXTI12_IRQHandler
 .text.EXTI13_IRQHandler
                0x000000000804177e        0x2 CMakeFiles/tfm_ns.dir/__/__/__/platform/ext/target/stm/common/stm32l5xx/Device/Source/startup_stm32l5xx_ns.o
                0x000000000804177e                EXTI13_IRQHandler
 .text.EXTI14_IRQHandler
                0x0000000008041780        0x2 CMakeFiles/tfm_ns.dir/__/__/__/platform/ext/target/stm/common/stm32l5xx/Device/Source/startup_stm32l5xx_ns.o
                0x0000000008041780                EXTI14_IRQHandler
 .text.EXTI15_IRQHandler
                0x0000000008041782        0x2 CMakeFiles/tfm_ns.dir/__/__/__/platform/ext/target/stm/common/stm32l5xx/Device/Source/startup_stm32l5xx_ns.o
                0x0000000008041782                EXTI15_IRQHandler
 .text.DMAMUX1_IRQHandler
                0x0000000008041784        0x2 CMakeFiles/tfm_ns.dir/__/__/__/platform/ext/target/stm/common/stm32l5xx/Device/Source/startup_stm32l5xx_ns.o
                0x0000000008041784                DMAMUX1_IRQHandler
 .text.DMAMUX1_IRQHandler_S
                0x0000000008041786        0x2 CMakeFiles/tfm_ns.dir/__/__/__/platform/ext/target/stm/common/stm32l5xx/Device/Source/startup_stm32l5xx_ns.o
                0x0000000008041786                DMAMUX1_IRQHandler_S
 .text.DMA1_Channel1_IRQHandler
                0x0000000008041788        0x2 CMakeFiles/tfm_ns.dir/__/__/__/platform/ext/target/stm/common/stm32l5xx/Device/Source/startup_stm32l5xx_ns.o
                0x0000000008041788                DMA1_Channel1_IRQHandler
 .text.DMA1_Channel2_IRQHandler
                0x000000000804178a        0x2 CMakeFiles/tfm_ns.dir/__/__/__/platform/ext/target/stm/common/stm32l5xx/Device/Source/startup_stm32l5xx_ns.o
                0x000000000804178a                DMA1_Channel2_IRQHandler
 .text.DMA1_Channel3_IRQHandler
                0x000000000804178c        0x2 CMakeFiles/tfm_ns.dir/__/__/__/platform/ext/target/stm/common/stm32l5xx/Device/Source/startup_stm32l5xx_ns.o
                0x000000000804178c                DMA1_Channel3_IRQHandler
 .text.DMA1_Channel4_IRQHandler
                0x000000000804178e        0x2 CMakeFiles/tfm_ns.dir/__/__/__/platform/ext/target/stm/common/stm32l5xx/Device/Source/startup_stm32l5xx_ns.o
                0x000000000804178e                DMA1_Channel4_IRQHandler
 .text.DMA1_Channel5_IRQHandler
                0x0000000008041790        0x2 CMakeFiles/tfm_ns.dir/__/__/__/platform/ext/target/stm/common/stm32l5xx/Device/Source/startup_stm32l5xx_ns.o
                0x0000000008041790                DMA1_Channel5_IRQHandler
 .text.DMA1_Channel6_IRQHandler
                0x0000000008041792        0x2 CMakeFiles/tfm_ns.dir/__/__/__/platform/ext/target/stm/common/stm32l5xx/Device/Source/startup_stm32l5xx_ns.o
                0x0000000008041792                DMA1_Channel6_IRQHandler
 .text.DMA1_Channel7_IRQHandler
                0x0000000008041794        0x2 CMakeFiles/tfm_ns.dir/__/__/__/platform/ext/target/stm/common/stm32l5xx/Device/Source/startup_stm32l5xx_ns.o
                0x0000000008041794                DMA1_Channel7_IRQHandler
 .text.DMA1_Channel8_IRQHandler
                0x0000000008041796        0x2 CMakeFiles/tfm_ns.dir/__/__/__/platform/ext/target/stm/common/stm32l5xx/Device/Source/startup_stm32l5xx_ns.o
                0x0000000008041796                DMA1_Channel8_IRQHandler
 .text.ADC1_2_IRQHandler
                0x0000000008041798        0x2 CMakeFiles/tfm_ns.dir/__/__/__/platform/ext/target/stm/common/stm32l5xx/Device/Source/startup_stm32l5xx_ns.o
                0x0000000008041798                ADC1_2_IRQHandler
 .text.DAC_IRQHandler
                0x000000000804179a        0x2 CMakeFiles/tfm_ns.dir/__/__/__/platform/ext/target/stm/common/stm32l5xx/Device/Source/startup_stm32l5xx_ns.o
                0x000000000804179a                DAC_IRQHandler
 .text.FDCAN1_IT0_IRQHandler
                0x000000000804179c        0x2 CMakeFiles/tfm_ns.dir/__/__/__/platform/ext/target/stm/common/stm32l5xx/Device/Source/startup_stm32l5xx_ns.o
                0x000000000804179c                FDCAN1_IT0_IRQHandler
 .text.FDCAN1_IT1_IRQHandler
                0x000000000804179e        0x2 CMakeFiles/tfm_ns.dir/__/__/__/platform/ext/target/stm/common/stm32l5xx/Device/Source/startup_stm32l5xx_ns.o
                0x000000000804179e                FDCAN1_IT1_IRQHandler
 .text.TIM1_BRK_IRQHandler
                0x00000000080417a0        0x2 CMakeFiles/tfm_ns.dir/__/__/__/platform/ext/target/stm/common/stm32l5xx/Device/Source/startup_stm32l5xx_ns.o
                0x00000000080417a0                TIM1_BRK_IRQHandler
 .text.TIM1_UP_IRQHandler
                0x00000000080417a2        0x2 CMakeFiles/tfm_ns.dir/__/__/__/platform/ext/target/stm/common/stm32l5xx/Device/Source/startup_stm32l5xx_ns.o
                0x00000000080417a2                TIM1_UP_IRQHandler
 .text.TIM1_TRG_COM_IRQHandler
                0x00000000080417a4        0x2 CMakeFiles/tfm_ns.dir/__/__/__/platform/ext/target/stm/common/stm32l5xx/Device/Source/startup_stm32l5xx_ns.o
                0x00000000080417a4                TIM1_TRG_COM_IRQHandler
 .text.TIM1_CC_IRQHandler
                0x00000000080417a6        0x2 CMakeFiles/tfm_ns.dir/__/__/__/platform/ext/target/stm/common/stm32l5xx/Device/Source/startup_stm32l5xx_ns.o
                0x00000000080417a6                TIM1_CC_IRQHandler
 .text.TIM2_IRQHandler
                0x00000000080417a8        0x2 CMakeFiles/tfm_ns.dir/__/__/__/platform/ext/target/stm/common/stm32l5xx/Device/Source/startup_stm32l5xx_ns.o
                0x00000000080417a8                TIM2_IRQHandler
 .text.TIM3_IRQHandler
                0x00000000080417aa        0x2 CMakeFiles/tfm_ns.dir/__/__/__/platform/ext/target/stm/common/stm32l5xx/Device/Source/startup_stm32l5xx_ns.o
                0x00000000080417aa                TIM3_IRQHandler
 .text.TIM4_IRQHandler
                0x00000000080417ac        0x2 CMakeFiles/tfm_ns.dir/__/__/__/platform/ext/target/stm/common/stm32l5xx/Device/Source/startup_stm32l5xx_ns.o
                0x00000000080417ac                TIM4_IRQHandler
 .text.TIM5_IRQHandler
                0x00000000080417ae        0x2 CMakeFiles/tfm_ns.dir/__/__/__/platform/ext/target/stm/common/stm32l5xx/Device/Source/startup_stm32l5xx_ns.o
                0x00000000080417ae                TIM5_IRQHandler
 .text.TIM6_IRQHandler
                0x00000000080417b0        0x2 CMakeFiles/tfm_ns.dir/__/__/__/platform/ext/target/stm/common/stm32l5xx/Device/Source/startup_stm32l5xx_ns.o
                0x00000000080417b0                TIM6_IRQHandler
 .text.TIM7_IRQHandler
                0x00000000080417b2        0x2 CMakeFiles/tfm_ns.dir/__/__/__/platform/ext/target/stm/common/stm32l5xx/Device/Source/startup_stm32l5xx_ns.o
                0x00000000080417b2                TIM7_IRQHandler
 .text.TIM8_BRK_IRQHandler
                0x00000000080417b4        0x2 CMakeFiles/tfm_ns.dir/__/__/__/platform/ext/target/stm/common/stm32l5xx/Device/Source/startup_stm32l5xx_ns.o
                0x00000000080417b4                TIM8_BRK_IRQHandler
 .text.TIM8_UP_IRQHandler
                0x00000000080417b6        0x2 CMakeFiles/tfm_ns.dir/__/__/__/platform/ext/target/stm/common/stm32l5xx/Device/Source/startup_stm32l5xx_ns.o
                0x00000000080417b6                TIM8_UP_IRQHandler
 .text.TIM8_TRG_COM_IRQHandler
                0x00000000080417b8        0x2 CMakeFiles/tfm_ns.dir/__/__/__/platform/ext/target/stm/common/stm32l5xx/Device/Source/startup_stm32l5xx_ns.o
                0x00000000080417b8                TIM8_TRG_COM_IRQHandler
 .text.TIM8_CC_IRQHandler
                0x00000000080417ba        0x2 CMakeFiles/tfm_ns.dir/__/__/__/platform/ext/target/stm/common/stm32l5xx/Device/Source/startup_stm32l5xx_ns.o
                0x00000000080417ba                TIM8_CC_IRQHandler
 .text.I2C1_EV_IRQHandler
                0x00000000080417bc        0x2 CMakeFiles/tfm_ns.dir/__/__/__/platform/ext/target/stm/common/stm32l5xx/Device/Source/startup_stm32l5xx_ns.o
                0x00000000080417bc                I2C1_EV_IRQHandler
 .text.I2C1_ER_IRQHandler
                0x00000000080417be        0x2 CMakeFiles/tfm_ns.dir/__/__/__/platform/ext/target/stm/common/stm32l5xx/Device/Source/startup_stm32l5xx_ns.o
                0x00000000080417be                I2C1_ER_IRQHandler
 .text.I2C2_EV_IRQHandler
                0x00000000080417c0        0x2 CMakeFiles/tfm_ns.dir/__/__/__/platform/ext/target/stm/common/stm32l5xx/Device/Source/startup_stm32l5xx_ns.o
                0x00000000080417c0                I2C2_EV_IRQHandler
 .text.I2C2_ER_IRQHandler
                0x00000000080417c2        0x2 CMakeFiles/tfm_ns.dir/__/__/__/platform/ext/target/stm/common/stm32l5xx/Device/Source/startup_stm32l5xx_ns.o
                0x00000000080417c2                I2C2_ER_IRQHandler
 .text.SPI1_IRQHandler
                0x00000000080417c4        0x2 CMakeFiles/tfm_ns.dir/__/__/__/platform/ext/target/stm/common/stm32l5xx/Device/Source/startup_stm32l5xx_ns.o
                0x00000000080417c4                SPI1_IRQHandler
 .text.SPI2_IRQHandler
                0x00000000080417c6        0x2 CMakeFiles/tfm_ns.dir/__/__/__/platform/ext/target/stm/common/stm32l5xx/Device/Source/startup_stm32l5xx_ns.o
                0x00000000080417c6                SPI2_IRQHandler
 .text.USART1_IRQHandler
                0x00000000080417c8        0x2 CMakeFiles/tfm_ns.dir/__/__/__/platform/ext/target/stm/common/stm32l5xx/Device/Source/startup_stm32l5xx_ns.o
                0x00000000080417c8                USART1_IRQHandler
 .text.USART2_IRQHandler
                0x00000000080417ca        0x2 CMakeFiles/tfm_ns.dir/__/__/__/platform/ext/target/stm/common/stm32l5xx/Device/Source/startup_stm32l5xx_ns.o
                0x00000000080417ca                USART2_IRQHandler
 .text.USART3_IRQHandler
                0x00000000080417cc        0x2 CMakeFiles/tfm_ns.dir/__/__/__/platform/ext/target/stm/common/stm32l5xx/Device/Source/startup_stm32l5xx_ns.o
                0x00000000080417cc                USART3_IRQHandler
 .text.UART4_IRQHandler
                0x00000000080417ce        0x2 CMakeFiles/tfm_ns.dir/__/__/__/platform/ext/target/stm/common/stm32l5xx/Device/Source/startup_stm32l5xx_ns.o
                0x00000000080417ce                UART4_IRQHandler
 .text.UART5_IRQHandler
                0x00000000080417d0        0x2 CMakeFiles/tfm_ns.dir/__/__/__/platform/ext/target/stm/common/stm32l5xx/Device/Source/startup_stm32l5xx_ns.o
                0x00000000080417d0                UART5_IRQHandler
 .text.LPUART1_IRQHandler
                0x00000000080417d2        0x2 CMakeFiles/tfm_ns.dir/__/__/__/platform/ext/target/stm/common/stm32l5xx/Device/Source/startup_stm32l5xx_ns.o
                0x00000000080417d2                LPUART1_IRQHandler
 .text.LPTIM1_IRQHandler
                0x00000000080417d4        0x2 CMakeFiles/tfm_ns.dir/__/__/__/platform/ext/target/stm/common/stm32l5xx/Device/Source/startup_stm32l5xx_ns.o
                0x00000000080417d4                LPTIM1_IRQHandler
 .text.LPTIM2_IRQHandler
                0x00000000080417d6        0x2 CMakeFiles/tfm_ns.dir/__/__/__/platform/ext/target/stm/common/stm32l5xx/Device/Source/startup_stm32l5xx_ns.o
                0x00000000080417d6                LPTIM2_IRQHandler
 .text.TIM15_IRQHandler
                0x00000000080417d8        0x2 CMakeFiles/tfm_ns.dir/__/__/__/platform/ext/target/stm/common/stm32l5xx/Device/Source/startup_stm32l5xx_ns.o
                0x00000000080417d8                TIM15_IRQHandler
 .text.TIM16_IRQHandler
                0x00000000080417da        0x2 CMakeFiles/tfm_ns.dir/__/__/__/platform/ext/target/stm/common/stm32l5xx/Device/Source/startup_stm32l5xx_ns.o
                0x00000000080417da                TIM16_IRQHandler
 .text.TIM17_IRQHandler
                0x00000000080417dc        0x2 CMakeFiles/tfm_ns.dir/__/__/__/platform/ext/target/stm/common/stm32l5xx/Device/Source/startup_stm32l5xx_ns.o
                0x00000000080417dc                TIM17_IRQHandler
 .text.COMP_IRQHandler
                0x00000000080417de        0x2 CMakeFiles/tfm_ns.dir/__/__/__/platform/ext/target/stm/common/stm32l5xx/Device/Source/startup_stm32l5xx_ns.o
                0x00000000080417de                COMP_IRQHandler
 .text.USB_FS_IRQHandler
                0x00000000080417e0        0x2 CMakeFiles/tfm_ns.dir/__/__/__/platform/ext/target/stm/common/stm32l5xx/Device/Source/startup_stm32l5xx_ns.o
                0x00000000080417e0                USB_FS_IRQHandler
 .text.CRS_IRQHandler
                0x00000000080417e2        0x2 CMakeFiles/tfm_ns.dir/__/__/__/platform/ext/target/stm/common/stm32l5xx/Device/Source/startup_stm32l5xx_ns.o
                0x00000000080417e2                CRS_IRQHandler
 .text.FMC_IRQHandler
                0x00000000080417e4        0x2 CMakeFiles/tfm_ns.dir/__/__/__/platform/ext/target/stm/common/stm32l5xx/Device/Source/startup_stm32l5xx_ns.o
                0x00000000080417e4                FMC_IRQHandler
 .text.OCTOSPI1_IRQHandler
                0x00000000080417e6        0x2 CMakeFiles/tfm_ns.dir/__/__/__/platform/ext/target/stm/common/stm32l5xx/Device/Source/startup_stm32l5xx_ns.o
                0x00000000080417e6                OCTOSPI1_IRQHandler
 .text.SDMMC1_IRQHandler
                0x00000000080417e8        0x2 CMakeFiles/tfm_ns.dir/__/__/__/platform/ext/target/stm/common/stm32l5xx/Device/Source/startup_stm32l5xx_ns.o
                0x00000000080417e8                SDMMC1_IRQHandler
 .text.DMA2_Channel1_IRQHandler
                0x00000000080417ea        0x2 CMakeFiles/tfm_ns.dir/__/__/__/platform/ext/target/stm/common/stm32l5xx/Device/Source/startup_stm32l5xx_ns.o
                0x00000000080417ea                DMA2_Channel1_IRQHandler
 .text.DMA2_Channel2_IRQHandler
                0x00000000080417ec        0x2 CMakeFiles/tfm_ns.dir/__/__/__/platform/ext/target/stm/common/stm32l5xx/Device/Source/startup_stm32l5xx_ns.o
                0x00000000080417ec                DMA2_Channel2_IRQHandler
 .text.DMA2_Channel3_IRQHandler
                0x00000000080417ee        0x2 CMakeFiles/tfm_ns.dir/__/__/__/platform/ext/target/stm/common/stm32l5xx/Device/Source/startup_stm32l5xx_ns.o
                0x00000000080417ee                DMA2_Channel3_IRQHandler
 .text.DMA2_Channel4_IRQHandler
                0x00000000080417f0        0x2 CMakeFiles/tfm_ns.dir/__/__/__/platform/ext/target/stm/common/stm32l5xx/Device/Source/startup_stm32l5xx_ns.o
                0x00000000080417f0                DMA2_Channel4_IRQHandler
 .text.DMA2_Channel5_IRQHandler
                0x00000000080417f2        0x2 CMakeFiles/tfm_ns.dir/__/__/__/platform/ext/target/stm/common/stm32l5xx/Device/Source/startup_stm32l5xx_ns.o
                0x00000000080417f2                DMA2_Channel5_IRQHandler
 .text.DMA2_Channel6_IRQHandler
                0x00000000080417f4        0x2 CMakeFiles/tfm_ns.dir/__/__/__/platform/ext/target/stm/common/stm32l5xx/Device/Source/startup_stm32l5xx_ns.o
                0x00000000080417f4                DMA2_Channel6_IRQHandler
 .text.DMA2_Channel7_IRQHandler
                0x00000000080417f6        0x2 CMakeFiles/tfm_ns.dir/__/__/__/platform/ext/target/stm/common/stm32l5xx/Device/Source/startup_stm32l5xx_ns.o
                0x00000000080417f6                DMA2_Channel7_IRQHandler
 .text.DMA2_Channel8_IRQHandler
                0x00000000080417f8        0x2 CMakeFiles/tfm_ns.dir/__/__/__/platform/ext/target/stm/common/stm32l5xx/Device/Source/startup_stm32l5xx_ns.o
                0x00000000080417f8                DMA2_Channel8_IRQHandler
 .text.I2C3_EV_IRQHandler
                0x00000000080417fa        0x2 CMakeFiles/tfm_ns.dir/__/__/__/platform/ext/target/stm/common/stm32l5xx/Device/Source/startup_stm32l5xx_ns.o
                0x00000000080417fa                I2C3_EV_IRQHandler
 .text.I2C3_ER_IRQHandler
                0x00000000080417fc        0x2 CMakeFiles/tfm_ns.dir/__/__/__/platform/ext/target/stm/common/stm32l5xx/Device/Source/startup_stm32l5xx_ns.o
                0x00000000080417fc                I2C3_ER_IRQHandler
 .text.SAI1_IRQHandler
                0x00000000080417fe        0x2 CMakeFiles/tfm_ns.dir/__/__/__/platform/ext/target/stm/common/stm32l5xx/Device/Source/startup_stm32l5xx_ns.o
                0x00000000080417fe                SAI1_IRQHandler
 .text.SAI2_IRQHandler
                0x0000000008041800        0x2 CMakeFiles/tfm_ns.dir/__/__/__/platform/ext/target/stm/common/stm32l5xx/Device/Source/startup_stm32l5xx_ns.o
                0x0000000008041800                SAI2_IRQHandler
 .text.TSC_IRQHandler
                0x0000000008041802        0x2 CMakeFiles/tfm_ns.dir/__/__/__/platform/ext/target/stm/common/stm32l5xx/Device/Source/startup_stm32l5xx_ns.o
                0x0000000008041802                TSC_IRQHandler
 .text.RNG_IRQHandler
                0x0000000008041804        0x2 CMakeFiles/tfm_ns.dir/__/__/__/platform/ext/target/stm/common/stm32l5xx/Device/Source/startup_stm32l5xx_ns.o
                0x0000000008041804                RNG_IRQHandler
 .text.FPU_IRQHandler
                0x0000000008041806        0x2 CMakeFiles/tfm_ns.dir/__/__/__/platform/ext/target/stm/common/stm32l5xx/Device/Source/startup_stm32l5xx_ns.o
                0x0000000008041806                FPU_IRQHandler
 .text.HASH_IRQHandler
                0x0000000008041808        0x2 CMakeFiles/tfm_ns.dir/__/__/__/platform/ext/target/stm/common/stm32l5xx/Device/Source/startup_stm32l5xx_ns.o
                0x0000000008041808                HASH_IRQHandler
 .text.LPTIM3_IRQHandler
                0x000000000804180a        0x2 CMakeFiles/tfm_ns.dir/__/__/__/platform/ext/target/stm/common/stm32l5xx/Device/Source/startup_stm32l5xx_ns.o
                0x000000000804180a                LPTIM3_IRQHandler
 .text.SPI3_IRQHandler
                0x000000000804180c        0x2 CMakeFiles/tfm_ns.dir/__/__/__/platform/ext/target/stm/common/stm32l5xx/Device/Source/startup_stm32l5xx_ns.o
                0x000000000804180c                SPI3_IRQHandler
 .text.I2C4_ER_IRQHandler
                0x000000000804180e        0x2 CMakeFiles/tfm_ns.dir/__/__/__/platform/ext/target/stm/common/stm32l5xx/Device/Source/startup_stm32l5xx_ns.o
                0x000000000804180e                I2C4_ER_IRQHandler
 .text.I2C4_EV_IRQHandler
                0x0000000008041810        0x2 CMakeFiles/tfm_ns.dir/__/__/__/platform/ext/target/stm/common/stm32l5xx/Device/Source/startup_stm32l5xx_ns.o
                0x0000000008041810                I2C4_EV_IRQHandler
 .text.DFSDM1_FLT0_IRQHandler
                0x0000000008041812        0x2 CMakeFiles/tfm_ns.dir/__/__/__/platform/ext/target/stm/common/stm32l5xx/Device/Source/startup_stm32l5xx_ns.o
                0x0000000008041812                DFSDM1_FLT0_IRQHandler
 .text.DFSDM1_FLT1_IRQHandler
                0x0000000008041814        0x2 CMakeFiles/tfm_ns.dir/__/__/__/platform/ext/target/stm/common/stm32l5xx/Device/Source/startup_stm32l5xx_ns.o
                0x0000000008041814                DFSDM1_FLT1_IRQHandler
 .text.DFSDM1_FLT2_IRQHandler
                0x0000000008041816        0x2 CMakeFiles/tfm_ns.dir/__/__/__/platform/ext/target/stm/common/stm32l5xx/Device/Source/startup_stm32l5xx_ns.o
                0x0000000008041816                DFSDM1_FLT2_IRQHandler
 .text.DFSDM1_FLT3_IRQHandler
                0x0000000008041818        0x2 CMakeFiles/tfm_ns.dir/__/__/__/platform/ext/target/stm/common/stm32l5xx/Device/Source/startup_stm32l5xx_ns.o
                0x0000000008041818                DFSDM1_FLT3_IRQHandler
 .text.UCPD1_IRQHandler
                0x000000000804181a        0x2 CMakeFiles/tfm_ns.dir/__/__/__/platform/ext/target/stm/common/stm32l5xx/Device/Source/startup_stm32l5xx_ns.o
                0x000000000804181a                UCPD1_IRQHandler
 .text.ICACHE_IRQHandler
                0x000000000804181c        0x2 CMakeFiles/tfm_ns.dir/__/__/__/platform/ext/target/stm/common/stm32l5xx/Device/Source/startup_stm32l5xx_ns.o
                0x000000000804181c                ICACHE_IRQHandler
 .text.OTFDEC1_IRQHandler
                0x000000000804181e        0x2 CMakeFiles/tfm_ns.dir/__/__/__/platform/ext/target/stm/common/stm32l5xx/Device/Source/startup_stm32l5xx_ns.o
                0x000000000804181e                OTFDEC1_IRQHandler
 .text.Reset_Handler
                0x0000000008041820       0x88 CMakeFiles/tfm_ns.dir/__/__/__/platform/ext/target/stm/common/stm32l5xx/Device/Source/startup_stm32l5xx_ns.o
                0x0000000008041820                Reset_Handler
 .text.TZ_InitContextSystem_S
                0x00000000080418a8        0x4 CMakeFiles/tfm_ns.dir/__/ns_interface/ns_client_ext/tz_shim_layer.o
                0x00000000080418a8                TZ_InitContextSystem_S
 .text.TZ_AllocModuleContext_S
                0x00000000080418ac        0x4 CMakeFiles/tfm_ns.dir/__/ns_interface/ns_client_ext/tz_shim_layer.o
                0x00000000080418ac                TZ_AllocModuleContext_S
 .text.TZ_FreeModuleContext_S
                0x00000000080418b0        0x4 CMakeFiles/tfm_ns.dir/__/ns_interface/ns_client_ext/tz_shim_layer.o
                0x00000000080418b0                TZ_FreeModuleContext_S
 .text.TZ_LoadContext_S
                0x00000000080418b4        0x4 CMakeFiles/tfm_ns.dir/__/ns_interface/ns_client_ext/tz_shim_layer.o
                0x00000000080418b4                TZ_LoadContext_S
 .text.TZ_StoreContext_S
                0x00000000080418b8        0x4 CMakeFiles/tfm_ns.dir/__/ns_interface/ns_client_ext/tz_shim_layer.o
                0x00000000080418b8                TZ_StoreContext_S
 .text.osRtxIdleThread
                0x00000000080418bc        0x2 CMakeFiles/tfm_ns.dir/__/CMSIS/RTOS2/RTX/Config/RTX_Config.o
                0x00000000080418bc                osRtxIdleThread
 .text.osRtxErrorNotify
                0x00000000080418be        0x2 CMakeFiles/tfm_ns.dir/__/CMSIS/RTOS2/RTX/Config/RTX_Config.o
                0x00000000080418be                osRtxErrorNotify
 .text.software_init_hook
                0x00000000080418c0        0x4 CMakeFiles/tfm_ns.dir/__/CMSIS/RTOS2/RTX/Source/rtx_lib.o
                0x00000000080418c0                software_init_hook
 .text.os_wrapper_mutex_create
                0x00000000080418c4       0x1a CMakeFiles/tfm_ns.dir/os_wrapper_cmsis_rtos_v2.o
                0x00000000080418c4                os_wrapper_mutex_create
 .text._tfm_flush_formatted_buffer
                0x00000000080418de       0x1c CMakeFiles/tfm_ns.dir/__/log/tfm_log_raw.o
 .text._tfm_dec_num_output
                0x00000000080418fa       0x5e CMakeFiles/tfm_ns.dir/__/log/tfm_log_raw.o
 .text._tfm_hex_num_output
                0x0000000008041958       0x3a CMakeFiles/tfm_ns.dir/__/log/tfm_log_raw.o
 .text._tfm_string_output
                0x0000000008041992       0x1a CMakeFiles/tfm_ns.dir/__/log/tfm_log_raw.o
 .text.tfm_log_printf
                0x00000000080419ac      0x110 CMakeFiles/tfm_ns.dir/__/log/tfm_log_raw.o
                0x00000000080419ac                tfm_log_printf
 .text.stdio_output_string
                0x0000000008041abc       0x28 ../../platform/ns/libplatform_ns.a(uart_stdout.o)
                0x0000000008041abc                stdio_output_string
 .text._write   0x0000000008041ae4        0x8 ../../platform/ns/libplatform_ns.a(uart_stdout.o)
                0x0000000008041ae4                _write
 .text.stdio_init
                0x0000000008041aec       0x58 ../../platform/ns/libplatform_ns.a(uart_stdout.o)
                0x0000000008041aec                stdio_init
 .text.SystemInit
                0x0000000008041b44        0x2 ../../platform/ns/libplatform_ns.a(system_stm32l5xx.o)
                0x0000000008041b44                SystemInit
 *fill*         0x0000000008041b46        0x2 
 .text.USART_GetVersion
                0x0000000008041b48       0x20 ../../platform/ns/libplatform_ns.a(low_level_com.o)
 .text.USART_GetCapabilities
                0x0000000008041b68        0x4 ../../platform/ns/libplatform_ns.a(low_level_com.o)
 .text.USART0_Uninitialize
                0x0000000008041b6c        0x4 ../../platform/ns/libplatform_ns.a(low_level_com.o)
 .text.USART0_PowerControl
                0x0000000008041b70        0x4 ../../platform/ns/libplatform_ns.a(low_level_com.o)
 .text.USART0_Transfer
                0x0000000008041b74        0x6 ../../platform/ns/libplatform_ns.a(low_level_com.o)
 .text.USART0_GetTxCount
                0x0000000008041b7a        0x4 ../../platform/ns/libplatform_ns.a(low_level_com.o)
 .text.USART0_Control
                0x0000000008041b7e        0x4 ../../platform/ns/libplatform_ns.a(low_level_com.o)
 .text.USART0_GetStatus
                0x0000000008041b82        0xc ../../platform/ns/libplatform_ns.a(low_level_com.o)
 .text.USART0_SetModemControl
                0x0000000008041b8e        0x6 ../../platform/ns/libplatform_ns.a(low_level_com.o)
 .text.USART0_GetModemStatus
                0x0000000008041b94        0xc ../../platform/ns/libplatform_ns.a(low_level_com.o)
 .text.USART0_Receive
                0x0000000008041ba0       0x20 ../../platform/ns/libplatform_ns.a(low_level_com.o)
 .text.USART0_Send
                0x0000000008041bc0       0x24 ../../platform/ns/libplatform_ns.a(low_level_com.o)
 .text.USART0_Initialize
                0x0000000008041be4       0xc4 ../../platform/ns/libplatform_ns.a(low_level_com.o)
 .text.USART0_GetRxCount
                0x0000000008041ca8        0x4 ../../platform/ns/libplatform_ns.a(low_level_com.o)
 .text.HAL_PWREx_EnableVddIO2
                0x0000000008041cac       0x10 ../../platform/ns/libplatform_ns.a(stm32l5xx_hal_pwr_ex.o)
                0x0000000008041cac                HAL_PWREx_EnableVddIO2
 .text.HAL_GPIO_Init
                0x0000000008041cbc      0x194 ../../platform/ns/libplatform_ns.a(stm32l5xx_hal_gpio.o)
                0x0000000008041cbc                HAL_GPIO_Init
 .text.HAL_UART_MspInit
                0x0000000008041e50        0x2 ../../platform/ns/libplatform_ns.a(stm32l5xx_hal_uart.o)
                0x0000000008041e50                HAL_UART_MspInit
 .text.HAL_UART_RxCpltCallback
                0x0000000008041e52        0x2 ../../platform/ns/libplatform_ns.a(stm32l5xx_hal_uart.o)
                0x0000000008041e52                HAL_UART_RxCpltCallback
 .text.HAL_UART_ErrorCallback
                0x0000000008041e54        0x2 ../../platform/ns/libplatform_ns.a(stm32l5xx_hal_uart.o)
                0x0000000008041e54                HAL_UART_ErrorCallback
 .text.HAL_UARTEx_RxEventCallback
                0x0000000008041e56        0x2 ../../platform/ns/libplatform_ns.a(stm32l5xx_hal_uart.o)
                0x0000000008041e56                HAL_UARTEx_RxEventCallback
 .text.UART_RxISR_8BIT
                0x0000000008041e58       0x7a ../../platform/ns/libplatform_ns.a(stm32l5xx_hal_uart.o)
 .text.UART_RxISR_16BIT
                0x0000000008041ed2       0x76 ../../platform/ns/libplatform_ns.a(stm32l5xx_hal_uart.o)
 .text.UART_RxISR_8BIT_FIFOEN
                0x0000000008041f48      0x138 ../../platform/ns/libplatform_ns.a(stm32l5xx_hal_uart.o)
 .text.UART_RxISR_16BIT_FIFOEN
                0x0000000008042080      0x134 ../../platform/ns/libplatform_ns.a(stm32l5xx_hal_uart.o)
 .text.UART_SetConfig
                0x00000000080421b4      0x2d0 ../../platform/ns/libplatform_ns.a(stm32l5xx_hal_uart.o)
                0x00000000080421b4                UART_SetConfig
 .text.UART_AdvFeatureConfig
                0x0000000008042484       0xaa ../../platform/ns/libplatform_ns.a(stm32l5xx_hal_uart.o)
                0x0000000008042484                UART_AdvFeatureConfig
 .text.UART_WaitOnFlagUntilTimeout
                0x000000000804252e       0x94 ../../platform/ns/libplatform_ns.a(stm32l5xx_hal_uart.o)
                0x000000000804252e                UART_WaitOnFlagUntilTimeout
 .text.HAL_UART_Transmit
                0x00000000080425c2       0xb8 ../../platform/ns/libplatform_ns.a(stm32l5xx_hal_uart.o)
                0x00000000080425c2                HAL_UART_Transmit
 .text.UART_CheckIdleState
                0x000000000804267a       0x68 ../../platform/ns/libplatform_ns.a(stm32l5xx_hal_uart.o)
                0x000000000804267a                UART_CheckIdleState
 .text.HAL_UART_Init
                0x00000000080426e2       0x60 ../../platform/ns/libplatform_ns.a(stm32l5xx_hal_uart.o)
                0x00000000080426e2                HAL_UART_Init
 *fill*         0x0000000008042742        0x2 
 .text.UART_Start_Receive_IT
                0x0000000008042744       0xd4 ../../platform/ns/libplatform_ns.a(stm32l5xx_hal_uart.o)
                0x0000000008042744                UART_Start_Receive_IT
 .text.HAL_UART_Receive_IT
                0x0000000008042818       0x4c ../../platform/ns/libplatform_ns.a(stm32l5xx_hal_uart.o)
                0x0000000008042818                HAL_UART_Receive_IT
 .text.HAL_GetTick
                0x0000000008042864        0xc ../../platform/ns/libplatform_ns.a(stm32l5xx_hal.o)
                0x0000000008042864                HAL_GetTick
 .text.HAL_RCC_GetSysClockFreq
                0x0000000008042870       0x9c ../../platform/ns/libplatform_ns.a(stm32l5xx_hal_rcc.o)
                0x0000000008042870                HAL_RCC_GetSysClockFreq
 .text.HAL_RCC_GetHCLKFreq
                0x000000000804290c       0x20 ../../platform/ns/libplatform_ns.a(stm32l5xx_hal_rcc.o)
                0x000000000804290c                HAL_RCC_GetHCLKFreq
 .text.HAL_RCC_GetPCLK1Freq
                0x000000000804292c       0x20 ../../platform/ns/libplatform_ns.a(stm32l5xx_hal_rcc.o)
                0x000000000804292c                HAL_RCC_GetPCLK1Freq
 .text.HAL_RCC_GetPCLK2Freq
                0x000000000804294c       0x20 ../../platform/ns/libplatform_ns.a(stm32l5xx_hal_rcc.o)
                0x000000000804294c                HAL_RCC_GetPCLK2Freq
 .text.test_app
                0x000000000804296c       0x10 libtfm_test_app.a(test_app.o)
                0x000000000804296c                test_app
 .text          0x000000000804297c      0x124 ../../lib/ext/tfm_test_repo-src/CMSIS/RTOS2/RTX/Library/GCC/libRTX_V8MMN.a(irq_armv8mml.o)
                0x000000000804297c                SVC_Handler
                0x0000000008042a18                PendSV_Handler
                0x0000000008042a26                SysTick_Handler
                0x0000000008042a34                Sys_Context
 .text.osRtxTick_Handler
                0x0000000008042aa0       0x74 ../../lib/ext/tfm_test_repo-src/CMSIS/RTOS2/RTX/Library/GCC/libRTX_V8MMN.a(rtx_system.o)
                0x0000000008042aa0                osRtxTick_Handler
 .text.osRtxPendSV_Handler
                0x0000000008042b14       0xa8 ../../lib/ext/tfm_test_repo-src/CMSIS/RTOS2/RTX/Library/GCC/libRTX_V8MMN.a(rtx_system.o)
                0x0000000008042b14                osRtxPendSV_Handler
 .text.osRtxPostProcess
                0x0000000008042bbc       0x74 ../../lib/ext/tfm_test_repo-src/CMSIS/RTOS2/RTX/Library/GCC/libRTX_V8MMN.a(rtx_system.o)
                0x0000000008042bbc                osRtxPostProcess
 .text.svcRtxMessageQueueNew
                0x0000000008042c30      0x16c ../../lib/ext/tfm_test_repo-src/CMSIS/RTOS2/RTX/Library/GCC/libRTX_V8MMN.a(rtx_msgqueue.o)
 .text.svcRtxMessageQueueGet
                0x0000000008042d9c      0x188 ../../lib/ext/tfm_test_repo-src/CMSIS/RTOS2/RTX/Library/GCC/libRTX_V8MMN.a(rtx_msgqueue.o)
 .text.svcRtxMessageQueuePut
                0x0000000008042f24      0x108 ../../lib/ext/tfm_test_repo-src/CMSIS/RTOS2/RTX/Library/GCC/libRTX_V8MMN.a(rtx_msgqueue.o)
 .text.osRtxMessageQueuePostProcess
                0x000000000804302c      0x154 ../../lib/ext/tfm_test_repo-src/CMSIS/RTOS2/RTX/Library/GCC/libRTX_V8MMN.a(rtx_msgqueue.o)
 .text.osMessageQueueNew
                0x0000000008043180       0x24 ../../lib/ext/tfm_test_repo-src/CMSIS/RTOS2/RTX/Library/GCC/libRTX_V8MMN.a(rtx_msgqueue.o)
                0x0000000008043180                osMessageQueueNew
 .text.osMessageQueuePut
                0x00000000080431a4       0x7c ../../lib/ext/tfm_test_repo-src/CMSIS/RTOS2/RTX/Library/GCC/libRTX_V8MMN.a(rtx_msgqueue.o)
                0x00000000080431a4                osMessageQueuePut
 .text.osMessageQueueGet
                0x0000000008043220       0xbc ../../lib/ext/tfm_test_repo-src/CMSIS/RTOS2/RTX/Library/GCC/libRTX_V8MMN.a(rtx_msgqueue.o)
                0x0000000008043220                osMessageQueueGet
 .text.osRtxMemoryPoolInit
                0x00000000080432dc       0x48 ../../lib/ext/tfm_test_repo-src/CMSIS/RTOS2/RTX/Library/GCC/libRTX_V8MMN.a(rtx_mempool.o)
                0x00000000080432dc                osRtxMemoryPoolInit
 .text.osRtxMemoryPoolAlloc
                0x0000000008043324       0x38 ../../lib/ext/tfm_test_repo-src/CMSIS/RTOS2/RTX/Library/GCC/libRTX_V8MMN.a(rtx_mempool.o)
                0x0000000008043324                osRtxMemoryPoolAlloc
 .text.osRtxMemoryPoolFree
                0x000000000804335c       0x4c ../../lib/ext/tfm_test_repo-src/CMSIS/RTOS2/RTX/Library/GCC/libRTX_V8MMN.a(rtx_mempool.o)
                0x000000000804335c                osRtxMemoryPoolFree
 .text.osRtxMemoryInit
                0x00000000080433a8       0x3c ../../lib/ext/tfm_test_repo-src/CMSIS/RTOS2/RTX/Library/GCC/libRTX_V8MMN.a(rtx_memory.o)
                0x00000000080433a8                osRtxMemoryInit
 .text.osRtxMemoryAlloc
                0x00000000080433e4       0x7c ../../lib/ext/tfm_test_repo-src/CMSIS/RTOS2/RTX/Library/GCC/libRTX_V8MMN.a(rtx_memory.o)
                0x00000000080433e4                osRtxMemoryAlloc
 .text.osRtxMemoryFree
                0x0000000008043460       0x78 ../../lib/ext/tfm_test_repo-src/CMSIS/RTOS2/RTX/Library/GCC/libRTX_V8MMN.a(rtx_memory.o)
                0x0000000008043460                osRtxMemoryFree
 .text.svcRtxMutexNew
                0x00000000080434d8       0x6c ../../lib/ext/tfm_test_repo-src/CMSIS/RTOS2/RTX/Library/GCC/libRTX_V8MMN.a(rtx_mutex.o)
 .text.osRtxMutexOwnerRelease
                0x0000000008043544       0x44 ../../lib/ext/tfm_test_repo-src/CMSIS/RTOS2/RTX/Library/GCC/libRTX_V8MMN.a(rtx_mutex.o)
                0x0000000008043544                osRtxMutexOwnerRelease
 .text.osMutexNew
                0x0000000008043588       0x24 ../../lib/ext/tfm_test_repo-src/CMSIS/RTOS2/RTX/Library/GCC/libRTX_V8MMN.a(rtx_mutex.o)
                0x0000000008043588                osMutexNew
 .text.osThreadExit
                0x00000000080435ac        0xc ../../lib/ext/tfm_test_repo-src/CMSIS/RTOS2/RTX/Library/GCC/libRTX_V8MMN.a(rtx_thread.o)
                0x00000000080435ac                osThreadExit
 .text.osRtxThreadFree
                0x00000000080435b8       0x60 ../../lib/ext/tfm_test_repo-src/CMSIS/RTOS2/RTX/Library/GCC/libRTX_V8MMN.a(rtx_thread.o)
 .text.osRtxThreadPostProcess
                0x0000000008043618      0x100 ../../lib/ext/tfm_test_repo-src/CMSIS/RTOS2/RTX/Library/GCC/libRTX_V8MMN.a(rtx_thread.o)
 .text.osRtxThreadListPut
                0x0000000008043718       0x44 ../../lib/ext/tfm_test_repo-src/CMSIS/RTOS2/RTX/Library/GCC/libRTX_V8MMN.a(rtx_thread.o)
                0x0000000008043718                osRtxThreadListPut
 .text.osRtxThreadListGet
                0x000000000804375c       0x14 ../../lib/ext/tfm_test_repo-src/CMSIS/RTOS2/RTX/Library/GCC/libRTX_V8MMN.a(rtx_thread.o)
                0x000000000804375c                osRtxThreadListGet
 .text.osRtxThreadListRemove
                0x0000000008043770       0x14 ../../lib/ext/tfm_test_repo-src/CMSIS/RTOS2/RTX/Library/GCC/libRTX_V8MMN.a(rtx_thread.o)
                0x0000000008043770                osRtxThreadListRemove
 .text.osRtxThreadReadyPut
                0x0000000008043784       0x54 ../../lib/ext/tfm_test_repo-src/CMSIS/RTOS2/RTX/Library/GCC/libRTX_V8MMN.a(rtx_thread.o)
                0x0000000008043784                osRtxThreadReadyPut
 .text.osRtxThreadDelayTick
                0x00000000080437d8       0x78 ../../lib/ext/tfm_test_repo-src/CMSIS/RTOS2/RTX/Library/GCC/libRTX_V8MMN.a(rtx_thread.o)
                0x00000000080437d8                osRtxThreadDelayTick
 .text.osRtxThreadRegPtr
                0x0000000008043850        0x8 ../../lib/ext/tfm_test_repo-src/CMSIS/RTOS2/RTX/Library/GCC/libRTX_V8MMN.a(rtx_thread.o)
                0x0000000008043850                osRtxThreadRegPtr
 .text.osRtxThreadStackCheck
                0x0000000008043858       0x28 ../../lib/ext/tfm_test_repo-src/CMSIS/RTOS2/RTX/Library/GCC/libRTX_V8MMN.a(rtx_thread.o)
                0x0000000008043858                osRtxThreadStackCheck
 .text.osRtxThreadSwitch
                0x0000000008043880       0x14 ../../lib/ext/tfm_test_repo-src/CMSIS/RTOS2/RTX/Library/GCC/libRTX_V8MMN.a(rtx_thread.o)
                0x0000000008043880                osRtxThreadSwitch
 .text.osRtxThreadDispatch
                0x0000000008043894      0x120 ../../lib/ext/tfm_test_repo-src/CMSIS/RTOS2/RTX/Library/GCC/libRTX_V8MMN.a(rtx_thread.o)
                0x0000000008043894                osRtxThreadDispatch
 .text.osRtxThreadWaitExit
                0x00000000080439b4       0x98 ../../lib/ext/tfm_test_repo-src/CMSIS/RTOS2/RTX/Library/GCC/libRTX_V8MMN.a(rtx_thread.o)
                0x00000000080439b4                osRtxThreadWaitExit
 .text.svcRtxThreadNew
                0x0000000008043a4c      0x2b0 ../../lib/ext/tfm_test_repo-src/CMSIS/RTOS2/RTX/Library/GCC/libRTX_V8MMN.a(rtx_thread.o)
 .text.svcRtxThreadExit
                0x0000000008043cfc       0xf0 ../../lib/ext/tfm_test_repo-src/CMSIS/RTOS2/RTX/Library/GCC/libRTX_V8MMN.a(rtx_thread.o)
 .text.osRtxThreadWaitEnter
                0x0000000008043dec       0xb4 ../../lib/ext/tfm_test_repo-src/CMSIS/RTOS2/RTX/Library/GCC/libRTX_V8MMN.a(rtx_thread.o)
                0x0000000008043dec                osRtxThreadWaitEnter
 .text.osRtxThreadStartup
                0x0000000008043ea0       0x40 ../../lib/ext/tfm_test_repo-src/CMSIS/RTOS2/RTX/Library/GCC/libRTX_V8MMN.a(rtx_thread.o)
                0x0000000008043ea0                osRtxThreadStartup
 .text.osThreadNew
                0x0000000008043ee0       0x24 ../../lib/ext/tfm_test_repo-src/CMSIS/RTOS2/RTX/Library/GCC/libRTX_V8MMN.a(rtx_thread.o)
                0x0000000008043ee0                osThreadNew
 .text.svcRtxKernelInitialize
                0x0000000008043f04      0x16c ../../lib/ext/tfm_test_repo-src/CMSIS/RTOS2/RTX/Library/GCC/libRTX_V8MMN.a(rtx_kernel.o)
 .text.svcRtxKernelStart
                0x0000000008044070       0xa0 ../../lib/ext/tfm_test_repo-src/CMSIS/RTOS2/RTX/Library/GCC/libRTX_V8MMN.a(rtx_kernel.o)
 .text.osRtxKernelPreInit
                0x0000000008044110        0x4 ../../lib/ext/tfm_test_repo-src/CMSIS/RTOS2/RTX/Library/GCC/libRTX_V8MMN.a(rtx_kernel.o)
                0x0000000008044110                osRtxKernelPreInit
 .text.osKernelInitialize
                0x0000000008044114       0x2c ../../lib/ext/tfm_test_repo-src/CMSIS/RTOS2/RTX/Library/GCC/libRTX_V8MMN.a(rtx_kernel.o)
                0x0000000008044114                osKernelInitialize
 .text.osKernelStart
                0x0000000008044140       0x24 ../../lib/ext/tfm_test_repo-src/CMSIS/RTOS2/RTX/Library/GCC/libRTX_V8MMN.a(rtx_kernel.o)
                0x0000000008044140                osKernelStart
 .text.OS_Tick_Setup
                0x0000000008044164       0x48 ../../lib/ext/tfm_test_repo-src/CMSIS/RTOS2/RTX/Library/GCC/libRTX_V8MMN.a(os_systick.o)
                0x0000000008044164                OS_Tick_Setup
 .text.OS_Tick_Enable
                0x00000000080441ac       0x2c ../../lib/ext/tfm_test_repo-src/CMSIS/RTOS2/RTX/Library/GCC/libRTX_V8MMN.a(os_systick.o)
                0x00000000080441ac                OS_Tick_Enable
 .text.OS_Tick_AcknowledgeIRQ
                0x00000000080441d8        0xc ../../lib/ext/tfm_test_repo-src/CMSIS/RTOS2/RTX/Library/GCC/libRTX_V8MMN.a(os_systick.o)
                0x00000000080441d8                OS_Tick_AcknowledgeIRQ
 .text.OS_Tick_GetIRQn
                0x00000000080441e4        0x8 ../../lib/ext/tfm_test_repo-src/CMSIS/RTOS2/RTX/Library/GCC/libRTX_V8MMN.a(os_systick.o)
                0x00000000080441e4                OS_Tick_GetIRQn
 .text.osRtxTimerTick
                0x00000000080441ec       0xc8 ../../lib/ext/tfm_test_repo-src/CMSIS/RTOS2/RTX/Library/GCC/libRTX_V8MMN.a(rtx_timer.o)
 .text.osRtxTimerThread
                0x00000000080442b4       0x3c ../../lib/ext/tfm_test_repo-src/CMSIS/RTOS2/RTX/Library/GCC/libRTX_V8MMN.a(rtx_timer.o)
                0x00000000080442b4                osRtxTimerThread
 .text.tfm_ns_interface_init
                0x00000000080442f0       0x1c libtfm_api_ns.a(tfm_ns_interface.o)
                0x00000000080442f0                tfm_ns_interface_init
 .text          0x000000000804430c       0x30 /usr/lib/gcc/arm-none-eabi/9.2.1/thumb/v8-m.main/nofp/libgcc.a(_aeabi_uldivmod.o)
                0x000000000804430c                __aeabi_uldivmod
 .text          0x000000000804433c      0x2c8 /usr/lib/gcc/arm-none-eabi/9.2.1/thumb/v8-m.main/nofp/libgcc.a(_udivmoddi4.o)
                0x000000000804433c                __udivmoddi4
 .text          0x0000000008044604        0x4 /usr/lib/gcc/arm-none-eabi/9.2.1/thumb/v8-m.main/nofp/libgcc.a(_dvmd_tls.o)
                0x0000000008044604                __aeabi_ldiv0
                0x0000000008044604                __aeabi_idiv0
 .text          0x0000000008044608       0x48 /usr/lib/gcc/arm-none-eabi/9.2.1/../../../arm-none-eabi/lib/thumb/v8-m.main/nofp/libg_nano.a(lib_a-assert.o)
                0x0000000008044608                __assert_func
                0x0000000008044644                __assert
 .text          0x0000000008044650        0xc /usr/lib/gcc/arm-none-eabi/9.2.1/../../../arm-none-eabi/lib/thumb/v8-m.main/nofp/libg_nano.a(lib_a-atexit.o)
                0x0000000008044650                atexit
 .text          0x000000000804465c       0x28 /usr/lib/gcc/arm-none-eabi/9.2.1/../../../arm-none-eabi/lib/thumb/v8-m.main/nofp/libg_nano.a(lib_a-exit.o)
                0x000000000804465c                exit
 .text          0x0000000008044684       0x34 /usr/lib/gcc/arm-none-eabi/9.2.1/../../../arm-none-eabi/lib/thumb/v8-m.main/nofp/libg_nano.a(lib_a-fini.o)
                0x0000000008044684                __libc_fini_array
 .text          0x00000000080446b8       0x48 /usr/lib/gcc/arm-none-eabi/9.2.1/../../../arm-none-eabi/lib/thumb/v8-m.main/nofp/libg_nano.a(lib_a-fprintf.o)
                0x00000000080446b8                _fprintf_r
                0x00000000080446b8                _fiprintf_r
                0x00000000080446d8                fprintf
                0x00000000080446d8                fiprintf
 .text          0x0000000008044700       0x48 /usr/lib/gcc/arm-none-eabi/9.2.1/../../../arm-none-eabi/lib/thumb/v8-m.main/nofp/libg_nano.a(lib_a-init.o)
                0x0000000008044700                __libc_init_array
 .text          0x0000000008044748       0xec /usr/lib/gcc/arm-none-eabi/9.2.1/../../../arm-none-eabi/lib/thumb/v8-m.main/nofp/libg_nano.a(lib_a-memcpy.o)
                0x0000000008044748                memcpy
 .text          0x0000000008044834       0xa0 /usr/lib/gcc/arm-none-eabi/9.2.1/../../../arm-none-eabi/lib/thumb/v8-m.main/nofp/libg_nano.a(lib_a-memset.o)
                0x0000000008044834                memset
 .text          0x00000000080448d4      0x354 /usr/lib/gcc/arm-none-eabi/9.2.1/../../../arm-none-eabi/lib/thumb/v8-m.main/nofp/libg_nano.a(lib_a-nano-vfprintf.o)
                0x000000000804490c                __sfputs_r
                0x000000000804493c                __sprint_r
                0x0000000008044958                _vfiprintf_r
                0x0000000008044958                _vfprintf_r
                0x0000000008044c10                vfiprintf
                0x0000000008044c10                vfprintf
 .text          0x0000000008044c28      0x3c8 /usr/lib/gcc/arm-none-eabi/9.2.1/../../../arm-none-eabi/lib/thumb/v8-m.main/nofp/libg_nano.a(lib_a-nano-vfprintf_i.o)
                0x0000000008044c28                _printf_common
                0x0000000008044d50                _printf_i
 .text          0x0000000008044ff0       0xc0 /usr/lib/gcc/arm-none-eabi/9.2.1/../../../arm-none-eabi/lib/thumb/v8-m.main/nofp/libg_nano.a(lib_a-wbuf.o)
                0x0000000008044ff0                __swbuf_r
                0x00000000080450a0                __swbuf
 .text          0x00000000080450b0      0x100 /usr/lib/gcc/arm-none-eabi/9.2.1/../../../arm-none-eabi/lib/thumb/v8-m.main/nofp/libg_nano.a(lib_a-wsetup.o)
                0x00000000080450b0                __swsetup_r
 .text          0x00000000080451b0       0xb0 /usr/lib/gcc/arm-none-eabi/9.2.1/../../../arm-none-eabi/lib/thumb/v8-m.main/nofp/libg_nano.a(lib_a-__atexit.o)
                0x00000000080451b0                __register_exitproc
 .text          0x0000000008045260       0xa0 /usr/lib/gcc/arm-none-eabi/9.2.1/../../../arm-none-eabi/lib/thumb/v8-m.main/nofp/libg_nano.a(lib_a-__call_atexit.o)
                0x0000000008045260                __call_exitprocs
 .text          0x0000000008045300       0x10 /usr/lib/gcc/arm-none-eabi/9.2.1/../../../arm-none-eabi/lib/thumb/v8-m.main/nofp/libg_nano.a(lib_a-abort.o)
                0x0000000008045300                abort
 .text          0x0000000008045310      0x1b8 /usr/lib/gcc/arm-none-eabi/9.2.1/../../../arm-none-eabi/lib/thumb/v8-m.main/nofp/libg_nano.a(lib_a-fflush.o)
                0x0000000008045310                __sflush_r
                0x0000000008045444                _fflush_r
                0x00000000080454a4                fflush
 .text          0x00000000080454c8      0x214 /usr/lib/gcc/arm-none-eabi/9.2.1/../../../arm-none-eabi/lib/thumb/v8-m.main/nofp/libg_nano.a(lib_a-findfp.o)
                0x00000000080454cc                _cleanup_r
                0x00000000080454dc                __sfmoreglue
                0x000000000804550c                __sfp
                0x0000000008045688                _cleanup
                0x000000000804569c                __sinit
                0x00000000080456a4                __sfp_lock_acquire
                0x00000000080456a8                __sfp_lock_release
                0x00000000080456ac                __sinit_lock_acquire
                0x00000000080456b0                __sinit_lock_release
                0x00000000080456b4                __fp_lock_all
                0x00000000080456c8                __fp_unlock_all
 .text          0x00000000080456dc      0x328 /usr/lib/gcc/arm-none-eabi/9.2.1/../../../arm-none-eabi/lib/thumb/v8-m.main/nofp/libg_nano.a(lib_a-fvwrite.o)
                0x00000000080456dc                __sfvwrite_r
 .text          0x0000000008045a04       0x98 /usr/lib/gcc/arm-none-eabi/9.2.1/../../../arm-none-eabi/lib/thumb/v8-m.main/nofp/libg_nano.a(lib_a-fwalk.o)
                0x0000000008045a04                _fwalk
                0x0000000008045a4c                _fwalk_reent
 .text          0x0000000008045a9c       0xf0 /usr/lib/gcc/arm-none-eabi/9.2.1/../../../arm-none-eabi/lib/thumb/v8-m.main/nofp/libg_nano.a(lib_a-makebuf.o)
                0x0000000008045a9c                __swhatbuf_r
                0x0000000008045af8                __smakebuf_r
 .text          0x0000000008045b8c       0x8c /usr/lib/gcc/arm-none-eabi/9.2.1/../../../arm-none-eabi/lib/thumb/v8-m.main/nofp/libg_nano.a(lib_a-memchr-stub.o)
                0x0000000008045b8c                memchr
 .text          0x0000000008045c18       0xd0 /usr/lib/gcc/arm-none-eabi/9.2.1/../../../arm-none-eabi/lib/thumb/v8-m.main/nofp/libg_nano.a(lib_a-memmove.o)
                0x0000000008045c18                memmove
 .text          0x0000000008045ce8       0xb4 /usr/lib/gcc/arm-none-eabi/9.2.1/../../../arm-none-eabi/lib/thumb/v8-m.main/nofp/libg_nano.a(lib_a-nano-freer.o)
                0x0000000008045ce8                _free_r
 .text          0x0000000008045d9c       0xc8 /usr/lib/gcc/arm-none-eabi/9.2.1/../../../arm-none-eabi/lib/thumb/v8-m.main/nofp/libg_nano.a(lib_a-nano-mallocr.o)
                0x0000000008045d9c                _malloc_r
 .text          0x0000000008045e64       0x4c /usr/lib/gcc/arm-none-eabi/9.2.1/../../../arm-none-eabi/lib/thumb/v8-m.main/nofp/libg_nano.a(lib_a-nano-reallocr.o)
                0x0000000008045e64                _realloc_r
 .text          0x0000000008045eb0       0x24 /usr/lib/gcc/arm-none-eabi/9.2.1/../../../arm-none-eabi/lib/thumb/v8-m.main/nofp/libg_nano.a(lib_a-sbrkr.o)
                0x0000000008045eb0                _sbrk_r
 .text          0x0000000008045ed4      0x150 /usr/lib/gcc/arm-none-eabi/9.2.1/../../../arm-none-eabi/lib/thumb/v8-m.main/nofp/libg_nano.a(lib_a-signal.o)
                0x0000000008045efc                _init_signal_r
                0x0000000008045f08                _signal_r
                0x0000000008045f3c                _raise_r
                0x0000000008045f90                __sigtramp_r
                0x0000000008045fe0                raise
                0x0000000008045ff0                signal
                0x0000000008046000                _init_signal
                0x0000000008046014                __sigtramp
 .text          0x0000000008046024       0x2c /usr/lib/gcc/arm-none-eabi/9.2.1/../../../arm-none-eabi/lib/thumb/v8-m.main/nofp/libg_nano.a(lib_a-signalr.o)
                0x0000000008046024                _kill_r
                0x000000000804604c                _getpid_r
 .text          0x0000000008046050       0x94 /usr/lib/gcc/arm-none-eabi/9.2.1/../../../arm-none-eabi/lib/thumb/v8-m.main/nofp/libg_nano.a(lib_a-stdio.o)
                0x0000000008046050                __sread
                0x0000000008046074                __seofread
                0x0000000008046078                __swrite
                0x00000000080460b8                __sseek
                0x00000000080460dc                __sclose
 .text          0x00000000080460e4       0x2c /usr/lib/gcc/arm-none-eabi/9.2.1/../../../arm-none-eabi/lib/thumb/v8-m.main/nofp/libg_nano.a(lib_a-writer.o)
                0x00000000080460e4                _write_r
 .text          0x0000000008046110       0x24 /usr/lib/gcc/arm-none-eabi/9.2.1/../../../arm-none-eabi/lib/thumb/v8-m.main/nofp/libg_nano.a(lib_a-closer.o)
                0x0000000008046110                _close_r
 .text          0x0000000008046134       0x28 /usr/lib/gcc/arm-none-eabi/9.2.1/../../../arm-none-eabi/lib/thumb/v8-m.main/nofp/libg_nano.a(lib_a-fstatr.o)
                0x0000000008046134                _fstat_r
 .text          0x000000000804615c       0x24 /usr/lib/gcc/arm-none-eabi/9.2.1/../../../arm-none-eabi/lib/thumb/v8-m.main/nofp/libg_nano.a(lib_a-isattyr.o)
                0x000000000804615c                _isatty_r
 .text          0x0000000008046180       0x2c /usr/lib/gcc/arm-none-eabi/9.2.1/../../../arm-none-eabi/lib/thumb/v8-m.main/nofp/libg_nano.a(lib_a-lseekr.o)
                0x0000000008046180                _lseek_r
 .text          0x00000000080461ac        0x8 /usr/lib/gcc/arm-none-eabi/9.2.1/../../../arm-none-eabi/lib/thumb/v8-m.main/nofp/libg_nano.a(lib_a-mlock.o)
                0x00000000080461ac                __malloc_lock
                0x00000000080461b0                __malloc_unlock
 .text          0x00000000080461b4       0x14 /usr/lib/gcc/arm-none-eabi/9.2.1/../../../arm-none-eabi/lib/thumb/v8-m.main/nofp/libg_nano.a(lib_a-nano-msizer.o)
                0x00000000080461b4                _malloc_usable_size_r
 .text          0x00000000080461c8       0x2c /usr/lib/gcc/arm-none-eabi/9.2.1/../../../arm-none-eabi/lib/thumb/v8-m.main/nofp/libg_nano.a(lib_a-readr.o)
                0x00000000080461c8                _read_r
 .text          0x00000000080461f4       0x10 /usr/lib/gcc/arm-none-eabi/9.2.1/../../../arm-none-eabi/lib/thumb/v8-m.main/nofp/libnosys.a(close.o)
                0x00000000080461f4                _close
 .text          0x0000000008046204       0x10 /usr/lib/gcc/arm-none-eabi/9.2.1/../../../arm-none-eabi/lib/thumb/v8-m.main/nofp/libnosys.a(fstat.o)
                0x0000000008046204                _fstat
 .text          0x0000000008046214       0x10 /usr/lib/gcc/arm-none-eabi/9.2.1/../../../arm-none-eabi/lib/thumb/v8-m.main/nofp/libnosys.a(getpid.o)
                0x0000000008046214                _getpid
 .text          0x0000000008046224       0x10 /usr/lib/gcc/arm-none-eabi/9.2.1/../../../arm-none-eabi/lib/thumb/v8-m.main/nofp/libnosys.a(isatty.o)
                0x0000000008046224                _isatty
 .text          0x0000000008046234       0x10 /usr/lib/gcc/arm-none-eabi/9.2.1/../../../arm-none-eabi/lib/thumb/v8-m.main/nofp/libnosys.a(kill.o)
                0x0000000008046234                _kill
 .text          0x0000000008046244       0x10 /usr/lib/gcc/arm-none-eabi/9.2.1/../../../arm-none-eabi/lib/thumb/v8-m.main/nofp/libnosys.a(lseek.o)
                0x0000000008046244                _lseek
 .text          0x0000000008046254       0x10 /usr/lib/gcc/arm-none-eabi/9.2.1/../../../arm-none-eabi/lib/thumb/v8-m.main/nofp/libnosys.a(read.o)
                0x0000000008046254                _read
 .text          0x0000000008046264       0x1c /usr/lib/gcc/arm-none-eabi/9.2.1/../../../arm-none-eabi/lib/thumb/v8-m.main/nofp/libnosys.a(sbrk.o)
                0x0000000008046264                _sbrk
 .text          0x0000000008046280        0x4 /usr/lib/gcc/arm-none-eabi/9.2.1/../../../arm-none-eabi/lib/thumb/v8-m.main/nofp/libnosys.a(_exit.o)
                0x0000000008046280                _exit
 *(.init)
 .init          0x0000000008046284        0x4 /usr/lib/gcc/arm-none-eabi/9.2.1/thumb/v8-m.main/nofp/crti.o
                0x0000000008046284                _init
 .init          0x0000000008046288        0x8 /usr/lib/gcc/arm-none-eabi/9.2.1/thumb/v8-m.main/nofp/crtn.o
 *(.fini)
 .fini          0x0000000008046290        0x4 /usr/lib/gcc/arm-none-eabi/9.2.1/thumb/v8-m.main/nofp/crti.o
                0x0000000008046290                _fini
 .fini          0x0000000008046294        0x8 /usr/lib/gcc/arm-none-eabi/9.2.1/thumb/v8-m.main/nofp/crtn.o
 *crtbegin.o(.ctors)
 *crtbegin?.o(.ctors)
 *(EXCLUDE_FILE(*crtend.o *crtend?.o) .ctors)
 *(SORT_BY_NAME(.ctors.*))
 *(.ctors)
 *crtbegin.o(.dtors)
 *crtbegin?.o(.dtors)
 *(EXCLUDE_FILE(*crtend.o *crtend?.o) .dtors)
 *(SORT_BY_NAME(.dtors.*))
 *(.dtors)
 *(.rodata*)
 .rodata.main.str1.1
                0x000000000804629c       0x20 CMakeFiles/tfm_ns.dir/main_ns.o
 .rodata.str1.1
                0x00000000080462bc        0xc CMakeFiles/tfm_ns.dir/main_ns.o
 .rodata.thread_attr
                0x00000000080462c8       0x24 CMakeFiles/tfm_ns.dir/main_ns.o
 .rodata        0x00000000080462ec       0xa0 CMakeFiles/tfm_ns.dir/__/CMSIS/RTOS2/RTX/Source/rtx_lib.o
                0x00000000080462ec                os_cb_sections
                0x0000000008046324                osRtxConfig
 .rodata.osRtxUserSVC
                0x000000000804638c        0x4 CMakeFiles/tfm_ns.dir/__/CMSIS/RTOS2/RTX/Source/rtx_lib.o
                0x000000000804638c                osRtxUserSVC
 .rodata.os_idle_thread_attr
                0x0000000008046390       0x24 CMakeFiles/tfm_ns.dir/__/CMSIS/RTOS2/RTX/Source/rtx_lib.o
 .rodata.os_timer_mq_attr
                0x00000000080463b4       0x18 CMakeFiles/tfm_ns.dir/__/CMSIS/RTOS2/RTX/Source/rtx_lib.o
 .rodata.os_timer_thread_attr
                0x00000000080463cc       0x24 CMakeFiles/tfm_ns.dir/__/CMSIS/RTOS2/RTX/Source/rtx_lib.o
 .rodata.tfm_log_printf.str1.1
                0x00000000080463f0       0x15 CMakeFiles/tfm_ns.dir/__/log/tfm_log_raw.o
 .rodata.hex_digits_lo
                0x0000000008046405       0x10 CMakeFiles/tfm_ns.dir/__/log/tfm_log_raw.o
                0x0000000008046405                hex_digits_lo
 .rodata.hex_digits_up
                0x0000000008046415       0x10 CMakeFiles/tfm_ns.dir/__/log/tfm_log_raw.o
                0x0000000008046415                hex_digits_up
 .rodata.stdio_init.str1.1
                0x0000000008046425       0x5a ../../platform/ns/libplatform_ns.a(uart_stdout.o)
 .rodata.__func__.4603
                0x000000000804647f        0xb ../../platform/ns/libplatform_ns.a(uart_stdout.o)
 .rodata.AHBPrescTable
                0x000000000804648a       0x10 ../../platform/ns/libplatform_ns.a(system_stm32l5xx.o)
                0x000000000804648a                AHBPrescTable
 .rodata.APBPrescTable
                0x000000000804649a        0x8 ../../platform/ns/libplatform_ns.a(system_stm32l5xx.o)
                0x000000000804649a                APBPrescTable
 *fill*         0x00000000080464a2        0x2 
 .rodata.MSIRangeTable
                0x00000000080464a4       0x40 ../../platform/ns/libplatform_ns.a(system_stm32l5xx.o)
                0x00000000080464a4                MSIRangeTable
 .rodata.DriverVersion
                0x00000000080464e4        0x4 ../../platform/ns/libplatform_ns.a(low_level_com.o)
 .rodata.Driver_USART0
                0x00000000080464e8       0x38 ../../platform/ns/libplatform_ns.a(low_level_com.o)
                0x00000000080464e8                Driver_USART0
 .rodata.CSWTCH.58
                0x0000000008046520        0x3 ../../platform/ns/libplatform_ns.a(stm32l5xx_hal_uart.o)
 .rodata.CSWTCH.59
                0x0000000008046523        0xd ../../platform/ns/libplatform_ns.a(stm32l5xx_hal_uart.o)
 .rodata.UARTPrescTable
                0x0000000008046530       0x18 ../../platform/ns/libplatform_ns.a(stm32l5xx_hal_uart.o)
                0x0000000008046530                UARTPrescTable
 .rodata.test_app.str1.1
                0x0000000008046548        0x2 libtfm_test_app.a(test_app.o)
 *fill*         0x000000000804654a        0x2 
 .rodata.str1.4
                0x000000000804654c        0xb ../../lib/ext/tfm_test_repo-src/CMSIS/RTOS2/RTX/Library/GCC/libRTX_V8MMN.a(rtx_kernel.o)
 *fill*         0x0000000008046557        0x1 
 .rodata.str1.4
                0x0000000008046558       0x3f /usr/lib/gcc/arm-none-eabi/9.2.1/../../../arm-none-eabi/lib/thumb/v8-m.main/nofp/libg_nano.a(lib_a-assert.o)
                                         0x43 (size before relaxing)
 *fill*         0x0000000008046597        0x1 
 .rodata        0x0000000008046598        0x4 /usr/lib/gcc/arm-none-eabi/9.2.1/../../../arm-none-eabi/lib/thumb/v8-m.main/nofp/libg_nano.a(lib_a-impure.o)
                0x0000000008046598                _global_impure_ptr
 .rodata.str1.4
                0x000000000804659c       0x13 /usr/lib/gcc/arm-none-eabi/9.2.1/../../../arm-none-eabi/lib/thumb/v8-m.main/nofp/libg_nano.a(lib_a-nano-vfprintf.o)
 *fill*         0x00000000080465af        0x1 
 .rodata.str1.4
                0x00000000080465b0       0x25 /usr/lib/gcc/arm-none-eabi/9.2.1/../../../arm-none-eabi/lib/thumb/v8-m.main/nofp/libg_nano.a(lib_a-nano-vfprintf_i.o)
 *fill*         0x00000000080465d5        0x3 
 .rodata        0x00000000080465d8       0x60 /usr/lib/gcc/arm-none-eabi/9.2.1/../../../arm-none-eabi/lib/thumb/v8-m.main/nofp/libg_nano.a(lib_a-findfp.o)
                0x00000000080465d8                __sf_fake_stderr
                0x00000000080465f8                __sf_fake_stdout
                0x0000000008046618                __sf_fake_stdin
 *(.eh_frame*)
 .eh_frame      0x0000000008046638        0x0 /usr/lib/gcc/arm-none-eabi/9.2.1/thumb/v8-m.main/nofp/crtbegin.o
 .eh_frame      0x0000000008046638        0x4 /usr/lib/gcc/arm-none-eabi/9.2.1/thumb/v8-m.main/nofp/crtend.o

.glue_7         0x000000000804663c        0x0
 .glue_7        0x000000000804663c        0x0 linker stubs

.glue_7t        0x000000000804663c        0x0
 .glue_7t       0x000000000804663c        0x0 linker stubs

.vfp11_veneer   0x000000000804663c        0x0
 .vfp11_veneer  0x000000000804663c        0x0 linker stubs

.v4_bx          0x000000000804663c        0x0
 .v4_bx         0x000000000804663c        0x0 linker stubs

.iplt           0x000000000804663c        0x0
 .iplt          0x000000000804663c        0x0 /usr/lib/gcc/arm-none-eabi/9.2.1/thumb/v8-m.main/nofp/crtbegin.o

.ARM.extab
 *(.ARM.extab* .gnu.linkonce.armextab.*)
                0x000000000804663c                __exidx_start = .

.ARM.exidx      0x000000000804663c        0x8
 *(.ARM.exidx* .gnu.linkonce.armexidx.*)
 .ARM.exidx     0x000000000804663c        0x8 /usr/lib/gcc/arm-none-eabi/9.2.1/../../../arm-none-eabi/lib/thumb/v8-m.main/nofp/crt0.o
                                         0x10 (size before relaxing)
 .ARM.exidx     0x0000000008046644        0x0 ../../lib/ext/tfm_test_repo-src/CMSIS/RTOS2/RTX/Library/GCC/libRTX_V8MMN.a(irq_armv8mml.o)
                                         0x20 (size before relaxing)
 .ARM.exidx     0x0000000008046644        0x0 /usr/lib/gcc/arm-none-eabi/9.2.1/thumb/v8-m.main/nofp/libgcc.a(_udivmoddi4.o)
                                          0x8 (size before relaxing)
                0x0000000008046644                __exidx_end = .

.rel.dyn        0x0000000008046644        0x0
 .rel.iplt      0x0000000008046644        0x0 /usr/lib/gcc/arm-none-eabi/9.2.1/thumb/v8-m.main/nofp/crtbegin.o

.copy.table     0x0000000008046644       0x18
                0x0000000008046644                . = ALIGN (0x4)
                0x0000000008046644                __copy_table_start__ = .
                0x0000000008046644        0x4 LONG 0x804666c __etext
                0x0000000008046648        0x4 LONG 0x20000100 __data_start__
                0x000000000804664c        0x4 LONG 0x45 ((__data_end__ - __data_start__) / 0x4)
                0x0000000008046650        0x4 LONG 0x0 DEFINED (__etext2)?__etext2:0x0
                0x0000000008046654        0x4 LONG 0x0 DEFINED (__data2_start__)?__data2_start__:0x0
                0x0000000008046658        0x4 LONG 0x0 DEFINED (__data2_start__)?((__data2_end__ - __data2_start__) / 0x4):0x0
                0x000000000804665c                __copy_table_end__ = .

.zero.table     0x000000000804665c       0x10
                0x000000000804665c                . = ALIGN (0x4)
                0x000000000804665c                __zero_table_start__ = .
                0x000000000804665c        0x4 LONG 0x20000218 __bss_start__
                0x0000000008046660        0x4 LONG 0x92b ((__bss_end__ - __bss_start__) / 0x4)
                0x0000000008046664        0x4 LONG 0x0 DEFINED (__bss2_start__)?__bss2_start__:0x0
                0x0000000008046668        0x4 LONG 0x0 DEFINED (__bss2_start__)?((__bss2_end__ - __bss2_start__) / 0x4):0x0
                0x000000000804666c                __zero_table_end__ = .
                0x000000000804666c                __etext = ALIGN (0x4)

.testprotection
 *(.bss.NoInit)

.data           0x0000000020000100      0x114 load address 0x000000000804666c
                0x0000000020000100                __data_start__ = .
 *(vtable)
 *(.data*)
 .data.SystemCoreClock
                0x0000000020000100        0x4 ../../platform/ns/libplatform_ns.a(system_stm32l5xx.o)
                0x0000000020000100                SystemCoreClock
 .data.os       0x0000000020000104       0xa4 ../../lib/ext/tfm_test_repo-src/CMSIS/RTOS2/RTX/Library/GCC/libRTX_V8MMN.a(rtx_kernel.o)
                0x0000000020000104                osRtxInfo
 .data          0x00000000200001a8       0x64 /usr/lib/gcc/arm-none-eabi/9.2.1/../../../arm-none-eabi/lib/thumb/v8-m.main/nofp/libg_nano.a(lib_a-impure.o)
                0x00000000200001a8                _impure_ptr
                0x000000002000020c                . = ALIGN (0x4)
                0x000000002000020c                PROVIDE (__preinit_array_start = .)
 *(.preinit_array)
                0x000000002000020c                PROVIDE (__preinit_array_end = .)
                0x000000002000020c                . = ALIGN (0x4)
                0x000000002000020c                PROVIDE (__init_array_start = .)
 *(SORT_BY_NAME(.init_array.*))
 *(.init_array)
 .init_array    0x000000002000020c        0x4 /usr/lib/gcc/arm-none-eabi/9.2.1/thumb/v8-m.main/nofp/crtbegin.o
                0x0000000020000210                PROVIDE (__init_array_end = .)
                0x0000000020000210                . = ALIGN (0x4)
                0x0000000020000210                PROVIDE (__fini_array_start = .)
 *(SORT_BY_NAME(.fini_array.*))
 *(.fini_array)
 .fini_array    0x0000000020000210        0x4 /usr/lib/gcc/arm-none-eabi/9.2.1/thumb/v8-m.main/nofp/crtbegin.o
                0x0000000020000214                PROVIDE (__fini_array_end = .)
 *(.jcr*)
                0x0000000020000214                . = ALIGN (0x4)
                0x0000000020000214                __data_end__ = .

.tm_clone_table
                0x0000000020000214        0x0 load address 0x0000000008046780
 .tm_clone_table
                0x0000000020000214        0x0 /usr/lib/gcc/arm-none-eabi/9.2.1/thumb/v8-m.main/nofp/crtbegin.o
 .tm_clone_table
                0x0000000020000214        0x0 /usr/lib/gcc/arm-none-eabi/9.2.1/thumb/v8-m.main/nofp/crtend.o

.igot.plt       0x0000000020000214        0x0 load address 0x0000000008046780
 .igot.plt      0x0000000020000214        0x0 /usr/lib/gcc/arm-none-eabi/9.2.1/thumb/v8-m.main/nofp/crtbegin.o

.bss            0x0000000020000218     0x24ac load address 0x0000000008046788
                0x0000000020000218                . = ALIGN (0x4)
                0x0000000020000218                __bss_start__ = .
 *(.bss*)
 .bss           0x0000000020000218       0x1c /usr/lib/gcc/arm-none-eabi/9.2.1/thumb/v8-m.main/nofp/crtbegin.o
 *fill*         0x0000000020000234        0x4 
 .bss.os        0x0000000020000238     0x2040 CMakeFiles/tfm_ns.dir/__/CMSIS/RTOS2/RTX/Source/rtx_lib.o
 .bss.os.msgqueue.cb
                0x0000000020002278       0x34 CMakeFiles/tfm_ns.dir/__/CMSIS/RTOS2/RTX/Source/rtx_lib.o
 .bss.os.msgqueue.mem
                0x00000000200022ac       0x50 CMakeFiles/tfm_ns.dir/__/CMSIS/RTOS2/RTX/Source/rtx_lib.o
 .bss.os.thread.cb
                0x00000000200022fc       0x88 CMakeFiles/tfm_ns.dir/__/CMSIS/RTOS2/RTX/Source/rtx_lib.o
 *fill*         0x0000000020002384        0x4 
 .bss.os.thread.stack
                0x0000000020002388      0x200 CMakeFiles/tfm_ns.dir/__/CMSIS/RTOS2/RTX/Source/rtx_lib.o
 .bss.uart_device
                0x0000000020002588       0x90 ../../platform/ns/libplatform_ns.a(low_level_com.o)
 .bss           0x0000000020002618        0x1 ../../lib/ext/tfm_test_repo-src/CMSIS/RTOS2/RTX/Library/GCC/libRTX_V8MMN.a(os_systick.o)
 *fill*         0x0000000020002619        0x3 
 .bss.ns_lock_handle
                0x000000002000261c        0x4 libtfm_api_ns.a(tfm_ns_interface.o)
 .bss           0x0000000020002620       0x8c /usr/lib/gcc/arm-none-eabi/9.2.1/../../../arm-none-eabi/lib/thumb/v8-m.main/nofp/libg_nano.a(lib_a-__atexit.o)
 .bss           0x00000000200026ac        0x4 /usr/lib/gcc/arm-none-eabi/9.2.1/../../../arm-none-eabi/lib/thumb/v8-m.main/nofp/libg_nano.a(lib_a-__call_atexit.o)
                0x00000000200026ac                _global_atexit
 .bss           0x00000000200026b0        0x8 /usr/lib/gcc/arm-none-eabi/9.2.1/../../../arm-none-eabi/lib/thumb/v8-m.main/nofp/libg_nano.a(lib_a-nano-mallocr.o)
                0x00000000200026b0                __malloc_free_list
                0x00000000200026b4                __malloc_sbrk_start
 .bss           0x00000000200026b8        0x4 /usr/lib/gcc/arm-none-eabi/9.2.1/../../../arm-none-eabi/lib/thumb/v8-m.main/nofp/libnosys.a(sbrk.o)
 *(COMMON)
 COMMON         0x00000000200026bc        0x4 ../../platform/ns/libplatform_ns.a(stm32l5xx_hal.o)
                0x00000000200026bc                uwTick
 COMMON         0x00000000200026c0        0x4 /usr/lib/gcc/arm-none-eabi/9.2.1/../../../arm-none-eabi/lib/thumb/v8-m.main/nofp/libg_nano.a(lib_a-reent.o)
                0x00000000200026c0                errno
                0x00000000200026c4                . = ALIGN (0x4)
                0x00000000200026c4                __bss_end__ = .
                0x00000000000024ac                bss_size = (__bss_end__ - __bss_start__)

.stack          0x00000000200026e0     0x1000 load address 0x0000000008048c60
                0x00000000200036e0                . = (. + __stack_size__)
 *fill*         0x00000000200026e0     0x1000 
                0x00000000200026e0                __StackLimit = ADDR (.stack)
                0x00000000200036e0                __StackTop = (ADDR (.stack) + SIZEOF (.stack))

.heap           0x00000000200036e0     0x1000 load address 0x0000000008049c60
                0x00000000200036e0                __end__ = .
                0x00000000200036e0                PROVIDE (end = .)
                0x00000000200036e0                __HeapBase = .
                0x00000000200046e0                . = (. + __heap_size__)
 *fill*         0x00000000200036e0     0x1000 
                0x00000000200046e0                __HeapLimit = .
                0x00000000200046e0                __heap_limit = .
                0x00000000200036e0                PROVIDE (__stack = __StackTop)
OUTPUT(../../bin/tfm_ns.axf elf32-littlearm)
LOAD linker stubs

.ARM.attributes
                0x0000000000000000       0x30
 .ARM.attributes
                0x0000000000000000       0x22 /usr/lib/gcc/arm-none-eabi/9.2.1/thumb/v8-m.main/nofp/crti.o
 .ARM.attributes
                0x0000000000000022       0x32 /usr/lib/gcc/arm-none-eabi/9.2.1/thumb/v8-m.main/nofp/crtbegin.o
 .ARM.attributes
                0x0000000000000054       0x20 /usr/lib/gcc/arm-none-eabi/9.2.1/../../../arm-none-eabi/lib/thumb/v8-m.main/nofp/crt0.o
 .ARM.attributes
                0x0000000000000074       0x34 CMakeFiles/tfm_ns.dir/main_ns.o
 .ARM.attributes
                0x00000000000000a8       0x34 CMakeFiles/tfm_ns.dir/__/__/__/platform/ext/target/stm/common/stm32l5xx/Device/Source/startup_stm32l5xx_ns.o
 .ARM.attributes
                0x00000000000000dc       0x34 CMakeFiles/tfm_ns.dir/__/ns_interface/ns_client_ext/tz_shim_layer.o
 .ARM.attributes
                0x0000000000000110       0x34 CMakeFiles/tfm_ns.dir/__/CMSIS/RTOS2/RTX/Config/RTX_Config.o
 .ARM.attributes
                0x0000000000000144       0x34 CMakeFiles/tfm_ns.dir/__/CMSIS/RTOS2/RTX/Source/rtx_lib.o
 .ARM.attributes
                0x0000000000000178       0x34 CMakeFiles/tfm_ns.dir/os_wrapper_cmsis_rtos_v2.o
 .ARM.attributes
                0x00000000000001ac       0x34 CMakeFiles/tfm_ns.dir/__/log/tfm_log_raw.o
 .ARM.attributes
                0x00000000000001e0       0x34 ../../platform/ns/libplatform_ns.a(uart_stdout.o)
 .ARM.attributes
                0x0000000000000214       0x34 ../../platform/ns/libplatform_ns.a(system_stm32l5xx.o)
 .ARM.attributes
                0x0000000000000248       0x34 ../../platform/ns/libplatform_ns.a(low_level_com.o)
 .ARM.attributes
                0x000000000000027c       0x34 ../../platform/ns/libplatform_ns.a(stm32l5xx_hal_pwr_ex.o)
 .ARM.attributes
                0x00000000000002b0       0x34 ../../platform/ns/libplatform_ns.a(stm32l5xx_hal_gpio.o)
 .ARM.attributes
                0x00000000000002e4       0x34 ../../platform/ns/libplatform_ns.a(stm32l5xx_hal_uart.o)
 .ARM.attributes
                0x0000000000000318       0x34 ../../platform/ns/libplatform_ns.a(stm32l5xx_hal.o)
 .ARM.attributes
                0x000000000000034c       0x34 ../../platform/ns/libplatform_ns.a(stm32l5xx_hal_rcc.o)
 .ARM.attributes
                0x0000000000000380       0x34 libtfm_test_app.a(test_app.o)
 .ARM.attributes
                0x00000000000003b4       0x20 ../../lib/ext/tfm_test_repo-src/CMSIS/RTOS2/RTX/Library/GCC/libRTX_V8MMN.a(irq_armv8mml.o)
 .ARM.attributes
                0x00000000000003d4       0x32 ../../lib/ext/tfm_test_repo-src/CMSIS/RTOS2/RTX/Library/GCC/libRTX_V8MMN.a(rtx_system.o)
 .ARM.attributes
                0x0000000000000406       0x32 ../../lib/ext/tfm_test_repo-src/CMSIS/RTOS2/RTX/Library/GCC/libRTX_V8MMN.a(rtx_msgqueue.o)
 .ARM.attributes
                0x0000000000000438       0x32 ../../lib/ext/tfm_test_repo-src/CMSIS/RTOS2/RTX/Library/GCC/libRTX_V8MMN.a(rtx_mempool.o)
 .ARM.attributes
                0x000000000000046a       0x32 ../../lib/ext/tfm_test_repo-src/CMSIS/RTOS2/RTX/Library/GCC/libRTX_V8MMN.a(rtx_memory.o)
 .ARM.attributes
                0x000000000000049c       0x32 ../../lib/ext/tfm_test_repo-src/CMSIS/RTOS2/RTX/Library/GCC/libRTX_V8MMN.a(rtx_mutex.o)
 .ARM.attributes
                0x00000000000004ce       0x32 ../../lib/ext/tfm_test_repo-src/CMSIS/RTOS2/RTX/Library/GCC/libRTX_V8MMN.a(rtx_thread.o)
 .ARM.attributes
                0x0000000000000500       0x32 ../../lib/ext/tfm_test_repo-src/CMSIS/RTOS2/RTX/Library/GCC/libRTX_V8MMN.a(rtx_kernel.o)
 .ARM.attributes
                0x0000000000000532       0x32 ../../lib/ext/tfm_test_repo-src/CMSIS/RTOS2/RTX/Library/GCC/libRTX_V8MMN.a(os_systick.o)
 .ARM.attributes
                0x0000000000000564       0x32 ../../lib/ext/tfm_test_repo-src/CMSIS/RTOS2/RTX/Library/GCC/libRTX_V8MMN.a(rtx_timer.o)
 .ARM.attributes
                0x0000000000000596       0x34 libtfm_api_ns.a(tfm_ns_interface.o)
 .ARM.attributes
                0x00000000000005ca       0x22 /usr/lib/gcc/arm-none-eabi/9.2.1/thumb/v8-m.main/nofp/libgcc.a(_aeabi_uldivmod.o)
 .ARM.attributes
                0x00000000000005ec       0x32 /usr/lib/gcc/arm-none-eabi/9.2.1/thumb/v8-m.main/nofp/libgcc.a(_udivmoddi4.o)
 .ARM.attributes
                0x000000000000061e       0x22 /usr/lib/gcc/arm-none-eabi/9.2.1/thumb/v8-m.main/nofp/libgcc.a(_dvmd_tls.o)
 .ARM.attributes
                0x0000000000000640       0x32 /usr/lib/gcc/arm-none-eabi/9.2.1/../../../arm-none-eabi/lib/thumb/v8-m.main/nofp/libg_nano.a(lib_a-assert.o)
 .ARM.attributes
                0x0000000000000672       0x32 /usr/lib/gcc/arm-none-eabi/9.2.1/../../../arm-none-eabi/lib/thumb/v8-m.main/nofp/libg_nano.a(lib_a-atexit.o)
 .ARM.attributes
                0x00000000000006a4       0x32 /usr/lib/gcc/arm-none-eabi/9.2.1/../../../arm-none-eabi/lib/thumb/v8-m.main/nofp/libg_nano.a(lib_a-exit.o)
 .ARM.attributes
                0x00000000000006d6       0x32 /usr/lib/gcc/arm-none-eabi/9.2.1/../../../arm-none-eabi/lib/thumb/v8-m.main/nofp/libg_nano.a(lib_a-fini.o)
 .ARM.attributes
                0x0000000000000708       0x32 /usr/lib/gcc/arm-none-eabi/9.2.1/../../../arm-none-eabi/lib/thumb/v8-m.main/nofp/libg_nano.a(lib_a-fprintf.o)
 .ARM.attributes
                0x000000000000073a       0x32 /usr/lib/gcc/arm-none-eabi/9.2.1/../../../arm-none-eabi/lib/thumb/v8-m.main/nofp/libg_nano.a(lib_a-impure.o)
 .ARM.attributes
                0x000000000000076c       0x32 /usr/lib/gcc/arm-none-eabi/9.2.1/../../../arm-none-eabi/lib/thumb/v8-m.main/nofp/libg_nano.a(lib_a-init.o)
 .ARM.attributes
                0x000000000000079e       0x20 /usr/lib/gcc/arm-none-eabi/9.2.1/../../../arm-none-eabi/lib/thumb/v8-m.main/nofp/libg_nano.a(lib_a-memcpy.o)
 .ARM.attributes
                0x00000000000007be       0x32 /usr/lib/gcc/arm-none-eabi/9.2.1/../../../arm-none-eabi/lib/thumb/v8-m.main/nofp/libg_nano.a(lib_a-memset.o)
 .ARM.attributes
                0x00000000000007f0       0x32 /usr/lib/gcc/arm-none-eabi/9.2.1/../../../arm-none-eabi/lib/thumb/v8-m.main/nofp/libg_nano.a(lib_a-nano-vfprintf.o)
 .ARM.attributes
                0x0000000000000822       0x32 /usr/lib/gcc/arm-none-eabi/9.2.1/../../../arm-none-eabi/lib/thumb/v8-m.main/nofp/libg_nano.a(lib_a-nano-vfprintf_i.o)
 .ARM.attributes
                0x0000000000000854       0x32 /usr/lib/gcc/arm-none-eabi/9.2.1/../../../arm-none-eabi/lib/thumb/v8-m.main/nofp/libg_nano.a(lib_a-wbuf.o)
 .ARM.attributes
                0x0000000000000886       0x32 /usr/lib/gcc/arm-none-eabi/9.2.1/../../../arm-none-eabi/lib/thumb/v8-m.main/nofp/libg_nano.a(lib_a-wsetup.o)
 .ARM.attributes
                0x00000000000008b8       0x32 /usr/lib/gcc/arm-none-eabi/9.2.1/../../../arm-none-eabi/lib/thumb/v8-m.main/nofp/libg_nano.a(lib_a-__atexit.o)
 .ARM.attributes
                0x00000000000008ea       0x32 /usr/lib/gcc/arm-none-eabi/9.2.1/../../../arm-none-eabi/lib/thumb/v8-m.main/nofp/libg_nano.a(lib_a-__call_atexit.o)
 .ARM.attributes
                0x000000000000091c       0x32 /usr/lib/gcc/arm-none-eabi/9.2.1/../../../arm-none-eabi/lib/thumb/v8-m.main/nofp/libg_nano.a(lib_a-abort.o)
 .ARM.attributes
                0x000000000000094e       0x32 /usr/lib/gcc/arm-none-eabi/9.2.1/../../../arm-none-eabi/lib/thumb/v8-m.main/nofp/libg_nano.a(lib_a-fflush.o)
 .ARM.attributes
                0x0000000000000980       0x32 /usr/lib/gcc/arm-none-eabi/9.2.1/../../../arm-none-eabi/lib/thumb/v8-m.main/nofp/libg_nano.a(lib_a-findfp.o)
 .ARM.attributes
                0x00000000000009b2       0x32 /usr/lib/gcc/arm-none-eabi/9.2.1/../../../arm-none-eabi/lib/thumb/v8-m.main/nofp/libg_nano.a(lib_a-fvwrite.o)
 .ARM.attributes
                0x00000000000009e4       0x32 /usr/lib/gcc/arm-none-eabi/9.2.1/../../../arm-none-eabi/lib/thumb/v8-m.main/nofp/libg_nano.a(lib_a-fwalk.o)
 .ARM.attributes
                0x0000000000000a16       0x32 /usr/lib/gcc/arm-none-eabi/9.2.1/../../../arm-none-eabi/lib/thumb/v8-m.main/nofp/libg_nano.a(lib_a-makebuf.o)
 .ARM.attributes
                0x0000000000000a48       0x32 /usr/lib/gcc/arm-none-eabi/9.2.1/../../../arm-none-eabi/lib/thumb/v8-m.main/nofp/libg_nano.a(lib_a-memchr-stub.o)
 .ARM.attributes
                0x0000000000000a7a       0x32 /usr/lib/gcc/arm-none-eabi/9.2.1/../../../arm-none-eabi/lib/thumb/v8-m.main/nofp/libg_nano.a(lib_a-memmove.o)
 .ARM.attributes
                0x0000000000000aac       0x32 /usr/lib/gcc/arm-none-eabi/9.2.1/../../../arm-none-eabi/lib/thumb/v8-m.main/nofp/libg_nano.a(lib_a-nano-freer.o)
 .ARM.attributes
                0x0000000000000ade       0x32 /usr/lib/gcc/arm-none-eabi/9.2.1/../../../arm-none-eabi/lib/thumb/v8-m.main/nofp/libg_nano.a(lib_a-nano-mallocr.o)
 .ARM.attributes
                0x0000000000000b10       0x32 /usr/lib/gcc/arm-none-eabi/9.2.1/../../../arm-none-eabi/lib/thumb/v8-m.main/nofp/libg_nano.a(lib_a-nano-reallocr.o)
 .ARM.attributes
                0x0000000000000b42       0x32 /usr/lib/gcc/arm-none-eabi/9.2.1/../../../arm-none-eabi/lib/thumb/v8-m.main/nofp/libg_nano.a(lib_a-sbrkr.o)
 .ARM.attributes
                0x0000000000000b74       0x32 /usr/lib/gcc/arm-none-eabi/9.2.1/../../../arm-none-eabi/lib/thumb/v8-m.main/nofp/libg_nano.a(lib_a-signal.o)
 .ARM.attributes
                0x0000000000000ba6       0x32 /usr/lib/gcc/arm-none-eabi/9.2.1/../../../arm-none-eabi/lib/thumb/v8-m.main/nofp/libg_nano.a(lib_a-signalr.o)
 .ARM.attributes
                0x0000000000000bd8       0x32 /usr/lib/gcc/arm-none-eabi/9.2.1/../../../arm-none-eabi/lib/thumb/v8-m.main/nofp/libg_nano.a(lib_a-stdio.o)
 .ARM.attributes
                0x0000000000000c0a       0x32 /usr/lib/gcc/arm-none-eabi/9.2.1/../../../arm-none-eabi/lib/thumb/v8-m.main/nofp/libg_nano.a(lib_a-writer.o)
 .ARM.attributes
                0x0000000000000c3c       0x32 /usr/lib/gcc/arm-none-eabi/9.2.1/../../../arm-none-eabi/lib/thumb/v8-m.main/nofp/libg_nano.a(lib_a-closer.o)
 .ARM.attributes
                0x0000000000000c6e       0x32 /usr/lib/gcc/arm-none-eabi/9.2.1/../../../arm-none-eabi/lib/thumb/v8-m.main/nofp/libg_nano.a(lib_a-fstatr.o)
 .ARM.attributes
                0x0000000000000ca0       0x32 /usr/lib/gcc/arm-none-eabi/9.2.1/../../../arm-none-eabi/lib/thumb/v8-m.main/nofp/libg_nano.a(lib_a-isattyr.o)
 .ARM.attributes
                0x0000000000000cd2       0x32 /usr/lib/gcc/arm-none-eabi/9.2.1/../../../arm-none-eabi/lib/thumb/v8-m.main/nofp/libg_nano.a(lib_a-lseekr.o)
 .ARM.attributes
                0x0000000000000d04       0x32 /usr/lib/gcc/arm-none-eabi/9.2.1/../../../arm-none-eabi/lib/thumb/v8-m.main/nofp/libg_nano.a(lib_a-mlock.o)
 .ARM.attributes
                0x0000000000000d36       0x32 /usr/lib/gcc/arm-none-eabi/9.2.1/../../../arm-none-eabi/lib/thumb/v8-m.main/nofp/libg_nano.a(lib_a-nano-msizer.o)
 .ARM.attributes
                0x0000000000000d68       0x32 /usr/lib/gcc/arm-none-eabi/9.2.1/../../../arm-none-eabi/lib/thumb/v8-m.main/nofp/libg_nano.a(lib_a-readr.o)
 .ARM.attributes
                0x0000000000000d9a       0x32 /usr/lib/gcc/arm-none-eabi/9.2.1/../../../arm-none-eabi/lib/thumb/v8-m.main/nofp/libg_nano.a(lib_a-reent.o)
 .ARM.attributes
                0x0000000000000dcc       0x32 /usr/lib/gcc/arm-none-eabi/9.2.1/thumb/v8-m.main/nofp/crtend.o
 .ARM.attributes
                0x0000000000000dfe       0x22 /usr/lib/gcc/arm-none-eabi/9.2.1/thumb/v8-m.main/nofp/crtn.o
 .ARM.attributes
                0x0000000000000e20       0x32 /usr/lib/gcc/arm-none-eabi/9.2.1/../../../arm-none-eabi/lib/thumb/v8-m.main/nofp/libnosys.a(close.o)
 .ARM.attributes
                0x0000000000000e52       0x32 /usr/lib/gcc/arm-none-eabi/9.2.1/../../../arm-none-eabi/lib/thumb/v8-m.main/nofp/libnosys.a(fstat.o)
 .ARM.attributes
                0x0000000000000e84       0x32 /usr/lib/gcc/arm-none-eabi/9.2.1/../../../arm-none-eabi/lib/thumb/v8-m.main/nofp/libnosys.a(getpid.o)
 .ARM.attributes
                0x0000000000000eb6       0x32 /usr/lib/gcc/arm-none-eabi/9.2.1/../../../arm-none-eabi/lib/thumb/v8-m.main/nofp/libnosys.a(isatty.o)
 .ARM.attributes
                0x0000000000000ee8       0x32 /usr/lib/gcc/arm-none-eabi/9.2.1/../../../arm-none-eabi/lib/thumb/v8-m.main/nofp/libnosys.a(kill.o)
 .ARM.attributes
                0x0000000000000f1a       0x32 /usr/lib/gcc/arm-none-eabi/9.2.1/../../../arm-none-eabi/lib/thumb/v8-m.main/nofp/libnosys.a(lseek.o)
 .ARM.attributes
                0x0000000000000f4c       0x32 /usr/lib/gcc/arm-none-eabi/9.2.1/../../../arm-none-eabi/lib/thumb/v8-m.main/nofp/libnosys.a(read.o)
 .ARM.attributes
                0x0000000000000f7e       0x32 /usr/lib/gcc/arm-none-eabi/9.2.1/../../../arm-none-eabi/lib/thumb/v8-m.main/nofp/libnosys.a(sbrk.o)
 .ARM.attributes
                0x0000000000000fb0       0x32 /usr/lib/gcc/arm-none-eabi/9.2.1/../../../arm-none-eabi/lib/thumb/v8-m.main/nofp/libnosys.a(_exit.o)

.comment        0x0000000000000000      0x11c
 .comment       0x0000000000000000       0x59 /usr/lib/gcc/arm-none-eabi/9.2.1/thumb/v8-m.main/nofp/crtbegin.o
                                         0x5a (size before relaxing)
 .comment       0x0000000000000059       0x5a CMakeFiles/tfm_ns.dir/main_ns.o
 .comment       0x0000000000000059       0x5a CMakeFiles/tfm_ns.dir/__/__/__/platform/ext/target/stm/common/stm32l5xx/Device/Source/startup_stm32l5xx_ns.o
 .comment       0x0000000000000059       0x5a CMakeFiles/tfm_ns.dir/__/ns_interface/ns_client_ext/tz_shim_layer.o
 .comment       0x0000000000000059       0x5a CMakeFiles/tfm_ns.dir/__/CMSIS/RTOS2/RTX/Config/RTX_Config.o
 .comment       0x0000000000000059       0x5a CMakeFiles/tfm_ns.dir/__/CMSIS/RTOS2/RTX/Source/rtx_lib.o
 .comment       0x0000000000000059       0x5a CMakeFiles/tfm_ns.dir/os_wrapper_cmsis_rtos_v2.o
 .comment       0x0000000000000059       0x5a CMakeFiles/tfm_ns.dir/__/log/tfm_log_raw.o
 .comment       0x0000000000000059       0x5a ../../platform/ns/libplatform_ns.a(uart_stdout.o)
 .comment       0x0000000000000059       0x5a ../../platform/ns/libplatform_ns.a(system_stm32l5xx.o)
 .comment       0x0000000000000059       0x5a ../../platform/ns/libplatform_ns.a(low_level_com.o)
 .comment       0x0000000000000059       0x5a ../../platform/ns/libplatform_ns.a(stm32l5xx_hal_pwr_ex.o)
 .comment       0x0000000000000059       0x5a ../../platform/ns/libplatform_ns.a(stm32l5xx_hal_gpio.o)