Archive member included to satisfy reference by file (symbol)

../platform/libplatform_s.a(system_stm32l5xx.o)
                              CMakeFiles/tfm_s.dir/__/platform/ext/target/stm/common/stm32l5xx/Device/Source/startup_stm32l5xx_s.o (SystemInit)
../platform/libplatform_s.a(stm32l5xx_hal_dma.o)
                              CMakeFiles/tfm_s.dir/__/platform/ext/target/stm/common/stm32l5xx/hal/Src/stm32l5xx_hal_hash.o (HAL_DMA_Start_IT)
../platform/libplatform_s.a(stm32l5xx_hal_rcc_ex.o)
                              CMakeFiles/tfm_s.dir/__/platform/ext/target/stm/common/hal/Native_Driver/low_level_rng.o (HAL_RCCEx_PeriphCLKConfig)
../platform/libplatform_s.a(stm32l5xx_hal_rng.o)
                              CMakeFiles/tfm_s.dir/__/platform/ext/target/stm/common/hal/Native_Driver/low_level_rng.o (HAL_RNG_Init)
../platform/libplatform_s.a(stm32l5xx_hal_pwr.o)
                              ../platform/libplatform_s.a(stm32l5xx_hal_rcc_ex.o) (HAL_PWR_EnableBkUpAccess)
../platform/libplatform_s.a(stm32l5xx_hal_pwr_ex.o)
                              ../platform/libplatform_s.a(stm32l5xx_hal_pwr.o) (HAL_PWREx_EnableLowPowerRunMode)
../platform/libplatform_s.a(stm32l5xx_hal_gpio.o)
                              ../platform/libplatform_s.a(stm32l5xx_hal_rcc_ex.o) (HAL_GPIO_Init)
../platform/libplatform_s.a(stm32l5xx_hal_rcc.o)
                              ../platform/libplatform_s.a(stm32l5xx_hal_rcc_ex.o) (HAL_RCC_GetSysClockFreq)
../platform/libplatform_s.a(stm32l5xx_hal.o)
                              ../platform/libplatform_s.a(stm32l5xx_hal_rcc.o) (uwTickPrio)
../platform/libplatform_s.a(stm32l5xx_hal_cortex.o)
                              ../platform/libplatform_s.a(stm32l5xx_hal.o) (HAL_NVIC_SetPriorityGrouping)
partitions/lib/runtime/libtfm_sprt.a(crt_memset.o)
                              /opt/gcc-arm-none-eabi-10.3-2021.10/bin/../lib/gcc/arm-none-eabi/10.3.1/../../../../arm-none-eabi/lib/thumb/v8-m.main/nofp/crt0.o (memset)
spm/libtfm_spm.a(utilities.o)
                              CMakeFiles/tfm_s.dir/__/platform/ext/common/faults.o (tfm_core_panic)
spm/libtfm_spm.a(main.o)      /opt/gcc-arm-none-eabi-10.3-2021.10/bin/../lib/gcc/arm-none-eabi/10.3.1/../../../../arm-none-eabi/lib/thumb/v8-m.main/nofp/crt0.o (main)
spm/libtfm_spm.a(tfm_core_svcalls_ipc.o)
                              spm/libtfm_spm.a(main.o) (tfm_core_handler_mode)
spm/libtfm_spm.a(thread.o)    spm/libtfm_spm.a(tfm_core_svcalls_ipc.o) (thrd_next)
spm/libtfm_spm.a(tfm_arch_v8m_main.o)
                              spm/libtfm_spm.a(main.o) (tfm_arch_set_secure_exception_priorities)
spm/libtfm_spm.a(ns_agent_tz_v80m.o)
                              CMakeFiles/tfm_s.dir/partitions/ns_agent_tz/load_info_ns_agent_tz.o (ns_agent_tz_main)
spm/libtfm_spm.a(tfm_hal_isolation.o)
                              spm/libtfm_spm.a(main.o) (tfm_hal_set_up_static_boundaries)
spm/libtfm_spm.a(tfm_hal_platform.o)
                              spm/libtfm_spm.a(main.o) (tfm_hal_platform_init)
spm/libtfm_spm.a(tfm_boot_data.o)
                              spm/libtfm_spm.a(main.o) (tfm_core_validate_boot_data)
spm/libtfm_spm.a(spm_log.o)   spm/libtfm_spm.a(main.o) (spm_log_msgval)
spm/libtfm_spm.a(tfm_arch.o)  spm/libtfm_spm.a(tfm_core_svcalls_ipc.o) (tfm_arch_free_msp_and_exc_ret)
spm/libtfm_spm.a(spm_ipc.o)   spm/libtfm_spm.a(tfm_boot_data.o) (tfm_spm_partition_get_running_partition_id)
spm/libtfm_spm.a(static_loader.o)
                              spm/libtfm_spm.a(spm_ipc.o) (load_a_partition_assuredly)
spm/libtfm_spm.a(psa_api.o)   spm/libtfm_spm.a(tfm_core_svcalls_ipc.o) (spm_handle_programmer_errors)
spm/libtfm_spm.a(backend_ipc.o)
                              spm/libtfm_spm.a(psa_api.o) (backend_messaging)
spm/libtfm_spm.a(tfm_pools.o)
                              spm/libtfm_spm.a(spm_ipc.o) (tfm_pool_init)
spm/libtfm_spm.a(tfm_spm_ns_ctx.o)
                              spm/libtfm_spm.a(spm_ipc.o) (tfm_nspm_get_current_client_id)
spm/libtfm_spm.a(ns_agent_tz_init.o)
                              spm/libtfm_spm.a(ns_agent_tz_v80m.o) (ns_agent_tz_init_c)
spm/libtfm_spm.a(target_cfg.o)
                              spm/libtfm_spm.a(tfm_hal_platform.o) (nvic_interrupt_target_state_cfg)
partitions/example_partition/libtfm_app_rot_partition_example.a(tfm_example_partition.o)
                              CMakeFiles/tfm_s.dir/__/generated/secure_fw/partitions/example_partition/auto_generated/load_info_tfm_example_partition.o (tfm_example_service_sfn)
partitions/example_partition/libtfm_app_rot_partition_example.a(intermedia_tfm_example_partition.o)
                              CMakeFiles/tfm_s.dir/__/generated/secure_fw/partitions/example_partition/auto_generated/load_info_tfm_example_partition.o (tfm_sp_example_stack)
partitions/internal_trusted_storage/libtfm_psa_rot_partition_its.a(tfm_its_req_mngr.o)
[...]
Memory Configuration

Name             Origin             Length             Attributes
FLASH            0x000000000c014400 0x000000000002ac00 xr
RAM              0x0000000030020000 0x000000000001fc00 xrw
*default*        0x0000000000000000 0xffffffffffffffff

Linker script and memory map

LOAD /opt/gcc-arm-none-eabi-10.3-2021.10/bin/../lib/gcc/arm-none-eabi/10.3.1/thumb/v8-m.main/nofp/crti.o
LOAD /opt/gcc-arm-none-eabi-10.3-2021.10/bin/../lib/gcc/arm-none-eabi/10.3.1/thumb/v8-m.main/nofp/crtbegin.o
LOAD /opt/gcc-arm-none-eabi-10.3-2021.10/bin/../lib/gcc/arm-none-eabi/10.3.1/../../../../arm-none-eabi/lib/thumb/v8-m.main/nofp/crt0.o
LOAD CMakeFiles/tfm_s.dir/partitions/ns_agent_tz/psa_api_veneers_v80m.o
LOAD CMakeFiles/tfm_s.dir/__/platform/ext/target/stm/common/hal/Native_Driver/tick.o
LOAD CMakeFiles/tfm_s.dir/__/platform/ext/target/stm/common/stm32l5xx/Device/Source/startup_stm32l5xx_s.o
LOAD CMakeFiles/tfm_s.dir/__/platform/ext/common/faults.o
LOAD CMakeFiles/tfm_s.dir/__/generated/secure_fw/partitions/crypto/auto_generated/load_info_tfm_crypto.o
LOAD CMakeFiles/tfm_s.dir/__/generated/secure_fw/partitions/example_partition/auto_generated/load_info_tfm_example_partition.o
LOAD CMakeFiles/tfm_s.dir/__/generated/secure_fw/partitions/internal_trusted_storage/auto_generated/load_info_tfm_internal_trusted_storage.o
LOAD CMakeFiles/tfm_s.dir/partitions/ns_agent_tz/load_info_ns_agent_tz.o
LOAD CMakeFiles/tfm_s.dir/__/platform/ext/target/stm/common/stm32l5xx/hal/Src/stm32l5xx_hal_hash.o
LOAD CMakeFiles/tfm_s.dir/__/platform/ext/target/stm/common/stm32l5xx/hal/Src/stm32l5xx_hal_hash_ex.o
LOAD CMakeFiles/tfm_s.dir/__/platform/ext/target/stm/common/stm32l5xx/hal/Src/stm32l5xx_hal_pka.o
LOAD CMakeFiles/tfm_s.dir/__/platform/ext/target/stm/common/stm32l5xx/hal/Src/stm32l5xx_hal_cryp.o
LOAD CMakeFiles/tfm_s.dir/__/platform/ext/target/stm/common/stm32l5xx/hal/Src/stm32l5xx_hal_cryp_ex.o
LOAD CMakeFiles/tfm_s.dir/__/platform/ext/target/stm/common/hal/Native_Driver/low_level_rng.o
LOAD ../platform/libplatform_s.a
LOAD partitions/lib/runtime/libtfm_sprt.a
LOAD spm/libtfm_spm.a
LOAD partitions/example_partition/libtfm_app_rot_partition_example.a
LOAD partitions/internal_trusted_storage/libtfm_psa_rot_partition_its.a
LOAD ../platform/libplatform_s.a
LOAD partitions/lib/runtime/libtfm_sprt.a
LOAD ../platform/libplatform_crypto_keys.a
LOAD partitions/crypto/mbedcrypto/library/libmbedcrypto.a
LOAD ../platform/ext/accelerator/libcrypto_service_crypto_hw.a
LOAD partitions/crypto/libtfm_psa_rot_partition_crypto.a
LOAD ../platform/libplatform_s.a
LOAD partitions/lib/runtime/libtfm_sprt.a
LOAD ../platform/libplatform_crypto_keys.a
LOAD partitions/crypto/mbedcrypto/library/libmbedcrypto.a
LOAD ../platform/ext/accelerator/libcrypto_service_crypto_hw.a
LOAD partitions/crypto/libtfm_psa_rot_partition_crypto.a
LOAD ../platform/libplatform_s.a
LOAD partitions/lib/runtime/libtfm_sprt.a
LOAD ../platform/libplatform_crypto_keys.a
LOAD partitions/crypto/mbedcrypto/library/libmbedcrypto.a
LOAD ../platform/ext/accelerator/libcrypto_service_crypto_hw.a
LOAD partitions/crypto/libtfm_psa_rot_partition_crypto.a
START GROUP
LOAD /opt/gcc-arm-none-eabi-10.3-2021.10/bin/../lib/gcc/arm-none-eabi/10.3.1/thumb/v8-m.main/nofp/libgcc.a
LOAD /opt/gcc-arm-none-eabi-10.3-2021.10/bin/../lib/gcc/arm-none-eabi/10.3.1/../../../../arm-none-eabi/lib/thumb/v8-m.main/nofp/libg_nano.a
LOAD /opt/gcc-arm-none-eabi-10.3-2021.10/bin/../lib/gcc/arm-none-eabi/10.3.1/../../../../arm-none-eabi/lib/thumb/v8-m.main/nofp/libc_nano.a
END GROUP
START GROUP
LOAD /opt/gcc-arm-none-eabi-10.3-2021.10/bin/../lib/gcc/arm-none-eabi/10.3.1/thumb/v8-m.main/nofp/libgcc.a
LOAD /opt/gcc-arm-none-eabi-10.3-2021.10/bin/../lib/gcc/arm-none-eabi/10.3.1/../../../../arm-none-eabi/lib/thumb/v8-m.main/nofp/libc_nano.a
END GROUP
LOAD /opt/gcc-arm-none-eabi-10.3-2021.10/bin/../lib/gcc/arm-none-eabi/10.3.1/thumb/v8-m.main/nofp/crtend.o
LOAD /opt/gcc-arm-none-eabi-10.3-2021.10/bin/../lib/gcc/arm-none-eabi/10.3.1/thumb/v8-m.main/nofp/crtn.o
                0x0000000000000800                __msp_stack_size__ = 0x800
START GROUP
LOAD /opt/gcc-arm-none-eabi-10.3-2021.10/bin/../lib/gcc/arm-none-eabi/10.3.1/thumb/v8-m.main/nofp/libgcc.a
LOAD /opt/gcc-arm-none-eabi-10.3-2021.10/bin/../lib/gcc/arm-none-eabi/10.3.1/../../../../arm-none-eabi/lib/thumb/v8-m.main/nofp/libc.a
LOAD /opt/gcc-arm-none-eabi-10.3-2021.10/bin/../lib/gcc/arm-none-eabi/10.3.1/../../../../arm-none-eabi/lib/thumb/v8-m.main/nofp/libm.a
LOAD /opt/gcc-arm-none-eabi-10.3-2021.10/bin/../lib/gcc/arm-none-eabi/10.3.1/../../../../arm-none-eabi/lib/thumb/v8-m.main/nofp/libnosys.a
LOAD /opt/gcc-arm-none-eabi-10.3-2021.10/bin/../lib/gcc/arm-none-eabi/10.3.1/../../../../arm-none-eabi/lib/thumb/v8-m.main/nofp/libc_nano.a
END GROUP

.TFM_VECTORS    0x000000000c014400      0x1f4
                0x000000000c014400                __vectors_start__ = .
 *(.vectors)
 .vectors       0x000000000c014400      0x1f4 CMakeFiles/tfm_s.dir/__/platform/ext/target/stm/common/stm32l5xx/Device/Source/startup_stm32l5xx_s.o
                0x000000000c014400                __Vectors
                0x000000000c0145f4                . = ALIGN (0x4)
                0x000000000c0145f4                __vectors_end__ = .
                0x0000000000000001                ASSERT ((. <= (ADDR (.TFM_VECTORS) + 0x1f4)), .TFM_VECTORS section size overflow.)
                0x000000000c0145f4                . = (ADDR (.TFM_VECTORS) + 0x1f4)

.gnu.sgstubs    0x000000000c014600       0x20
 *(.gnu.sgstubs*)
                0x000000000c014600                . = ALIGN (0x20)
 .gnu.sgstubs.__stub
                0x000000000c014600       0x18 linker stubs
                0x000000000c014600                tfm_psa_framework_version_veneer
                0x000000000c014608                tfm_psa_version_veneer
                0x000000000c014610                tfm_psa_call_veneer
                0x000000000c014600                Image$$ER_VENEER$$Base = ADDR (.gnu.sgstubs)
                0x000000000c014620                Image$$VENEER_ALIGN$$Limit = (ADDR (.gnu.sgstubs) + SIZEOF (.gnu.sgstubs))

.copy.table     0x000000000c014620       0x24
                0x000000000c014620                __copy_table_start__ = .
                0x000000000c014620        0x4 LONG 0xc032e80 LOADADDR (.TFM_DATA)
                0x000000000c014624        0x4 LONG 0x30027de0 ADDR (.TFM_DATA)
                0x000000000c014628        0x4 LONG 0x3a (SIZEOF (.TFM_DATA) / 0x4)
                0x000000000c01462c        0x4 LONG 0xc01b660 LOADADDR (.TFM_PSA_ROT_LINKER_DATA)
                0x000000000c014630        0x4 LONG 0x30021020 ADDR (.TFM_PSA_ROT_LINKER_DATA)
                0x000000000c014634        0x4 LONG 0x7 (SIZEOF (.TFM_PSA_ROT_LINKER_DATA) / 0x4)
                0x000000000c014638        0x4 LONG 0xc01b660 LOADADDR (.TFM_APP_ROT_LINKER_DATA)
                0x000000000c01463c        0x4 LONG 0x30020e20 ADDR (.TFM_APP_ROT_LINKER_DATA)
                0x000000000c014640        0x4 LONG 0x0 (SIZEOF (.TFM_APP_ROT_LINKER_DATA) / 0x4)
                0x000000000c014644                __copy_table_end__ = .

.zero.table     0x000000000c014644       0x20
                0x000000000c014644                __zero_table_start__ = .
                0x000000000c014644        0x4 LONG 0x30027ee0 ADDR (.TFM_BSS)
                0x000000000c014648        0x4 LONG 0xdf8 (SIZEOF (.TFM_BSS) / 0x4)
                0x000000000c01464c        0x4 LONG 0x30021040 ADDR (.TFM_PSA_ROT_LINKER_BSS)
                0x000000000c014650        0x4 LONG 0x1b68 (SIZEOF (.TFM_PSA_ROT_LINKER_BSS) / 0x4)
                0x000000000c014654        0x4 LONG 0x30020e20 ADDR (.TFM_APP_ROT_LINKER_BSS)
                0x000000000c014658        0x4 LONG 0x80 (SIZEOF (.TFM_APP_ROT_LINKER_BSS) / 0x4)
                0x000000000c01465c        0x4 LONG 0x30020e00 ADDR (.TFM_SP_META_PTR)
                0x000000000c014660        0x4 LONG 0x8 (SIZEOF (.TFM_SP_META_PTR) / 0x4)
                0x000000000c014664                __zero_table_end__ = .

.igot.plt       0x000000000c014664        0x0
 .igot.plt      0x000000000c014664        0x0 /opt/gcc-arm-none-eabi-10.3-2021.10/bin/../lib/gcc/arm-none-eabi/10.3.1/thumb/v8-m.main/nofp/crtbegin.o

.TFM_SP_LOAD_LIST
                0x000000000c014664      0x114
 *(.part_load_priority_lowest)
 .part_load_priority_lowest
                0x000000000c014664       0x30 CMakeFiles/tfm_s.dir/partitions/ns_agent_tz/load_info_ns_agent_tz.o
                0x000000000c014664                tfm_sp_ns_agent_tz_load
 *(.part_load_priority_low)
 *(.part_load_priority_normal)
 .part_load_priority_normal
                0x000000000c014694       0x4c CMakeFiles/tfm_s.dir/__/generated/secure_fw/partitions/crypto/auto_generated/load_info_tfm_crypto.o
                0x000000000c014694                tfm_sp_crypto_load
 .part_load_priority_normal
                0x000000000c0146e0       0x50 CMakeFiles/tfm_s.dir/__/generated/secure_fw/partitions/example_partition/auto_generated/load_info_tfm_example_partition.o
                0x000000000c0146e0                tfm_sp_example_load
 .part_load_priority_normal
                0x000000000c014730       0x48 CMakeFiles/tfm_s.dir/__/generated/secure_fw/partitions/internal_trusted_storage/auto_generated/load_info_tfm_internal_trusted_storage.o
                0x000000000c014730                tfm_sp_its_load
 *(.part_load_priority_high)
                0x000000000c014664                Image$$TFM_SP_LOAD_LIST$$RO$$Base = ADDR (.TFM_SP_LOAD_LIST)
                0x000000000c014778                Image$$TFM_SP_LOAD_LIST$$RO$$Limit = (ADDR (.TFM_SP_LOAD_LIST) + SIZEOF (.TFM_SP_LOAD_LIST))
                0x000000000c014780                . = ALIGN (0x20)
                0x000000000c014780                Image$$TFM_PSA_CODE_START$$Base = .

.TFM_PSA_ROT_LINKER
                0x000000000c014780     0x2500
 *tfm_psa_rot_partition*:*(.text*)
 .text.tfm_its_entry
                0x000000000c014780        0x4 partitions/internal_trusted_storage/libtfm_psa_rot_partition_its.a(tfm_its_req_mngr.o)
                0x000000000c014780                tfm_its_entry
 .text.tfm_internal_trusted_storage_service_sfn
                0x000000000c014784      0x18c partitions/internal_trusted_storage/libtfm_psa_rot_partition_its.a(tfm_its_req_mngr.o)
                0x000000000c014784                tfm_internal_trusted_storage_service_sfn
 .text.tfm_its_get_fid.constprop.0
                0x000000000c014910       0x28 partitions/internal_trusted_storage/libtfm_psa_rot_partition_its.a(tfm_internal_trusted_storage.o)
 .text.tfm_its_init
                0x000000000c014938       0x90 partitions/internal_trusted_storage/libtfm_psa_rot_partition_its.a(tfm_internal_trusted_storage.o)
                0x000000000c014938                tfm_its_init
 .text.tfm_its_set
                0x000000000c0149c8       0x88 partitions/internal_trusted_storage/libtfm_psa_rot_partition_its.a(tfm_internal_trusted_storage.o)
                0x000000000c0149c8                tfm_its_set
 .text.tfm_its_get
                0x000000000c014a50       0x6c partitions/internal_trusted_storage/libtfm_psa_rot_partition_its.a(tfm_internal_trusted_storage.o)
                0x000000000c014a50                tfm_its_get
 .text.tfm_its_get_info
                0x000000000c014abc       0x3c partitions/internal_trusted_storage/libtfm_psa_rot_partition_its.a(tfm_internal_trusted_storage.o)
                0x000000000c014abc                tfm_its_get_info
 .text.tfm_its_remove
                0x000000000c014af8       0x44 partitions/internal_trusted_storage/libtfm_psa_rot_partition_its.a(tfm_internal_trusted_storage.o)
                0x000000000c014af8                tfm_its_remove
 .text.its_flash_nor_init
                0x000000000c014b3c       0x14 partitions/internal_trusted_storage/libtfm_psa_rot_partition_its.a(its_flash_nor.o)
 .text.its_flash_nor_write
                0x000000000c014b50       0x44 partitions/internal_trusted_storage/libtfm_psa_rot_partition_its.a(its_flash_nor.o)
 .text.its_flash_nor_flush
                0x000000000c014b94        0x4 partitions/internal_trusted_storage/libtfm_psa_rot_partition_its.a(its_flash_nor.o)
 .text.its_flash_nor_erase
                0x000000000c014b98       0x2e partitions/internal_trusted_storage/libtfm_psa_rot_partition_its.a(its_flash_nor.o)
 *fill*         0x000000000c014bc6        0x2 
 .text.its_flash_nor_read
                0x000000000c014bc8       0xc0 partitions/internal_trusted_storage/libtfm_psa_rot_partition_its.a(its_flash_nor.o)
 .text.its_flash_fs_delete_idx
                0x000000000c014c88       0xe6 partitions/internal_trusted_storage/libtfm_psa_rot_partition_its.a(its_flash_fs.o)
 .text.its_flash_fs_init_ctx
                0x000000000c014d6e       0x76 partitions/internal_trusted_storage/libtfm_psa_rot_partition_its.a(its_flash_fs.o)
                0x000000000c014d6e                its_flash_fs_init_ctx
 .text.its_flash_fs_prepare
                0x000000000c014de4       0x34 partitions/internal_trusted_storage/libtfm_psa_rot_partition_its.a(its_flash_fs.o)
                0x000000000c014de4                its_flash_fs_prepare
 .text.its_flash_fs_wipe_all
                0x000000000c014e18        0x4 partitions/internal_trusted_storage/libtfm_psa_rot_partition_its.a(its_flash_fs.o)
                0x000000000c014e18                its_flash_fs_wipe_all
 .text.its_flash_fs_file_get_info
                0x000000000c014e1c       0x46 partitions/internal_trusted_storage/libtfm_psa_rot_partition_its.a(its_flash_fs.o)
                0x000000000c014e1c                its_flash_fs_file_get_info
 .text.its_flash_fs_file_write
                0x000000000c014e62      0x200 partitions/internal_trusted_storage/libtfm_psa_rot_partition_its.a(its_flash_fs.o)
                0x000000000c014e62                its_flash_fs_file_write
 .text.its_flash_fs_file_delete
                0x000000000c015062       0x1e partitions/internal_trusted_storage/libtfm_psa_rot_partition_its.a(its_flash_fs.o)
                0x000000000c015062                its_flash_fs_file_delete
 .text.its_flash_fs_file_read
                0x000000000c015080       0x5e partitions/internal_trusted_storage/libtfm_psa_rot_partition_its.a(its_flash_fs.o)
                0x000000000c015080                its_flash_fs_file_read
 .text.its_flash_fs_dblock_compact_block
                0x000000000c0150de       0xaa partitions/internal_trusted_storage/libtfm_psa_rot_partition_its.a(its_flash_fs_dblock.o)
                0x000000000c0150de                its_flash_fs_dblock_compact_block
 .text.its_flash_fs_dblock_read_file
                0x000000000c015188       0x42 partitions/internal_trusted_storage/libtfm_psa_rot_partition_its.a(its_flash_fs_dblock.o)
                0x000000000c015188                its_flash_fs_dblock_read_file
 .text.its_flash_fs_dblock_write_file
                0x000000000c0151ca       0x82 partitions/internal_trusted_storage/libtfm_psa_rot_partition_its.a(its_flash_fs_dblock.o)
                0x000000000c0151ca                its_flash_fs_dblock_write_file
 .text.its_mblock_update_scratch_block_meta
                0x000000000c01524c       0x18 partitions/internal_trusted_storage/libtfm_psa_rot_partition_its.a(its_flash_fs_mblock.o)
 .text.its_mblock_erase_scratch_blocks
                0x000000000c015264       0x28 partitions/internal_trusted_storage/libtfm_psa_rot_partition_its.a(its_flash_fs_mblock.o)
 .text.its_num_dedicated_dblocks.isra.0
                0x000000000c01528c        0xc partitions/internal_trusted_storage/libtfm_psa_rot_partition_its.a(its_flash_fs_mblock.o)
 .text.its_mblock_file_meta_offset.isra.0
                0x000000000c015298       0x10 partitions/internal_trusted_storage/libtfm_psa_rot_partition_its.a(its_flash_fs_mblock.o)
 .text.its_mblock_calculate_metadata_xor.part.0
                0x000000000c0152a8       0xa4 partitions/internal_trusted_storage/libtfm_psa_rot_partition_its.a(its_flash_fs_mblock.o)
 .text.its_mblock_write_scratch_meta_header
                0x000000000c01534c       0x44 partitions/internal_trusted_storage/libtfm_psa_rot_partition_its.a(its_flash_fs_mblock.o)
 .text.its_mblock_validate_header_meta
                0x000000000c015390       0x5a partitions/internal_trusted_storage/libtfm_psa_rot_partition_its.a(its_flash_fs_mblock.o)
 .text.its_init_get_active_metablock
                0x000000000c0153ea       0xb0 partitions/internal_trusted_storage/libtfm_psa_rot_partition_its.a(its_flash_fs_mblock.o)
 .text.its_flash_fs_mblock_cur_data_scratch_id
                0x000000000c01549a        0xa partitions/internal_trusted_storage/libtfm_psa_rot_partition_its.a(its_flash_fs_mblock.o)
                0x000000000c01549a                its_flash_fs_mblock_cur_data_scratch_id
 .text.its_flash_fs_mblock_meta_update_finalize
                0x000000000c0154a4       0x2a partitions/internal_trusted_storage/libtfm_psa_rot_partition_its.a(its_flash_fs_mblock.o)
                0x000000000c0154a4                its_flash_fs_mblock_meta_update_finalize
 .text.its_flash_fs_mblock_read_file_meta
                0x000000000c0154ce       0x76 partitions/internal_trusted_storage/libtfm_psa_rot_partition_its.a(its_flash_fs_mblock.o)
                0x000000000c0154ce                its_flash_fs_mblock_read_file_meta
 .text.its_flash_fs_mblock_get_file_idx
                0x000000000c015544       0x42 partitions/internal_trusted_storage/libtfm_psa_rot_partition_its.a(its_flash_fs_mblock.o)
                0x000000000c015544                its_flash_fs_mblock_get_file_idx
 .text.its_flash_fs_mblock_get_file_idx_flag
                0x000000000c015586       0x3c partitions/internal_trusted_storage/libtfm_psa_rot_partition_its.a(its_flash_fs_mblock.o)
                0x000000000c015586                its_flash_fs_mblock_get_file_idx_flag
 .text.its_flash_fs_mblock_read_block_metadata
                0x000000000c0155c2       0x52 partitions/internal_trusted_storage/libtfm_psa_rot_partition_its.a(its_flash_fs_mblock.o)
                0x000000000c0155c2                its_flash_fs_mblock_read_block_metadata
 .text.its_flash_fs_mblock_read_block_metadata_comp
                0x000000000c015614       0x5c partitions/internal_trusted_storage/libtfm_psa_rot_partition_its.a(its_flash_fs_mblock.o)
                0x000000000c015614                its_flash_fs_mblock_read_block_metadata_comp
 .text.its_flash_fs_mblock_reserve_file
                0x000000000c015670       0xc4 partitions/internal_trusted_storage/libtfm_psa_rot_partition_its.a(its_flash_fs_mblock.o)
                0x000000000c015670                its_flash_fs_mblock_reserve_file
 .text.its_flash_fs_mblock_set_data_scratch
                0x000000000c015734        0x6 partitions/internal_trusted_storage/libtfm_psa_rot_partition_its.a(its_flash_fs_mblock.o)
                0x000000000c015734                its_flash_fs_mblock_set_data_scratch
 .text.its_flash_fs_mblock_update_scratch_file_meta
                0x000000000c01573a       0x20 partitions/internal_trusted_storage/libtfm_psa_rot_partition_its.a(its_flash_fs_mblock.o)
                0x000000000c01573a                its_flash_fs_mblock_update_scratch_file_meta
 .text.its_flash_fs_mblock_reset_metablock
                0x000000000c01575a      0x130 partitions/internal_trusted_storage/libtfm_psa_rot_partition_its.a(its_flash_fs_mblock.o)
                0x000000000c01575a                its_flash_fs_mblock_reset_metablock
 .text.its_flash_fs_block_to_block_move
                0x000000000c01588a       0x5c partitions/internal_trusted_storage/libtfm_psa_rot_partition_its.a(its_flash_fs_mblock.o)
                0x000000000c01588a                its_flash_fs_block_to_block_move
 .text.its_flash_fs_mblock_cp_file_meta
                0x000000000c0158e6       0x2c partitions/internal_trusted_storage/libtfm_psa_rot_partition_its.a(its_flash_fs_mblock.o)
                0x000000000c0158e6                its_flash_fs_mblock_cp_file_meta
 .text.its_flash_fs_mblock_init
                0x000000000c015912       0xba partitions/internal_trusted_storage/libtfm_psa_rot_partition_its.a(its_flash_fs_mblock.o)
                0x000000000c015912                its_flash_fs_mblock_init
 .text.its_flash_fs_mblock_migrate_lb0_data_to_scratch
                0x000000000c0159cc       0x2e partitions/internal_trusted_storage/libtfm_psa_rot_partition_its.a(its_flash_fs_mblock.o)
                0x000000000c0159cc                its_flash_fs_mblock_migrate_lb0_data_to_scratch
 .text.its_flash_fs_mblock_update_scratch_block_meta
                0x000000000c0159fa       0x7e partitions/internal_trusted_storage/libtfm_psa_rot_partition_its.a(its_flash_fs_mblock.o)
                0x000000000c0159fa                its_flash_fs_mblock_update_scratch_block_meta
 .text.its_utils_check_contained_in
                0x000000000c015a78       0x18 partitions/internal_trusted_storage/libtfm_psa_rot_partition_its.a(its_utils.o)
                0x000000000c015a78                its_utils_check_contained_in
 .text.its_utils_validate_fid
                0x000000000c015a90       0x1a partitions/internal_trusted_storage/libtfm_psa_rot_partition_its.a(its_utils.o)
                0x000000000c015a90                its_utils_validate_fid
 *fill*         0x000000000c015aaa        0x2 
 .text.tfm_crypto_clear_scratch
                0x000000000c015aac       0x24 partitions/crypto/libtfm_psa_rot_partition_crypto.a(crypto_init.o)
 .text.tfm_crypto_get_caller_id
                0x000000000c015ad0       0x10 partitions/crypto/libtfm_psa_rot_partition_crypto.a(crypto_init.o)
                0x000000000c015ad0                tfm_crypto_get_caller_id
 .text.tfm_crypto_init
                0x000000000c015ae0       0x44 partitions/crypto/libtfm_psa_rot_partition_crypto.a(crypto_init.o)
                0x000000000c015ae0                tfm_crypto_init
 .text.tfm_crypto_api_dispatcher
                0x000000000c015b24       0xac partitions/crypto/libtfm_psa_rot_partition_crypto.a(crypto_init.o)
                0x000000000c015b24                tfm_crypto_api_dispatcher
 .text.tfm_crypto_sfn
                0x000000000c015bd0      0x188 partitions/crypto/libtfm_psa_rot_partition_crypto.a(crypto_init.o)
                0x000000000c015bd0                tfm_crypto_sfn
 .text.tfm_crypto_init_alloc
                0x000000000c015d58       0x18 partitions/crypto/libtfm_psa_rot_partition_crypto.a(crypto_alloc.o)
                0x000000000c015d58                tfm_crypto_init_alloc
 .text.tfm_crypto_operation_alloc
                0x000000000c015d70       0x68 partitions/crypto/libtfm_psa_rot_partition_crypto.a(crypto_alloc.o)
                0x000000000c015d70                tfm_crypto_operation_alloc
 .text.tfm_crypto_operation_release
                0x000000000c015dd8       0x5c partitions/crypto/libtfm_psa_rot_partition_crypto.a(crypto_alloc.o)
                0x000000000c015dd8                tfm_crypto_operation_release
 .text.tfm_crypto_operation_lookup
                0x000000000c015e34       0x54 partitions/crypto/libtfm_psa_rot_partition_crypto.a(crypto_alloc.o)
                0x000000000c015e34                tfm_crypto_operation_lookup
 .text.tfm_crypto_cipher_interface
                0x000000000c015e88      0x196 partitions/crypto/libtfm_psa_rot_partition_crypto.a(crypto_cipher.o)
                0x000000000c015e88                tfm_crypto_cipher_interface
 .text.tfm_crypto_hash_interface
                0x000000000c01601e      0x174 partitions/crypto/libtfm_psa_rot_partition_crypto.a(crypto_hash.o)
                0x000000000c01601e                tfm_crypto_hash_interface
 .text.tfm_crypto_mac_interface
                0x000000000c016192      0x18a partitions/crypto/libtfm_psa_rot_partition_crypto.a(crypto_mac.o)
                0x000000000c016192                tfm_crypto_mac_interface
 .text.tfm_crypto_aead_interface
                0x000000000c01631c      0x244 partitions/crypto/libtfm_psa_rot_partition_crypto.a(crypto_aead.o)
                0x000000000c01631c                tfm_crypto_aead_interface
 .text.tfm_crypto_asymmetric_sign_interface
                0x000000000c016560       0xa8 partitions/crypto/libtfm_psa_rot_partition_crypto.a(crypto_asymmetric.o)
                0x000000000c016560                tfm_crypto_asymmetric_sign_interface
 .text.tfm_crypto_asymmetric_encrypt_interface
                0x000000000c016608       0x70 partitions/crypto/libtfm_psa_rot_partition_crypto.a(crypto_asymmetric.o)
                0x000000000c016608                tfm_crypto_asymmetric_encrypt_interface
 .text.tfm_crypto_key_derivation_interface
                0x000000000c016678      0x166 partitions/crypto/libtfm_psa_rot_partition_crypto.a(crypto_key_derivation.o)
                0x000000000c016678                tfm_crypto_key_derivation_interface
 .text.tfm_crypto_key_management_interface
                0x000000000c0167de      0x1b8 partitions/crypto/libtfm_psa_rot_partition_crypto.a(crypto_key_management.o)
                0x000000000c0167de                tfm_crypto_key_management_interface
 .text.tfm_crypto_random_interface
                0x000000000c016996        0x8 partitions/crypto/libtfm_psa_rot_partition_crypto.a(crypto_rng.o)
                0x000000000c016996                tfm_crypto_random_interface
 .text.tfm_crypto_key_attributes_from_client
                0x000000000c01699e       0x56 partitions/crypto/libtfm_psa_rot_partition_crypto.a(crypto_key.o)
                0x000000000c01699e                tfm_crypto_key_attributes_from_client
 .text.tfm_crypto_key_attributes_to_client
                0x000000000c0169f4       0x24 partitions/crypto/libtfm_psa_rot_partition_crypto.a(crypto_key.o)
                0x000000000c0169f4                tfm_crypto_key_attributes_to_client
 .text.mbedtls_psa_platform_get_builtin_key
                0x000000000c016a18       0x1e partitions/crypto/libtfm_psa_rot_partition_crypto.a(tfm_mbedcrypto_builtin_keys.o)
                0x000000000c016a18                mbedtls_psa_platform_get_builtin_key
 *fill*         0x000000000c016a36        0x2 
 .text.tfm_builtin_key_loader_load_key
                0x000000000c016a38       0x7c partitions/crypto/libtfm_psa_rot_partition_crypto.a(tfm_builtin_key_loader.o)
                0x000000000c016a38                tfm_builtin_key_loader_load_key
 .text.tfm_builtin_key_loader_get_key_buffer_size
                0x000000000c016ab4       0x30 partitions/crypto/libtfm_psa_rot_partition_crypto.a(tfm_builtin_key_loader.o)
                0x000000000c016ab4                tfm_builtin_key_loader_get_key_buffer_size
 .text.tfm_builtin_key_loader_get_key_buffer
                0x000000000c016ae4      0x100 partitions/crypto/libtfm_psa_rot_partition_crypto.a(tfm_builtin_key_loader.o)
                0x000000000c016ae4                tfm_builtin_key_loader_get_key_buffer
 *tfm_psa_rot_partition*:*(.rodata*)
 .rodata.tfm_its_init.str1.1
                0x000000000c016be4       0x26 partitions/internal_trusted_storage/libtfm_psa_rot_partition_its.a(tfm_internal_trusted_storage.o)
 *fill*         0x000000000c016c0a        0x2 
 .rodata.data_width_byte
                0x000000000c016c0c        0xc partitions/internal_trusted_storage/libtfm_psa_rot_partition_its.a(its_flash_nor.o)
 .rodata.its_flash_fs_ops_nor
                0x000000000c016c18       0x14 partitions/internal_trusted_storage/libtfm_psa_rot_partition_its.a(its_flash_nor.o)
                0x000000000c016c18                its_flash_fs_ops_nor
 .rodata.tfm_crypto_init.str1.1
                0x000000000c016c2c       0x1c partitions/crypto/libtfm_psa_rot_partition_crypto.a(crypto_init.o)
 .rodata.tfm_crypto_api_dispatcher.str1.1
                0x000000000c016c48       0x25 partitions/crypto/libtfm_psa_rot_partition_crypto.a(crypto_init.o)
 .rodata.tfm_crypto_sfn.str1.1
                0x000000000c016c6d        0xd partitions/crypto/libtfm_psa_rot_partition_crypto.a(crypto_init.o)
 *(TFM_*_PSA-ROT_ATTR_FN)
                0x000000000c016c80                . = ALIGN (0x20)
 *fill*         0x000000000c016c7a        0x6 
                0x000000000c014780                Image$$TFM_PSA_ROT_LINKER$$RO$$Base = ADDR (.TFM_PSA_ROT_LINKER)
                0x000000000c016c80                Image$$TFM_PSA_ROT_LINKER$$RO$$Limit = (ADDR (.TFM_PSA_ROT_LINKER) + SIZEOF (.TFM_PSA_ROT_LINKER))
                0x000000000c014780                Image$$TFM_PSA_ROT_LINKER$$Base = ADDR (.TFM_PSA_ROT_LINKER)
                0x000000000c016c80                Image$$TFM_PSA_ROT_LINKER$$Limit = (ADDR (.TFM_PSA_ROT_LINKER) + SIZEOF (.TFM_PSA_ROT_LINKER))
                0x000000000c016c80                Image$$TFM_PSA_CODE_END$$Base = .
                0x000000000c016c80                Image$$TFM_APP_CODE_START$$Base = .

.TFM_APP_ROT_LINKER
                0x000000000c016c80      0x140
 *tfm_app_rot_partition*:*(.text*)
 .text.tfm_example_service_sfn
                0x000000000c016c80       0xb0 partitions/example_partition/libtfm_app_rot_partition_example.a(tfm_example_partition.o)
                0x000000000c016c80                tfm_example_service_sfn
 .text.tfm_example_partition_init
                0x000000000c016d30       0x10 partitions/example_partition/libtfm_app_rot_partition_example.a(tfm_example_partition.o)
                0x000000000c016d30                tfm_example_partition_init
 *tfm_app_rot_partition*:*(.rodata*)
 .rodata.tfm_example_service_sfn.str1.1
                0x000000000c016d40       0x5c partitions/example_partition/libtfm_app_rot_partition_example.a(tfm_example_partition.o)
 .rodata.tfm_example_partition_init.str1.1
                0x000000000c016d9c       0x24 partitions/example_partition/libtfm_app_rot_partition_example.a(tfm_example_partition.o)
 *(TFM_*_APP-ROT_ATTR_FN)
                0x000000000c016dc0                . = ALIGN (0x20)
                0x000000000c016c80                Image$$TFM_APP_ROT_LINKER$$RO$$Base = ADDR (.TFM_APP_ROT_LINKER)
                0x000000000c016dc0                Image$$TFM_APP_ROT_LINKER$$RO$$Limit = (ADDR (.TFM_APP_ROT_LINKER) + SIZEOF (.TFM_APP_ROT_LINKER))
                0x000000000c016c80                Image$$TFM_APP_ROT_LINKER$$Base = ADDR (.TFM_APP_ROT_LINKER)
                0x000000000c016dc0                Image$$TFM_APP_ROT_LINKER$$Limit = (ADDR (.TFM_APP_ROT_LINKER) + SIZEOF (.TFM_APP_ROT_LINKER))
                0x000000000c016dc0                Image$$TFM_APP_CODE_END$$Base = .

.ARM.extab
 *(.ARM.extab* .gnu.linkonce.armextab.*)
                0x000000000c016dc0                __exidx_start = .

.ARM.exidx      0x000000000c016dc0        0x8
 *(.ARM.exidx* .gnu.linkonce.armexidx.*)
 .ARM.exidx     0x000000000c016dc0        0x8 /opt/gcc-arm-none-eabi-10.3-2021.10/bin/../lib/gcc/arm-none-eabi/10.3.1/../../../../arm-none-eabi/lib/thumb/v8-m.main/nofp/crt0.o
                                         0x10 (size before relaxing)
 .ARM.exidx     0x000000000c016dc8        0x0 /opt/gcc-arm-none-eabi-10.3-2021.10/bin/../lib/gcc/arm-none-eabi/10.3.1/thumb/v8-m.main/nofp/libgcc.a(_udivmoddi4.o)
                                          0x8 (size before relaxing)
                0x000000000c016dc8                __exidx_end = .

.ER_TFM_CODE    0x000000000c016dc8     0x4880
 *startup*(.text*)
 .text.DebugMon_Handler
                0x000000000c016dc8        0x2 CMakeFiles/tfm_s.dir/__/platform/ext/target/stm/common/stm32l5xx/Device/Source/startup_stm32l5xx_s.o
                0x000000000c016dc8                DebugMon_Handler
 .text.SysTick_Handler
                0x000000000c016dca        0x2 CMakeFiles/tfm_s.dir/__/platform/ext/target/stm/common/stm32l5xx/Device/Source/startup_stm32l5xx_s.o
                0x000000000c016dca                SysTick_Handler
 .text.WWDG_IRQHandler
                0x000000000c016dcc        0x2 CMakeFiles/tfm_s.dir/__/platform/ext/target/stm/common/stm32l5xx/Device/Source/startup_stm32l5xx_s.o
                0x000000000c016dcc                WWDG_IRQHandler
 .text.PVD_PVM_IRQHandler
                0x000000000c016dce        0x2 CMakeFiles/tfm_s.dir/__/platform/ext/target/stm/common/stm32l5xx/Device/Source/startup_stm32l5xx_s.o
                0x000000000c016dce                PVD_PVM_IRQHandler
 .text.RTC_IRQHandler
                0x000000000c016dd0        0x2 CMakeFiles/tfm_s.dir/__/platform/ext/target/stm/common/stm32l5xx/Device/Source/startup_stm32l5xx_s.o
                0x000000000c016dd0                RTC_IRQHandler
 .text.RTC_IRQHandler_S
                0x000000000c016dd2        0x2 CMakeFiles/tfm_s.dir/__/platform/ext/target/stm/common/stm32l5xx/Device/Source/startup_stm32l5xx_s.o
                0x000000000c016dd2                RTC_IRQHandler_S
 .text.TAMP_IRQHandler
                0x000000000c016dd4        0x2 CMakeFiles/tfm_s.dir/__/platform/ext/target/stm/common/stm32l5xx/Device/Source/startup_stm32l5xx_s.o
                0x000000000c016dd4                TAMP_IRQHandler
 .text.TAMP_IRQHandler_S
                0x000000000c016dd6        0x2 CMakeFiles/tfm_s.dir/__/platform/ext/target/stm/common/stm32l5xx/Device/Source/startup_stm32l5xx_s.o
                0x000000000c016dd6                TAMP_IRQHandler_S
 .text.FLASH_IRQHandler
                0x000000000c016dd8        0x2 CMakeFiles/tfm_s.dir/__/platform/ext/target/stm/common/stm32l5xx/Device/Source/startup_stm32l5xx_s.o
                0x000000000c016dd8                FLASH_IRQHandler
 .text.FLASH_IRQHandler_S
                0x000000000c016dda        0x2 CMakeFiles/tfm_s.dir/__/platform/ext/target/stm/common/stm32l5xx/Device/Source/startup_stm32l5xx_s.o
                0x000000000c016dda                FLASH_IRQHandler_S
 .text.SERR_IRQHandler
                0x000000000c016ddc        0x2 CMakeFiles/tfm_s.dir/__/platform/ext/target/stm/common/stm32l5xx/Device/Source/startup_stm32l5xx_s.o
                0x000000000c016ddc                SERR_IRQHandler
 .text.RCC_IRQHandler
                0x000000000c016dde        0x2 CMakeFiles/tfm_s.dir/__/platform/ext/target/stm/common/stm32l5xx/Device/Source/startup_stm32l5xx_s.o
                0x000000000c016dde                RCC_IRQHandler
 .text.RCC_IRQHandler_S
                0x000000000c016de0        0x2 CMakeFiles/tfm_s.dir/__/platform/ext/target/stm/common/stm32l5xx/Device/Source/startup_stm32l5xx_s.o
                0x000000000c016de0                RCC_IRQHandler_S
 .text.EXTI0_IRQHandler
                0x000000000c016de2        0x2 CMakeFiles/tfm_s.dir/__/platform/ext/target/stm/common/stm32l5xx/Device/Source/startup_stm32l5xx_s.o
                0x000000000c016de2                EXTI0_IRQHandler
 .text.EXTI1_IRQHandler
                0x000000000c016de4        0x2 CMakeFiles/tfm_s.dir/__/platform/ext/target/stm/common/stm32l5xx/Device/Source/startup_stm32l5xx_s.o
                0x000000000c016de4                EXTI1_IRQHandler
 .text.EXTI2_IRQHandler
                0x000000000c016de6        0x2 CMakeFiles/tfm_s.dir/__/platform/ext/target/stm/common/stm32l5xx/Device/Source/startup_stm32l5xx_s.o
                0x000000000c016de6                EXTI2_IRQHandler
 .text.EXTI3_IRQHandler
                0x000000000c016de8        0x2 CMakeFiles/tfm_s.dir/__/platform/ext/target/stm/common/stm32l5xx/Device/Source/startup_stm32l5xx_s.o
                0x000000000c016de8                EXTI3_IRQHandler
 .text.EXTI4_IRQHandler
                0x000000000c016dea        0x2 CMakeFiles/tfm_s.dir/__/platform/ext/target/stm/common/stm32l5xx/Device/Source/startup_stm32l5xx_s.o
                0x000000000c016dea                EXTI4_IRQHandler
 .text.EXTI5_IRQHandler
                0x000000000c016dec        0x2 CMakeFiles/tfm_s.dir/__/platform/ext/target/stm/common/stm32l5xx/Device/Source/startup_stm32l5xx_s.o
                0x000000000c016dec                EXTI5_IRQHandler
 .text.EXTI6_IRQHandler
                0x000000000c016dee        0x2 CMakeFiles/tfm_s.dir/__/platform/ext/target/stm/common/stm32l5xx/Device/Source/startup_stm32l5xx_s.o
                0x000000000c016dee                EXTI6_IRQHandler
 .text.EXTI7_IRQHandler
                0x000000000c016df0        0x2 CMakeFiles/tfm_s.dir/__/platform/ext/target/stm/common/stm32l5xx/Device/Source/startup_stm32l5xx_s.o
                0x000000000c016df0                EXTI7_IRQHandler
 .text.EXTI8_IRQHandler
                0x000000000c016df2        0x2 CMakeFiles/tfm_s.dir/__/platform/ext/target/stm/common/stm32l5xx/Device/Source/startup_stm32l5xx_s.o
                0x000000000c016df2                EXTI8_IRQHandler
 .text.EXTI9_IRQHandler
                0x000000000c016df4        0x2 CMakeFiles/tfm_s.dir/__/platform/ext/target/stm/common/stm32l5xx/Device/Source/startup_stm32l5xx_s.o
                0x000000000c016df4                EXTI9_IRQHandler
 .text.EXTI10_IRQHandler
                0x000000000c016df6        0x2 CMakeFiles/tfm_s.dir/__/platform/ext/target/stm/common/stm32l5xx/Device/Source/startup_stm32l5xx_s.o
                0x000000000c016df6                EXTI10_IRQHandler
 .text.EXTI11_IRQHandler
                0x000000000c016df8        0x2 CMakeFiles/tfm_s.dir/__/platform/ext/target/stm/common/stm32l5xx/Device/Source/startup_stm32l5xx_s.o
                0x000000000c016df8                EXTI11_IRQHandler
 .text.EXTI12_IRQHandler
                0x000000000c016dfa        0x2 CMakeFiles/tfm_s.dir/__/platform/ext/target/stm/common/stm32l5xx/Device/Source/startup_stm32l5xx_s.o
                0x000000000c016dfa                EXTI12_IRQHandler
 .text.EXTI13_IRQHandler
                0x000000000c016dfc        0x2 CMakeFiles/tfm_s.dir/__/platform/ext/target/stm/common/stm32l5xx/Device/Source/startup_stm32l5xx_s.o
                0x000000000c016dfc                EXTI13_IRQHandler
 .text.EXTI14_IRQHandler
                0x000000000c016dfe        0x2 CMakeFiles/tfm_s.dir/__/platform/ext/target/stm/common/stm32l5xx/Device/Source/startup_stm32l5xx_s.o
                0x000000000c016dfe                EXTI14_IRQHandler
 .text.EXTI15_IRQHandler
                0x000000000c016e00        0x2 CMakeFiles/tfm_s.dir/__/platform/ext/target/stm/common/stm32l5xx/Device/Source/startup_stm32l5xx_s.o
                0x000000000c016e00                EXTI15_IRQHandler
 .text.DMAMUX1_IRQHandler
                0x000000000c016e02        0x2 CMakeFiles/tfm_s.dir/__/platform/ext/target/stm/common/stm32l5xx/Device/Source/startup_stm32l5xx_s.o
                0x000000000c016e02                DMAMUX1_IRQHandler
 .text.DMAMUX1_IRQHandler_S
                0x000000000c016e04        0x2 CMakeFiles/tfm_s.dir/__/platform/ext/target/stm/common/stm32l5xx/Device/Source/startup_stm32l5xx_s.o
                0x000000000c016e04                DMAMUX1_IRQHandler_S
 .text.DMA1_Channel1_IRQHandler
                0x000000000c016e06        0x2 CMakeFiles/tfm_s.dir/__/platform/ext/target/stm/common/stm32l5xx/Device/Source/startup_stm32l5xx_s.o
                0x000000000c016e06                DMA1_Channel1_IRQHandler
 .text.DMA1_Channel2_IRQHandler
                0x000000000c016e08        0x2 CMakeFiles/tfm_s.dir/__/platform/ext/target/stm/common/stm32l5xx/Device/Source/startup_stm32l5xx_s.o
                0x000000000c016e08                DMA1_Channel2_IRQHandler
 .text.DMA1_Channel3_IRQHandler
                0x000000000c016e0a        0x2 CMakeFiles/tfm_s.dir/__/platform/ext/target/stm/common/stm32l5xx/Device/Source/startup_stm32l5xx_s.o
                0x000000000c016e0a                DMA1_Channel3_IRQHandler
 .text.DMA1_Channel4_IRQHandler
                0x000000000c016e0c        0x2 CMakeFiles/tfm_s.dir/__/platform/ext/target/stm/common/stm32l5xx/Device/Source/startup_stm32l5xx_s.o
                0x000000000c016e0c                DMA1_Channel4_IRQHandler
 .text.DMA1_Channel5_IRQHandler
                0x000000000c016e0e        0x2 CMakeFiles/tfm_s.dir/__/platform/ext/target/stm/common/stm32l5xx/Device/Source/startup_stm32l5xx_s.o
                0x000000000c016e0e                DMA1_Channel5_IRQHandler
 .text.DMA1_Channel6_IRQHandler
                0x000000000c016e10        0x2 CMakeFiles/tfm_s.dir/__/platform/ext/target/stm/common/stm32l5xx/Device/Source/startup_stm32l5xx_s.o
                0x000000000c016e10                DMA1_Channel6_IRQHandler
 .text.DMA1_Channel7_IRQHandler
                0x000000000c016e12        0x2 CMakeFiles/tfm_s.dir/__/platform/ext/target/stm/common/stm32l5xx/Device/Source/startup_stm32l5xx_s.o
                0x000000000c016e12                DMA1_Channel7_IRQHandler
 .text.DMA1_Channel8_IRQHandler
                0x000000000c016e14        0x2 CMakeFiles/tfm_s.dir/__/platform/ext/target/stm/common/stm32l5xx/Device/Source/startup_stm32l5xx_s.o
                0x000000000c016e14                DMA1_Channel8_IRQHandler
 .text.ADC1_2_IRQHandler
                0x000000000c016e16        0x2 CMakeFiles/tfm_s.dir/__/platform/ext/target/stm/common/stm32l5xx/Device/Source/startup_stm32l5xx_s.o
                0x000000000c016e16                ADC1_2_IRQHandler
 .text.DAC_IRQHandler
                0x000000000c016e18        0x2 CMakeFiles/tfm_s.dir/__/platform/ext/target/stm/common/stm32l5xx/Device/Source/startup_stm32l5xx_s.o
                0x000000000c016e18                DAC_IRQHandler
 .text.FDCAN1_IT0_IRQHandler
                0x000000000c016e1a        0x2 CMakeFiles/tfm_s.dir/__/platform/ext/target/stm/common/stm32l5xx/Device/Source/startup_stm32l5xx_s.o
                0x000000000c016e1a                FDCAN1_IT0_IRQHandler
 .text.FDCAN1_IT1_IRQHandler
                0x000000000c016e1c        0x2 CMakeFiles/tfm_s.dir/__/platform/ext/target/stm/common/stm32l5xx/Device/Source/startup_stm32l5xx_s.o
                0x000000000c016e1c                FDCAN1_IT1_IRQHandler
 .text.TIM1_BRK_IRQHandler
                0x000000000c016e1e        0x2 CMakeFiles/tfm_s.dir/__/platform/ext/target/stm/common/stm32l5xx/Device/Source/startup_stm32l5xx_s.o
                0x000000000c016e1e                TIM1_BRK_IRQHandler
 .text.TIM1_UP_IRQHandler
                0x000000000c016e20        0x2 CMakeFiles/tfm_s.dir/__/platform/ext/target/stm/common/stm32l5xx/Device/Source/startup_stm32l5xx_s.o
                0x000000000c016e20                TIM1_UP_IRQHandler
 .text.TIM1_TRG_COM_IRQHandler
                0x000000000c016e22        0x2 CMakeFiles/tfm_s.dir/__/platform/ext/target/stm/common/stm32l5xx/Device/Source/startup_stm32l5xx_s.o
                0x000000000c016e22                TIM1_TRG_COM_IRQHandler
 .text.TIM1_CC_IRQHandler
                0x000000000c016e24        0x2 CMakeFiles/tfm_s.dir/__/platform/ext/target/stm/common/stm32l5xx/Device/Source/startup_stm32l5xx_s.o
                0x000000000c016e24                TIM1_CC_IRQHandler
 .text.TIM2_IRQHandler
                0x000000000c016e26        0x2 CMakeFiles/tfm_s.dir/__/platform/ext/target/stm/common/stm32l5xx/Device/Source/startup_stm32l5xx_s.o
                0x000000000c016e26                TIM2_IRQHandler
 .text.TIM3_IRQHandler
                0x000000000c016e28        0x2 CMakeFiles/tfm_s.dir/__/platform/ext/target/stm/common/stm32l5xx/Device/Source/startup_stm32l5xx_s.o
                0x000000000c016e28                TIM3_IRQHandler
 .text.TIM4_IRQHandler
                0x000000000c016e2a        0x2 CMakeFiles/tfm_s.dir/__/platform/ext/target/stm/common/stm32l5xx/Device/Source/startup_stm32l5xx_s.o
                0x000000000c016e2a                TIM4_IRQHandler
 .text.TIM5_IRQHandler
                0x000000000c016e2c        0x2 CMakeFiles/tfm_s.dir/__/platform/ext/target/stm/common/stm32l5xx/Device/Source/startup_stm32l5xx_s.o
                0x000000000c016e2c                TIM5_IRQHandler
 .text.TIM6_IRQHandler
                0x000000000c016e2e        0x2 CMakeFiles/tfm_s.dir/__/platform/ext/target/stm/common/stm32l5xx/Device/Source/startup_stm32l5xx_s.o
                0x000000000c016e2e                TIM6_IRQHandler
 .text.TIM7_IRQHandler
                0x000000000c016e30        0x2 CMakeFiles/tfm_s.dir/__/platform/ext/target/stm/common/stm32l5xx/Device/Source/startup_stm32l5xx_s.o
                0x000000000c016e30                TIM7_IRQHandler
 .text.TIM8_BRK_IRQHandler
                0x000000000c016e32        0x2 CMakeFiles/tfm_s.dir/__/platform/ext/target/stm/common/stm32l5xx/Device/Source/startup_stm32l5xx_s.o
                0x000000000c016e32                TIM8_BRK_IRQHandler
 .text.TIM8_UP_IRQHandler
                0x000000000c016e34        0x2 CMakeFiles/tfm_s.dir/__/platform/ext/target/stm/common/stm32l5xx/Device/Source/startup_stm32l5xx_s.o
                0x000000000c016e34                TIM8_UP_IRQHandler
 .text.TIM8_TRG_COM_IRQHandler
                0x000000000c016e36        0x2 CMakeFiles/tfm_s.dir/__/platform/ext/target/stm/common/stm32l5xx/Device/Source/startup_stm32l5xx_s.o
                0x000000000c016e36                TIM8_TRG_COM_IRQHandler
 .text.TIM8_CC_IRQHandler
                0x000000000c016e38        0x2 CMakeFiles/tfm_s.dir/__/platform/ext/target/stm/common/stm32l5xx/Device/Source/startup_stm32l5xx_s.o
                0x000000000c016e38                TIM8_CC_IRQHandler
 .text.I2C1_EV_IRQHandler
                0x000000000c016e3a        0x2 CMakeFiles/tfm_s.dir/__/platform/ext/target/stm/common/stm32l5xx/Device/Source/startup_stm32l5xx_s.o
                0x000000000c016e3a                I2C1_EV_IRQHandler
 .text.I2C1_ER_IRQHandler
                0x000000000c016e3c        0x2 CMakeFiles/tfm_s.dir/__/platform/ext/target/stm/common/stm32l5xx/Device/Source/startup_stm32l5xx_s.o
                0x000000000c016e3c                I2C1_ER_IRQHandler
 .text.I2C2_EV_IRQHandler
                0x000000000c016e3e        0x2 CMakeFiles/tfm_s.dir/__/platform/ext/target/stm/common/stm32l5xx/Device/Source/startup_stm32l5xx_s.o
                0x000000000c016e3e                I2C2_EV_IRQHandler
 .text.I2C2_ER_IRQHandler
                0x000000000c016e40        0x2 CMakeFiles/tfm_s.dir/__/platform/ext/target/stm/common/stm32l5xx/Device/Source/startup_stm32l5xx_s.o
                0x000000000c016e40                I2C2_ER_IRQHandler
 .text.SPI1_IRQHandler
                0x000000000c016e42        0x2 CMakeFiles/tfm_s.dir/__/platform/ext/target/stm/common/stm32l5xx/Device/Source/startup_stm32l5xx_s.o
                0x000000000c016e42                SPI1_IRQHandler
 .text.SPI2_IRQHandler
                0x000000000c016e44        0x2 CMakeFiles/tfm_s.dir/__/platform/ext/target/stm/common/stm32l5xx/Device/Source/startup_stm32l5xx_s.o
                0x000000000c016e44                SPI2_IRQHandler
 .text.USART1_IRQHandler
                0x000000000c016e46        0x2 CMakeFiles/tfm_s.dir/__/platform/ext/target/stm/common/stm32l5xx/Device/Source/startup_stm32l5xx_s.o
                0x000000000c016e46                USART1_IRQHandler
 .text.USART2_IRQHandler
                0x000000000c016e48        0x2 CMakeFiles/tfm_s.dir/__/platform/ext/target/stm/common/stm32l5xx/Device/Source/startup_stm32l5xx_s.o
                0x000000000c016e48                USART2_IRQHandler
 .text.USART3_IRQHandler
                0x000000000c016e4a        0x2 CMakeFiles/tfm_s.dir/__/platform/ext/target/stm/common/stm32l5xx/Device/Source/startup_stm32l5xx_s.o
                0x000000000c016e4a                USART3_IRQHandler
 .text.UART4_IRQHandler
                0x000000000c016e4c        0x2 CMakeFiles/tfm_s.dir/__/platform/ext/target/stm/common/stm32l5xx/Device/Source/startup_stm32l5xx_s.o
                0x000000000c016e4c                UART4_IRQHandler
 .text.UART5_IRQHandler
                0x000000000c016e4e        0x2 CMakeFiles/tfm_s.dir/__/platform/ext/target/stm/common/stm32l5xx/Device/Source/startup_stm32l5xx_s.o
                0x000000000c016e4e                UART5_IRQHandler
 .text.LPUART1_IRQHandler
                0x000000000c016e50        0x2 CMakeFiles/tfm_s.dir/__/platform/ext/target/stm/common/stm32l5xx/Device/Source/startup_stm32l5xx_s.o
                0x000000000c016e50                LPUART1_IRQHandler
 .text.LPTIM1_IRQHandler
                0x000000000c016e52        0x2 CMakeFiles/tfm_s.dir/__/platform/ext/target/stm/common/stm32l5xx/Device/Source/startup_stm32l5xx_s.o
                0x000000000c016e52                LPTIM1_IRQHandler
 .text.LPTIM2_IRQHandler
                0x000000000c016e54        0x2 CMakeFiles/tfm_s.dir/__/platform/ext/target/stm/common/stm32l5xx/Device/Source/startup_stm32l5xx_s.o
                0x000000000c016e54                LPTIM2_IRQHandler
 .text.TIM15_IRQHandler
                0x000000000c016e56        0x2 CMakeFiles/tfm_s.dir/__/platform/ext/target/stm/common/stm32l5xx/Device/Source/startup_stm32l5xx_s.o
                0x000000000c016e56                TIM15_IRQHandler
 .text.TIM16_IRQHandler
                0x000000000c016e58        0x2 CMakeFiles/tfm_s.dir/__/platform/ext/target/stm/common/stm32l5xx/Device/Source/startup_stm32l5xx_s.o
                0x000000000c016e58                TIM16_IRQHandler
 .text.TIM17_IRQHandler
                0x000000000c016e5a        0x2 CMakeFiles/tfm_s.dir/__/platform/ext/target/stm/common/stm32l5xx/Device/Source/startup_stm32l5xx_s.o
                0x000000000c016e5a                TIM17_IRQHandler
 .text.COMP_IRQHandler
                0x000000000c016e5c        0x2 CMakeFiles/tfm_s.dir/__/platform/ext/target/stm/common/stm32l5xx/Device/Source/startup_stm32l5xx_s.o
                0x000000000c016e5c                COMP_IRQHandler
 .text.USB_FS_IRQHandler
                0x000000000c016e5e        0x2 CMakeFiles/tfm_s.dir/__/platform/ext/target/stm/common/stm32l5xx/Device/Source/startup_stm32l5xx_s.o
                0x000000000c016e5e                USB_FS_IRQHandler
 .text.CRS_IRQHandler
                0x000000000c016e60        0x2 CMakeFiles/tfm_s.dir/__/platform/ext/target/stm/common/stm32l5xx/Device/Source/startup_stm32l5xx_s.o
                0x000000000c016e60                CRS_IRQHandler
 .text.FMC_IRQHandler
                0x000000000c016e62        0x2 CMakeFiles/tfm_s.dir/__/platform/ext/target/stm/common/stm32l5xx/Device/Source/startup_stm32l5xx_s.o
                0x000000000c016e62                FMC_IRQHandler
 .text.OCTOSPI1_IRQHandler
                0x000000000c016e64        0x2 CMakeFiles/tfm_s.dir/__/platform/ext/target/stm/common/stm32l5xx/Device/Source/startup_stm32l5xx_s.o
                0x000000000c016e64                OCTOSPI1_IRQHandler
 .text.SDMMC1_IRQHandler
                0x000000000c016e66        0x2 CMakeFiles/tfm_s.dir/__/platform/ext/target/stm/common/stm32l5xx/Device/Source/startup_stm32l5xx_s.o
                0x000000000c016e66                SDMMC1_IRQHandler
 .text.DMA2_Channel1_IRQHandler
                0x000000000c016e68        0x2 CMakeFiles/tfm_s.dir/__/platform/ext/target/stm/common/stm32l5xx/Device/Source/startup_stm32l5xx_s.o
                0x000000000c016e68                DMA2_Channel1_IRQHandler
 .text.DMA2_Channel2_IRQHandler
                0x000000000c016e6a        0x2 CMakeFiles/tfm_s.dir/__/platform/ext/target/stm/common/stm32l5xx/Device/Source/startup_stm32l5xx_s.o
                0x000000000c016e6a                DMA2_Channel2_IRQHandler
 .text.DMA2_Channel3_IRQHandler
                0x000000000c016e6c        0x2 CMakeFiles/tfm_s.dir/__/platform/ext/target/stm/common/stm32l5xx/Device/Source/startup_stm32l5xx_s.o
                0x000000000c016e6c                DMA2_Channel3_IRQHandler
 .text.DMA2_Channel4_IRQHandler
                0x000000000c016e6e        0x2 CMakeFiles/tfm_s.dir/__/platform/ext/target/stm/common/stm32l5xx/Device/Source/startup_stm32l5xx_s.o
                0x000000000c016e6e                DMA2_Channel4_IRQHandler
 .text.DMA2_Channel5_IRQHandler
                0x000000000c016e70        0x2 CMakeFiles/tfm_s.dir/__/platform/ext/target/stm/common/stm32l5xx/Device/Source/startup_stm32l5xx_s.o
                0x000000000c016e70                DMA2_Channel5_IRQHandler
 .text.DMA2_Channel6_IRQHandler
                0x000000000c016e72        0x2 CMakeFiles/tfm_s.dir/__/platform/ext/target/stm/common/stm32l5xx/Device/Source/startup_stm32l5xx_s.o
                0x000000000c016e72                DMA2_Channel6_IRQHandler
 .text.DMA2_Channel7_IRQHandler
                0x000000000c016e74        0x2 CMakeFiles/tfm_s.dir/__/platform/ext/target/stm/common/stm32l5xx/Device/Source/startup_stm32l5xx_s.o
                0x000000000c016e74                DMA2_Channel7_IRQHandler
 .text.DMA2_Channel8_IRQHandler
                0x000000000c016e76        0x2 CMakeFiles/tfm_s.dir/__/platform/ext/target/stm/common/stm32l5xx/Device/Source/startup_stm32l5xx_s.o
                0x000000000c016e76                DMA2_Channel8_IRQHandler
 .text.I2C3_EV_IRQHandler
                0x000000000c016e78        0x2 CMakeFiles/tfm_s.dir/__/platform/ext/target/stm/common/stm32l5xx/Device/Source/startup_stm32l5xx_s.o
                0x000000000c016e78                I2C3_EV_IRQHandler
 .text.I2C3_ER_IRQHandler
                0x000000000c016e7a        0x2 CMakeFiles/tfm_s.dir/__/platform/ext/target/stm/common/stm32l5xx/Device/Source/startup_stm32l5xx_s.o
                0x000000000c016e7a                I2C3_ER_IRQHandler
 .text.SAI1_IRQHandler
                0x000000000c016e7c        0x2 CMakeFiles/tfm_s.dir/__/platform/ext/target/stm/common/stm32l5xx/Device/Source/startup_stm32l5xx_s.o
                0x000000000c016e7c                SAI1_IRQHandler
 .text.SAI2_IRQHandler
                0x000000000c016e7e        0x2 CMakeFiles/tfm_s.dir/__/platform/ext/target/stm/common/stm32l5xx/Device/Source/startup_stm32l5xx_s.o
                0x000000000c016e7e                SAI2_IRQHandler
 .text.TSC_IRQHandler
                0x000000000c016e80        0x2 CMakeFiles/tfm_s.dir/__/platform/ext/target/stm/common/stm32l5xx/Device/Source/startup_stm32l5xx_s.o
                0x000000000c016e80                TSC_IRQHandler
 .text.RNG_IRQHandler
                0x000000000c016e82        0x2 CMakeFiles/tfm_s.dir/__/platform/ext/target/stm/common/stm32l5xx/Device/Source/startup_stm32l5xx_s.o
                0x000000000c016e82                RNG_IRQHandler
 .text.FPU_IRQHandler
                0x000000000c016e84        0x2 CMakeFiles/tfm_s.dir/__/platform/ext/target/stm/common/stm32l5xx/Device/Source/startup_stm32l5xx_s.o
                0x000000000c016e84                FPU_IRQHandler
 .text.HASH_IRQHandler
                0x000000000c016e86        0x2 CMakeFiles/tfm_s.dir/__/platform/ext/target/stm/common/stm32l5xx/Device/Source/startup_stm32l5xx_s.o
                0x000000000c016e86                HASH_IRQHandler
 .text.LPTIM3_IRQHandler
                0x000000000c016e88        0x2 CMakeFiles/tfm_s.dir/__/platform/ext/target/stm/common/stm32l5xx/Device/Source/startup_stm32l5xx_s.o
                0x000000000c016e88                LPTIM3_IRQHandler
 .text.SPI3_IRQHandler
                0x000000000c016e8a        0x2 CMakeFiles/tfm_s.dir/__/platform/ext/target/stm/common/stm32l5xx/Device/Source/startup_stm32l5xx_s.o
                0x000000000c016e8a                SPI3_IRQHandler
 .text.I2C4_ER_IRQHandler
                0x000000000c016e8c        0x2 CMakeFiles/tfm_s.dir/__/platform/ext/target/stm/common/stm32l5xx/Device/Source/startup_stm32l5xx_s.o
                0x000000000c016e8c                I2C4_ER_IRQHandler
 .text.I2C4_EV_IRQHandler
                0x000000000c016e8e        0x2 CMakeFiles/tfm_s.dir/__/platform/ext/target/stm/common/stm32l5xx/Device/Source/startup_stm32l5xx_s.o
                0x000000000c016e8e                I2C4_EV_IRQHandler
 .text.DFSDM1_FLT0_IRQHandler
                0x000000000c016e90        0x2 CMakeFiles/tfm_s.dir/__/platform/ext/target/stm/common/stm32l5xx/Device/Source/startup_stm32l5xx_s.o
                0x000000000c016e90                DFSDM1_FLT0_IRQHandler
 .text.DFSDM1_FLT1_IRQHandler
                0x000000000c016e92        0x2 CMakeFiles/tfm_s.dir/__/platform/ext/target/stm/common/stm32l5xx/Device/Source/startup_stm32l5xx_s.o
                0x000000000c016e92                DFSDM1_FLT1_IRQHandler
 .text.DFSDM1_FLT2_IRQHandler
                0x000000000c016e94        0x2 CMakeFiles/tfm_s.dir/__/platform/ext/target/stm/common/stm32l5xx/Device/Source/startup_stm32l5xx_s.o
                0x000000000c016e94                DFSDM1_FLT2_IRQHandler
 .text.DFSDM1_FLT3_IRQHandler
                0x000000000c016e96        0x2 CMakeFiles/tfm_s.dir/__/platform/ext/target/stm/common/stm32l5xx/Device/Source/startup_stm32l5xx_s.o
                0x000000000c016e96                DFSDM1_FLT3_IRQHandler
 .text.UCPD1_IRQHandler
                0x000000000c016e98        0x2 CMakeFiles/tfm_s.dir/__/platform/ext/target/stm/common/stm32l5xx/Device/Source/startup_stm32l5xx_s.o
                0x000000000c016e98                UCPD1_IRQHandler
 .text.ICACHE_IRQHandler
                0x000000000c016e9a        0x2 CMakeFiles/tfm_s.dir/__/platform/ext/target/stm/common/stm32l5xx/Device/Source/startup_stm32l5xx_s.o
                0x000000000c016e9a                ICACHE_IRQHandler
 .text.OTFDEC1_IRQHandler
                0x000000000c016e9c        0x2 CMakeFiles/tfm_s.dir/__/platform/ext/target/stm/common/stm32l5xx/Device/Source/startup_stm32l5xx_s.o
                0x000000000c016e9c                OTFDEC1_IRQHandler
 *fill*         0x000000000c016e9e        0x2 
 .text.Reset_Handler
                0x000000000c016ea0       0x94 CMakeFiles/tfm_s.dir/__/platform/ext/target/stm/common/stm32l5xx/Device/Source/startup_stm32l5xx_s.o
                0x000000000c016ea0                Reset_Handler
 *libplatform_s*:*(.text*)
 .text.SystemInit
                0x000000000c016f34       0x10 ../platform/libplatform_s.a(system_stm32l5xx.o)
                0x000000000c016f34                SystemInit
 .text.RCCEx_PLLSAI1_Config
                0x000000000c016f44      0x108 ../platform/libplatform_s.a(stm32l5xx_hal_rcc_ex.o)
 .text.RCCEx_PLLSAI2_Config.constprop.0
                0x000000000c01704c       0xb8 ../platform/libplatform_s.a(stm32l5xx_hal_rcc_ex.o)
 .text.HAL_RCCEx_PeriphCLKConfig
                0x000000000c017104      0x4a4 ../platform/libplatform_s.a(stm32l5xx_hal_rcc_ex.o)
                0x000000000c017104                HAL_RCCEx_PeriphCLKConfig
 .text.HAL_RNG_MspInit
                0x000000000c0175a8        0x2 ../platform/libplatform_s.a(stm32l5xx_hal_rng.o)
                0x000000000c0175a8                HAL_RNG_MspInit
 *fill*         0x000000000c0175aa        0x2 
 .text.HAL_RNG_Init
                0x000000000c0175ac       0xc4 ../platform/libplatform_s.a(stm32l5xx_hal_rng.o)
                0x000000000c0175ac                HAL_RNG_Init
 .text.HAL_RNG_ErrorCallback
                0x000000000c017670        0x2 ../platform/libplatform_s.a(stm32l5xx_hal_rng.o)
                0x000000000c017670                HAL_RNG_ErrorCallback
 .text.RNG_RecoverSeedError
                0x000000000c017672       0x84 ../platform/libplatform_s.a(stm32l5xx_hal_rng.o)
                0x000000000c017672                RNG_RecoverSeedError
 .text.HAL_RNG_GenerateRandomNumber
                0x000000000c0176f6       0x8e ../platform/libplatform_s.a(stm32l5xx_hal_rng.o)
                0x000000000c0176f6                HAL_RNG_GenerateRandomNumber
 .text.HAL_PWREx_EnableVddIO2
                0x000000000c017784       0x10 ../platform/libplatform_s.a(stm32l5xx_hal_pwr_ex.o)
                0x000000000c017784                HAL_PWREx_EnableVddIO2
 .text.HAL_GPIO_Init
                0x000000000c017794      0x190 ../platform/libplatform_s.a(stm32l5xx_hal_gpio.o)
                0x000000000c017794                HAL_GPIO_Init
 .text.HAL_RCC_GetSysClockFreq
                0x000000000c017924       0xa8 ../platform/libplatform_s.a(stm32l5xx_hal_rcc.o)
                0x000000000c017924                HAL_RCC_GetSysClockFreq
 .text.HAL_RCC_GetHCLKFreq
                0x000000000c0179cc       0x20 ../platform/libplatform_s.a(stm32l5xx_hal_rcc.o)
                0x000000000c0179cc                HAL_RCC_GetHCLKFreq
 .text.HAL_RCC_GetPCLK1Freq
                0x000000000c0179ec       0x20 ../platform/libplatform_s.a(stm32l5xx_hal_rcc.o)
                0x000000000c0179ec                HAL_RCC_GetPCLK1Freq
 .text.HAL_RCC_GetPCLK2Freq
                0x000000000c017a0c       0x20 ../platform/libplatform_s.a(stm32l5xx_hal_rcc.o)
                0x000000000c017a0c                HAL_RCC_GetPCLK2Freq
 .text.mpu_armv8m_enable
                0x000000000c017a2c       0x30 ../platform/libplatform_s.a(mpu_armv8m_drv.o)
                0x000000000c017a2c                mpu_armv8m_enable
 .text.mpu_armv8m_region_enable
                0x000000000c017a5c       0x5a ../platform/libplatform_s.a(mpu_armv8m_drv.o)
                0x000000000c017a5c                mpu_armv8m_region_enable
 .text.mpu_armv8m_region_disable
                0x000000000c017ab6       0x14 ../platform/libplatform_s.a(mpu_armv8m_drv.o)
                0x000000000c017ab6                mpu_armv8m_region_disable
 .text.mpu_armv8m_clean
                0x000000000c017aca       0x1e ../platform/libplatform_s.a(mpu_armv8m_drv.o)
                0x000000000c017aca                mpu_armv8m_clean
 .text.memcpy_flash
                0x000000000c017ae8       0x32 ../platform/libplatform_s.a(low_level_flash.o)
 *fill*         0x000000000c017b1a        0x2 
 .text.Flash_GetVersion
                0x000000000c017b1c       0x20 ../platform/libplatform_s.a(low_level_flash.o)
 .text.Flash_GetCapabilities
                0x000000000c017b3c        0x4 ../platform/libplatform_s.a(low_level_flash.o)
 .text.Flash_Uninitialize
                0x000000000c017b40        0x4 ../platform/libplatform_s.a(low_level_flash.o)
 .text.Flash_PowerControl
                0x000000000c017b44       0x16 ../platform/libplatform_s.a(low_level_flash.o)
 .text.Flash_EraseChip
                0x000000000c017b5a        0x6 ../platform/libplatform_s.a(low_level_flash.o)
 .text.Flash_GetStatus
                0x000000000c017b60        0xc ../platform/libplatform_s.a(low_level_flash.o)
 .text.Flash_GetInfo
                0x000000000c017b6c        0xc ../platform/libplatform_s.a(low_level_flash.o)
 .text.Flash_Initialize
                0x000000000c017b78        0xe ../platform/libplatform_s.a(low_level_flash.o)
 *fill*         0x000000000c017b86        0x2 
 .text.is_range_secure.constprop.0
                0x000000000c017b88       0x38 ../platform/libplatform_s.a(low_level_flash.o)
 .text.Flash_ReadData
                0x000000000c017bc0       0x94 ../platform/libplatform_s.a(low_level_flash.o)
 .text.Flash_ProgramData
                0x000000000c017c54      0x100 ../platform/libplatform_s.a(low_level_flash.o)
 .text.Flash_EraseSector
                0x000000000c017d54       0xc4 ../platform/libplatform_s.a(low_level_flash.o)
 .text.NMI_Handler
                0x000000000c017e18       0x68 ../platform/libplatform_s.a(low_level_flash.o)
                0x000000000c017e18                NMI_Handler
 .text.FLASH_Program_DoubleWord
                0x000000000c017e80       0x3c ../platform/libplatform_s.a(stm32l5xx_hal_flash.o)
 .text.HAL_FLASH_Unlock
                0x000000000c017ebc       0x40 ../platform/libplatform_s.a(stm32l5xx_hal_flash.o)
                0x000000000c017ebc                HAL_FLASH_Unlock
 .text.HAL_FLASH_Lock
                0x000000000c017efc       0x28 ../platform/libplatform_s.a(stm32l5xx_hal_flash.o)
                0x000000000c017efc                HAL_FLASH_Lock
 .text.FLASH_WaitForLastOperation
                0x000000000c017f24       0x78 ../platform/libplatform_s.a(stm32l5xx_hal_flash.o)
                0x000000000c017f24                FLASH_WaitForLastOperation
 .text.HAL_FLASH_Program
                0x000000000c017f9c       0x6c ../platform/libplatform_s.a(stm32l5xx_hal_flash.o)
                0x000000000c017f9c                HAL_FLASH_Program
 .text.FLASH_MassErase
                0x000000000c018008       0x64 ../platform/libplatform_s.a(stm32l5xx_hal_flash_ex.o)
 .text.FLASH_PageErase
                0x000000000c01806c       0x64 ../platform/libplatform_s.a(stm32l5xx_hal_flash_ex.o)
                0x000000000c01806c                FLASH_PageErase
 .text.HAL_FLASHEx_Erase
                0x000000000c0180d0       0xac ../platform/libplatform_s.a(stm32l5xx_hal_flash_ex.o)
                0x000000000c0180d0                HAL_FLASHEx_Erase
 .text.HAL_GTZC_TZSC_ConfigPeriphAttributes
                0x000000000c01817c       0xe4 ../platform/libplatform_s.a(stm32l5xx_hal_gtzc.o)
                0x000000000c01817c                HAL_GTZC_TZSC_ConfigPeriphAttributes
 .text.HAL_GTZC_MPCBB_ConfigMem
                0x000000000c018260       0x84 ../platform/libplatform_s.a(stm32l5xx_hal_gtzc.o)
                0x000000000c018260                HAL_GTZC_MPCBB_ConfigMem
 .text.HAL_GTZC_MPCBB_GetConfigMem
                0x000000000c0182e4       0x68 ../platform/libplatform_s.a(stm32l5xx_hal_gtzc.o)
                0x000000000c0182e4                HAL_GTZC_MPCBB_GetConfigMem
 .text.HAL_GTZC_TZIC_EnableIT
                0x000000000c01834c       0x50 ../platform/libplatform_s.a(stm32l5xx_hal_gtzc.o)
                0x000000000c01834c                HAL_GTZC_TZIC_EnableIT
 .text.tfm_hal_its_fs_info
                0x000000000c01839c       0x1c ../platform/libplatform_s.a(tfm_hal_its.o)
                0x000000000c01839c                tfm_hal_its_fs_info
 .text.tfm_hal_system_halt
                0x000000000c0183b8        0x6 ../platform/libplatform_s.a(tfm_hal_reset_halt.o)
                0x000000000c0183b8                tfm_hal_system_halt
 *fill*         0x000000000c0183be        0x2 
 .text.stdio_output_string
                0x000000000c0183c0       0x28 ../platform/libplatform_s.a(uart_stdout.o)
                0x000000000c0183c0                stdio_output_string
 .text._write   0x000000000c0183e8        0x8 ../platform/libplatform_s.a(uart_stdout.o)
                0x000000000c0183e8                _write
 .text.stdio_init
                0x000000000c0183f0       0x58 ../platform/libplatform_s.a(uart_stdout.o)
                0x000000000c0183f0                stdio_init
 .text.tfm_hal_output_spm_log
                0x000000000c018448        0x4 ../platform/libplatform_s.a(tfm_hal_spm_logdev_peripheral.o)
                0x000000000c018448                tfm_hal_output_spm_log
 .text.tfm_plat_otp_init
                0x000000000c01844c        0x4 ../platform/libplatform_s.a(otp_flash.o)
                0x000000000c01844c                tfm_plat_otp_init
 .text.tfm_plat_otp_get_size
                0x000000000c018450       0x3e ../platform/libplatform_s.a(otp_flash.o)
                0x000000000c018450                tfm_plat_otp_get_size
 .text.write_to_output
                0x000000000c01848e       0x22 ../platform/libplatform_s.a(otp_flash.o)
 .text.tfm_plat_otp_read
                0x000000000c0184b0       0xee ../platform/libplatform_s.a(otp_flash.o)
                0x000000000c0184b0                tfm_plat_otp_read
 .text.read_from_input
                0x000000000c01859e       0x5e ../platform/libplatform_s.a(otp_flash.o)
 .text.tfm_plat_otp_write
                0x000000000c0185fc       0xee ../platform/libplatform_s.a(otp_flash.o)
                0x000000000c0185fc                tfm_plat_otp_write
 *fill*         0x000000000c0186ea        0x2 
 .text.tfm_plat_provisioning_check_for_dummy_keys
                0x000000000c0186ec       0x64 ../platform/libplatform_s.a(provisioning.o)
                0x000000000c0186ec                tfm_plat_provisioning_check_for_dummy_keys
 .text.tfm_plat_provisioning_is_required
                0x000000000c018750       0x1e ../platform/libplatform_s.a(provisioning.o)
                0x000000000c018750                tfm_plat_provisioning_is_required
 *fill*         0x000000000c01876e        0x2 
 .text.provision_assembly_and_test
                0x000000000c018770       0x28 ../platform/libplatform_s.a(provisioning.o)
                0x000000000c018770                provision_assembly_and_test
 .text.provision_psa_rot
                0x000000000c018798       0xb0 ../platform/libplatform_s.a(provisioning.o)
                0x000000000c018798                provision_psa_rot
 .text.tfm_plat_provisioning_perform
                0x000000000c018848       0x78 ../platform/libplatform_s.a(provisioning.o)
                0x000000000c018848                tfm_plat_provisioning_perform
 .text.USART_GetVersion
                0x000000000c0188c0       0x20 ../platform/libplatform_s.a(low_level_com.o)
 .text.USART_GetCapabilities
                0x000000000c0188e0        0x4 ../platform/libplatform_s.a(low_level_com.o)
 .text.USART0_Uninitialize
                0x000000000c0188e4        0x4 ../platform/libplatform_s.a(low_level_com.o)
 .text.USART0_PowerControl
                0x000000000c0188e8        0x4 ../platform/libplatform_s.a(low_level_com.o)
 .text.USART0_Transfer
                0x000000000c0188ec        0x6 ../platform/libplatform_s.a(low_level_com.o)
 .text.USART0_GetTxCount
                0x000000000c0188f2        0x4 ../platform/libplatform_s.a(low_level_com.o)
 .text.USART0_Control
                0x000000000c0188f6        0x4 ../platform/libplatform_s.a(low_level_com.o)
 .text.USART0_GetStatus
                0x000000000c0188fa        0xc ../platform/libplatform_s.a(low_level_com.o)
 .text.USART0_SetModemControl
                0x000000000c018906        0x6 ../platform/libplatform_s.a(low_level_com.o)
 .text.USART0_GetModemStatus
                0x000000000c01890c        0xc ../platform/libplatform_s.a(low_level_com.o)
 .text.USART0_Receive
                0x000000000c018918       0x20 ../platform/libplatform_s.a(low_level_com.o)
 .text.USART0_Send
                0x000000000c018938       0x24 ../platform/libplatform_s.a(low_level_com.o)
 .text.USART0_Initialize
                0x000000000c01895c       0xc4 ../platform/libplatform_s.a(low_level_com.o)
 .text.USART0_GetRxCount
                0x000000000c018a20        0x4 ../platform/libplatform_s.a(low_level_com.o)
 .text.HAL_UART_MspInit
                0x000000000c018a24        0x2 ../platform/libplatform_s.a(stm32l5xx_hal_uart.o)
                0x000000000c018a24                HAL_UART_MspInit
 .text.HAL_UART_RxCpltCallback
                0x000000000c018a26        0x2 ../platform/libplatform_s.a(stm32l5xx_hal_uart.o)
                0x000000000c018a26                HAL_UART_RxCpltCallback
 .text.HAL_UART_ErrorCallback
                0x000000000c018a28        0x2 ../platform/libplatform_s.a(stm32l5xx_hal_uart.o)
                0x000000000c018a28                HAL_UART_ErrorCallback
 .text.HAL_UARTEx_RxEventCallback
                0x000000000c018a2a        0x2 ../platform/libplatform_s.a(stm32l5xx_hal_uart.o)
                0x000000000c018a2a                HAL_UARTEx_RxEventCallback
 .text.UART_RxISR_8BIT
                0x000000000c018a2c       0x7a ../platform/libplatform_s.a(stm32l5xx_hal_uart.o)
 .text.UART_RxISR_16BIT
                0x000000000c018aa6       0x76 ../platform/libplatform_s.a(stm32l5xx_hal_uart.o)
 .text.UART_RxISR_8BIT_FIFOEN
                0x000000000c018b1c      0x138 ../platform/libplatform_s.a(stm32l5xx_hal_uart.o)
 .text.UART_RxISR_16BIT_FIFOEN
                0x000000000c018c54      0x134 ../platform/libplatform_s.a(stm32l5xx_hal_uart.o)
 .text.UART_SetConfig
                0x000000000c018d88      0x2cc ../platform/libplatform_s.a(stm32l5xx_hal_uart.o)
                0x000000000c018d88                UART_SetConfig
 .text.UART_AdvFeatureConfig
                0x000000000c019054       0xaa ../platform/libplatform_s.a(stm32l5xx_hal_uart.o)
                0x000000000c019054                UART_AdvFeatureConfig
 .text.UART_WaitOnFlagUntilTimeout
                0x000000000c0190fe       0x94 ../platform/libplatform_s.a(stm32l5xx_hal_uart.o)
                0x000000000c0190fe                UART_WaitOnFlagUntilTimeout
 .text.HAL_UART_Transmit
                0x000000000c019192       0xb8 ../platform/libplatform_s.a(stm32l5xx_hal_uart.o)
                0x000000000c019192                HAL_UART_Transmit
 .text.UART_CheckIdleState
                0x000000000c01924a       0x68 ../platform/libplatform_s.a(stm32l5xx_hal_uart.o)
                0x000000000c01924a                UART_CheckIdleState
 .text.HAL_UART_Init
                0x000000000c0192b2       0x60 ../platform/libplatform_s.a(stm32l5xx_hal_uart.o)
                0x000000000c0192b2                HAL_UART_Init
 *fill*         0x000000000c019312        0x2 
 .text.UART_Start_Receive_IT
                0x000000000c019314       0xd4 ../platform/libplatform_s.a(stm32l5xx_hal_uart.o)
                0x000000000c019314                UART_Start_Receive_IT
 .text.HAL_UART_Receive_IT
                0x000000000c0193e8       0x4c ../platform/libplatform_s.a(stm32l5xx_hal_uart.o)
                0x000000000c0193e8                HAL_UART_Receive_IT
 .text.erase_flash_region
                0x000000000c019434       0x3c ../platform/libplatform_s.a(flash_otp_nv_counters_backend.o)
 .text.copy_flash_region.constprop.0
                0x000000000c019470       0x70 ../platform/libplatform_s.a(flash_otp_nv_counters_backend.o)
 .text.make_backup
                0x000000000c0194e0       0x22 ../platform/libplatform_s.a(flash_otp_nv_counters_backend.o)
 *fill*         0x000000000c019502        0x2 
 .text.read_otp_nv_counters_flash
                0x000000000c019504       0x78 ../platform/libplatform_s.a(flash_otp_nv_counters_backend.o)
                0x000000000c019504                read_otp_nv_counters_flash
 .text.write_otp_nv_counters_flash
                0x000000000c01957c      0x154 ../platform/libplatform_s.a(flash_otp_nv_counters_backend.o)
                0x000000000c01957c                write_otp_nv_counters_flash
 .text.init_otp_nv_counters_flash
                0x000000000c0196d0      0x160 ../platform/libplatform_s.a(flash_otp_nv_counters_backend.o)
                0x000000000c0196d0                init_otp_nv_counters_flash
 *libtfm_spm*:*(.text*)
 .text.tfm_core_panic
                0x000000000c019830        0x4 spm/libtfm_spm.a(utilities.o)
                0x000000000c019830                tfm_core_panic
 .text.startup.main
                0x000000000c019834       0x74 spm/libtfm_spm.a(main.o)
                0x000000000c019834                main
 .text.tfm_core_svc_handler
                0x000000000c0198a8      0x174 spm/libtfm_spm.a(tfm_core_svcalls_ipc.o)
                0x000000000c0198a8                tfm_core_svc_handler
 .text.tfm_core_handler_mode
                0x000000000c019a1c        0x4 spm/libtfm_spm.a(tfm_core_svcalls_ipc.o)
                0x000000000c019a1c                tfm_core_handler_mode
 .text.thrd_next
                0x000000000c019a20       0x18 spm/libtfm_spm.a(thread.o)
                0x000000000c019a20                thrd_next
 .text.thrd_set_state
                0x000000000c019a38       0x54 spm/libtfm_spm.a(thread.o)
                0x000000000c019a38                thrd_set_state
 .text.thrd_start
                0x000000000c019a8c       0x6c spm/libtfm_spm.a(thread.o)
                0x000000000c019a8c                thrd_start
 .text.thrd_start_scheduler
                0x000000000c019af8       0x1c spm/libtfm_spm.a(thread.o)
                0x000000000c019af8                thrd_start_scheduler
 .text.thrd_set_wait
                0x000000000c019b14       0x48 spm/libtfm_spm.a(thread.o)
                0x000000000c019b14                thrd_set_wait
 .text.thrd_wake_up
                0x000000000c019b5c       0x5c spm/libtfm_spm.a(thread.o)
                0x000000000c019b5c                thrd_wake_up
 .text.PendSV_Handler
                0x000000000c019bb8       0x3a spm/libtfm_spm.a(tfm_arch_v8m_main.o)
                0x000000000c019bb8                PendSV_Handler
 *fill*         0x000000000c019bf2        0x2 
 .text.SVC_Handler
                0x000000000c019bf4       0x54 spm/libtfm_spm.a(tfm_arch_v8m_main.o)
                0x000000000c019bf4                SVC_Handler
 .text.tfm_arch_set_secure_exception_priorities
                0x000000000c019c48       0x28 spm/libtfm_spm.a(tfm_arch_v8m_main.o)
                0x000000000c019c48                tfm_arch_set_secure_exception_priorities
 .text.tfm_arch_config_extensions
                0x000000000c019c70        0x2 spm/libtfm_spm.a(tfm_arch_v8m_main.o)
                0x000000000c019c70                tfm_arch_config_extensions
 *fill*         0x000000000c019c72        0x2 
 .text.ns_agent_tz_main
                0x000000000c019c74       0x34 spm/libtfm_spm.a(ns_agent_tz_v80m.o)
                0x000000000c019c74                ns_agent_tz_main
 .text.tfm_hal_set_up_static_boundaries
                0x000000000c019ca8       0x7c spm/libtfm_spm.a(tfm_hal_isolation.o)
                0x000000000c019ca8                tfm_hal_set_up_static_boundaries
 .text.tfm_hal_bind_boundary
                0x000000000c019d24       0x62 spm/libtfm_spm.a(tfm_hal_isolation.o)
                0x000000000c019d24                tfm_hal_bind_boundary
 .text.tfm_hal_activate_boundary
                0x000000000c019d86       0x1c spm/libtfm_spm.a(tfm_hal_isolation.o)
                0x000000000c019d86                tfm_hal_activate_boundary
 .text.tfm_hal_memory_check
                0x000000000c019da2       0x56 spm/libtfm_spm.a(tfm_hal_isolation.o)
                0x000000000c019da2                tfm_hal_memory_check
 .text.tfm_hal_boundary_need_switch
                0x000000000c019df8       0x1a spm/libtfm_spm.a(tfm_hal_isolation.o)
                0x000000000c019df8                tfm_hal_boundary_need_switch
 .text.tfm_hal_platform_init
                0x000000000c019e12       0x18 spm/libtfm_spm.a(tfm_hal_platform.o)
                0x000000000c019e12                tfm_hal_platform_init
 *fill*         0x000000000c019e2a        0x2 
 .text.tfm_hal_get_ns_VTOR
                0x000000000c019e2c        0xc spm/libtfm_spm.a(tfm_hal_platform.o)
                0x000000000c019e2c                tfm_hal_get_ns_VTOR
 .text.tfm_hal_get_ns_MSP
                0x000000000c019e38        0xc spm/libtfm_spm.a(tfm_hal_platform.o)
                0x000000000c019e38                tfm_hal_get_ns_MSP
 .text.tfm_hal_get_ns_entry_point
                0x000000000c019e44        0xc spm/libtfm_spm.a(tfm_hal_platform.o)
                0x000000000c019e44                tfm_hal_get_ns_entry_point
 .text.tfm_core_validate_boot_data
                0x000000000c019e50       0x1c spm/libtfm_spm.a(tfm_boot_data.o)
                0x000000000c019e50                tfm_core_validate_boot_data
 .text.tfm_core_get_boot_data_handler
                0x000000000c019e6c       0x38 spm/libtfm_spm.a(tfm_boot_data.o)
                0x000000000c019e6c                tfm_core_get_boot_data_handler
 .text.spm_log_msgval
                0x000000000c019ea4       0x60 spm/libtfm_spm.a(spm_log.o)
                0x000000000c019ea4                spm_log_msgval
 .text.tfm_arch_free_msp_and_exc_ret
                0x000000000c019f04        0x8 spm/libtfm_spm.a(tfm_arch.o)
                0x000000000c019f04                tfm_arch_free_msp_and_exc_ret
 .text.tfm_arch_set_context_ret_code
                0x000000000c019f0c       0x14 spm/libtfm_spm.a(tfm_arch.o)
                0x000000000c019f0c                tfm_arch_set_context_ret_code
 .text.tfm_arch_trigger_pendsv
                0x000000000c019f20       0x18 spm/libtfm_spm.a(tfm_arch.o)
                0x000000000c019f20                tfm_arch_trigger_pendsv
 .text.tfm_arch_init_context
                0x000000000c019f38       0x80 spm/libtfm_spm.a(tfm_arch.o)
                0x000000000c019f38                tfm_arch_init_context
 .text.tfm_arch_refresh_hardware_context
                0x000000000c019fb8       0x12 spm/libtfm_spm.a(tfm_arch.o)
                0x000000000c019fb8                tfm_arch_refresh_hardware_context
 *fill*         0x000000000c019fca        0x2 
 .text.tfm_spm_to_user_handle
                0x000000000c019fcc       0x20 spm/libtfm_spm.a(spm_ipc.o)
                0x000000000c019fcc                tfm_spm_to_user_handle
 .text.tfm_spm_to_handle_instance
                0x000000000c019fec       0x10 spm/libtfm_spm.a(spm_ipc.o)
                0x000000000c019fec                tfm_spm_to_handle_instance
 .text.tfm_spm_create_conn_handle
                0x000000000c019ffc       0x20 spm/libtfm_spm.a(spm_ipc.o)
                0x000000000c019ffc                tfm_spm_create_conn_handle
 .text.tfm_spm_validate_conn_handle
                0x000000000c01a01c       0x1c spm/libtfm_spm.a(spm_ipc.o)
                0x000000000c01a01c                tfm_spm_validate_conn_handle
 .text.tfm_spm_free_conn_handle
                0x000000000c01a038       0x44 spm/libtfm_spm.a(spm_ipc.o)
                0x000000000c01a038                tfm_spm_free_conn_handle
 .text.spm_get_handle_by_signal
                0x000000000c01a07c       0x4e spm/libtfm_spm.a(spm_ipc.o)
                0x000000000c01a07c                spm_get_handle_by_signal
 *fill*         0x000000000c01a0ca        0x2 
 .text.tfm_spm_get_service_by_sid
                0x000000000c01a0cc       0x2c spm/libtfm_spm.a(spm_ipc.o)
                0x000000000c01a0cc                tfm_spm_get_service_by_sid
 .text.tfm_spm_check_client_version
                0x000000000c01a0f8       0x54 spm/libtfm_spm.a(spm_ipc.o)
                0x000000000c01a0f8                tfm_spm_check_client_version
 .text.tfm_spm_check_authorization
                0x000000000c01a14c       0x70 spm/libtfm_spm.a(spm_ipc.o)
                0x000000000c01a14c                tfm_spm_check_authorization
 .text.spm_fill_message
                0x000000000c01a1bc      0x194 spm/libtfm_spm.a(spm_ipc.o)
                0x000000000c01a1bc                spm_fill_message
 .text.tfm_spm_partition_get_running_partition_id
                0x000000000c01a350       0x20 spm/libtfm_spm.a(spm_ipc.o)
                0x000000000c01a350                tfm_spm_partition_get_running_partition_id
 .text.spm_get_handle_by_msg_handle
                0x000000000c01a370       0x28 spm/libtfm_spm.a(spm_ipc.o)
                0x000000000c01a370                spm_get_handle_by_msg_handle
 .text.tfm_spm_is_ns_caller
                0x000000000c01a398       0x20 spm/libtfm_spm.a(spm_ipc.o)
                0x000000000c01a398                tfm_spm_is_ns_caller
 .text.tfm_spm_get_client_id
                0x000000000c01a3b8       0x20 spm/libtfm_spm.a(spm_ipc.o)
                0x000000000c01a3b8                tfm_spm_get_client_id
 .text.tfm_spm_init
                0x000000000c01a3d8       0x74 spm/libtfm_spm.a(spm_ipc.o)
                0x000000000c01a3d8                tfm_spm_init
 .text.update_caller_outvec_len
                0x000000000c01a44c       0x8c spm/libtfm_spm.a(spm_ipc.o)
                0x000000000c01a44c                update_caller_outvec_len
 .text.load_a_partition_assuredly
                0x000000000c01a4d8       0xd8 spm/libtfm_spm.a(static_loader.o)
                0x000000000c01a4d8                load_a_partition_assuredly
 .text.load_services_assuredly
                0x000000000c01a5b0       0xd0 spm/libtfm_spm.a(static_loader.o)
                0x000000000c01a5b0                load_services_assuredly
 .text.load_irqs_assuredly
                0x000000000c01a680        0x2 spm/libtfm_spm.a(static_loader.o)
                0x000000000c01a680                load_irqs_assuredly
 .text.spm_handle_programmer_errors
                0x000000000c01a682       0x18 spm/libtfm_spm.a(psa_api.o)
                0x000000000c01a682                spm_handle_programmer_errors
 .text.tfm_spm_get_lifecycle_state
                0x000000000c01a69a        0x4 spm/libtfm_spm.a(psa_api.o)
                0x000000000c01a69a                tfm_spm_get_lifecycle_state
 .text.tfm_spm_client_psa_framework_version
                0x000000000c01a69e        0x6 spm/libtfm_spm.a(psa_api.o)
                0x000000000c01a69e                tfm_spm_client_psa_framework_version
 .text.tfm_spm_client_psa_version
                0x000000000c01a6a4       0x2c spm/libtfm_spm.a(psa_api.o)
                0x000000000c01a6a4                tfm_spm_client_psa_version
 .text.tfm_spm_client_psa_call
                0x000000000c01a6d0      0x1bc spm/libtfm_spm.a(psa_api.o)
                0x000000000c01a6d0                tfm_spm_client_psa_call
 .text.tfm_spm_partition_psa_wait
                0x000000000c01a88c       0x38 spm/libtfm_spm.a(psa_api.o)
                0x000000000c01a88c                tfm_spm_partition_psa_wait
 .text.tfm_spm_partition_psa_get
                0x000000000c01a8c4       0x64 spm/libtfm_spm.a(psa_api.o)
                0x000000000c01a8c4                tfm_spm_partition_psa_get
 .text.tfm_spm_partition_psa_read
                0x000000000c01a928       0x78 spm/libtfm_spm.a(psa_api.o)
                0x000000000c01a928                tfm_spm_partition_psa_read
 .text.tfm_spm_partition_psa_skip
                0x000000000c01a9a0       0x46 spm/libtfm_spm.a(psa_api.o)
                0x000000000c01a9a0                tfm_spm_partition_psa_skip
 *fill*         0x000000000c01a9e6        0x2 
 .text.tfm_spm_partition_psa_write
                0x000000000c01a9e8       0x78 spm/libtfm_spm.a(psa_api.o)
                0x000000000c01a9e8                tfm_spm_partition_psa_write
 .text.tfm_spm_partition_psa_reply
                0x000000000c01aa60       0x9a spm/libtfm_spm.a(psa_api.o)
                0x000000000c01aa60                tfm_spm_partition_psa_reply
 .text.tfm_spm_partition_psa_panic
                0x000000000c01aafa        0x4 spm/libtfm_spm.a(psa_api.o)
                0x000000000c01aafa                tfm_spm_partition_psa_panic
 *fill*         0x000000000c01aafe        0x2 
 .text.backend_messaging
                0x000000000c01ab00       0x64 spm/libtfm_spm.a(backend_ipc.o)
                0x000000000c01ab00                backend_messaging
 .text.backend_replying
                0x000000000c01ab64        0xc spm/libtfm_spm.a(backend_ipc.o)
                0x000000000c01ab64                backend_replying
 .text.backend_init_comp_assuredly
                0x000000000c01ab70       0xb0 spm/libtfm_spm.a(backend_ipc.o)
                0x000000000c01ab70                backend_init_comp_assuredly
 .text.backend_system_run
                0x000000000c01ac20       0x3c spm/libtfm_spm.a(backend_ipc.o)
                0x000000000c01ac20                backend_system_run
 .text.backend_wait
                0x000000000c01ac5c       0x28 spm/libtfm_spm.a(backend_ipc.o)
                0x000000000c01ac5c                backend_wait
 .text.ipc_schedule
                0x000000000c01ac84       0x80 spm/libtfm_spm.a(backend_ipc.o)
                0x000000000c01ac84                ipc_schedule
 .text.tfm_pool_init
                0x000000000c01ad04       0x58 spm/libtfm_spm.a(tfm_pools.o)
                0x000000000c01ad04                tfm_pool_init
 .text.tfm_pool_alloc
                0x000000000c01ad5c       0x16 spm/libtfm_spm.a(tfm_pools.o)
                0x000000000c01ad5c                tfm_pool_alloc
 .text.tfm_pool_free
                0x000000000c01ad72        0xc spm/libtfm_spm.a(tfm_pools.o)
                0x000000000c01ad72                tfm_pool_free
 .text.is_valid_chunk_data_in_pool
                0x000000000c01ad7e       0x2e spm/libtfm_spm.a(tfm_pools.o)
                0x000000000c01ad7e                is_valid_chunk_data_in_pool
 .text.tfm_nspm_get_current_client_id
                0x000000000c01adac        0x6 spm/libtfm_spm.a(tfm_spm_ns_ctx.o)
                0x000000000c01adac                tfm_nspm_get_current_client_id
 .text.tfm_nspm_ctx_init
                0x000000000c01adb2        0x2 spm/libtfm_spm.a(tfm_spm_ns_ctx.o)
                0x000000000c01adb2                tfm_nspm_ctx_init
 .text.ns_agent_tz_init_c
                0x000000000c01adb4       0x20 spm/libtfm_spm.a(ns_agent_tz_init.o)
                0x000000000c01adb4                ns_agent_tz_init_c
 .text.nvic_interrupt_target_state_cfg
                0x000000000c01add4       0x20 spm/libtfm_spm.a(target_cfg.o)
                0x000000000c01add4                nvic_interrupt_target_state_cfg
 .text.pinmux_init_cfg
                0x000000000c01adf4       0xd4 spm/libtfm_spm.a(target_cfg.o)
                0x000000000c01adf4                pinmux_init_cfg
 .text.sau_and_idau_cfg
                0x000000000c01aec8       0xdc spm/libtfm_spm.a(target_cfg.o)
                0x000000000c01aec8                sau_and_idau_cfg
 .text.unsecure_sram1
                0x000000000c01afa4       0x88 spm/libtfm_spm.a(target_cfg.o)
                0x000000000c01afa4                unsecure_sram1
 .text.lock_sram_config
                0x000000000c01b02c       0x26 spm/libtfm_spm.a(target_cfg.o)
                0x000000000c01b02c                lock_sram_config
 *fill*         0x000000000c01b052        0x2 
 .text.gtzc_init_cfg
                0x000000000c01b054       0x60 spm/libtfm_spm.a(target_cfg.o)
                0x000000000c01b054                gtzc_init_cfg
 *libplatform_s*:*(.rodata*)
 .rodata.AHBPrescTable
                0x000000000c01b0b4       0x10 ../platform/libplatform_s.a(system_stm32l5xx.o)
                0x000000000c01b0b4                AHBPrescTable
 .rodata.APBPrescTable
                0x000000000c01b0c4        0x8 ../platform/libplatform_s.a(system_stm32l5xx.o)
                0x000000000c01b0c4                APBPrescTable
 .rodata.MSIRangeTable
                0x000000000c01b0cc       0x40 ../platform/libplatform_s.a(system_stm32l5xx.o)
                0x000000000c01b0cc                MSIRangeTable
 .rodata.ARM_FLASH0_DEV_DATA
                0x000000000c01b10c       0x18 ../platform/libplatform_s.a(low_level_flash.o)
 .rodata.DriverVersion
                0x000000000c01b124        0x4 ../platform/libplatform_s.a(low_level_flash.o)
 .rodata.TFM_Driver_FLASH0
                0x000000000c01b128       0x2c ../platform/libplatform_s.a(low_level_flash.o)
                0x000000000c01b128                TFM_Driver_FLASH0
 .rodata.stdio_init.str1.1
                0x000000000c01b154       0x5c ../platform/libplatform_s.a(uart_stdout.o)
 .rodata.__func__.1
                0x000000000c01b1b0        0xb ../platform/libplatform_s.a(uart_stdout.o)
 .rodata.tfm_plat_provisioning_check_for_dummy_keys.str1.1
                0x000000000c01b1bb       0x5c ../platform/libplatform_s.a(provisioning.o)
                                         0x63 (size before relaxing)
 .rodata.tfm_plat_provisioning_perform.str1.1
                0x000000000c01b217       0x5c ../platform/libplatform_s.a(provisioning.o)
 .rodata.assembly_and_test_prov_data
                0x000000000c01b273       0x24 ../platform/libplatform_s.a(provisioning.o)
 .rodata.psa_rot_prov_data
                0x000000000c01b297      0x12c ../platform/libplatform_s.a(provisioning.o)
 *fill*         0x000000000c01b3c3        0x1 
 .rodata.DriverVersion
                0x000000000c01b3c4        0x4 ../platform/libplatform_s.a(low_level_com.o)
 .rodata.Driver_USART0
                0x000000000c01b3c8       0x38 ../platform/libplatform_s.a(low_level_com.o)
                0x000000000c01b3c8                Driver_USART0
 .rodata.CSWTCH.58
                0x000000000c01b400        0x3 ../platform/libplatform_s.a(stm32l5xx_hal_uart.o)
 .rodata.CSWTCH.59
                0x000000000c01b403        0xd ../platform/libplatform_s.a(stm32l5xx_hal_uart.o)
 .rodata.UARTPrescTable
                0x000000000c01b410       0x18 ../platform/libplatform_s.a(stm32l5xx_hal_uart.o)
                0x000000000c01b410                UARTPrescTable
 .rodata.data_width_byte
                0x000000000c01b428        0xc ../platform/libplatform_s.a(flash_otp_nv_counters_backend.o)
 *libtfm_spm*:*(.rodata*)
 .rodata.main.str1.1
                0x000000000c01b434       0x71 spm/libtfm_spm.a(main.o)
 .rodata.tfm_core_svc_handler.str1.1
                0x000000000c01b4a5       0x2a spm/libtfm_spm.a(tfm_core_svcalls_ipc.o)
 .rodata.__func__.0
                0x000000000c01b4cf       0x1b spm/libtfm_spm.a(tfm_core_svcalls_ipc.o)
 .rodata.thrd_set_state.str1.1
                0x000000000c01b4ea        0xa spm/libtfm_spm.a(thread.o)
 .rodata.__func__.0
                0x000000000c01b4ea        0xd spm/libtfm_spm.a(thread.o)
 .rodata.__func__.1
                0x000000000c01b4f7        0xe spm/libtfm_spm.a(thread.o)
 .rodata.__func__.2
                0x000000000c01b505        0xf spm/libtfm_spm.a(thread.o)
 .rodata.__func__.3
                0x000000000c01b514        0xb spm/libtfm_spm.a(thread.o)
 *fill*         0x000000000c01b51f        0x1 
 .rodata.region_cfg
                0x000000000c01b520       0x64 spm/libtfm_spm.a(tfm_hal_isolation.o)
                0x000000000c01b520                region_cfg
 .rodata.HEX_TABLE
                0x000000000c01b584       0x10 spm/libtfm_spm.a(spm_log.o)
 .rodata.tfm_arch_init_context.str1.1
                0x000000000c01b594        0xa spm/libtfm_spm.a(tfm_arch.o)
 .rodata.__func__.0
                0x000000000c01b594       0x17 spm/libtfm_spm.a(tfm_arch.o)
 .rodata.tfm_spm_free_conn_handle.str1.1
                0x000000000c01b5ab        0xa spm/libtfm_spm.a(spm_ipc.o)
 .rodata.__func__.0
                0x000000000c01b5ab       0x19 spm/libtfm_spm.a(spm_ipc.o)
 .rodata.__func__.1
                0x000000000c01b5c4       0x11 spm/libtfm_spm.a(spm_ipc.o)
 .rodata.__func__.2
                0x000000000c01b5d5       0x1c spm/libtfm_spm.a(spm_ipc.o)
 .rodata.__func__.3
                0x000000000c01b5f1       0x1d spm/libtfm_spm.a(spm_ipc.o)
 .rodata.__func__.4
                0x000000000c01b60e       0x19 spm/libtfm_spm.a(spm_ipc.o)
 *fill*         0x000000000c01b627        0x1 
 .rodata.ldinf_ea
                0x000000000c01b628        0x4 spm/libtfm_spm.a(static_loader.o)
 .rodata.part_pool_ea
                0x000000000c01b62c        0x4 spm/libtfm_spm.a(static_loader.o)
 .rodata.serv_pool_ea
                0x000000000c01b630        0x4 spm/libtfm_spm.a(static_loader.o)
 .rodata.memory_regions
                0x000000000c01b634       0x14 spm/libtfm_spm.a(target_cfg.o)
                0x000000000c01b634                memory_regions

.tfm_secure_data_start
                0x0000000030020000        0x0
                0x0000000030020000                . = ABSOLUTE (0x30020000)

.tfm_bl2_shared_data
                0x0000000030020000      0x400
                0x0000000030020400                . = (. + 0x400)
 *fill*         0x0000000030020000      0x400 

.msp_stack      0x0000000030020400      0x7f8
                0x0000000030020bf8                . = (. + (__msp_stack_size__ - 0x8))
 *fill*         0x0000000030020400      0x7f8 
                0x0000000030020400                Image$$ARM_LIB_STACK$$ZI$$Base = ADDR (.msp_stack)