Archive member included to satisfy reference by file (symbol)

../../platform/ns/libplatform_ns.a(uart_stdout.o)
                              CMakeFiles/tfm_ns.dir/__/log/tfm_log_raw.o (stdio_output_string)
../../platform/ns/libplatform_ns.a(system_stm32l5xx.o)
                              CMakeFiles/tfm_ns.dir/__/__/__/platform/ext/target/stm/common/stm32l5xx/Device/Source/startup_stm32l5xx_ns.o (SystemInit)
../../platform/ns/libplatform_ns.a(low_level_com.o)
                              ../../platform/ns/libplatform_ns.a(uart_stdout.o) (Driver_USART0)
../../platform/ns/libplatform_ns.a(stm32l5xx_hal_pwr_ex.o)
                              ../../platform/ns/libplatform_ns.a(low_level_com.o) (HAL_PWREx_EnableVddIO2)
../../platform/ns/libplatform_ns.a(stm32l5xx_hal_gpio.o)
                              ../../platform/ns/libplatform_ns.a(low_level_com.o) (HAL_GPIO_Init)
../../platform/ns/libplatform_ns.a(stm32l5xx_hal_uart.o)
                              ../../platform/ns/libplatform_ns.a(low_level_com.o) (HAL_UART_Transmit)
../../platform/ns/libplatform_ns.a(stm32l5xx_hal_uart_ex.o)
                              ../../platform/ns/libplatform_ns.a(stm32l5xx_hal_uart.o) (HAL_UARTEx_WakeupCallback)
../../platform/ns/libplatform_ns.a(stm32l5xx_hal.o)
                              ../../platform/ns/libplatform_ns.a(stm32l5xx_hal_uart.o) (HAL_GetTick)
../../platform/ns/libplatform_ns.a(stm32l5xx_hal_dma.o)
                              ../../platform/ns/libplatform_ns.a(stm32l5xx_hal_uart.o) (HAL_DMA_Start_IT)
../../platform/ns/libplatform_ns.a(stm32l5xx_hal_pwr.o)
                              ../../platform/ns/libplatform_ns.a(stm32l5xx_hal_pwr_ex.o) (HAL_PWR_PVDCallback)
../../platform/ns/libplatform_ns.a(stm32l5xx_hal_rcc.o)
                              ../../platform/ns/libplatform_ns.a(stm32l5xx_hal_uart.o) (HAL_RCC_GetSysClockFreq)
../../platform/ns/libplatform_ns.a(stm32l5xx_hal_cortex.o)
                              ../../platform/ns/libplatform_ns.a(stm32l5xx_hal.o) (HAL_NVIC_SetPriorityGrouping)
libtfm_test_app.a(test_app.o)
                              CMakeFiles/tfm_ns.dir/main_ns.o (test_app)
../../lib/ext/tfm_test_repo-src/CMSIS/RTOS2/RTX/Library/GCC/libRTX_V8MMN.a(irq_armv8mml.o)
                              CMakeFiles/tfm_ns.dir/__/CMSIS/RTOS2/RTX/Source/rtx_lib.o (irqRtxLib)
../../lib/ext/tfm_test_repo-src/CMSIS/RTOS2/RTX/Library/GCC/libRTX_V8MMN.a(rtx_system.o)
                              ../../lib/ext/tfm_test_repo-src/CMSIS/RTOS2/RTX/Library/GCC/libRTX_V8MMN.a(irq_armv8mml.o) (osRtxTick_Handler)
../../lib/ext/tfm_test_repo-src/CMSIS/RTOS2/RTX/Library/GCC/libRTX_V8MMN.a(rtx_msgqueue.o)
                              CMakeFiles/tfm_ns.dir/os_wrapper_cmsis_rtos_v2.o (osMessageQueueNew)
../../lib/ext/tfm_test_repo-src/CMSIS/RTOS2/RTX/Library/GCC/libRTX_V8MMN.a(rtx_mempool.o)
                              ../../lib/ext/tfm_test_repo-src/CMSIS/RTOS2/RTX/Library/GCC/libRTX_V8MMN.a(rtx_msgqueue.o) (osRtxMemoryPoolInit)
../../lib/ext/tfm_test_repo-src/CMSIS/RTOS2/RTX/Library/GCC/libRTX_V8MMN.a(rtx_memory.o)
                              ../../lib/ext/tfm_test_repo-src/CMSIS/RTOS2/RTX/Library/GCC/libRTX_V8MMN.a(rtx_msgqueue.o) (osRtxMemoryAlloc)
../../lib/ext/tfm_test_repo-src/CMSIS/RTOS2/RTX/Library/GCC/libRTX_V8MMN.a(rtx_semaphore.o)
                              CMakeFiles/tfm_ns.dir/os_wrapper_cmsis_rtos_v2.o (osSemaphoreNew)
../../lib/ext/tfm_test_repo-src/CMSIS/RTOS2/RTX/Library/GCC/libRTX_V8MMN.a(rtx_mutex.o)
                              CMakeFiles/tfm_ns.dir/os_wrapper_cmsis_rtos_v2.o (osMutexNew)
../../lib/ext/tfm_test_repo-src/CMSIS/RTOS2/RTX/Library/GCC/libRTX_V8MMN.a(rtx_delay.o)
                              CMakeFiles/tfm_ns.dir/os_wrapper_cmsis_rtos_v2.o (osDelay)
../../lib/ext/tfm_test_repo-src/CMSIS/RTOS2/RTX/Library/GCC/libRTX_V8MMN.a(rtx_thread.o)
                              CMakeFiles/tfm_ns.dir/os_wrapper_cmsis_rtos_v2.o (osThreadExit)
../../lib/ext/tfm_test_repo-src/CMSIS/RTOS2/RTX/Library/GCC/libRTX_V8MMN.a(rtx_kernel.o)
                              CMakeFiles/tfm_ns.dir/main_ns.o (osKernelInitialize)
../../lib/ext/tfm_test_repo-src/CMSIS/RTOS2/RTX/Library/GCC/libRTX_V8MMN.a(os_systick.o)
                              ../../lib/ext/tfm_test_repo-src/CMSIS/RTOS2/RTX/Library/GCC/libRTX_V8MMN.a(rtx_kernel.o) (OS_Tick_Setup)
../../lib/ext/tfm_test_repo-src/CMSIS/RTOS2/RTX/Library/GCC/libRTX_V8MMN.a(rtx_timer.o)
                              ../../lib/ext/tfm_test_repo-src/CMSIS/RTOS2/RTX/Library/GCC/libRTX_V8MMN.a(rtx_thread.o) (osRtxTimerThread)
libtfm_api_ns.a(tfm_psa_ns_api.o)
                              CMakeFiles/tfm_ns.dir/main_ns.o (psa_call)
libtfm_api_ns.a(tfm_ns_interface.o)
                              libtfm_api_ns.a(tfm_psa_ns_api.o) (tfm_ns_interface_dispatch)
../../secure_fw/libtfm_s_veneers.a(s_veneers.o)
                              libtfm_api_ns.a(tfm_psa_ns_api.o) (tfm_psa_framework_version_veneer)
[...]
Memory Configuration

Name             Origin             Length             Attributes
FLASH            0x0000000008041400 0x0000000000006c00 xr
RAM              0x0000000020000000 0x0000000000020000 xrw
*default*        0x0000000000000000 0xffffffffffffffff

Linker script and memory map

LOAD /usr/lib/gcc/arm-none-eabi/9.2.1/thumb/v8-m.main/nofp/crti.o
LOAD /usr/lib/gcc/arm-none-eabi/9.2.1/thumb/v8-m.main/nofp/crtbegin.o
LOAD /usr/lib/gcc/arm-none-eabi/9.2.1/../../../arm-none-eabi/lib/thumb/v8-m.main/nofp/crt0.o
LOAD CMakeFiles/tfm_ns.dir/main_ns.o
LOAD CMakeFiles/tfm_ns.dir/__/__/__/platform/ext/target/stm/common/stm32l5xx/Device/Source/startup_stm32l5xx_ns.o
LOAD CMakeFiles/tfm_ns.dir/__/ns_interface/ns_client_ext/tz_shim_layer.o
LOAD CMakeFiles/tfm_ns.dir/__/CMSIS/RTOS2/RTX/Config/RTX_Config.o
LOAD CMakeFiles/tfm_ns.dir/__/CMSIS/RTOS2/RTX/Source/rtx_lib.o
LOAD CMakeFiles/tfm_ns.dir/os_wrapper_cmsis_rtos_v2.o
LOAD CMakeFiles/tfm_ns.dir/__/log/tfm_log_raw.o
LOAD ../../platform/ns/libplatform_ns.a
LOAD libtfm_test_app.a
LOAD ../../lib/ext/tfm_test_repo-src/CMSIS/RTOS2/RTX/Library/GCC/libRTX_V8MMN.a
LOAD libtfm_api_ns.a
LOAD ../../platform/ns/libplatform_ns.a
LOAD ../../secure_fw/libtfm_s_veneers.a
START GROUP
LOAD /usr/lib/gcc/arm-none-eabi/9.2.1/thumb/v8-m.main/nofp/libgcc.a
LOAD /usr/lib/gcc/arm-none-eabi/9.2.1/../../../arm-none-eabi/lib/thumb/v8-m.main/nofp/libg_nano.a
LOAD /usr/lib/gcc/arm-none-eabi/9.2.1/../../../arm-none-eabi/lib/thumb/v8-m.main/nofp/libc_nano.a
END GROUP
START GROUP
LOAD /usr/lib/gcc/arm-none-eabi/9.2.1/thumb/v8-m.main/nofp/libgcc.a
LOAD /usr/lib/gcc/arm-none-eabi/9.2.1/../../../arm-none-eabi/lib/thumb/v8-m.main/nofp/libc_nano.a
END GROUP
LOAD /usr/lib/gcc/arm-none-eabi/9.2.1/thumb/v8-m.main/nofp/crtend.o
LOAD /usr/lib/gcc/arm-none-eabi/9.2.1/thumb/v8-m.main/nofp/crtn.o
                0x0000000000001000                __heap_size__ = 0x1000
                0x0000000000001000                __stack_size__ = 0x1000
START GROUP
LOAD /usr/lib/gcc/arm-none-eabi/9.2.1/thumb/v8-m.main/nofp/libgcc.a
LOAD /usr/lib/gcc/arm-none-eabi/9.2.1/../../../arm-none-eabi/lib/thumb/v8-m.main/nofp/libc.a
LOAD /usr/lib/gcc/arm-none-eabi/9.2.1/../../../arm-none-eabi/lib/thumb/v8-m.main/nofp/libm.a
LOAD /usr/lib/gcc/arm-none-eabi/9.2.1/../../../arm-none-eabi/lib/thumb/v8-m.main/nofp/libnosys.a
END GROUP

.text           0x0000000008041400     0x4878
 *(.vectors)
 .vectors       0x0000000008041400      0x1f4 CMakeFiles/tfm_ns.dir/__/__/__/platform/ext/target/stm/common/stm32l5xx/Device/Source/startup_stm32l5xx_ns.o
                0x0000000008041400                __Vectors
                0x00000000080415f4                __Vectors_End = .
                0x00000000080415f4                __Vectors_Size = (__Vectors_End - __Vectors)
                0x00000000200036c0                __end__ = .
 *(.text*)
 .text          0x00000000080415f4       0x8c /usr/lib/gcc/arm-none-eabi/9.2.1/thumb/v8-m.main/nofp/crtbegin.o
 .text          0x0000000008041680       0x70 /usr/lib/gcc/arm-none-eabi/9.2.1/../../../arm-none-eabi/lib/thumb/v8-m.main/nofp/crt0.o
                0x0000000008041680                _stack_init
                0x0000000008041688                _mainCRTStartup
                0x0000000008041688                _start
 .text.tfm_ns_platform_init
                0x00000000080416f0        0xa CMakeFiles/tfm_ns.dir/main_ns.o
                0x00000000080416f0                tfm_ns_platform_init
 .text.tfm_ns_cp_init
                0x00000000080416fa        0x4 CMakeFiles/tfm_ns.dir/main_ns.o
                0x00000000080416fa                tfm_ns_cp_init
 *fill*         0x00000000080416fe        0x2 
 .text.send_test
                0x0000000008041700       0x70 CMakeFiles/tfm_ns.dir/main_ns.o
                0x0000000008041700                send_test
 .text.startup.main
                0x0000000008041770       0x40 CMakeFiles/tfm_ns.dir/main_ns.o
                0x0000000008041770                main
 .text.NMI_Handler
                0x00000000080417b0        0x2 CMakeFiles/tfm_ns.dir/__/__/__/platform/ext/target/stm/common/stm32l5xx/Device/Source/startup_stm32l5xx_ns.o
                0x00000000080417b0                NMI_Handler
 .text.HardFault_Handler
                0x00000000080417b2        0x2 CMakeFiles/tfm_ns.dir/__/__/__/platform/ext/target/stm/common/stm32l5xx/Device/Source/startup_stm32l5xx_ns.o
                0x00000000080417b2                HardFault_Handler
 .text.MemManage_Handler
                0x00000000080417b4        0x2 CMakeFiles/tfm_ns.dir/__/__/__/platform/ext/target/stm/common/stm32l5xx/Device/Source/startup_stm32l5xx_ns.o
                0x00000000080417b4                MemManage_Handler
 .text.BusFault_Handler
                0x00000000080417b6        0x2 CMakeFiles/tfm_ns.dir/__/__/__/platform/ext/target/stm/common/stm32l5xx/Device/Source/startup_stm32l5xx_ns.o
                0x00000000080417b6                BusFault_Handler
 .text.UsageFault_Handler
                0x00000000080417b8        0x2 CMakeFiles/tfm_ns.dir/__/__/__/platform/ext/target/stm/common/stm32l5xx/Device/Source/startup_stm32l5xx_ns.o
                0x00000000080417b8                UsageFault_Handler
 .text.SecureFault_Handler
                0x00000000080417ba        0x2 CMakeFiles/tfm_ns.dir/__/__/__/platform/ext/target/stm/common/stm32l5xx/Device/Source/startup_stm32l5xx_ns.o
                0x00000000080417ba                SecureFault_Handler
 .text.DebugMon_Handler
                0x00000000080417bc        0x2 CMakeFiles/tfm_ns.dir/__/__/__/platform/ext/target/stm/common/stm32l5xx/Device/Source/startup_stm32l5xx_ns.o
                0x00000000080417bc                DebugMon_Handler
 .text.WWDG_IRQHandler
                0x00000000080417be        0x2 CMakeFiles/tfm_ns.dir/__/__/__/platform/ext/target/stm/common/stm32l5xx/Device/Source/startup_stm32l5xx_ns.o
                0x00000000080417be                WWDG_IRQHandler
 .text.PVD_PVM_IRQHandler
                0x00000000080417c0        0x2 CMakeFiles/tfm_ns.dir/__/__/__/platform/ext/target/stm/common/stm32l5xx/Device/Source/startup_stm32l5xx_ns.o
                0x00000000080417c0                PVD_PVM_IRQHandler
 .text.RTC_IRQHandler
                0x00000000080417c2        0x2 CMakeFiles/tfm_ns.dir/__/__/__/platform/ext/target/stm/common/stm32l5xx/Device/Source/startup_stm32l5xx_ns.o
                0x00000000080417c2                RTC_IRQHandler
 .text.RTC_IRQHandler_S
                0x00000000080417c4        0x2 CMakeFiles/tfm_ns.dir/__/__/__/platform/ext/target/stm/common/stm32l5xx/Device/Source/startup_stm32l5xx_ns.o
                0x00000000080417c4                RTC_IRQHandler_S
 .text.TAMP_IRQHandler
                0x00000000080417c6        0x2 CMakeFiles/tfm_ns.dir/__/__/__/platform/ext/target/stm/common/stm32l5xx/Device/Source/startup_stm32l5xx_ns.o
                0x00000000080417c6                TAMP_IRQHandler
 .text.TAMP_IRQHandler_S
                0x00000000080417c8        0x2 CMakeFiles/tfm_ns.dir/__/__/__/platform/ext/target/stm/common/stm32l5xx/Device/Source/startup_stm32l5xx_ns.o
                0x00000000080417c8                TAMP_IRQHandler_S
 .text.FLASH_IRQHandler
                0x00000000080417ca        0x2 CMakeFiles/tfm_ns.dir/__/__/__/platform/ext/target/stm/common/stm32l5xx/Device/Source/startup_stm32l5xx_ns.o
                0x00000000080417ca                FLASH_IRQHandler
 .text.FLASH_IRQHandler_S
                0x00000000080417cc        0x2 CMakeFiles/tfm_ns.dir/__/__/__/platform/ext/target/stm/common/stm32l5xx/Device/Source/startup_stm32l5xx_ns.o
                0x00000000080417cc                FLASH_IRQHandler_S
 .text.SERR_IRQHandler
                0x00000000080417ce        0x2 CMakeFiles/tfm_ns.dir/__/__/__/platform/ext/target/stm/common/stm32l5xx/Device/Source/startup_stm32l5xx_ns.o
                0x00000000080417ce                SERR_IRQHandler
 .text.RCC_IRQHandler
                0x00000000080417d0        0x2 CMakeFiles/tfm_ns.dir/__/__/__/platform/ext/target/stm/common/stm32l5xx/Device/Source/startup_stm32l5xx_ns.o
                0x00000000080417d0                RCC_IRQHandler
 .text.RCC_IRQHandler_S
                0x00000000080417d2        0x2 CMakeFiles/tfm_ns.dir/__/__/__/platform/ext/target/stm/common/stm32l5xx/Device/Source/startup_stm32l5xx_ns.o
                0x00000000080417d2                RCC_IRQHandler_S
 .text.EXTI0_IRQHandler
                0x00000000080417d4        0x2 CMakeFiles/tfm_ns.dir/__/__/__/platform/ext/target/stm/common/stm32l5xx/Device/Source/startup_stm32l5xx_ns.o
                0x00000000080417d4                EXTI0_IRQHandler
 .text.EXTI1_IRQHandler
                0x00000000080417d6        0x2 CMakeFiles/tfm_ns.dir/__/__/__/platform/ext/target/stm/common/stm32l5xx/Device/Source/startup_stm32l5xx_ns.o
                0x00000000080417d6                EXTI1_IRQHandler
 .text.EXTI2_IRQHandler
                0x00000000080417d8        0x2 CMakeFiles/tfm_ns.dir/__/__/__/platform/ext/target/stm/common/stm32l5xx/Device/Source/startup_stm32l5xx_ns.o
                0x00000000080417d8                EXTI2_IRQHandler
 .text.EXTI3_IRQHandler
                0x00000000080417da        0x2 CMakeFiles/tfm_ns.dir/__/__/__/platform/ext/target/stm/common/stm32l5xx/Device/Source/startup_stm32l5xx_ns.o
                0x00000000080417da                EXTI3_IRQHandler
 .text.EXTI4_IRQHandler
                0x00000000080417dc        0x2 CMakeFiles/tfm_ns.dir/__/__/__/platform/ext/target/stm/common/stm32l5xx/Device/Source/startup_stm32l5xx_ns.o
                0x00000000080417dc                EXTI4_IRQHandler
 .text.EXTI5_IRQHandler
                0x00000000080417de        0x2 CMakeFiles/tfm_ns.dir/__/__/__/platform/ext/target/stm/common/stm32l5xx/Device/Source/startup_stm32l5xx_ns.o
                0x00000000080417de                EXTI5_IRQHandler
 .text.EXTI6_IRQHandler
                0x00000000080417e0        0x2 CMakeFiles/tfm_ns.dir/__/__/__/platform/ext/target/stm/common/stm32l5xx/Device/Source/startup_stm32l5xx_ns.o
                0x00000000080417e0                EXTI6_IRQHandler
 .text.EXTI7_IRQHandler
                0x00000000080417e2        0x2 CMakeFiles/tfm_ns.dir/__/__/__/platform/ext/target/stm/common/stm32l5xx/Device/Source/startup_stm32l5xx_ns.o
                0x00000000080417e2                EXTI7_IRQHandler
 .text.EXTI8_IRQHandler
                0x00000000080417e4        0x2 CMakeFiles/tfm_ns.dir/__/__/__/platform/ext/target/stm/common/stm32l5xx/Device/Source/startup_stm32l5xx_ns.o
                0x00000000080417e4                EXTI8_IRQHandler
 .text.EXTI9_IRQHandler
                0x00000000080417e6        0x2 CMakeFiles/tfm_ns.dir/__/__/__/platform/ext/target/stm/common/stm32l5xx/Device/Source/startup_stm32l5xx_ns.o
                0x00000000080417e6                EXTI9_IRQHandler
 .text.EXTI10_IRQHandler
                0x00000000080417e8        0x2 CMakeFiles/tfm_ns.dir/__/__/__/platform/ext/target/stm/common/stm32l5xx/Device/Source/startup_stm32l5xx_ns.o
                0x00000000080417e8                EXTI10_IRQHandler
 .text.EXTI11_IRQHandler
                0x00000000080417ea        0x2 CMakeFiles/tfm_ns.dir/__/__/__/platform/ext/target/stm/common/stm32l5xx/Device/Source/startup_stm32l5xx_ns.o
                0x00000000080417ea                EXTI11_IRQHandler
 .text.EXTI12_IRQHandler
                0x00000000080417ec        0x2 CMakeFiles/tfm_ns.dir/__/__/__/platform/ext/target/stm/common/stm32l5xx/Device/Source/startup_stm32l5xx_ns.o
                0x00000000080417ec                EXTI12_IRQHandler
 .text.EXTI13_IRQHandler
                0x00000000080417ee        0x2 CMakeFiles/tfm_ns.dir/__/__/__/platform/ext/target/stm/common/stm32l5xx/Device/Source/startup_stm32l5xx_ns.o
                0x00000000080417ee                EXTI13_IRQHandler
 .text.EXTI14_IRQHandler
                0x00000000080417f0        0x2 CMakeFiles/tfm_ns.dir/__/__/__/platform/ext/target/stm/common/stm32l5xx/Device/Source/startup_stm32l5xx_ns.o
                0x00000000080417f0                EXTI14_IRQHandler
 .text.EXTI15_IRQHandler
                0x00000000080417f2        0x2 CMakeFiles/tfm_ns.dir/__/__/__/platform/ext/target/stm/common/stm32l5xx/Device/Source/startup_stm32l5xx_ns.o
                0x00000000080417f2                EXTI15_IRQHandler
 .text.DMAMUX1_IRQHandler
                0x00000000080417f4        0x2 CMakeFiles/tfm_ns.dir/__/__/__/platform/ext/target/stm/common/stm32l5xx/Device/Source/startup_stm32l5xx_ns.o
                0x00000000080417f4                DMAMUX1_IRQHandler
 .text.DMAMUX1_IRQHandler_S
                0x00000000080417f6        0x2 CMakeFiles/tfm_ns.dir/__/__/__/platform/ext/target/stm/common/stm32l5xx/Device/Source/startup_stm32l5xx_ns.o
                0x00000000080417f6                DMAMUX1_IRQHandler_S
 .text.DMA1_Channel1_IRQHandler
                0x00000000080417f8        0x2 CMakeFiles/tfm_ns.dir/__/__/__/platform/ext/target/stm/common/stm32l5xx/Device/Source/startup_stm32l5xx_ns.o
                0x00000000080417f8                DMA1_Channel1_IRQHandler
 .text.DMA1_Channel2_IRQHandler
                0x00000000080417fa        0x2 CMakeFiles/tfm_ns.dir/__/__/__/platform/ext/target/stm/common/stm32l5xx/Device/Source/startup_stm32l5xx_ns.o
                0x00000000080417fa                DMA1_Channel2_IRQHandler
 .text.DMA1_Channel3_IRQHandler
                0x00000000080417fc        0x2 CMakeFiles/tfm_ns.dir/__/__/__/platform/ext/target/stm/common/stm32l5xx/Device/Source/startup_stm32l5xx_ns.o
                0x00000000080417fc                DMA1_Channel3_IRQHandler
 .text.DMA1_Channel4_IRQHandler
                0x00000000080417fe        0x2 CMakeFiles/tfm_ns.dir/__/__/__/platform/ext/target/stm/common/stm32l5xx/Device/Source/startup_stm32l5xx_ns.o
                0x00000000080417fe                DMA1_Channel4_IRQHandler
 .text.DMA1_Channel5_IRQHandler
                0x0000000008041800        0x2 CMakeFiles/tfm_ns.dir/__/__/__/platform/ext/target/stm/common/stm32l5xx/Device/Source/startup_stm32l5xx_ns.o
                0x0000000008041800                DMA1_Channel5_IRQHandler
 .text.DMA1_Channel6_IRQHandler
                0x0000000008041802        0x2 CMakeFiles/tfm_ns.dir/__/__/__/platform/ext/target/stm/common/stm32l5xx/Device/Source/startup_stm32l5xx_ns.o
                0x0000000008041802                DMA1_Channel6_IRQHandler
 .text.DMA1_Channel7_IRQHandler
                0x0000000008041804        0x2 CMakeFiles/tfm_ns.dir/__/__/__/platform/ext/target/stm/common/stm32l5xx/Device/Source/startup_stm32l5xx_ns.o
                0x0000000008041804                DMA1_Channel7_IRQHandler
 .text.DMA1_Channel8_IRQHandler
                0x0000000008041806        0x2 CMakeFiles/tfm_ns.dir/__/__/__/platform/ext/target/stm/common/stm32l5xx/Device/Source/startup_stm32l5xx_ns.o
                0x0000000008041806                DMA1_Channel8_IRQHandler
 .text.ADC1_2_IRQHandler
                0x0000000008041808        0x2 CMakeFiles/tfm_ns.dir/__/__/__/platform/ext/target/stm/common/stm32l5xx/Device/Source/startup_stm32l5xx_ns.o
                0x0000000008041808                ADC1_2_IRQHandler
 .text.DAC_IRQHandler
                0x000000000804180a        0x2 CMakeFiles/tfm_ns.dir/__/__/__/platform/ext/target/stm/common/stm32l5xx/Device/Source/startup_stm32l5xx_ns.o
                0x000000000804180a                DAC_IRQHandler
 .text.FDCAN1_IT0_IRQHandler
                0x000000000804180c        0x2 CMakeFiles/tfm_ns.dir/__/__/__/platform/ext/target/stm/common/stm32l5xx/Device/Source/startup_stm32l5xx_ns.o
                0x000000000804180c                FDCAN1_IT0_IRQHandler
 .text.FDCAN1_IT1_IRQHandler
                0x000000000804180e        0x2 CMakeFiles/tfm_ns.dir/__/__/__/platform/ext/target/stm/common/stm32l5xx/Device/Source/startup_stm32l5xx_ns.o
                0x000000000804180e                FDCAN1_IT1_IRQHandler
 .text.TIM1_BRK_IRQHandler
                0x0000000008041810        0x2 CMakeFiles/tfm_ns.dir/__/__/__/platform/ext/target/stm/common/stm32l5xx/Device/Source/startup_stm32l5xx_ns.o
                0x0000000008041810                TIM1_BRK_IRQHandler
 .text.TIM1_UP_IRQHandler
                0x0000000008041812        0x2 CMakeFiles/tfm_ns.dir/__/__/__/platform/ext/target/stm/common/stm32l5xx/Device/Source/startup_stm32l5xx_ns.o
                0x0000000008041812                TIM1_UP_IRQHandler
 .text.TIM1_TRG_COM_IRQHandler
                0x0000000008041814        0x2 CMakeFiles/tfm_ns.dir/__/__/__/platform/ext/target/stm/common/stm32l5xx/Device/Source/startup_stm32l5xx_ns.o
                0x0000000008041814                TIM1_TRG_COM_IRQHandler
 .text.TIM1_CC_IRQHandler
                0x0000000008041816        0x2 CMakeFiles/tfm_ns.dir/__/__/__/platform/ext/target/stm/common/stm32l5xx/Device/Source/startup_stm32l5xx_ns.o
                0x0000000008041816                TIM1_CC_IRQHandler
 .text.TIM2_IRQHandler
                0x0000000008041818        0x2 CMakeFiles/tfm_ns.dir/__/__/__/platform/ext/target/stm/common/stm32l5xx/Device/Source/startup_stm32l5xx_ns.o
                0x0000000008041818                TIM2_IRQHandler
 .text.TIM3_IRQHandler
                0x000000000804181a        0x2 CMakeFiles/tfm_ns.dir/__/__/__/platform/ext/target/stm/common/stm32l5xx/Device/Source/startup_stm32l5xx_ns.o
                0x000000000804181a                TIM3_IRQHandler
 .text.TIM4_IRQHandler
                0x000000000804181c        0x2 CMakeFiles/tfm_ns.dir/__/__/__/platform/ext/target/stm/common/stm32l5xx/Device/Source/startup_stm32l5xx_ns.o
                0x000000000804181c                TIM4_IRQHandler
 .text.TIM5_IRQHandler
                0x000000000804181e        0x2 CMakeFiles/tfm_ns.dir/__/__/__/platform/ext/target/stm/common/stm32l5xx/Device/Source/startup_stm32l5xx_ns.o
                0x000000000804181e                TIM5_IRQHandler
 .text.TIM6_IRQHandler
                0x0000000008041820        0x2 CMakeFiles/tfm_ns.dir/__/__/__/platform/ext/target/stm/common/stm32l5xx/Device/Source/startup_stm32l5xx_ns.o
                0x0000000008041820                TIM6_IRQHandler
 .text.TIM7_IRQHandler
                0x0000000008041822        0x2 CMakeFiles/tfm_ns.dir/__/__/__/platform/ext/target/stm/common/stm32l5xx/Device/Source/startup_stm32l5xx_ns.o
                0x0000000008041822                TIM7_IRQHandler
 .text.TIM8_BRK_IRQHandler
                0x0000000008041824        0x2 CMakeFiles/tfm_ns.dir/__/__/__/platform/ext/target/stm/common/stm32l5xx/Device/Source/startup_stm32l5xx_ns.o
                0x0000000008041824                TIM8_BRK_IRQHandler
 .text.TIM8_UP_IRQHandler
                0x0000000008041826        0x2 CMakeFiles/tfm_ns.dir/__/__/__/platform/ext/target/stm/common/stm32l5xx/Device/Source/startup_stm32l5xx_ns.o
                0x0000000008041826                TIM8_UP_IRQHandler
 .text.TIM8_TRG_COM_IRQHandler
                0x0000000008041828        0x2 CMakeFiles/tfm_ns.dir/__/__/__/platform/ext/target/stm/common/stm32l5xx/Device/Source/startup_stm32l5xx_ns.o
                0x0000000008041828                TIM8_TRG_COM_IRQHandler
 .text.TIM8_CC_IRQHandler
                0x000000000804182a        0x2 CMakeFiles/tfm_ns.dir/__/__/__/platform/ext/target/stm/common/stm32l5xx/Device/Source/startup_stm32l5xx_ns.o
                0x000000000804182a                TIM8_CC_IRQHandler
 .text.I2C1_EV_IRQHandler
                0x000000000804182c        0x2 CMakeFiles/tfm_ns.dir/__/__/__/platform/ext/target/stm/common/stm32l5xx/Device/Source/startup_stm32l5xx_ns.o
                0x000000000804182c                I2C1_EV_IRQHandler
 .text.I2C1_ER_IRQHandler
                0x000000000804182e        0x2 CMakeFiles/tfm_ns.dir/__/__/__/platform/ext/target/stm/common/stm32l5xx/Device/Source/startup_stm32l5xx_ns.o
                0x000000000804182e                I2C1_ER_IRQHandler
 .text.I2C2_EV_IRQHandler
                0x0000000008041830        0x2 CMakeFiles/tfm_ns.dir/__/__/__/platform/ext/target/stm/common/stm32l5xx/Device/Source/startup_stm32l5xx_ns.o
                0x0000000008041830                I2C2_EV_IRQHandler
 .text.I2C2_ER_IRQHandler
                0x0000000008041832        0x2 CMakeFiles/tfm_ns.dir/__/__/__/platform/ext/target/stm/common/stm32l5xx/Device/Source/startup_stm32l5xx_ns.o
                0x0000000008041832                I2C2_ER_IRQHandler
 .text.SPI1_IRQHandler
                0x0000000008041834        0x2 CMakeFiles/tfm_ns.dir/__/__/__/platform/ext/target/stm/common/stm32l5xx/Device/Source/startup_stm32l5xx_ns.o
                0x0000000008041834                SPI1_IRQHandler
 .text.SPI2_IRQHandler
                0x0000000008041836        0x2 CMakeFiles/tfm_ns.dir/__/__/__/platform/ext/target/stm/common/stm32l5xx/Device/Source/startup_stm32l5xx_ns.o
                0x0000000008041836                SPI2_IRQHandler
 .text.USART1_IRQHandler
                0x0000000008041838        0x2 CMakeFiles/tfm_ns.dir/__/__/__/platform/ext/target/stm/common/stm32l5xx/Device/Source/startup_stm32l5xx_ns.o
                0x0000000008041838                USART1_IRQHandler
 .text.USART2_IRQHandler
                0x000000000804183a        0x2 CMakeFiles/tfm_ns.dir/__/__/__/platform/ext/target/stm/common/stm32l5xx/Device/Source/startup_stm32l5xx_ns.o
                0x000000000804183a                USART2_IRQHandler
 .text.USART3_IRQHandler
                0x000000000804183c        0x2 CMakeFiles/tfm_ns.dir/__/__/__/platform/ext/target/stm/common/stm32l5xx/Device/Source/startup_stm32l5xx_ns.o
                0x000000000804183c                USART3_IRQHandler
 .text.UART4_IRQHandler
                0x000000000804183e        0x2 CMakeFiles/tfm_ns.dir/__/__/__/platform/ext/target/stm/common/stm32l5xx/Device/Source/startup_stm32l5xx_ns.o
                0x000000000804183e                UART4_IRQHandler
 .text.UART5_IRQHandler
                0x0000000008041840        0x2 CMakeFiles/tfm_ns.dir/__/__/__/platform/ext/target/stm/common/stm32l5xx/Device/Source/startup_stm32l5xx_ns.o
                0x0000000008041840                UART5_IRQHandler
 .text.LPUART1_IRQHandler
                0x0000000008041842        0x2 CMakeFiles/tfm_ns.dir/__/__/__/platform/ext/target/stm/common/stm32l5xx/Device/Source/startup_stm32l5xx_ns.o
                0x0000000008041842                LPUART1_IRQHandler
 .text.LPTIM1_IRQHandler
                0x0000000008041844        0x2 CMakeFiles/tfm_ns.dir/__/__/__/platform/ext/target/stm/common/stm32l5xx/Device/Source/startup_stm32l5xx_ns.o
                0x0000000008041844                LPTIM1_IRQHandler
 .text.LPTIM2_IRQHandler
                0x0000000008041846        0x2 CMakeFiles/tfm_ns.dir/__/__/__/platform/ext/target/stm/common/stm32l5xx/Device/Source/startup_stm32l5xx_ns.o
                0x0000000008041846                LPTIM2_IRQHandler
 .text.TIM15_IRQHandler
                0x0000000008041848        0x2 CMakeFiles/tfm_ns.dir/__/__/__/platform/ext/target/stm/common/stm32l5xx/Device/Source/startup_stm32l5xx_ns.o
                0x0000000008041848                TIM15_IRQHandler
 .text.TIM16_IRQHandler
                0x000000000804184a        0x2 CMakeFiles/tfm_ns.dir/__/__/__/platform/ext/target/stm/common/stm32l5xx/Device/Source/startup_stm32l5xx_ns.o
                0x000000000804184a                TIM16_IRQHandler
 .text.TIM17_IRQHandler
                0x000000000804184c        0x2 CMakeFiles/tfm_ns.dir/__/__/__/platform/ext/target/stm/common/stm32l5xx/Device/Source/startup_stm32l5xx_ns.o
                0x000000000804184c                TIM17_IRQHandler
 .text.COMP_IRQHandler
                0x000000000804184e        0x2 CMakeFiles/tfm_ns.dir/__/__/__/platform/ext/target/stm/common/stm32l5xx/Device/Source/startup_stm32l5xx_ns.o
                0x000000000804184e                COMP_IRQHandler
 .text.USB_FS_IRQHandler
                0x0000000008041850        0x2 CMakeFiles/tfm_ns.dir/__/__/__/platform/ext/target/stm/common/stm32l5xx/Device/Source/startup_stm32l5xx_ns.o
                0x0000000008041850                USB_FS_IRQHandler
 .text.CRS_IRQHandler
                0x0000000008041852        0x2 CMakeFiles/tfm_ns.dir/__/__/__/platform/ext/target/stm/common/stm32l5xx/Device/Source/startup_stm32l5xx_ns.o
                0x0000000008041852                CRS_IRQHandler
 .text.FMC_IRQHandler
                0x0000000008041854        0x2 CMakeFiles/tfm_ns.dir/__/__/__/platform/ext/target/stm/common/stm32l5xx/Device/Source/startup_stm32l5xx_ns.o
                0x0000000008041854                FMC_IRQHandler
 .text.OCTOSPI1_IRQHandler
                0x0000000008041856        0x2 CMakeFiles/tfm_ns.dir/__/__/__/platform/ext/target/stm/common/stm32l5xx/Device/Source/startup_stm32l5xx_ns.o
                0x0000000008041856                OCTOSPI1_IRQHandler
 .text.SDMMC1_IRQHandler
                0x0000000008041858        0x2 CMakeFiles/tfm_ns.dir/__/__/__/platform/ext/target/stm/common/stm32l5xx/Device/Source/startup_stm32l5xx_ns.o
                0x0000000008041858                SDMMC1_IRQHandler
 .text.DMA2_Channel1_IRQHandler
                0x000000000804185a        0x2 CMakeFiles/tfm_ns.dir/__/__/__/platform/ext/target/stm/common/stm32l5xx/Device/Source/startup_stm32l5xx_ns.o
                0x000000000804185a                DMA2_Channel1_IRQHandler
 .text.DMA2_Channel2_IRQHandler
                0x000000000804185c        0x2 CMakeFiles/tfm_ns.dir/__/__/__/platform/ext/target/stm/common/stm32l5xx/Device/Source/startup_stm32l5xx_ns.o
                0x000000000804185c                DMA2_Channel2_IRQHandler
 .text.DMA2_Channel3_IRQHandler
                0x000000000804185e        0x2 CMakeFiles/tfm_ns.dir/__/__/__/platform/ext/target/stm/common/stm32l5xx/Device/Source/startup_stm32l5xx_ns.o
                0x000000000804185e                DMA2_Channel3_IRQHandler
 .text.DMA2_Channel4_IRQHandler
                0x0000000008041860        0x2 CMakeFiles/tfm_ns.dir/__/__/__/platform/ext/target/stm/common/stm32l5xx/Device/Source/startup_stm32l5xx_ns.o
                0x0000000008041860                DMA2_Channel4_IRQHandler
 .text.DMA2_Channel5_IRQHandler
                0x0000000008041862        0x2 CMakeFiles/tfm_ns.dir/__/__/__/platform/ext/target/stm/common/stm32l5xx/Device/Source/startup_stm32l5xx_ns.o
                0x0000000008041862                DMA2_Channel5_IRQHandler
 .text.DMA2_Channel6_IRQHandler
                0x0000000008041864        0x2 CMakeFiles/tfm_ns.dir/__/__/__/platform/ext/target/stm/common/stm32l5xx/Device/Source/startup_stm32l5xx_ns.o
                0x0000000008041864                DMA2_Channel6_IRQHandler
 .text.DMA2_Channel7_IRQHandler
                0x0000000008041866        0x2 CMakeFiles/tfm_ns.dir/__/__/__/platform/ext/target/stm/common/stm32l5xx/Device/Source/startup_stm32l5xx_ns.o
                0x0000000008041866                DMA2_Channel7_IRQHandler
 .text.DMA2_Channel8_IRQHandler
                0x0000000008041868        0x2 CMakeFiles/tfm_ns.dir/__/__/__/platform/ext/target/stm/common/stm32l5xx/Device/Source/startup_stm32l5xx_ns.o
                0x0000000008041868                DMA2_Channel8_IRQHandler
 .text.I2C3_EV_IRQHandler
                0x000000000804186a        0x2 CMakeFiles/tfm_ns.dir/__/__/__/platform/ext/target/stm/common/stm32l5xx/Device/Source/startup_stm32l5xx_ns.o
                0x000000000804186a                I2C3_EV_IRQHandler
 .text.I2C3_ER_IRQHandler
                0x000000000804186c        0x2 CMakeFiles/tfm_ns.dir/__/__/__/platform/ext/target/stm/common/stm32l5xx/Device/Source/startup_stm32l5xx_ns.o
                0x000000000804186c                I2C3_ER_IRQHandler
 .text.SAI1_IRQHandler
                0x000000000804186e        0x2 CMakeFiles/tfm_ns.dir/__/__/__/platform/ext/target/stm/common/stm32l5xx/Device/Source/startup_stm32l5xx_ns.o
                0x000000000804186e                SAI1_IRQHandler
 .text.SAI2_IRQHandler
                0x0000000008041870        0x2 CMakeFiles/tfm_ns.dir/__/__/__/platform/ext/target/stm/common/stm32l5xx/Device/Source/startup_stm32l5xx_ns.o
                0x0000000008041870                SAI2_IRQHandler
 .text.TSC_IRQHandler
                0x0000000008041872        0x2 CMakeFiles/tfm_ns.dir/__/__/__/platform/ext/target/stm/common/stm32l5xx/Device/Source/startup_stm32l5xx_ns.o
                0x0000000008041872                TSC_IRQHandler
 .text.RNG_IRQHandler
                0x0000000008041874        0x2 CMakeFiles/tfm_ns.dir/__/__/__/platform/ext/target/stm/common/stm32l5xx/Device/Source/startup_stm32l5xx_ns.o
                0x0000000008041874                RNG_IRQHandler
 .text.FPU_IRQHandler
                0x0000000008041876        0x2 CMakeFiles/tfm_ns.dir/__/__/__/platform/ext/target/stm/common/stm32l5xx/Device/Source/startup_stm32l5xx_ns.o
                0x0000000008041876                FPU_IRQHandler
 .text.HASH_IRQHandler
                0x0000000008041878        0x2 CMakeFiles/tfm_ns.dir/__/__/__/platform/ext/target/stm/common/stm32l5xx/Device/Source/startup_stm32l5xx_ns.o
                0x0000000008041878                HASH_IRQHandler
 .text.LPTIM3_IRQHandler
                0x000000000804187a        0x2 CMakeFiles/tfm_ns.dir/__/__/__/platform/ext/target/stm/common/stm32l5xx/Device/Source/startup_stm32l5xx_ns.o
                0x000000000804187a                LPTIM3_IRQHandler
 .text.SPI3_IRQHandler
                0x000000000804187c        0x2 CMakeFiles/tfm_ns.dir/__/__/__/platform/ext/target/stm/common/stm32l5xx/Device/Source/startup_stm32l5xx_ns.o
                0x000000000804187c                SPI3_IRQHandler
 .text.I2C4_ER_IRQHandler
                0x000000000804187e        0x2 CMakeFiles/tfm_ns.dir/__/__/__/platform/ext/target/stm/common/stm32l5xx/Device/Source/startup_stm32l5xx_ns.o
                0x000000000804187e                I2C4_ER_IRQHandler
 .text.I2C4_EV_IRQHandler
                0x0000000008041880        0x2 CMakeFiles/tfm_ns.dir/__/__/__/platform/ext/target/stm/common/stm32l5xx/Device/Source/startup_stm32l5xx_ns.o
                0x0000000008041880                I2C4_EV_IRQHandler
 .text.DFSDM1_FLT0_IRQHandler
                0x0000000008041882        0x2 CMakeFiles/tfm_ns.dir/__/__/__/platform/ext/target/stm/common/stm32l5xx/Device/Source/startup_stm32l5xx_ns.o
                0x0000000008041882                DFSDM1_FLT0_IRQHandler
 .text.DFSDM1_FLT1_IRQHandler
                0x0000000008041884        0x2 CMakeFiles/tfm_ns.dir/__/__/__/platform/ext/target/stm/common/stm32l5xx/Device/Source/startup_stm32l5xx_ns.o
                0x0000000008041884                DFSDM1_FLT1_IRQHandler
 .text.DFSDM1_FLT2_IRQHandler
                0x0000000008041886        0x2 CMakeFiles/tfm_ns.dir/__/__/__/platform/ext/target/stm/common/stm32l5xx/Device/Source/startup_stm32l5xx_ns.o
                0x0000000008041886                DFSDM1_FLT2_IRQHandler
 .text.DFSDM1_FLT3_IRQHandler
                0x0000000008041888        0x2 CMakeFiles/tfm_ns.dir/__/__/__/platform/ext/target/stm/common/stm32l5xx/Device/Source/startup_stm32l5xx_ns.o
                0x0000000008041888                DFSDM1_FLT3_IRQHandler
 .text.UCPD1_IRQHandler
                0x000000000804188a        0x2 CMakeFiles/tfm_ns.dir/__/__/__/platform/ext/target/stm/common/stm32l5xx/Device/Source/startup_stm32l5xx_ns.o
                0x000000000804188a                UCPD1_IRQHandler
 .text.ICACHE_IRQHandler
                0x000000000804188c        0x2 CMakeFiles/tfm_ns.dir/__/__/__/platform/ext/target/stm/common/stm32l5xx/Device/Source/startup_stm32l5xx_ns.o
                0x000000000804188c                ICACHE_IRQHandler
 .text.OTFDEC1_IRQHandler
                0x000000000804188e        0x2 CMakeFiles/tfm_ns.dir/__/__/__/platform/ext/target/stm/common/stm32l5xx/Device/Source/startup_stm32l5xx_ns.o
                0x000000000804188e                OTFDEC1_IRQHandler
 .text.Reset_Handler
                0x0000000008041890       0x88 CMakeFiles/tfm_ns.dir/__/__/__/platform/ext/target/stm/common/stm32l5xx/Device/Source/startup_stm32l5xx_ns.o
                0x0000000008041890                Reset_Handler
 .text.TZ_InitContextSystem_S
                0x0000000008041918        0x4 CMakeFiles/tfm_ns.dir/__/ns_interface/ns_client_ext/tz_shim_layer.o
                0x0000000008041918                TZ_InitContextSystem_S
 .text.TZ_AllocModuleContext_S
                0x000000000804191c        0x4 CMakeFiles/tfm_ns.dir/__/ns_interface/ns_client_ext/tz_shim_layer.o
                0x000000000804191c                TZ_AllocModuleContext_S
 .text.TZ_FreeModuleContext_S
                0x0000000008041920        0x4 CMakeFiles/tfm_ns.dir/__/ns_interface/ns_client_ext/tz_shim_layer.o
                0x0000000008041920                TZ_FreeModuleContext_S
 .text.TZ_LoadContext_S
                0x0000000008041924        0x4 CMakeFiles/tfm_ns.dir/__/ns_interface/ns_client_ext/tz_shim_layer.o
                0x0000000008041924                TZ_LoadContext_S
 .text.TZ_StoreContext_S
                0x0000000008041928        0x4 CMakeFiles/tfm_ns.dir/__/ns_interface/ns_client_ext/tz_shim_layer.o
                0x0000000008041928                TZ_StoreContext_S
 .text.osRtxErrorNotify
                0x000000000804192c        0x2 CMakeFiles/tfm_ns.dir/__/CMSIS/RTOS2/RTX/Config/RTX_Config.o
                0x000000000804192c                osRtxErrorNotify
 .text.software_init_hook
                0x000000000804192e        0x4 CMakeFiles/tfm_ns.dir/__/CMSIS/RTOS2/RTX/Source/rtx_lib.o
                0x000000000804192e                software_init_hook
 .text.os_wrapper_mutex_create
                0x0000000008041932       0x1a CMakeFiles/tfm_ns.dir/os_wrapper_cmsis_rtos_v2.o
                0x0000000008041932                os_wrapper_mutex_create
 .text._tfm_flush_formatted_buffer
                0x000000000804194c       0x1c CMakeFiles/tfm_ns.dir/__/log/tfm_log_raw.o
 .text._tfm_dec_num_output
                0x0000000008041968       0x5e CMakeFiles/tfm_ns.dir/__/log/tfm_log_raw.o
 .text._tfm_hex_num_output
                0x00000000080419c6       0x3a CMakeFiles/tfm_ns.dir/__/log/tfm_log_raw.o
 .text._tfm_string_output
                0x0000000008041a00       0x1a CMakeFiles/tfm_ns.dir/__/log/tfm_log_raw.o
 *fill*         0x0000000008041a1a        0x2 
 .text.tfm_log_printf
                0x0000000008041a1c      0x110 CMakeFiles/tfm_ns.dir/__/log/tfm_log_raw.o
                0x0000000008041a1c                tfm_log_printf
 .text.stdio_output_string
                0x0000000008041b2c       0x28 ../../platform/ns/libplatform_ns.a(uart_stdout.o)
                0x0000000008041b2c                stdio_output_string
 .text._write   0x0000000008041b54        0x8 ../../platform/ns/libplatform_ns.a(uart_stdout.o)
                0x0000000008041b54                _write
 .text.stdio_init
                0x0000000008041b5c       0x58 ../../platform/ns/libplatform_ns.a(uart_stdout.o)
                0x0000000008041b5c                stdio_init
 .text.SystemInit
                0x0000000008041bb4        0x2 ../../platform/ns/libplatform_ns.a(system_stm32l5xx.o)
                0x0000000008041bb4                SystemInit
 *fill*         0x0000000008041bb6        0x2 
 .text.USART_GetVersion
                0x0000000008041bb8       0x20 ../../platform/ns/libplatform_ns.a(low_level_com.o)
 .text.USART_GetCapabilities
                0x0000000008041bd8        0x4 ../../platform/ns/libplatform_ns.a(low_level_com.o)
 .text.USART0_Uninitialize
                0x0000000008041bdc        0x4 ../../platform/ns/libplatform_ns.a(low_level_com.o)
 .text.USART0_PowerControl
                0x0000000008041be0        0x4 ../../platform/ns/libplatform_ns.a(low_level_com.o)
 .text.USART0_Transfer
                0x0000000008041be4        0x6 ../../platform/ns/libplatform_ns.a(low_level_com.o)
 .text.USART0_GetTxCount
                0x0000000008041bea        0x4 ../../platform/ns/libplatform_ns.a(low_level_com.o)
 .text.USART0_Control
                0x0000000008041bee        0x4 ../../platform/ns/libplatform_ns.a(low_level_com.o)
 .text.USART0_GetStatus
                0x0000000008041bf2        0xc ../../platform/ns/libplatform_ns.a(low_level_com.o)
 .text.USART0_SetModemControl
                0x0000000008041bfe        0x6 ../../platform/ns/libplatform_ns.a(low_level_com.o)
 .text.USART0_GetModemStatus
                0x0000000008041c04        0xc ../../platform/ns/libplatform_ns.a(low_level_com.o)
 .text.USART0_Receive
                0x0000000008041c10       0x20 ../../platform/ns/libplatform_ns.a(low_level_com.o)
 .text.USART0_Send
                0x0000000008041c30       0x24 ../../platform/ns/libplatform_ns.a(low_level_com.o)
 .text.USART0_Initialize
                0x0000000008041c54       0xc4 ../../platform/ns/libplatform_ns.a(low_level_com.o)
 .text.USART0_GetRxCount
                0x0000000008041d18        0x4 ../../platform/ns/libplatform_ns.a(low_level_com.o)
 .text.HAL_PWREx_EnableVddIO2
                0x0000000008041d1c       0x10 ../../platform/ns/libplatform_ns.a(stm32l5xx_hal_pwr_ex.o)
                0x0000000008041d1c                HAL_PWREx_EnableVddIO2
 .text.HAL_GPIO_Init
                0x0000000008041d2c      0x194 ../../platform/ns/libplatform_ns.a(stm32l5xx_hal_gpio.o)
                0x0000000008041d2c                HAL_GPIO_Init
 .text.HAL_UART_MspInit
                0x0000000008041ec0        0x2 ../../platform/ns/libplatform_ns.a(stm32l5xx_hal_uart.o)
                0x0000000008041ec0                HAL_UART_MspInit
 .text.HAL_UART_RxCpltCallback
                0x0000000008041ec2        0x2 ../../platform/ns/libplatform_ns.a(stm32l5xx_hal_uart.o)
                0x0000000008041ec2                HAL_UART_RxCpltCallback
 .text.HAL_UART_ErrorCallback
                0x0000000008041ec4        0x2 ../../platform/ns/libplatform_ns.a(stm32l5xx_hal_uart.o)
                0x0000000008041ec4                HAL_UART_ErrorCallback
 .text.HAL_UARTEx_RxEventCallback
                0x0000000008041ec6        0x2 ../../platform/ns/libplatform_ns.a(stm32l5xx_hal_uart.o)
                0x0000000008041ec6                HAL_UARTEx_RxEventCallback
 .text.UART_RxISR_8BIT
                0x0000000008041ec8       0x7a ../../platform/ns/libplatform_ns.a(stm32l5xx_hal_uart.o)
 .text.UART_RxISR_16BIT
                0x0000000008041f42       0x76 ../../platform/ns/libplatform_ns.a(stm32l5xx_hal_uart.o)
 .text.UART_RxISR_8BIT_FIFOEN
                0x0000000008041fb8      0x138 ../../platform/ns/libplatform_ns.a(stm32l5xx_hal_uart.o)
 .text.UART_RxISR_16BIT_FIFOEN
                0x00000000080420f0      0x134 ../../platform/ns/libplatform_ns.a(stm32l5xx_hal_uart.o)
 .text.UART_SetConfig
                0x0000000008042224      0x2d0 ../../platform/ns/libplatform_ns.a(stm32l5xx_hal_uart.o)
                0x0000000008042224                UART_SetConfig
 .text.UART_AdvFeatureConfig
                0x00000000080424f4       0xaa ../../platform/ns/libplatform_ns.a(stm32l5xx_hal_uart.o)
                0x00000000080424f4                UART_AdvFeatureConfig
 .text.UART_WaitOnFlagUntilTimeout
                0x000000000804259e       0x94 ../../platform/ns/libplatform_ns.a(stm32l5xx_hal_uart.o)
                0x000000000804259e                UART_WaitOnFlagUntilTimeout
 .text.HAL_UART_Transmit
                0x0000000008042632       0xb8 ../../platform/ns/libplatform_ns.a(stm32l5xx_hal_uart.o)
                0x0000000008042632                HAL_UART_Transmit
 .text.UART_CheckIdleState
                0x00000000080426ea       0x68 ../../platform/ns/libplatform_ns.a(stm32l5xx_hal_uart.o)
                0x00000000080426ea                UART_CheckIdleState
 .text.HAL_UART_Init
                0x0000000008042752       0x60 ../../platform/ns/libplatform_ns.a(stm32l5xx_hal_uart.o)
                0x0000000008042752                HAL_UART_Init
 *fill*         0x00000000080427b2        0x2 
 .text.UART_Start_Receive_IT
                0x00000000080427b4       0xd4 ../../platform/ns/libplatform_ns.a(stm32l5xx_hal_uart.o)
                0x00000000080427b4                UART_Start_Receive_IT
 .text.HAL_UART_Receive_IT
                0x0000000008042888       0x4c ../../platform/ns/libplatform_ns.a(stm32l5xx_hal_uart.o)
                0x0000000008042888                HAL_UART_Receive_IT
 .text.HAL_GetTick
                0x00000000080428d4        0xc ../../platform/ns/libplatform_ns.a(stm32l5xx_hal.o)
                0x00000000080428d4                HAL_GetTick
 .text.HAL_RCC_GetSysClockFreq
                0x00000000080428e0       0x9c ../../platform/ns/libplatform_ns.a(stm32l5xx_hal_rcc.o)
                0x00000000080428e0                HAL_RCC_GetSysClockFreq
 .text.HAL_RCC_GetHCLKFreq
                0x000000000804297c       0x20 ../../platform/ns/libplatform_ns.a(stm32l5xx_hal_rcc.o)
                0x000000000804297c                HAL_RCC_GetHCLKFreq
 .text.HAL_RCC_GetPCLK1Freq
                0x000000000804299c       0x20 ../../platform/ns/libplatform_ns.a(stm32l5xx_hal_rcc.o)
                0x000000000804299c                HAL_RCC_GetPCLK1Freq
 .text.HAL_RCC_GetPCLK2Freq
                0x00000000080429bc       0x20 ../../platform/ns/libplatform_ns.a(stm32l5xx_hal_rcc.o)
                0x00000000080429bc                HAL_RCC_GetPCLK2Freq
 .text.test_app
                0x00000000080429dc       0x10 libtfm_test_app.a(test_app.o)
                0x00000000080429dc                test_app
 .text          0x00000000080429ec      0x124 ../../lib/ext/tfm_test_repo-src/CMSIS/RTOS2/RTX/Library/GCC/libRTX_V8MMN.a(irq_armv8mml.o)
                0x00000000080429ec                SVC_Handler
                0x0000000008042a88                PendSV_Handler
                0x0000000008042a96                SysTick_Handler
                0x0000000008042aa4                Sys_Context
 .text.osRtxTick_Handler
                0x0000000008042b10       0x74 ../../lib/ext/tfm_test_repo-src/CMSIS/RTOS2/RTX/Library/GCC/libRTX_V8MMN.a(rtx_system.o)
                0x0000000008042b10                osRtxTick_Handler
 .text.osRtxPendSV_Handler
                0x0000000008042b84       0xa8 ../../lib/ext/tfm_test_repo-src/CMSIS/RTOS2/RTX/Library/GCC/libRTX_V8MMN.a(rtx_system.o)
                0x0000000008042b84                osRtxPendSV_Handler
 .text.osRtxMemoryPoolInit
                0x0000000008042c2c       0x48 ../../lib/ext/tfm_test_repo-src/CMSIS/RTOS2/RTX/Library/GCC/libRTX_V8MMN.a(rtx_mempool.o)
                0x0000000008042c2c                osRtxMemoryPoolInit
 .text.osRtxMemoryPoolAlloc
                0x0000000008042c74       0x38 ../../lib/ext/tfm_test_repo-src/CMSIS/RTOS2/RTX/Library/GCC/libRTX_V8MMN.a(rtx_mempool.o)
                0x0000000008042c74                osRtxMemoryPoolAlloc
 .text.osRtxMemoryPoolFree
                0x0000000008042cac       0x4c ../../lib/ext/tfm_test_repo-src/CMSIS/RTOS2/RTX/Library/GCC/libRTX_V8MMN.a(rtx_mempool.o)
                0x0000000008042cac                osRtxMemoryPoolFree
 .text.osRtxMemoryInit
                0x0000000008042cf8       0x3c ../../lib/ext/tfm_test_repo-src/CMSIS/RTOS2/RTX/Library/GCC/libRTX_V8MMN.a(rtx_memory.o)
                0x0000000008042cf8                osRtxMemoryInit
 .text.osRtxMemoryAlloc
                0x0000000008042d34       0x7c ../../lib/ext/tfm_test_repo-src/CMSIS/RTOS2/RTX/Library/GCC/libRTX_V8MMN.a(rtx_memory.o)
                0x0000000008042d34                osRtxMemoryAlloc
 .text.osRtxMemoryFree
                0x0000000008042db0       0x78 ../../lib/ext/tfm_test_repo-src/CMSIS/RTOS2/RTX/Library/GCC/libRTX_V8MMN.a(rtx_memory.o)
                0x0000000008042db0                osRtxMemoryFree
 .text.svcRtxMutexNew
                0x0000000008042e28       0x6c ../../lib/ext/tfm_test_repo-src/CMSIS/RTOS2/RTX/Library/GCC/libRTX_V8MMN.a(rtx_mutex.o)
 .text.osRtxMutexOwnerRelease
                0x0000000008042e94       0x44 ../../lib/ext/tfm_test_repo-src/CMSIS/RTOS2/RTX/Library/GCC/libRTX_V8MMN.a(rtx_mutex.o)
                0x0000000008042e94                osRtxMutexOwnerRelease
 .text.osMutexNew
                0x0000000008042ed8       0x24 ../../lib/ext/tfm_test_repo-src/CMSIS/RTOS2/RTX/Library/GCC/libRTX_V8MMN.a(rtx_mutex.o)
                0x0000000008042ed8                osMutexNew
 .text.osThreadExit
                0x0000000008042efc        0xc ../../lib/ext/tfm_test_repo-src/CMSIS/RTOS2/RTX/Library/GCC/libRTX_V8MMN.a(rtx_thread.o)
                0x0000000008042efc                osThreadExit
 .text.osRtxThreadFree
                0x0000000008042f08       0x60 ../../lib/ext/tfm_test_repo-src/CMSIS/RTOS2/RTX/Library/GCC/libRTX_V8MMN.a(rtx_thread.o)
 .text.osRtxThreadPostProcess
                0x0000000008042f68      0x100 ../../lib/ext/tfm_test_repo-src/CMSIS/RTOS2/RTX/Library/GCC/libRTX_V8MMN.a(rtx_thread.o)
 .text.osRtxThreadListGet
                0x0000000008043068       0x14 ../../lib/ext/tfm_test_repo-src/CMSIS/RTOS2/RTX/Library/GCC/libRTX_V8MMN.a(rtx_thread.o)
                0x0000000008043068                osRtxThreadListGet
 .text.osRtxThreadListRemove
                0x000000000804307c       0x14 ../../lib/ext/tfm_test_repo-src/CMSIS/RTOS2/RTX/Library/GCC/libRTX_V8MMN.a(rtx_thread.o)
                0x000000000804307c                osRtxThreadListRemove
 .text.osRtxThreadReadyPut
                0x0000000008043090       0x54 ../../lib/ext/tfm_test_repo-src/CMSIS/RTOS2/RTX/Library/GCC/libRTX_V8MMN.a(rtx_thread.o)
                0x0000000008043090                osRtxThreadReadyPut
 .text.osRtxThreadDelayTick
                0x00000000080430e4       0x78 ../../lib/ext/tfm_test_repo-src/CMSIS/RTOS2/RTX/Library/GCC/libRTX_V8MMN.a(rtx_thread.o)
                0x00000000080430e4                osRtxThreadDelayTick
 .text.osRtxThreadStackCheck
                0x000000000804315c       0x28 ../../lib/ext/tfm_test_repo-src/CMSIS/RTOS2/RTX/Library/GCC/libRTX_V8MMN.a(rtx_thread.o)
                0x000000000804315c                osRtxThreadStackCheck
 .text.osRtxThreadSwitch
                0x0000000008043184       0x14 ../../lib/ext/tfm_test_repo-src/CMSIS/RTOS2/RTX/Library/GCC/libRTX_V8MMN.a(rtx_thread.o)
                0x0000000008043184                osRtxThreadSwitch
 .text.osRtxThreadDispatch
                0x0000000008043198      0x120 ../../lib/ext/tfm_test_repo-src/CMSIS/RTOS2/RTX/Library/GCC/libRTX_V8MMN.a(rtx_thread.o)
                0x0000000008043198                osRtxThreadDispatch
 .text.osRtxThreadWaitExit
                0x00000000080432b8       0x98 ../../lib/ext/tfm_test_repo-src/CMSIS/RTOS2/RTX/Library/GCC/libRTX_V8MMN.a(rtx_thread.o)
                0x00000000080432b8                osRtxThreadWaitExit
 .text.svcRtxThreadNew
                0x0000000008043350      0x2b0 ../../lib/ext/tfm_test_repo-src/CMSIS/RTOS2/RTX/Library/GCC/libRTX_V8MMN.a(rtx_thread.o)
 .text.svcRtxThreadExit
                0x0000000008043600       0xf0 ../../lib/ext/tfm_test_repo-src/CMSIS/RTOS2/RTX/Library/GCC/libRTX_V8MMN.a(rtx_thread.o)
 .text.osThreadNew
                0x00000000080436f0       0x24 ../../lib/ext/tfm_test_repo-src/CMSIS/RTOS2/RTX/Library/GCC/libRTX_V8MMN.a(rtx_thread.o)
                0x00000000080436f0                osThreadNew
 .text.svcRtxKernelInitialize
                0x0000000008043714      0x16c ../../lib/ext/tfm_test_repo-src/CMSIS/RTOS2/RTX/Library/GCC/libRTX_V8MMN.a(rtx_kernel.o)
 .text.osRtxKernelPreInit
                0x0000000008043880        0x4 ../../lib/ext/tfm_test_repo-src/CMSIS/RTOS2/RTX/Library/GCC/libRTX_V8MMN.a(rtx_kernel.o)
                0x0000000008043880                osRtxKernelPreInit
 .text.osKernelInitialize
                0x0000000008043884       0x2c ../../lib/ext/tfm_test_repo-src/CMSIS/RTOS2/RTX/Library/GCC/libRTX_V8MMN.a(rtx_kernel.o)
                0x0000000008043884                osKernelInitialize
 .text.OS_Tick_AcknowledgeIRQ
                0x00000000080438b0        0xc ../../lib/ext/tfm_test_repo-src/CMSIS/RTOS2/RTX/Library/GCC/libRTX_V8MMN.a(os_systick.o)
                0x00000000080438b0                OS_Tick_AcknowledgeIRQ
 .text.psa_call
                0x00000000080438bc       0x38 libtfm_api_ns.a(tfm_psa_ns_api.o)
                0x00000000080438bc                psa_call
 .text.tfm_ns_interface_dispatch
                0x00000000080438f4       0x12 libtfm_api_ns.a(tfm_ns_interface.o)
                0x00000000080438f4                tfm_ns_interface_dispatch
 .text.tfm_ns_interface_init
                0x0000000008043906       0x10 libtfm_api_ns.a(tfm_ns_interface.o)
                0x0000000008043906                tfm_ns_interface_init
 *fill*         0x0000000008043916        0x2 
 .text          0x0000000008043918       0x30 /usr/lib/gcc/arm-none-eabi/9.2.1/thumb/v8-m.main/nofp/libgcc.a(_aeabi_uldivmod.o)
                0x0000000008043918                __aeabi_uldivmod
 .text          0x0000000008043948      0x2c8 /usr/lib/gcc/arm-none-eabi/9.2.1/thumb/v8-m.main/nofp/libgcc.a(_udivmoddi4.o)
                0x0000000008043948                __udivmoddi4
 .text          0x0000000008043c10        0x4 /usr/lib/gcc/arm-none-eabi/9.2.1/thumb/v8-m.main/nofp/libgcc.a(_dvmd_tls.o)
                0x0000000008043c10                __aeabi_ldiv0
                0x0000000008043c10                __aeabi_idiv0
 .text          0x0000000008043c14       0x48 /usr/lib/gcc/arm-none-eabi/9.2.1/../../../arm-none-eabi/lib/thumb/v8-m.main/nofp/libg_nano.a(lib_a-assert.o)
                0x0000000008043c14                __assert_func
                0x0000000008043c50                __assert
 .text          0x0000000008043c5c        0xc /usr/lib/gcc/arm-none-eabi/9.2.1/../../../arm-none-eabi/lib/thumb/v8-m.main/nofp/libg_nano.a(lib_a-atexit.o)
                0x0000000008043c5c                atexit
 .text          0x0000000008043c68       0x28 /usr/lib/gcc/arm-none-eabi/9.2.1/../../../arm-none-eabi/lib/thumb/v8-m.main/nofp/libg_nano.a(lib_a-exit.o)
                0x0000000008043c68                exit
 .text          0x0000000008043c90       0x34 /usr/lib/gcc/arm-none-eabi/9.2.1/../../../arm-none-eabi/lib/thumb/v8-m.main/nofp/libg_nano.a(lib_a-fini.o)
                0x0000000008043c90                __libc_fini_array
 .text          0x0000000008043cc4       0x48 /usr/lib/gcc/arm-none-eabi/9.2.1/../../../arm-none-eabi/lib/thumb/v8-m.main/nofp/libg_nano.a(lib_a-fprintf.o)
                0x0000000008043cc4                _fprintf_r
                0x0000000008043cc4                _fiprintf_r
                0x0000000008043ce4                fprintf
                0x0000000008043ce4                fiprintf
 .text          0x0000000008043d0c       0x48 /usr/lib/gcc/arm-none-eabi/9.2.1/../../../arm-none-eabi/lib/thumb/v8-m.main/nofp/libg_nano.a(lib_a-init.o)
                0x0000000008043d0c                __libc_init_array
 .text          0x0000000008043d54       0xec /usr/lib/gcc/arm-none-eabi/9.2.1/../../../arm-none-eabi/lib/thumb/v8-m.main/nofp/libg_nano.a(lib_a-memcpy.o)
                0x0000000008043d54                memcpy
 .text          0x0000000008043e40       0xa0 /usr/lib/gcc/arm-none-eabi/9.2.1/../../../arm-none-eabi/lib/thumb/v8-m.main/nofp/libg_nano.a(lib_a-memset.o)
                0x0000000008043e40                memset
 .text          0x0000000008043ee0      0x354 /usr/lib/gcc/arm-none-eabi/9.2.1/../../../arm-none-eabi/lib/thumb/v8-m.main/nofp/libg_nano.a(lib_a-nano-vfprintf.o)
                0x0000000008043f18                __sfputs_r
                0x0000000008043f48                __sprint_r
                0x0000000008043f64                _vfiprintf_r
                0x0000000008043f64                _vfprintf_r
                0x000000000804421c                vfiprintf
                0x000000000804421c                vfprintf
 .text          0x0000000008044234      0x3c8 /usr/lib/gcc/arm-none-eabi/9.2.1/../../../arm-none-eabi/lib/thumb/v8-m.main/nofp/libg_nano.a(lib_a-nano-vfprintf_i.o)
                0x0000000008044234                _printf_common
                0x000000000804435c                _printf_i
 .text          0x00000000080445fc       0xc0 /usr/lib/gcc/arm-none-eabi/9.2.1/../../../arm-none-eabi/lib/thumb/v8-m.main/nofp/libg_nano.a(lib_a-wbuf.o)
                0x00000000080445fc                __swbuf_r
                0x00000000080446ac                __swbuf
 .text          0x00000000080446bc      0x100 /usr/lib/gcc/arm-none-eabi/9.2.1/../../../arm-none-eabi/lib/thumb/v8-m.main/nofp/libg_nano.a(lib_a-wsetup.o)
                0x00000000080446bc                __swsetup_r
 .text          0x00000000080447bc       0xb0 /usr/lib/gcc/arm-none-eabi/9.2.1/../../../arm-none-eabi/lib/thumb/v8-m.main/nofp/libg_nano.a(lib_a-__atexit.o)
                0x00000000080447bc                __register_exitproc
 .text          0x000000000804486c       0xa0 /usr/lib/gcc/arm-none-eabi/9.2.1/../../../arm-none-eabi/lib/thumb/v8-m.main/nofp/libg_nano.a(lib_a-__call_atexit.o)
                0x000000000804486c                __call_exitprocs
 .text          0x000000000804490c       0x10 /usr/lib/gcc/arm-none-eabi/9.2.1/../../../arm-none-eabi/lib/thumb/v8-m.main/nofp/libg_nano.a(lib_a-abort.o)
                0x000000000804490c                abort
 .text          0x000000000804491c      0x1b8 /usr/lib/gcc/arm-none-eabi/9.2.1/../../../arm-none-eabi/lib/thumb/v8-m.main/nofp/libg_nano.a(lib_a-fflush.o)
                0x000000000804491c                __sflush_r
                0x0000000008044a50                _fflush_r
                0x0000000008044ab0                fflush
 .text          0x0000000008044ad4      0x214 /usr/lib/gcc/arm-none-eabi/9.2.1/../../../arm-none-eabi/lib/thumb/v8-m.main/nofp/libg_nano.a(lib_a-findfp.o)
                0x0000000008044ad8                _cleanup_r
                0x0000000008044ae8                __sfmoreglue
                0x0000000008044b18                __sfp
                0x0000000008044c94                _cleanup
                0x0000000008044ca8                __sinit
                0x0000000008044cb0                __sfp_lock_acquire
                0x0000000008044cb4                __sfp_lock_release
                0x0000000008044cb8                __sinit_lock_acquire
                0x0000000008044cbc                __sinit_lock_release
                0x0000000008044cc0                __fp_lock_all
                0x0000000008044cd4                __fp_unlock_all
 .text          0x0000000008044ce8      0x328 /usr/lib/gcc/arm-none-eabi/9.2.1/../../../arm-none-eabi/lib/thumb/v8-m.main/nofp/libg_nano.a(lib_a-fvwrite.o)
                0x0000000008044ce8                __sfvwrite_r
 .text          0x0000000008045010       0x98 /usr/lib/gcc/arm-none-eabi/9.2.1/../../../arm-none-eabi/lib/thumb/v8-m.main/nofp/libg_nano.a(lib_a-fwalk.o)
                0x0000000008045010                _fwalk
                0x0000000008045058                _fwalk_reent
 .text          0x00000000080450a8       0xf0 /usr/lib/gcc/arm-none-eabi/9.2.1/../../../arm-none-eabi/lib/thumb/v8-m.main/nofp/libg_nano.a(lib_a-makebuf.o)
                0x00000000080450a8                __swhatbuf_r
                0x0000000008045104                __smakebuf_r
 .text          0x0000000008045198       0x8c /usr/lib/gcc/arm-none-eabi/9.2.1/../../../arm-none-eabi/lib/thumb/v8-m.main/nofp/libg_nano.a(lib_a-memchr-stub.o)
                0x0000000008045198                memchr
 .text          0x0000000008045224       0xd0 /usr/lib/gcc/arm-none-eabi/9.2.1/../../../arm-none-eabi/lib/thumb/v8-m.main/nofp/libg_nano.a(lib_a-memmove.o)
                0x0000000008045224                memmove
 .text          0x00000000080452f4       0xb4 /usr/lib/gcc/arm-none-eabi/9.2.1/../../../arm-none-eabi/lib/thumb/v8-m.main/nofp/libg_nano.a(lib_a-nano-freer.o)
                0x00000000080452f4                _free_r
 .text          0x00000000080453a8       0xc8 /usr/lib/gcc/arm-none-eabi/9.2.1/../../../arm-none-eabi/lib/thumb/v8-m.main/nofp/libg_nano.a(lib_a-nano-mallocr.o)
                0x00000000080453a8                _malloc_r
 .text          0x0000000008045470       0x4c /usr/lib/gcc/arm-none-eabi/9.2.1/../../../arm-none-eabi/lib/thumb/v8-m.main/nofp/libg_nano.a(lib_a-nano-reallocr.o)
                0x0000000008045470                _realloc_r
 .text          0x00000000080454bc       0x24 /usr/lib/gcc/arm-none-eabi/9.2.1/../../../arm-none-eabi/lib/thumb/v8-m.main/nofp/libg_nano.a(lib_a-sbrkr.o)
                0x00000000080454bc                _sbrk_r
 .text          0x00000000080454e0      0x150 /usr/lib/gcc/arm-none-eabi/9.2.1/../../../arm-none-eabi/lib/thumb/v8-m.main/nofp/libg_nano.a(lib_a-signal.o)
                0x0000000008045508                _init_signal_r
                0x0000000008045514                _signal_r
                0x0000000008045548                _raise_r
                0x000000000804559c                __sigtramp_r
                0x00000000080455ec                raise
                0x00000000080455fc                signal
                0x000000000804560c                _init_signal
                0x0000000008045620                __sigtramp
 .text          0x0000000008045630       0x2c /usr/lib/gcc/arm-none-eabi/9.2.1/../../../arm-none-eabi/lib/thumb/v8-m.main/nofp/libg_nano.a(lib_a-signalr.o)
                0x0000000008045630                _kill_r
                0x0000000008045658                _getpid_r
 .text          0x000000000804565c       0x94 /usr/lib/gcc/arm-none-eabi/9.2.1/../../../arm-none-eabi/lib/thumb/v8-m.main/nofp/libg_nano.a(lib_a-stdio.o)
                0x000000000804565c                __sread
                0x0000000008045680                __seofread
                0x0000000008045684                __swrite
                0x00000000080456c4                __sseek
                0x00000000080456e8                __sclose
 .text          0x00000000080456f0       0x2c /usr/lib/gcc/arm-none-eabi/9.2.1/../../../arm-none-eabi/lib/thumb/v8-m.main/nofp/libg_nano.a(lib_a-writer.o)
                0x00000000080456f0                _write_r
 .text          0x000000000804571c       0x24 /usr/lib/gcc/arm-none-eabi/9.2.1/../../../arm-none-eabi/lib/thumb/v8-m.main/nofp/libg_nano.a(lib_a-closer.o)
                0x000000000804571c                _close_r
 .text          0x0000000008045740       0x28 /usr/lib/gcc/arm-none-eabi/9.2.1/../../../arm-none-eabi/lib/thumb/v8-m.main/nofp/libg_nano.a(lib_a-fstatr.o)
                0x0000000008045740                _fstat_r
 .text          0x0000000008045768       0x24 /usr/lib/gcc/arm-none-eabi/9.2.1/../../../arm-none-eabi/lib/thumb/v8-m.main/nofp/libg_nano.a(lib_a-isattyr.o)
                0x0000000008045768                _isatty_r
 .text          0x000000000804578c       0x2c /usr/lib/gcc/arm-none-eabi/9.2.1/../../../arm-none-eabi/lib/thumb/v8-m.main/nofp/libg_nano.a(lib_a-lseekr.o)
                0x000000000804578c                _lseek_r
 .text          0x00000000080457b8        0x8 /usr/lib/gcc/arm-none-eabi/9.2.1/../../../arm-none-eabi/lib/thumb/v8-m.main/nofp/libg_nano.a(lib_a-mlock.o)
                0x00000000080457b8                __malloc_lock
                0x00000000080457bc                __malloc_unlock
 .text          0x00000000080457c0       0x14 /usr/lib/gcc/arm-none-eabi/9.2.1/../../../arm-none-eabi/lib/thumb/v8-m.main/nofp/libg_nano.a(lib_a-nano-msizer.o)
                0x00000000080457c0                _malloc_usable_size_r
 .text          0x00000000080457d4       0x2c /usr/lib/gcc/arm-none-eabi/9.2.1/../../../arm-none-eabi/lib/thumb/v8-m.main/nofp/libg_nano.a(lib_a-readr.o)
                0x00000000080457d4                _read_r
 .text          0x0000000008045800       0x10 /usr/lib/gcc/arm-none-eabi/9.2.1/../../../arm-none-eabi/lib/thumb/v8-m.main/nofp/libnosys.a(close.o)
                0x0000000008045800                _close
 .text          0x0000000008045810       0x10 /usr/lib/gcc/arm-none-eabi/9.2.1/../../../arm-none-eabi/lib/thumb/v8-m.main/nofp/libnosys.a(fstat.o)
                0x0000000008045810                _fstat
 .text          0x0000000008045820       0x10 /usr/lib/gcc/arm-none-eabi/9.2.1/../../../arm-none-eabi/lib/thumb/v8-m.main/nofp/libnosys.a(getpid.o)
                0x0000000008045820                _getpid
 .text          0x0000000008045830       0x10 /usr/lib/gcc/arm-none-eabi/9.2.1/../../../arm-none-eabi/lib/thumb/v8-m.main/nofp/libnosys.a(isatty.o)
                0x0000000008045830                _isatty
 .text          0x0000000008045840       0x10 /usr/lib/gcc/arm-none-eabi/9.2.1/../../../arm-none-eabi/lib/thumb/v8-m.main/nofp/libnosys.a(kill.o)
                0x0000000008045840                _kill
 .text          0x0000000008045850       0x10 /usr/lib/gcc/arm-none-eabi/9.2.1/../../../arm-none-eabi/lib/thumb/v8-m.main/nofp/libnosys.a(lseek.o)
                0x0000000008045850                _lseek
 .text          0x0000000008045860       0x10 /usr/lib/gcc/arm-none-eabi/9.2.1/../../../arm-none-eabi/lib/thumb/v8-m.main/nofp/libnosys.a(read.o)
                0x0000000008045860                _read
 .text          0x0000000008045870       0x1c /usr/lib/gcc/arm-none-eabi/9.2.1/../../../arm-none-eabi/lib/thumb/v8-m.main/nofp/libnosys.a(sbrk.o)
                0x0000000008045870                _sbrk
 .text          0x000000000804588c        0x4 /usr/lib/gcc/arm-none-eabi/9.2.1/../../../arm-none-eabi/lib/thumb/v8-m.main/nofp/libnosys.a(_exit.o)
                0x000000000804588c                _exit
 *(.init)
 .init          0x0000000008045890        0x4 /usr/lib/gcc/arm-none-eabi/9.2.1/thumb/v8-m.main/nofp/crti.o
                0x0000000008045890                _init
 .init          0x0000000008045894        0x8 /usr/lib/gcc/arm-none-eabi/9.2.1/thumb/v8-m.main/nofp/crtn.o
 *(.fini)
 .fini          0x000000000804589c        0x4 /usr/lib/gcc/arm-none-eabi/9.2.1/thumb/v8-m.main/nofp/crti.o
                0x000000000804589c                _fini
 .fini          0x00000000080458a0        0x8 /usr/lib/gcc/arm-none-eabi/9.2.1/thumb/v8-m.main/nofp/crtn.o
 *crtbegin.o(.ctors)
 *crtbegin?.o(.ctors)
 *(EXCLUDE_FILE(*crtend.o *crtend?.o) .ctors)
 *(SORT_BY_NAME(.ctors.*))
 *(.ctors)
 *crtbegin.o(.dtors)
 *crtbegin?.o(.dtors)
 *(EXCLUDE_FILE(*crtend.o *crtend?.o) .dtors)
 *(SORT_BY_NAME(.dtors.*))
 *(.dtors)
 *(.rodata*)
 .rodata.send_test.str1.1
                0x00000000080458a8       0x2d CMakeFiles/tfm_ns.dir/main_ns.o
 .rodata.main.str1.1
                0x00000000080458d5       0x20 CMakeFiles/tfm_ns.dir/main_ns.o
 .rodata.str1.1
                0x00000000080458f5        0xc CMakeFiles/tfm_ns.dir/main_ns.o
 *fill*         0x0000000008045901        0x3 
 .rodata.thread_attr
                0x0000000008045904       0x24 CMakeFiles/tfm_ns.dir/main_ns.o
 .rodata        0x0000000008045928       0xa0 CMakeFiles/tfm_ns.dir/__/CMSIS/RTOS2/RTX/Source/rtx_lib.o
                0x0000000008045928                os_cb_sections
                0x0000000008045960                osRtxConfig
 .rodata.osRtxUserSVC
                0x00000000080459c8        0x4 CMakeFiles/tfm_ns.dir/__/CMSIS/RTOS2/RTX/Source/rtx_lib.o
                0x00000000080459c8                osRtxUserSVC
 .rodata.os_idle_thread_attr
                0x00000000080459cc       0x24 CMakeFiles/tfm_ns.dir/__/CMSIS/RTOS2/RTX/Source/rtx_lib.o
 .rodata.os_timer_mq_attr
                0x00000000080459f0       0x18 CMakeFiles/tfm_ns.dir/__/CMSIS/RTOS2/RTX/Source/rtx_lib.o
 .rodata.os_timer_thread_attr
                0x0000000008045a08       0x24 CMakeFiles/tfm_ns.dir/__/CMSIS/RTOS2/RTX/Source/rtx_lib.o
 .rodata.tfm_log_printf.str1.1
                0x0000000008045a2c       0x15 CMakeFiles/tfm_ns.dir/__/log/tfm_log_raw.o
 .rodata.hex_digits_lo
                0x0000000008045a41       0x10 CMakeFiles/tfm_ns.dir/__/log/tfm_log_raw.o
                0x0000000008045a41                hex_digits_lo
 .rodata.hex_digits_up
                0x0000000008045a51       0x10 CMakeFiles/tfm_ns.dir/__/log/tfm_log_raw.o
                0x0000000008045a51                hex_digits_up
 .rodata.stdio_init.str1.1
                0x0000000008045a61       0x5a ../../platform/ns/libplatform_ns.a(uart_stdout.o)
 .rodata.__func__.4603
                0x0000000008045abb        0xb ../../platform/ns/libplatform_ns.a(uart_stdout.o)
 .rodata.AHBPrescTable
                0x0000000008045ac6       0x10 ../../platform/ns/libplatform_ns.a(system_stm32l5xx.o)
                0x0000000008045ac6                AHBPrescTable
 .rodata.APBPrescTable
                0x0000000008045ad6        0x8 ../../platform/ns/libplatform_ns.a(system_stm32l5xx.o)
                0x0000000008045ad6                APBPrescTable
 *fill*         0x0000000008045ade        0x2 
 .rodata.MSIRangeTable
                0x0000000008045ae0       0x40 ../../platform/ns/libplatform_ns.a(system_stm32l5xx.o)
                0x0000000008045ae0                MSIRangeTable
 .rodata.DriverVersion
                0x0000000008045b20        0x4 ../../platform/ns/libplatform_ns.a(low_level_com.o)
 .rodata.Driver_USART0
                0x0000000008045b24       0x38 ../../platform/ns/libplatform_ns.a(low_level_com.o)
                0x0000000008045b24                Driver_USART0
 .rodata.CSWTCH.58
                0x0000000008045b5c        0x3 ../../platform/ns/libplatform_ns.a(stm32l5xx_hal_uart.o)
 .rodata.CSWTCH.59
                0x0000000008045b5f        0xd ../../platform/ns/libplatform_ns.a(stm32l5xx_hal_uart.o)
 .rodata.UARTPrescTable
                0x0000000008045b6c       0x18 ../../platform/ns/libplatform_ns.a(stm32l5xx_hal_uart.o)
                0x0000000008045b6c                UARTPrescTable
 .rodata.test_app.str1.1
                0x0000000008045b84        0x2 libtfm_test_app.a(test_app.o)
 *fill*         0x0000000008045b86        0x2 
 .rodata.str1.4
                0x0000000008045b88        0xb ../../lib/ext/tfm_test_repo-src/CMSIS/RTOS2/RTX/Library/GCC/libRTX_V8MMN.a(rtx_kernel.o)
 *fill*         0x0000000008045b93        0x1 
 .rodata.str1.4
                0x0000000008045b94       0x3f /usr/lib/gcc/arm-none-eabi/9.2.1/../../../arm-none-eabi/lib/thumb/v8-m.main/nofp/libg_nano.a(lib_a-assert.o)
                                         0x43 (size before relaxing)
 *fill*         0x0000000008045bd3        0x1 
 .rodata        0x0000000008045bd4        0x4 /usr/lib/gcc/arm-none-eabi/9.2.1/../../../arm-none-eabi/lib/thumb/v8-m.main/nofp/libg_nano.a(lib_a-impure.o)
                0x0000000008045bd4                _global_impure_ptr
 .rodata.str1.4
                0x0000000008045bd8       0x13 /usr/lib/gcc/arm-none-eabi/9.2.1/../../../arm-none-eabi/lib/thumb/v8-m.main/nofp/libg_nano.a(lib_a-nano-vfprintf.o)
 *fill*         0x0000000008045beb        0x1 
 .rodata.str1.4
                0x0000000008045bec       0x25 /usr/lib/gcc/arm-none-eabi/9.2.1/../../../arm-none-eabi/lib/thumb/v8-m.main/nofp/libg_nano.a(lib_a-nano-vfprintf_i.o)
 *fill*         0x0000000008045c11        0x3 
 .rodata        0x0000000008045c14       0x60 /usr/lib/gcc/arm-none-eabi/9.2.1/../../../arm-none-eabi/lib/thumb/v8-m.main/nofp/libg_nano.a(lib_a-findfp.o)
                0x0000000008045c14                __sf_fake_stderr
                0x0000000008045c34                __sf_fake_stdout
                0x0000000008045c54                __sf_fake_stdin
 *(.eh_frame*)
 .eh_frame      0x0000000008045c74        0x0 /usr/lib/gcc/arm-none-eabi/9.2.1/thumb/v8-m.main/nofp/crtbegin.o
 .eh_frame      0x0000000008045c74        0x4 /usr/lib/gcc/arm-none-eabi/9.2.1/thumb/v8-m.main/nofp/crtend.o

.glue_7         0x0000000008045c78        0x0
 .glue_7        0x0000000008045c78        0x0 linker stubs

.glue_7t        0x0000000008045c78        0x0
 .glue_7t       0x0000000008045c78        0x0 linker stubs

.vfp11_veneer   0x0000000008045c78        0x0
 .vfp11_veneer  0x0000000008045c78        0x0 linker stubs

.v4_bx          0x0000000008045c78        0x0
 .v4_bx         0x0000000008045c78        0x0 linker stubs

.iplt           0x0000000008045c78        0x0
 .iplt          0x0000000008045c78        0x0 /usr/lib/gcc/arm-none-eabi/9.2.1/thumb/v8-m.main/nofp/crtbegin.o

.ARM.extab
 *(.ARM.extab* .gnu.linkonce.armextab.*)
                0x0000000008045c78                __exidx_start = .

.ARM.exidx      0x0000000008045c78        0x8
 *(.ARM.exidx* .gnu.linkonce.armexidx.*)
 .ARM.exidx     0x0000000008045c78        0x8 /usr/lib/gcc/arm-none-eabi/9.2.1/../../../arm-none-eabi/lib/thumb/v8-m.main/nofp/crt0.o
                                         0x10 (size before relaxing)
 .ARM.exidx     0x0000000008045c80        0x0 ../../lib/ext/tfm_test_repo-src/CMSIS/RTOS2/RTX/Library/GCC/libRTX_V8MMN.a(irq_armv8mml.o)
                                         0x20 (size before relaxing)
 .ARM.exidx     0x0000000008045c80        0x0 /usr/lib/gcc/arm-none-eabi/9.2.1/thumb/v8-m.main/nofp/libgcc.a(_udivmoddi4.o)
                                          0x8 (size before relaxing)
                0x0000000008045c80                __exidx_end = .

.rel.dyn        0x0000000008045c80        0x0
 .rel.iplt      0x0000000008045c80        0x0 /usr/lib/gcc/arm-none-eabi/9.2.1/thumb/v8-m.main/nofp/crtbegin.o

.copy.table     0x0000000008045c80       0x18
                0x0000000008045c80                . = ALIGN (0x4)
                0x0000000008045c80                __copy_table_start__ = .
                0x0000000008045c80        0x4 LONG 0x8045ca8 __etext
                0x0000000008045c84        0x4 LONG 0x20000100 __data_start__
                0x0000000008045c88        0x4 LONG 0x44 ((__data_end__ - __data_start__) / 0x4)
                0x0000000008045c8c        0x4 LONG 0x0 DEFINED (__etext2)?__etext2:0x0
                0x0000000008045c90        0x4 LONG 0x0 DEFINED (__data2_start__)?__data2_start__:0x0
                0x0000000008045c94        0x4 LONG 0x0 DEFINED (__data2_start__)?((__data2_end__ - __data2_start__) / 0x4):0x0
                0x0000000008045c98                __copy_table_end__ = .

.zero.table     0x0000000008045c98       0x10
                0x0000000008045c98                . = ALIGN (0x4)
                0x0000000008045c98                __zero_table_start__ = .
                0x0000000008045c98        0x4 LONG 0x20000210 __bss_start__
                0x0000000008045c9c        0x4 LONG 0x929 ((__bss_end__ - __bss_start__) / 0x4)
                0x0000000008045ca0        0x4 LONG 0x0 DEFINED (__bss2_start__)?__bss2_start__:0x0
                0x0000000008045ca4        0x4 LONG 0x0 DEFINED (__bss2_start__)?((__bss2_end__ - __bss2_start__) / 0x4):0x0
                0x0000000008045ca8                __zero_table_end__ = .
                0x0000000008045ca8                __etext = ALIGN (0x4)

.testprotection
 *(.bss.NoInit)

.data           0x0000000020000100      0x110 load address 0x0000000008045ca8
                0x0000000020000100                __data_start__ = .
 *(vtable)
 *(.data*)
 .data.os       0x0000000020000100       0xa4 ../../lib/ext/tfm_test_repo-src/CMSIS/RTOS2/RTX/Library/GCC/libRTX_V8MMN.a(rtx_kernel.o)
                0x0000000020000100                osRtxInfo
 .data          0x00000000200001a4       0x64 /usr/lib/gcc/arm-none-eabi/9.2.1/../../../arm-none-eabi/lib/thumb/v8-m.main/nofp/libg_nano.a(lib_a-impure.o)
                0x00000000200001a4                _impure_ptr
                0x0000000020000208                . = ALIGN (0x4)
                0x0000000020000208                PROVIDE (__preinit_array_start = .)
 *(.preinit_array)
                0x0000000020000208                PROVIDE (__preinit_array_end = .)
                0x0000000020000208                . = ALIGN (0x4)
                0x0000000020000208                PROVIDE (__init_array_start = .)
 *(SORT_BY_NAME(.init_array.*))
 *(.init_array)
 .init_array    0x0000000020000208        0x4 /usr/lib/gcc/arm-none-eabi/9.2.1/thumb/v8-m.main/nofp/crtbegin.o
                0x000000002000020c                PROVIDE (__init_array_end = .)
                0x000000002000020c                . = ALIGN (0x4)
                0x000000002000020c                PROVIDE (__fini_array_start = .)
 *(SORT_BY_NAME(.fini_array.*))
 *(.fini_array)
 .fini_array    0x000000002000020c        0x4 /usr/lib/gcc/arm-none-eabi/9.2.1/thumb/v8-m.main/nofp/crtbegin.o
                0x0000000020000210                PROVIDE (__fini_array_end = .)
 *(.jcr*)
                0x0000000020000210                . = ALIGN (0x4)
                0x0000000020000210                __data_end__ = .

.tm_clone_table
                0x0000000020000210        0x0 load address 0x0000000008045db8
 .tm_clone_table
                0x0000000020000210        0x0 /usr/lib/gcc/arm-none-eabi/9.2.1/thumb/v8-m.main/nofp/crtbegin.o
 .tm_clone_table
                0x0000000020000210        0x0 /usr/lib/gcc/arm-none-eabi/9.2.1/thumb/v8-m.main/nofp/crtend.o

.igot.plt       0x0000000020000210        0x0 load address 0x0000000008045db8
 .igot.plt      0x0000000020000210        0x0 /usr/lib/gcc/arm-none-eabi/9.2.1/thumb/v8-m.main/nofp/crtbegin.o

.bss            0x0000000020000210     0x24a4 load address 0x0000000008045db8
                0x0000000020000210                . = ALIGN (0x4)
                0x0000000020000210                __bss_start__ = .
 *(.bss*)
 .bss           0x0000000020000210       0x1c /usr/lib/gcc/arm-none-eabi/9.2.1/thumb/v8-m.main/nofp/crtbegin.o
 *fill*         0x000000002000022c        0x4 
 .bss.os        0x0000000020000230     0x2040 CMakeFiles/tfm_ns.dir/__/CMSIS/RTOS2/RTX/Source/rtx_lib.o
 .bss.os.msgqueue.cb
                0x0000000020002270       0x34 CMakeFiles/tfm_ns.dir/__/CMSIS/RTOS2/RTX/Source/rtx_lib.o
 .bss.os.msgqueue.mem
                0x00000000200022a4       0x50 CMakeFiles/tfm_ns.dir/__/CMSIS/RTOS2/RTX/Source/rtx_lib.o
 .bss.os.thread.cb
                0x00000000200022f4       0x88 CMakeFiles/tfm_ns.dir/__/CMSIS/RTOS2/RTX/Source/rtx_lib.o
 *fill*         0x000000002000237c        0x4 
 .bss.os.thread.stack
                0x0000000020002380      0x200 CMakeFiles/tfm_ns.dir/__/CMSIS/RTOS2/RTX/Source/rtx_lib.o
 .bss.uart_device
                0x0000000020002580       0x90 ../../platform/ns/libplatform_ns.a(low_level_com.o)
 .bss           0x0000000020002610       0x8c /usr/lib/gcc/arm-none-eabi/9.2.1/../../../arm-none-eabi/lib/thumb/v8-m.main/nofp/libg_nano.a(lib_a-__atexit.o)
 .bss           0x000000002000269c        0x4 /usr/lib/gcc/arm-none-eabi/9.2.1/../../../arm-none-eabi/lib/thumb/v8-m.main/nofp/libg_nano.a(lib_a-__call_atexit.o)
                0x000000002000269c                _global_atexit
 .bss           0x00000000200026a0        0x8 /usr/lib/gcc/arm-none-eabi/9.2.1/../../../arm-none-eabi/lib/thumb/v8-m.main/nofp/libg_nano.a(lib_a-nano-mallocr.o)
                0x00000000200026a0                __malloc_free_list
                0x00000000200026a4                __malloc_sbrk_start
 .bss           0x00000000200026a8        0x4 /usr/lib/gcc/arm-none-eabi/9.2.1/../../../arm-none-eabi/lib/thumb/v8-m.main/nofp/libnosys.a(sbrk.o)
 *(COMMON)
 COMMON         0x00000000200026ac        0x4 ../../platform/ns/libplatform_ns.a(stm32l5xx_hal.o)
                0x00000000200026ac                uwTick
 COMMON         0x00000000200026b0        0x4 /usr/lib/gcc/arm-none-eabi/9.2.1/../../../arm-none-eabi/lib/thumb/v8-m.main/nofp/libg_nano.a(lib_a-reent.o)
                0x00000000200026b0                errno
                0x00000000200026b4                . = ALIGN (0x4)
                0x00000000200026b4                __bss_end__ = .
                0x00000000000024a4                bss_size = (__bss_end__ - __bss_start__)

.stack          0x00000000200026c0     0x1000 load address 0x0000000008048280
                0x00000000200036c0                . = (. + __stack_size__)
 *fill*         0x00000000200026c0     0x1000 
                0x00000000200026c0                __StackLimit = ADDR (.stack)
                0x00000000200036c0                __StackTop = (ADDR (.stack) + SIZEOF (.stack))

.heap           0x00000000200036c0     0x1000 load address 0x0000000008049280
                0x00000000200036c0                __end__ = .
                0x00000000200036c0                PROVIDE (end = .)
                0x00000000200036c0                __HeapBase = .
                0x00000000200046c0                . = (. + __heap_size__)
 *fill*         0x00000000200036c0     0x1000 
                0x00000000200046c0                __HeapLimit = .
                0x00000000200046c0                __heap_limit = .
                0x00000000200036c0                PROVIDE (__stack = __StackTop)
OUTPUT(../../bin/tfm_ns.axf elf32-littlearm)
LOAD linker stubs

.ARM.attributes
                0x0000000000000000       0x30
 .ARM.attributes
                0x0000000000000000       0x22 /usr/lib/gcc/arm-none-eabi/9.2.1/thumb/v8-m.main/nofp/crti.o
 .ARM.attributes
                0x0000000000000022       0x32 /usr/lib/gcc/arm-none-eabi/9.2.1/thumb/v8-m.main/nofp/crtbegin.o
 .ARM.attributes
                0x0000000000000054       0x20 /usr/lib/gcc/arm-none-eabi/9.2.1/../../../arm-none-eabi/lib/thumb/v8-m.main/nofp/crt0.o
 .ARM.attributes
                0x0000000000000074       0x34 CMakeFiles/tfm_ns.dir/main_ns.o
 .ARM.attributes
                0x00000000000000a8       0x34 CMakeFiles/tfm_ns.dir/__/__/__/platform/ext/target/stm/common/stm32l5xx/Device/Source/startup_stm32l5xx_ns.o
 .ARM.attributes
                0x00000000000000dc       0x34 CMakeFiles/tfm_ns.dir/__/ns_interface/ns_client_ext/tz_shim_layer.o
 .ARM.attributes
                0x0000000000000110       0x34 CMakeFiles/tfm_ns.dir/__/CMSIS/RTOS2/RTX/Config/RTX_Config.o
 .ARM.attributes
                0x0000000000000144       0x34 CMakeFiles/tfm_ns.dir/__/CMSIS/RTOS2/RTX/Source/rtx_lib.o
 .ARM.attributes
                0x0000000000000178       0x34 CMakeFiles/tfm_ns.dir/os_wrapper_cmsis_rtos_v2.o
 .ARM.attributes
                0x00000000000001ac       0x34 CMakeFiles/tfm_ns.dir/__/log/tfm_log_raw.o
 .ARM.attributes
                0x00000000000001e0       0x34 ../../platform/ns/libplatform_ns.a(uart_stdout.o)
 .ARM.attributes
                0x0000000000000214       0x34 ../../platform/ns/libplatform_ns.a(system_stm32l5xx.o)
 .ARM.attributes
                0x0000000000000248       0x34 ../../platform/ns/libplatform_ns.a(low_level_com.o)
 .ARM.attributes
                0x000000000000027c       0x34 ../../platform/ns/libplatform_ns.a(stm32l5xx_hal_pwr_ex.o)
 .ARM.attributes
                0x00000000000002b0       0x34 ../../platform/ns/libplatform_ns.a(stm32l5xx_hal_gpio.o)
 .ARM.attributes
                0x00000000000002e4       0x34 ../../platform/ns/libplatform_ns.a(stm32l5xx_hal_uart.o)
 .ARM.attributes
                0x0000000000000318       0x34 ../../platform/ns/libplatform_ns.a(stm32l5xx_hal.o)
 .ARM.attributes
                0x000000000000034c       0x34 ../../platform/ns/libplatform_ns.a(stm32l5xx_hal_rcc.o)
 .ARM.attributes
                0x0000000000000380       0x34 libtfm_test_app.a(test_app.o)
 .ARM.attributes
                0x00000000000003b4       0x20 ../../lib/ext/tfm_test_repo-src/CMSIS/RTOS2/RTX/Library/GCC/libRTX_V8MMN.a(irq_armv8mml.o)
 .ARM.attributes
                0x00000000000003d4       0x32 ../../lib/ext/tfm_test_repo-src/CMSIS/RTOS2/RTX/Library/GCC/libRTX_V8MMN.a(rtx_system.o)
 .ARM.attributes
                0x0000000000000406       0x32 ../../lib/ext/tfm_test_repo-src/CMSIS/RTOS2/RTX/Library/GCC/libRTX_V8MMN.a(rtx_mempool.o)
 .ARM.attributes
                0x0000000000000438       0x32 ../../lib/ext/tfm_test_repo-src/CMSIS/RTOS2/RTX/Library/GCC/libRTX_V8MMN.a(rtx_memory.o)
 .ARM.attributes
                0x000000000000046a       0x32 ../../lib/ext/tfm_test_repo-src/CMSIS/RTOS2/RTX/Library/GCC/libRTX_V8MMN.a(rtx_mutex.o)
 .ARM.attributes
                0x000000000000049c       0x32 ../../lib/ext/tfm_test_repo-src/CMSIS/RTOS2/RTX/Library/GCC/libRTX_V8MMN.a(rtx_thread.o)
 .ARM.attributes
                0x00000000000004ce       0x32 ../../lib/ext/tfm_test_repo-src/CMSIS/RTOS2/RTX/Library/GCC/libRTX_V8MMN.a(rtx_kernel.o)
 .ARM.attributes
                0x0000000000000500       0x32 ../../lib/ext/tfm_test_repo-src/CMSIS/RTOS2/RTX/Library/GCC/libRTX_V8MMN.a(os_systick.o)
 .ARM.attributes
                0x0000000000000532       0x34 libtfm_api_ns.a(tfm_psa_ns_api.o)
 .ARM.attributes
                0x0000000000000566       0x34 libtfm_api_ns.a(tfm_ns_interface.o)
 .ARM.attributes
                0x000000000000059a       0x22 /usr/lib/gcc/arm-none-eabi/9.2.1/thumb/v8-m.main/nofp/libgcc.a(_aeabi_uldivmod.o)
 .ARM.attributes
                0x00000000000005bc       0x32 /usr/lib/gcc/arm-none-eabi/9.2.1/thumb/v8-m.main/nofp/libgcc.a(_udivmoddi4.o)
 .ARM.attributes
                0x00000000000005ee       0x22 /usr/lib/gcc/arm-none-eabi/9.2.1/thumb/v8-m.main/nofp/libgcc.a(_dvmd_tls.o)
 .ARM.attributes
                0x0000000000000610       0x32 /usr/lib/gcc/arm-none-eabi/9.2.1/../../../arm-none-eabi/lib/thumb/v8-m.main/nofp/libg_nano.a(lib_a-assert.o)
 .ARM.attributes
                0x0000000000000642       0x32 /usr/lib/gcc/arm-none-eabi/9.2.1/../../../arm-none-eabi/lib/thumb/v8-m.main/nofp/libg_nano.a(lib_a-atexit.o)
 .ARM.attributes
                0x0000000000000674       0x32 /usr/lib/gcc/arm-none-eabi/9.2.1/../../../arm-none-eabi/lib/thumb/v8-m.main/nofp/libg_nano.a(lib_a-exit.o)
 .ARM.attributes
                0x00000000000006a6       0x32 /usr/lib/gcc/arm-none-eabi/9.2.1/../../../arm-none-eabi/lib/thumb/v8-m.main/nofp/libg_nano.a(lib_a-fini.o)
 .ARM.attributes
                0x00000000000006d8       0x32 /usr/lib/gcc/arm-none-eabi/9.2.1/../../../arm-none-eabi/lib/thumb/v8-m.main/nofp/libg_nano.a(lib_a-fprintf.o)
 .ARM.attributes
                0x000000000000070a       0x32 /usr/lib/gcc/arm-none-eabi/9.2.1/../../../arm-none-eabi/lib/thumb/v8-m.main/nofp/libg_nano.a(lib_a-impure.o)
 .ARM.attributes
                0x000000000000073c       0x32 /usr/lib/gcc/arm-none-eabi/9.2.1/../../../arm-none-eabi/lib/thumb/v8-m.main/nofp/libg_nano.a(lib_a-init.o)
 .ARM.attributes
                0x000000000000076e       0x20 /usr/lib/gcc/arm-none-eabi/9.2.1/../../../arm-none-eabi/lib/thumb/v8-m.main/nofp/libg_nano.a(lib_a-memcpy.o)
 .ARM.attributes
                0x000000000000078e       0x32 /usr/lib/gcc/arm-none-eabi/9.2.1/../../../arm-none-eabi/lib/thumb/v8-m.main/nofp/libg_nano.a(lib_a-memset.o)
 .ARM.attributes
                0x00000000000007c0       0x32 /usr/lib/gcc/arm-none-eabi/9.2.1/../../../arm-none-eabi/lib/thumb/v8-m.main/nofp/libg_nano.a(lib_a-nano-vfprintf.o)
 .ARM.attributes
                0x00000000000007f2       0x32 /usr/lib/gcc/arm-none-eabi/9.2.1/../../../arm-none-eabi/lib/thumb/v8-m.main/nofp/libg_nano.a(lib_a-nano-vfprintf_i.o)
 .ARM.attributes
                0x0000000000000824       0x32 /usr/lib/gcc/arm-none-eabi/9.2.1/../../../arm-none-eabi/lib/thumb/v8-m.main/nofp/libg_nano.a(lib_a-wbuf.o)
 .ARM.attributes
                0x0000000000000856       0x32 /usr/lib/gcc/arm-none-eabi/9.2.1/../../../arm-none-eabi/lib/thumb/v8-m.main/nofp/libg_nano.a(lib_a-wsetup.o)
 .ARM.attributes
                0x0000000000000888       0x32 /usr/lib/gcc/arm-none-eabi/9.2.1/../../../arm-none-eabi/lib/thumb/v8-m.main/nofp/libg_nano.a(lib_a-__atexit.o)
 .ARM.attributes
                0x00000000000008ba       0x32 /usr/lib/gcc/arm-none-eabi/9.2.1/../../../arm-none-eabi/lib/thumb/v8-m.main/nofp/libg_nano.a(lib_a-__call_atexit.o)
 .ARM.attributes
                0x00000000000008ec       0x32 /usr/lib/gcc/arm-none-eabi/9.2.1/../../../arm-none-eabi/lib/thumb/v8-m.main/nofp/libg_nano.a(lib_a-abort.o)
 .ARM.attributes
                0x000000000000091e       0x32 /usr/lib/gcc/arm-none-eabi/9.2.1/../../../arm-none-eabi/lib/thumb/v8-m.main/nofp/libg_nano.a(lib_a-fflush.o)
 .ARM.attributes
                0x0000000000000950       0x32 /usr/lib/gcc/arm-none-eabi/9.2.1/../../../arm-none-eabi/lib/thumb/v8-m.main/nofp/libg_nano.a(lib_a-findfp.o)
 .ARM.attributes
                0x0000000000000982       0x32 /usr/lib/gcc/arm-none-eabi/9.2.1/../../../arm-none-eabi/lib/thumb/v8-m.main/nofp/libg_nano.a(lib_a-fvwrite.o)
 .ARM.attributes
                0x00000000000009b4       0x32 /usr/lib/gcc/arm-none-eabi/9.2.1/../../../arm-none-eabi/lib/thumb/v8-m.main/nofp/libg_nano.a(lib_a-fwalk.o)
 .ARM.attributes
                0x00000000000009e6       0x32 /usr/lib/gcc/arm-none-eabi/9.2.1/../../../arm-none-eabi/lib/thumb/v8-m.main/nofp/libg_nano.a(lib_a-makebuf.o)
 .ARM.attributes
                0x0000000000000a18       0x32 /usr/lib/gcc/arm-none-eabi/9.2.1/../../../arm-none-eabi/lib/thumb/v8-m.main/nofp/libg_nano.a(lib_a-memchr-stub.o)
 .ARM.attributes
                0x0000000000000a4a       0x32 /usr/lib/gcc/arm-none-eabi/9.2.1/../../../arm-none-eabi/lib/thumb/v8-m.main/nofp/libg_nano.a(lib_a-memmove.o)
 .ARM.attributes
                0x0000000000000a7c       0x32 /usr/lib/gcc/arm-none-eabi/9.2.1/../../../arm-none-eabi/lib/thumb/v8-m.main/nofp/libg_nano.a(lib_a-nano-freer.o)
 .ARM.attributes
                0x0000000000000aae       0x32 /usr/lib/gcc/arm-none-eabi/9.2.1/../../../arm-none-eabi/lib/thumb/v8-m.main/nofp/libg_nano.a(lib_a-nano-mallocr.o)
 .ARM.attributes
                0x0000000000000ae0       0x32 /usr/lib/gcc/arm-none-eabi/9.2.1/../../../arm-none-eabi/lib/thumb/v8-m.main/nofp/libg_nano.a(lib_a-nano-reallocr.o)
 .ARM.attributes
                0x0000000000000b12       0x32 /usr/lib/gcc/arm-none-eabi/9.2.1/../../../arm-none-eabi/lib/thumb/v8-m.main/nofp/libg_nano.a(lib_a-sbrkr.o)
 .ARM.attributes
                0x0000000000000b44       0x32 /usr/lib/gcc/arm-none-eabi/9.2.1/../../../arm-none-eabi/lib/thumb/v8-m.main/nofp/libg_nano.a(lib_a-signal.o)
 .ARM.attributes
                0x0000000000000b76       0x32 /usr/lib/gcc/arm-none-eabi/9.2.1/../../../arm-none-eabi/lib/thumb/v8-m.main/nofp/libg_nano.a(lib_a-signalr.o)
 .ARM.attributes
                0x0000000000000ba8       0x32 /usr/lib/gcc/arm-none-eabi/9.2.1/../../../arm-none-eabi/lib/thumb/v8-m.main/nofp/libg_nano.a(lib_a-stdio.o)
 .ARM.attributes
                0x0000000000000bda       0x32 /usr/lib/gcc/arm-none-eabi/9.2.1/../../../arm-none-eabi/lib/thumb/v8-m.main/nofp/libg_nano.a(lib_a-writer.o)
 .ARM.attributes
                0x0000000000000c0c       0x32 /usr/lib/gcc/arm-none-eabi/9.2.1/../../../arm-none-eabi/lib/thumb/v8-m.main/nofp/libg_nano.a(lib_a-closer.o)
 .ARM.attributes
                0x0000000000000c3e       0x32 /usr/lib/gcc/arm-none-eabi/9.2.1/../../../arm-none-eabi/lib/thumb/v8-m.main/nofp/libg_nano.a(lib_a-fstatr.o)
 .ARM.attributes
                0x0000000000000c70       0x32 /usr/lib/gcc/arm-none-eabi/9.2.1/../../../arm-none-eabi/lib/thumb/v8-m.main/nofp/libg_nano.a(lib_a-isattyr.o)
 .ARM.attributes
                0x0000000000000ca2       0x32 /usr/lib/gcc/arm-none-eabi/9.2.1/../../../arm-none-eabi/lib/thumb/v8-m.main/nofp/libg_nano.a(lib_a-lseekr.o)
 .ARM.attributes
                0x0000000000000cd4       0x32 /usr/lib/gcc/arm-none-eabi/9.2.1/../../../arm-none-eabi/lib/thumb/v8-m.main/nofp/libg_nano.a(lib_a-mlock.o)
 .ARM.attributes
                0x0000000000000d06       0x32 /usr/lib/gcc/arm-none-eabi/9.2.1/../../../arm-none-eabi/lib/thumb/v8-m.main/nofp/libg_nano.a(lib_a-nano-msizer.o)
 .ARM.attributes
                0x0000000000000d38       0x32 /usr/lib/gcc/arm-none-eabi/9.2.1/../../../arm-none-eabi/lib/thumb/v8-m.main/nofp/libg_nano.a(lib_a-readr.o)
 .ARM.attributes
                0x0000000000000d6a       0x32 /usr/lib/gcc/arm-none-eabi/9.2.1/../../../arm-none-eabi/lib/thumb/v8-m.main/nofp/libg_nano.a(lib_a-reent.o)
 .ARM.attributes
                0x0000000000000d9c       0x32 /usr/lib/gcc/arm-none-eabi/9.2.1/thumb/v8-m.main/nofp/crtend.o
 .ARM.attributes
                0x0000000000000dce       0x22 /usr/lib/gcc/arm-none-eabi/9.2.1/thumb/v8-m.main/nofp/crtn.o
 .ARM.attributes
                0x0000000000000df0       0x32 /usr/lib/gcc/arm-none-eabi/9.2.1/../../../arm-none-eabi/lib/thumb/v8-m.main/nofp/libnosys.a(close.o)
 .ARM.attributes
                0x0000000000000e22       0x32 /usr/lib/gcc/arm-none-eabi/9.2.1/../../../arm-none-eabi/lib/thumb/v8-m.main/nofp/libnosys.a(fstat.o)
 .ARM.attributes
                0x0000000000000e54       0x32 /usr/lib/gcc/arm-none-eabi/9.2.1/../../../arm-none-eabi/lib/thumb/v8-m.main/nofp/libnosys.a(getpid.o)
 .ARM.attributes
                0x0000000000000e86       0x32 /usr/lib/gcc/arm-none-eabi/9.2.1/../../../arm-none-eabi/lib/thumb/v8-m.main/nofp/libnosys.a(isatty.o)
 .ARM.attributes
                0x0000000000000eb8       0x32 /usr/lib/gcc/arm-none-eabi/9.2.1/../../../arm-none-eabi/lib/thumb/v8-m.main/nofp/libnosys.a(kill.o)
 .ARM.attributes
                0x0000000000000eea       0x32 /usr/lib/gcc/arm-none-eabi/9.2.1/../../../arm-none-eabi/lib/thumb/v8-m.main/nofp/libnosys.a(lseek.o)
 .ARM.attributes
                0x0000000000000f1c       0x32 /usr/lib/gcc/arm-none-eabi/9.2.1/../../../arm-none-eabi/lib/thumb/v8-m.main/nofp/libnosys.a(read.o)
 .ARM.attributes
                0x0000000000000f4e       0x32 /usr/lib/gcc/arm-none-eabi/9.2.1/../../../arm-none-eabi/lib/thumb/v8-m.main/nofp/libnosys.a(sbrk.o)
 .ARM.attributes
                0x0000000000000f80       0x32 /usr/lib/gcc/arm-none-eabi/9.2.1/../../../arm-none-eabi/lib/thumb/v8-m.main/nofp/libnosys.a(_exit.o)

.comment        0x0000000000000000      0x11c
 .comment       0x0000000000000000       0x59 /usr/lib/gcc/arm-none-eabi/9.2.1/thumb/v8-m.main/nofp/crtbegin.o
                                         0x5a (size before relaxing)
 .comment       0x0000000000000059       0x5a CMakeFiles/tfm_ns.dir/main_ns.o
 .comment       0x0000000000000059       0x5a CMakeFiles/tfm_ns.dir/__/__/__/platform/ext/target/stm/common/stm32l5xx/Device/Source/startup_stm32l5xx_ns.o
 .comment       0x0000000000000059       0x5a CMakeFiles/tfm_ns.dir/__/ns_interface/ns_client_ext/tz_shim_layer.o
 .comment       0x0000000000000059       0x5a CMakeFiles/tfm_ns.dir/__/CMSIS/RTOS2/RTX/Config/RTX_Config.o
 .comment       0x0000000000000059       0x5a CMakeFiles/tfm_ns.dir/__/CMSIS/RTOS2/RTX/Source/rtx_lib.o
 .comment       0x0000000000000059       0x5a CMakeFiles/tfm_ns.dir/os_wrapper_cmsis_rtos_v2.o
 .comment       0x0000000000000059       0x5a CMakeFiles/tfm_ns.dir/__/log/tfm_log_raw.o
 .comment       0x0000000000000059       0x5a ../../platform/ns/libplatform_ns.a(uart_stdout.o)
 .comment       0x0000000000000059       0x5a ../../platform/ns/libplatform_ns.a(system_stm32l5xx.o)
 .comment       0x0000000000000059       0x5a ../../platform/ns/libplatform_ns.a(low_level_com.o)
 .comment       0x0000000000000059       0x5a ../../platform/ns/libplatform_ns.a(stm32l5xx_hal_pwr_ex.o)
 .comment       0x0000000000000059       0x5a ../../platform/ns/libplatform_ns.a(stm32l5xx_hal_gpio.o)
 .comment       0x0000000000000059       0x5a ../../platform/ns/libplatform_ns.a(stm32l5xx_hal_uart.o)
 .comment       0x0000000000000059       0x5a ../../platform/ns/libplatform_ns.a(stm32l5xx_hal.o)
 .comment       0x0000000000000059       0x5a ../../platform/ns/libplatform_ns.a(stm32l5xx_hal_rcc.o)
 .comment       0x0000000000000059       0x5a libtfm_test_app.a(test_app.o)
 .comment       0x0000000000000059       0x75 ../../lib/ext/tfm_test_repo-src/CMSIS/RTOS2/RTX/Library/GCC/libRTX_V8MMN.a(rtx_system.o)
                                         0x76 (size before relaxing)
 .comment       0x00000000000000ce       0x76 ../../lib/ext/tfm_test_repo-src/CMSIS/RTOS2/RTX/Library/GCC/libRTX_V8MMN.a(rtx_mempool.o)
 .comment       0x00000000000000ce       0x76 ../../lib/ext/tfm_test_repo-src/CMSIS/RTOS2/RTX/Library/GCC/libRTX_V8MMN.a(rtx_memory.o)
 .comment       0x00000000000000ce       0x76 ../../lib/ext/tfm_test_repo-src/CMSIS/RTOS2/RTX/Library/GCC/libRTX_V8MMN.a(rtx_mutex.o)
 .comment       0x00000000000000ce       0x76 ../../lib/ext/tfm_test_repo-src/CMSIS/RTOS2/RTX/Library/GCC/libRTX_V8MMN.a(rtx_thread.o)
 .comment       0x00000000000000ce       0x76 ../../lib/ext/tfm_test_repo-src/CMSIS/RTOS2/RTX/Library/GCC/libRTX_V8MMN.a(rtx_kernel.o)
 .comment       0x00000000000000ce       0x76 ../../lib/ext/tfm_test_repo-src/CMSIS/RTOS2/RTX/Library/GCC/libRTX_V8MMN.a(os_systick.o)
 .comment       0x00000000000000ce       0x5a libtfm_api_ns.a(tfm_psa_ns_api.o)
 .comment       0x00000000000000ce       0x5a libtfm_api_ns.a(tfm_ns_interface.o)
 .comment       0x00000000000000ce       0x5a /usr/lib/gcc/arm-none-eabi/9.2.1/thumb/v8-m.main/nofp/libgcc.a(_udivmoddi4.o)
 .comment       0x00000000000000ce       0x4e /usr/lib/gcc/arm-none-eabi/9.2.1/../../../arm-none-eabi/lib/thumb/v8-m.main/nofp/libg_nano.a(lib_a-assert.o)
                                         0x4f (size before relaxing)
 .comment       0x000000000000011c       0x4f /usr/lib/gcc/arm-none-eabi/9.2.1/../../../arm-none-eabi/lib/thumb/v8-m.main/nofp/libg_nano.a(lib_a-atexit.o)
 .comment       0x000000000000011c       0x4f /usr/lib/gcc/arm-none-eabi/9.2.1/../../../arm-none-eabi/lib/thumb/v8-m.main/nofp/libg_nano.a(lib_a-exit.o)
 .comment       0x000000000000011c       0x4f /usr/lib/gcc/arm-none-eabi/9.2.1/../../../arm-none-eabi/lib/thumb/v8-m.main/nofp/libg_nano.a(lib_a-fini.o)
 .comment       0x000000000000011c       0x4f /usr/lib/gcc/arm-none-eabi/9.2.1/../../../arm-none-eabi/lib/thumb/v8-m.main/nofp/libg_nano.a(lib_a-fprintf.o)
 .comment       0x000000000000011c       0x4f /usr/lib/gcc/arm-none-eabi/9.2.1/../../../arm-none-eabi/lib/thumb/v8-m.main/nofp/libg_nano.a(lib_a-impure.o)
 .comment       0x000000000000011c       0x4f /usr/lib/gcc/arm-none-eabi/9.2.1/../../../arm-none-eabi/lib/thumb/v8-m.main/nofp/libg_nano.a(lib_a-init.o)
 .comment       0x000000000000011c       0x4f /usr/lib/gcc/arm-none-eabi/9.2.1/../../../arm-none-eabi/lib/thumb/v8-m.main/nofp/libg_nano.a(lib_a-memset.o)
 .comment       0x000000000000011c       0x4f /usr/lib/gcc/arm-none-eabi/9.2.1/../../../arm-none-eabi/lib/thumb/v8-m.main/nofp/libg_nano.a(lib_a-nano-vfprintf.o)
 .comment       0x000000000000011c       0x4f /usr/lib/gcc/arm-none-eabi/9.2.1/../../../arm-none-eabi/lib/thumb/v8-m.main/nofp/libg_nano.a(lib_a-nano-vfprintf_i.o)
 .comment       0x000000000000011c       0x4f /usr/lib/gcc/arm-none-eabi/9.2.1/../../../arm-none-eabi/lib/thumb/v8-m.main/nofp/libg_nano.a(lib_a-wbuf.o)
 .comment       0x000000000000011c       0x4f /usr/lib/gcc/arm-none-eabi/9.2.1/../../../arm-none-eabi/lib/thumb/v8-m.main/nofp/libg_nano.a(lib_a-wsetup.o)
 .comment       0x000000000000011c       0x4f /usr/lib/gcc/arm-none-eabi/9.2.1/../../../arm-none-eabi/lib/thumb/v8-m.main/nofp/libg_nano.a(lib_a-__atexit.o)
 .comment       0x000000000000011c       0x4f /usr/lib/gcc/arm-none-eabi/9.2.1/../../../arm-none-eabi/lib/thumb/v8-m.main/nofp/libg_nano.a(lib_a-__call_atexit.o)
 .comment       0x000000000000011c       0x4f /usr/lib/gcc/arm-none-eabi/9.2.1/../../../arm-none-eabi/lib/thumb/v8-m.main/nofp/libg_nano.a(lib_a-abort.o)