Archive member included to satisfy reference by file (symbol)

ext/mcuboot/bootutil/libbootutil.a(fault_injection_hardening.o)
                              CMakeFiles/bl2.dir/src/security_cnt.o (FIH_FAILURE)
ext/mcuboot/bootutil/libbootutil.a(loader.o)
                              CMakeFiles/bl2.dir/ext/mcuboot/bl2_main.o (boot_go_for_image_id)
ext/mcuboot/bootutil/libbootutil.a(swap_scratch.o)
                              ext/mcuboot/bootutil/libbootutil.a(loader.o) (boot_read_image_header)
ext/mcuboot/bootutil/libbootutil.a(tlv.o)
                              ext/mcuboot/bootutil/libbootutil.a(loader.o) (bootutil_tlv_iter_begin)
ext/mcuboot/bootutil/libbootutil.a(boot_record.o)
                              ext/mcuboot/bootutil/libbootutil.a(loader.o) (boot_save_boot_status)
ext/mcuboot/bootutil/libbootutil.a(bootutil_misc.o)
                              ext/mcuboot/bootutil/libbootutil.a(swap_scratch.o) (boot_status_entries)
ext/mcuboot/bootutil/libbootutil.a(bootutil_public.o)
                              ext/mcuboot/bootutil/libbootutil.a(bootutil_misc.o) (boot_swap_info_off)
ext/mcuboot/bootutil/libbootutil.a(image_validate.o)
                              ext/mcuboot/bootutil/libbootutil.a(loader.o) (bootutil_get_img_security_cnt)
ext/mcuboot/bootutil/libbootutil.a(image_rsa.o)
                              ext/mcuboot/bootutil/libbootutil.a(image_validate.o) (bootutil_verify_sig)
../platform/libplatform_bl2.a(system_stm32l5xx.o)
                              CMakeFiles/bl2.dir/__/platform/ext/target/stm/common/stm32l5xx/Device/Source/startup_stm32l5xx_bl2.o (SystemInit)
../platform/libplatform_bl2.a(boot_hal_bl2.o)
                              CMakeFiles/bl2.dir/ext/mcuboot/bl2_main.o (boot_platform_quit)
../platform/libplatform_bl2.a(tfm_low_level_security.o)
                              ../platform/libplatform_bl2.a(boot_hal_bl2.o) (TFM_LL_SECU_ApplyRunTimeProtections)
../platform/libplatform_bl2.a(low_level_flash.o)
                              CMakeFiles/bl2.dir/src/default_flash_map.o (TFM_Driver_FLASH0)
../platform/libplatform_bl2.a(stm32l5xx_hal.o)
                              ../platform/libplatform_bl2.a(boot_hal_bl2.o) (HAL_Init)
../platform/libplatform_bl2.a(stm32l5xx_hal_flash.o)
                              ../platform/libplatform_bl2.a(tfm_low_level_security.o) (HAL_FLASH_Unlock)
../platform/libplatform_bl2.a(stm32l5xx_hal_flash_ex.o)
                              ../platform/libplatform_bl2.a(tfm_low_level_security.o) (HAL_FLASHEx_OBProgram)
../platform/libplatform_bl2.a(stm32l5xx_hal_pwr_ex.o)
                              ../platform/libplatform_bl2.a(stm32l5xx_hal_flash_ex.o) (HAL_PWREx_GetVoltageRange)
../platform/libplatform_bl2.a(stm32l5xx_hal_pwr.o)
                              ../platform/libplatform_bl2.a(stm32l5xx_hal_pwr_ex.o) (HAL_PWR_PVDCallback)
../platform/libplatform_bl2.a(stm32l5xx_hal_rcc.o)
                              ../platform/libplatform_bl2.a(boot_hal_bl2.o) (HAL_RCC_OscConfig)
../platform/libplatform_bl2.a(stm32l5xx_hal_cortex.o)
                              ../platform/libplatform_bl2.a(stm32l5xx_hal.o) (HAL_NVIC_SetPriorityGrouping)
../platform/libplatform_bl2.a(stm32l5xx_hal_gpio.o)
                              ../platform/libplatform_bl2.a(stm32l5xx_hal_rcc.o) (HAL_GPIO_Init)
../platform/libplatform_bl2.a(stm32l5xx_hal_gtzc.o)
                              ../platform/libplatform_bl2.a(tfm_low_level_security.o) (HAL_GTZC_MPCBB_ConfigMem)
../platform/libplatform_bl2.a(stm32l5xx_hal_hash.o)
                              CMakeFiles/bl2.dir/__/platform/ext/target/stm/common/hal/accelerator/sha256_alt.o (HAL_HASH_Init)
../platform/libplatform_bl2.a(stm32l5xx_hal_hash_ex.o)
                              CMakeFiles/bl2.dir/__/platform/ext/target/stm/common/hal/accelerator/sha256_alt.o (HAL_HASHEx_SHA224_Accmlt)
../platform/libplatform_bl2.a(low_level_rng.o)
                              ../platform/libplatform_bl2.a(boot_hal_bl2.o) (RNG_Init)
../platform/libplatform_bl2.a(boot_hal_bl2.o)
                              CMakeFiles/bl2.dir/ext/mcuboot/bl2_main.o (boot_platform_post_init)
../platform/libplatform_bl2.a(uart_stdout.o)
                              CMakeFiles/bl2.dir/ext/mcuboot/bl2_main.o (stdio_init)
../platform/libplatform_bl2.a(nv_counters.o)
                              CMakeFiles/bl2.dir/src/security_cnt.o (tfm_plat_init_nv_counter)
../platform/libplatform_bl2.a(tfm_rotpk.o)
                              CMakeFiles/bl2.dir/ext/mcuboot/keys.o (tfm_plat_get_rotpk_hash)
../platform/libplatform_bl2.a(otp_flash.o)
                              CMakeFiles/bl2.dir/ext/mcuboot/bl2_main.o (tfm_plat_otp_init)
../platform/libplatform_bl2.a(low_level_device.o)
                              ../platform/libplatform_bl2.a(low_level_flash.o) (FLASH0_DEV)
../platform/libplatform_bl2.a(low_level_com.o)
                              ../platform/libplatform_bl2.a(uart_stdout.o) (Driver_USART0)
../platform/libplatform_bl2.a(stm32l5xx_hal_dma.o)
[...]
Memory Configuration

Name             Origin             Length             Attributes
FLASH            0x000000000c000000 0x000000000000d800 xr
FLASH_NOHDP      0x000000000c00d800 0x0000000000000800 xr
RAM              0x0000000030030000 0x000000000000fc00 xrw
*default*        0x0000000000000000 0xffffffffffffffff

Linker script and memory map

LOAD /usr/lib/gcc/arm-none-eabi/9.2.1/thumb/v8-m.main/nofp/crti.o
LOAD /usr/lib/gcc/arm-none-eabi/9.2.1/thumb/v8-m.main/nofp/crtbegin.o
LOAD /usr/lib/gcc/arm-none-eabi/9.2.1/../../../arm-none-eabi/lib/thumb/v8-m.main/nofp/crt0.o
LOAD CMakeFiles/bl2.dir/src/flash_map.o
LOAD CMakeFiles/bl2.dir/src/security_cnt.o
LOAD CMakeFiles/bl2.dir/src/default_flash_map.o
LOAD CMakeFiles/bl2.dir/src/provisioning.o
LOAD CMakeFiles/bl2.dir/ext/mcuboot/bl2_main.o
LOAD CMakeFiles/bl2.dir/ext/mcuboot/keys.o
LOAD CMakeFiles/bl2.dir/ext/mcuboot/flash_map_extended.o
LOAD CMakeFiles/bl2.dir/ext/mcuboot/flash_map_legacy.o
LOAD CMakeFiles/bl2.dir/__/platform/ext/target/stm/common/hal/Native_Driver/tick.o
LOAD CMakeFiles/bl2.dir/__/platform/ext/target/stm/common/stm32l5xx/Device/Source/startup_stm32l5xx_bl2.o
LOAD CMakeFiles/bl2.dir/__/platform/ext/target/stm/common/hal/accelerator/sha1_alt.o
LOAD CMakeFiles/bl2.dir/__/platform/ext/target/stm/common/hal/accelerator/sha256_alt.o
LOAD CMakeFiles/bl2.dir/__/platform/ext/target/stm/common/hal/accelerator/stm.o
LOAD ext/mcuboot/bootutil/libbootutil.a
LOAD ../platform/libplatform_bl2.a
LOAD mbedcrypto/library/libmbedcrypto.a
LOAD ../platform/ext/accelerator/libbl2_crypto_hw.a
LOAD mbedcrypto/library/libmbedcrypto.a
LOAD ../platform/ext/accelerator/libbl2_crypto_hw.a
LOAD ../platform/libplatform_bl2.a
START GROUP
LOAD /usr/lib/gcc/arm-none-eabi/9.2.1/thumb/v8-m.main/nofp/libgcc.a
LOAD /usr/lib/gcc/arm-none-eabi/9.2.1/../../../arm-none-eabi/lib/thumb/v8-m.main/nofp/libg_nano.a
LOAD /usr/lib/gcc/arm-none-eabi/9.2.1/../../../arm-none-eabi/lib/thumb/v8-m.main/nofp/libc_nano.a
END GROUP
START GROUP
LOAD /usr/lib/gcc/arm-none-eabi/9.2.1/thumb/v8-m.main/nofp/libgcc.a
LOAD /usr/lib/gcc/arm-none-eabi/9.2.1/../../../arm-none-eabi/lib/thumb/v8-m.main/nofp/libc_nano.a
END GROUP
LOAD /usr/lib/gcc/arm-none-eabi/9.2.1/thumb/v8-m.main/nofp/crtend.o
LOAD /usr/lib/gcc/arm-none-eabi/9.2.1/thumb/v8-m.main/nofp/crtn.o
                0x0000000000001000                __heap_size__ = 0x1000
                0x0000000000001800                __msp_stack_size__ = 0x1800
START GROUP
LOAD /usr/lib/gcc/arm-none-eabi/9.2.1/thumb/v8-m.main/nofp/libgcc.a
LOAD /usr/lib/gcc/arm-none-eabi/9.2.1/../../../arm-none-eabi/lib/thumb/v8-m.main/nofp/libc.a
LOAD /usr/lib/gcc/arm-none-eabi/9.2.1/../../../arm-none-eabi/lib/thumb/v8-m.main/nofp/libm.a
LOAD /usr/lib/gcc/arm-none-eabi/9.2.1/../../../arm-none-eabi/lib/thumb/v8-m.main/nofp/libnosys.a
END GROUP

.BL2_NoHdp_Code
                0x000000000c00d800       0xf0
 *(.BL2_NoHdp_Data)
 *(.BL2_NoHdp_Code)
 .BL2_NoHdp_Code
                0x000000000c00d800       0x6c ../platform/libplatform_bl2.a(boot_hal_bl2.o)
                0x000000000c00d800                boot_jump_to_next_image
                0x000000000c00d822                boot_platform_quit
                0x000000000c00d854                boot_clear_ram_area
 .BL2_NoHdp_Code
                0x000000000c00d86c       0x58 ../platform/libplatform_bl2.a(tfm_low_level_security.o)
                0x000000000c00d86c                TFM_LL_SECU_UpdateRunTimeProtections
 *mpu_armv8m_drv.o(.text* .rodata*)
 *(.BL2_Error_Code)
 .BL2_Error_Code
                0x000000000c00d8c4       0x2c ../platform/libplatform_bl2.a(boot_hal_bl2.o)
                0x000000000c00d8c4                Error_Handler
                0x000000000c00d8f0                __hdp_end__ = .

.text           0x000000000c000000     0xa7fc
 *(.vectors)
 .vectors       0x000000000c000000      0x1f4 CMakeFiles/bl2.dir/__/platform/ext/target/stm/common/stm32l5xx/Device/Source/startup_stm32l5xx_bl2.o
                0x000000000c000000                __Vectors
                0x000000000c0001f4                __Vectors_End = .
                0x000000000c0001f4                __Vectors_Size = (__Vectors_End - __Vectors)
                0x0000000030034ed8                __end__ = .
 *(.text*)
 .text          0x000000000c0001f4       0x8c /usr/lib/gcc/arm-none-eabi/9.2.1/thumb/v8-m.main/nofp/crtbegin.o
 .text          0x000000000c000280       0x70 /usr/lib/gcc/arm-none-eabi/9.2.1/../../../arm-none-eabi/lib/thumb/v8-m.main/nofp/crt0.o
                0x000000000c000280                _stack_init
                0x000000000c000288                _mainCRTStartup
                0x000000000c000288                _start
 .text.is_range_valid
                0x000000000c0002f0       0x1a CMakeFiles/bl2.dir/src/flash_map.o
 *fill*         0x000000000c00030a        0x2 
 .text.flash_area_open
                0x000000000c00030c       0x38 CMakeFiles/bl2.dir/src/flash_map.o
                0x000000000c00030c                flash_area_open
 .text.flash_area_close
                0x000000000c000344        0x2 CMakeFiles/bl2.dir/src/flash_map.o
                0x000000000c000344                flash_area_close
 *fill*         0x000000000c000346        0x2 
 .text.flash_area_read
                0x000000000c000348       0xfc CMakeFiles/bl2.dir/src/flash_map.o
                0x000000000c000348                flash_area_read
 .text.flash_area_write
                0x000000000c000444      0x19c CMakeFiles/bl2.dir/src/flash_map.o
                0x000000000c000444                flash_area_write
 .text.flash_area_erase
                0x000000000c0005e0       0x42 CMakeFiles/bl2.dir/src/flash_map.o
                0x000000000c0005e0                flash_area_erase
 .text.flash_area_align
                0x000000000c000622        0xc CMakeFiles/bl2.dir/src/flash_map.o
                0x000000000c000622                flash_area_align
 *fill*         0x000000000c00062e        0x2 
 .text.boot_nv_security_counter_init
                0x000000000c000630       0x1c CMakeFiles/bl2.dir/src/security_cnt.o
                0x000000000c000630                boot_nv_security_counter_init
 .text.boot_nv_security_counter_get
                0x000000000c00064c       0x38 CMakeFiles/bl2.dir/src/security_cnt.o
                0x000000000c00064c                boot_nv_security_counter_get
 .text.boot_nv_security_counter_update
                0x000000000c000684       0x28 CMakeFiles/bl2.dir/src/security_cnt.o
                0x000000000c000684                boot_nv_security_counter_update
 *fill*         0x000000000c0006ac        0x4 
 .text.tfm_plat_provisioning_check_for_dummy_keys
                0x000000000c0006b0       0x5c CMakeFiles/bl2.dir/src/provisioning.o
                0x000000000c0006b0                tfm_plat_provisioning_check_for_dummy_keys
 .text.tfm_plat_provisioning_is_required
                0x000000000c00070c       0x1e CMakeFiles/bl2.dir/src/provisioning.o
                0x000000000c00070c                tfm_plat_provisioning_is_required
 *fill*         0x000000000c00072a        0x2 
 .text.provision_assembly_and_test
                0x000000000c00072c       0x30 CMakeFiles/bl2.dir/src/provisioning.o
                0x000000000c00072c                provision_assembly_and_test
 .text.tfm_plat_provisioning_perform
                0x000000000c00075c       0x50 CMakeFiles/bl2.dir/src/provisioning.o
                0x000000000c00075c                tfm_plat_provisioning_perform
 .text.startup.main
                0x000000000c0007ac      0x138 CMakeFiles/bl2.dir/ext/mcuboot/bl2_main.o
                0x000000000c0007ac                main
 .text.boot_retrieve_public_key_hash
                0x000000000c0008e4        0x4 CMakeFiles/bl2.dir/ext/mcuboot/keys.o
                0x000000000c0008e4                boot_retrieve_public_key_hash
 .text.flash_device_base
                0x000000000c0008e8       0x24 CMakeFiles/bl2.dir/ext/mcuboot/flash_map_extended.o
                0x000000000c0008e8                flash_device_base
 .text.flash_area_id_from_multi_image_slot
                0x000000000c00090c       0x34 CMakeFiles/bl2.dir/ext/mcuboot/flash_map_extended.o
                0x000000000c00090c                flash_area_id_from_multi_image_slot
 .text.flash_area_erased_val
                0x000000000c000940        0xc CMakeFiles/bl2.dir/ext/mcuboot/flash_map_extended.o
                0x000000000c000940                flash_area_erased_val
 .text.flash_area_get_sectors
                0x000000000c00094c       0x90 CMakeFiles/bl2.dir/ext/mcuboot/flash_map_legacy.o
                0x000000000c00094c                flash_area_get_sectors
 .text.HAL_InitTick
                0x000000000c0009dc       0x1c CMakeFiles/bl2.dir/__/platform/ext/target/stm/common/hal/Native_Driver/tick.o
                0x000000000c0009dc                HAL_InitTick
 .text.HAL_GetTick
                0x000000000c0009f8       0x54 CMakeFiles/bl2.dir/__/platform/ext/target/stm/common/hal/Native_Driver/tick.o
                0x000000000c0009f8                HAL_GetTick
 .text.HardFault_Handler
                0x000000000c000a4c        0x2 CMakeFiles/bl2.dir/__/platform/ext/target/stm/common/stm32l5xx/Device/Source/startup_stm32l5xx_bl2.o
                0x000000000c000a4c                HardFault_Handler
 .text.MemManage_Handler
                0x000000000c000a4e        0x2 CMakeFiles/bl2.dir/__/platform/ext/target/stm/common/stm32l5xx/Device/Source/startup_stm32l5xx_bl2.o
                0x000000000c000a4e                MemManage_Handler
 .text.BusFault_Handler
                0x000000000c000a50        0x2 CMakeFiles/bl2.dir/__/platform/ext/target/stm/common/stm32l5xx/Device/Source/startup_stm32l5xx_bl2.o
                0x000000000c000a50                BusFault_Handler
 .text.UsageFault_Handler
                0x000000000c000a52        0x2 CMakeFiles/bl2.dir/__/platform/ext/target/stm/common/stm32l5xx/Device/Source/startup_stm32l5xx_bl2.o
                0x000000000c000a52                UsageFault_Handler
 .text.SecureFault_Handler
                0x000000000c000a54        0x2 CMakeFiles/bl2.dir/__/platform/ext/target/stm/common/stm32l5xx/Device/Source/startup_stm32l5xx_bl2.o
                0x000000000c000a54                SecureFault_Handler
 .text.SVC_Handler
                0x000000000c000a56        0x2 CMakeFiles/bl2.dir/__/platform/ext/target/stm/common/stm32l5xx/Device/Source/startup_stm32l5xx_bl2.o
                0x000000000c000a56                SVC_Handler
 .text.DebugMon_Handler
                0x000000000c000a58        0x2 CMakeFiles/bl2.dir/__/platform/ext/target/stm/common/stm32l5xx/Device/Source/startup_stm32l5xx_bl2.o
                0x000000000c000a58                DebugMon_Handler
 .text.PendSV_Handler
                0x000000000c000a5a        0x2 CMakeFiles/bl2.dir/__/platform/ext/target/stm/common/stm32l5xx/Device/Source/startup_stm32l5xx_bl2.o
                0x000000000c000a5a                PendSV_Handler
 .text.SysTick_Handler
                0x000000000c000a5c        0x2 CMakeFiles/bl2.dir/__/platform/ext/target/stm/common/stm32l5xx/Device/Source/startup_stm32l5xx_bl2.o
                0x000000000c000a5c                SysTick_Handler
 .text.WWDG_IRQHandler
                0x000000000c000a5e        0x2 CMakeFiles/bl2.dir/__/platform/ext/target/stm/common/stm32l5xx/Device/Source/startup_stm32l5xx_bl2.o
                0x000000000c000a5e                WWDG_IRQHandler
 .text.PVD_PVM_IRQHandler
                0x000000000c000a60        0x2 CMakeFiles/bl2.dir/__/platform/ext/target/stm/common/stm32l5xx/Device/Source/startup_stm32l5xx_bl2.o
                0x000000000c000a60                PVD_PVM_IRQHandler
 .text.RTC_IRQHandler
                0x000000000c000a62        0x2 CMakeFiles/bl2.dir/__/platform/ext/target/stm/common/stm32l5xx/Device/Source/startup_stm32l5xx_bl2.o
                0x000000000c000a62                RTC_IRQHandler
 .text.RTC_IRQHandler_S
                0x000000000c000a64        0x2 CMakeFiles/bl2.dir/__/platform/ext/target/stm/common/stm32l5xx/Device/Source/startup_stm32l5xx_bl2.o
                0x000000000c000a64                RTC_IRQHandler_S
 .text.TAMP_IRQHandler
                0x000000000c000a66        0x2 CMakeFiles/bl2.dir/__/platform/ext/target/stm/common/stm32l5xx/Device/Source/startup_stm32l5xx_bl2.o
                0x000000000c000a66                TAMP_IRQHandler
 .text.TAMP_IRQHandler_S
                0x000000000c000a68        0x2 CMakeFiles/bl2.dir/__/platform/ext/target/stm/common/stm32l5xx/Device/Source/startup_stm32l5xx_bl2.o
                0x000000000c000a68                TAMP_IRQHandler_S
 .text.FLASH_IRQHandler
                0x000000000c000a6a        0x2 CMakeFiles/bl2.dir/__/platform/ext/target/stm/common/stm32l5xx/Device/Source/startup_stm32l5xx_bl2.o
                0x000000000c000a6a                FLASH_IRQHandler
 .text.FLASH_IRQHandler_S
                0x000000000c000a6c        0x2 CMakeFiles/bl2.dir/__/platform/ext/target/stm/common/stm32l5xx/Device/Source/startup_stm32l5xx_bl2.o
                0x000000000c000a6c                FLASH_IRQHandler_S
 .text.SERR_IRQHandler
                0x000000000c000a6e        0x2 CMakeFiles/bl2.dir/__/platform/ext/target/stm/common/stm32l5xx/Device/Source/startup_stm32l5xx_bl2.o
                0x000000000c000a6e                SERR_IRQHandler
 .text.RCC_IRQHandler
                0x000000000c000a70        0x2 CMakeFiles/bl2.dir/__/platform/ext/target/stm/common/stm32l5xx/Device/Source/startup_stm32l5xx_bl2.o
                0x000000000c000a70                RCC_IRQHandler
 .text.RCC_IRQHandler_S
                0x000000000c000a72        0x2 CMakeFiles/bl2.dir/__/platform/ext/target/stm/common/stm32l5xx/Device/Source/startup_stm32l5xx_bl2.o
                0x000000000c000a72                RCC_IRQHandler_S
 .text.EXTI0_IRQHandler
                0x000000000c000a74        0x2 CMakeFiles/bl2.dir/__/platform/ext/target/stm/common/stm32l5xx/Device/Source/startup_stm32l5xx_bl2.o
                0x000000000c000a74                EXTI0_IRQHandler
 .text.EXTI1_IRQHandler
                0x000000000c000a76        0x2 CMakeFiles/bl2.dir/__/platform/ext/target/stm/common/stm32l5xx/Device/Source/startup_stm32l5xx_bl2.o
                0x000000000c000a76                EXTI1_IRQHandler
 .text.EXTI2_IRQHandler
                0x000000000c000a78        0x2 CMakeFiles/bl2.dir/__/platform/ext/target/stm/common/stm32l5xx/Device/Source/startup_stm32l5xx_bl2.o
                0x000000000c000a78                EXTI2_IRQHandler
 .text.EXTI3_IRQHandler
                0x000000000c000a7a        0x2 CMakeFiles/bl2.dir/__/platform/ext/target/stm/common/stm32l5xx/Device/Source/startup_stm32l5xx_bl2.o
                0x000000000c000a7a                EXTI3_IRQHandler
 .text.EXTI4_IRQHandler
                0x000000000c000a7c        0x2 CMakeFiles/bl2.dir/__/platform/ext/target/stm/common/stm32l5xx/Device/Source/startup_stm32l5xx_bl2.o
                0x000000000c000a7c                EXTI4_IRQHandler
 .text.EXTI5_IRQHandler
                0x000000000c000a7e        0x2 CMakeFiles/bl2.dir/__/platform/ext/target/stm/common/stm32l5xx/Device/Source/startup_stm32l5xx_bl2.o
                0x000000000c000a7e                EXTI5_IRQHandler
 .text.EXTI6_IRQHandler
                0x000000000c000a80        0x2 CMakeFiles/bl2.dir/__/platform/ext/target/stm/common/stm32l5xx/Device/Source/startup_stm32l5xx_bl2.o
                0x000000000c000a80                EXTI6_IRQHandler
 .text.EXTI7_IRQHandler
                0x000000000c000a82        0x2 CMakeFiles/bl2.dir/__/platform/ext/target/stm/common/stm32l5xx/Device/Source/startup_stm32l5xx_bl2.o
                0x000000000c000a82                EXTI7_IRQHandler
 .text.EXTI8_IRQHandler
                0x000000000c000a84        0x2 CMakeFiles/bl2.dir/__/platform/ext/target/stm/common/stm32l5xx/Device/Source/startup_stm32l5xx_bl2.o
                0x000000000c000a84                EXTI8_IRQHandler
 .text.EXTI9_IRQHandler
                0x000000000c000a86        0x2 CMakeFiles/bl2.dir/__/platform/ext/target/stm/common/stm32l5xx/Device/Source/startup_stm32l5xx_bl2.o
                0x000000000c000a86                EXTI9_IRQHandler
 .text.EXTI10_IRQHandler
                0x000000000c000a88        0x2 CMakeFiles/bl2.dir/__/platform/ext/target/stm/common/stm32l5xx/Device/Source/startup_stm32l5xx_bl2.o
                0x000000000c000a88                EXTI10_IRQHandler
 .text.EXTI11_IRQHandler
                0x000000000c000a8a        0x2 CMakeFiles/bl2.dir/__/platform/ext/target/stm/common/stm32l5xx/Device/Source/startup_stm32l5xx_bl2.o
                0x000000000c000a8a                EXTI11_IRQHandler
 .text.EXTI12_IRQHandler
                0x000000000c000a8c        0x2 CMakeFiles/bl2.dir/__/platform/ext/target/stm/common/stm32l5xx/Device/Source/startup_stm32l5xx_bl2.o
                0x000000000c000a8c                EXTI12_IRQHandler
 .text.EXTI13_IRQHandler
                0x000000000c000a8e        0x2 CMakeFiles/bl2.dir/__/platform/ext/target/stm/common/stm32l5xx/Device/Source/startup_stm32l5xx_bl2.o
                0x000000000c000a8e                EXTI13_IRQHandler
 .text.EXTI14_IRQHandler
                0x000000000c000a90        0x2 CMakeFiles/bl2.dir/__/platform/ext/target/stm/common/stm32l5xx/Device/Source/startup_stm32l5xx_bl2.o
                0x000000000c000a90                EXTI14_IRQHandler
 .text.EXTI15_IRQHandler
                0x000000000c000a92        0x2 CMakeFiles/bl2.dir/__/platform/ext/target/stm/common/stm32l5xx/Device/Source/startup_stm32l5xx_bl2.o
                0x000000000c000a92                EXTI15_IRQHandler
 .text.DMAMUX1_IRQHandler
                0x000000000c000a94        0x2 CMakeFiles/bl2.dir/__/platform/ext/target/stm/common/stm32l5xx/Device/Source/startup_stm32l5xx_bl2.o
                0x000000000c000a94                DMAMUX1_IRQHandler
 .text.DMAMUX1_IRQHandler_S
                0x000000000c000a96        0x2 CMakeFiles/bl2.dir/__/platform/ext/target/stm/common/stm32l5xx/Device/Source/startup_stm32l5xx_bl2.o
                0x000000000c000a96                DMAMUX1_IRQHandler_S
 .text.DMA1_Channel1_IRQHandler
                0x000000000c000a98        0x2 CMakeFiles/bl2.dir/__/platform/ext/target/stm/common/stm32l5xx/Device/Source/startup_stm32l5xx_bl2.o
                0x000000000c000a98                DMA1_Channel1_IRQHandler
 .text.DMA1_Channel2_IRQHandler
                0x000000000c000a9a        0x2 CMakeFiles/bl2.dir/__/platform/ext/target/stm/common/stm32l5xx/Device/Source/startup_stm32l5xx_bl2.o
                0x000000000c000a9a                DMA1_Channel2_IRQHandler
 .text.DMA1_Channel3_IRQHandler
                0x000000000c000a9c        0x2 CMakeFiles/bl2.dir/__/platform/ext/target/stm/common/stm32l5xx/Device/Source/startup_stm32l5xx_bl2.o
                0x000000000c000a9c                DMA1_Channel3_IRQHandler
 .text.DMA1_Channel4_IRQHandler
                0x000000000c000a9e        0x2 CMakeFiles/bl2.dir/__/platform/ext/target/stm/common/stm32l5xx/Device/Source/startup_stm32l5xx_bl2.o
                0x000000000c000a9e                DMA1_Channel4_IRQHandler
 .text.DMA1_Channel5_IRQHandler
                0x000000000c000aa0        0x2 CMakeFiles/bl2.dir/__/platform/ext/target/stm/common/stm32l5xx/Device/Source/startup_stm32l5xx_bl2.o
                0x000000000c000aa0                DMA1_Channel5_IRQHandler
 .text.DMA1_Channel6_IRQHandler
                0x000000000c000aa2        0x2 CMakeFiles/bl2.dir/__/platform/ext/target/stm/common/stm32l5xx/Device/Source/startup_stm32l5xx_bl2.o
                0x000000000c000aa2                DMA1_Channel6_IRQHandler
 .text.DMA1_Channel7_IRQHandler
                0x000000000c000aa4        0x2 CMakeFiles/bl2.dir/__/platform/ext/target/stm/common/stm32l5xx/Device/Source/startup_stm32l5xx_bl2.o
                0x000000000c000aa4                DMA1_Channel7_IRQHandler
 .text.DMA1_Channel8_IRQHandler
                0x000000000c000aa6        0x2 CMakeFiles/bl2.dir/__/platform/ext/target/stm/common/stm32l5xx/Device/Source/startup_stm32l5xx_bl2.o
                0x000000000c000aa6                DMA1_Channel8_IRQHandler
 .text.ADC1_2_IRQHandler
                0x000000000c000aa8        0x2 CMakeFiles/bl2.dir/__/platform/ext/target/stm/common/stm32l5xx/Device/Source/startup_stm32l5xx_bl2.o
                0x000000000c000aa8                ADC1_2_IRQHandler
 .text.DAC_IRQHandler
                0x000000000c000aaa        0x2 CMakeFiles/bl2.dir/__/platform/ext/target/stm/common/stm32l5xx/Device/Source/startup_stm32l5xx_bl2.o
                0x000000000c000aaa                DAC_IRQHandler
 .text.FDCAN1_IT0_IRQHandler
                0x000000000c000aac        0x2 CMakeFiles/bl2.dir/__/platform/ext/target/stm/common/stm32l5xx/Device/Source/startup_stm32l5xx_bl2.o
                0x000000000c000aac                FDCAN1_IT0_IRQHandler
 .text.FDCAN1_IT1_IRQHandler
                0x000000000c000aae        0x2 CMakeFiles/bl2.dir/__/platform/ext/target/stm/common/stm32l5xx/Device/Source/startup_stm32l5xx_bl2.o
                0x000000000c000aae                FDCAN1_IT1_IRQHandler
 .text.TIM1_BRK_IRQHandler
                0x000000000c000ab0        0x2 CMakeFiles/bl2.dir/__/platform/ext/target/stm/common/stm32l5xx/Device/Source/startup_stm32l5xx_bl2.o
                0x000000000c000ab0                TIM1_BRK_IRQHandler
 .text.TIM1_UP_IRQHandler
                0x000000000c000ab2        0x2 CMakeFiles/bl2.dir/__/platform/ext/target/stm/common/stm32l5xx/Device/Source/startup_stm32l5xx_bl2.o
                0x000000000c000ab2                TIM1_UP_IRQHandler
 .text.TIM1_TRG_COM_IRQHandler
                0x000000000c000ab4        0x2 CMakeFiles/bl2.dir/__/platform/ext/target/stm/common/stm32l5xx/Device/Source/startup_stm32l5xx_bl2.o
                0x000000000c000ab4                TIM1_TRG_COM_IRQHandler
 .text.TIM1_CC_IRQHandler
                0x000000000c000ab6        0x2 CMakeFiles/bl2.dir/__/platform/ext/target/stm/common/stm32l5xx/Device/Source/startup_stm32l5xx_bl2.o
                0x000000000c000ab6                TIM1_CC_IRQHandler
 .text.TIM2_IRQHandler
                0x000000000c000ab8        0x2 CMakeFiles/bl2.dir/__/platform/ext/target/stm/common/stm32l5xx/Device/Source/startup_stm32l5xx_bl2.o
                0x000000000c000ab8                TIM2_IRQHandler
 .text.TIM3_IRQHandler
                0x000000000c000aba        0x2 CMakeFiles/bl2.dir/__/platform/ext/target/stm/common/stm32l5xx/Device/Source/startup_stm32l5xx_bl2.o
                0x000000000c000aba                TIM3_IRQHandler
 .text.TIM4_IRQHandler
                0x000000000c000abc        0x2 CMakeFiles/bl2.dir/__/platform/ext/target/stm/common/stm32l5xx/Device/Source/startup_stm32l5xx_bl2.o
                0x000000000c000abc                TIM4_IRQHandler
 .text.TIM5_IRQHandler
                0x000000000c000abe        0x2 CMakeFiles/bl2.dir/__/platform/ext/target/stm/common/stm32l5xx/Device/Source/startup_stm32l5xx_bl2.o
                0x000000000c000abe                TIM5_IRQHandler
 .text.TIM6_IRQHandler
                0x000000000c000ac0        0x2 CMakeFiles/bl2.dir/__/platform/ext/target/stm/common/stm32l5xx/Device/Source/startup_stm32l5xx_bl2.o
                0x000000000c000ac0                TIM6_IRQHandler
 .text.TIM7_IRQHandler
                0x000000000c000ac2        0x2 CMakeFiles/bl2.dir/__/platform/ext/target/stm/common/stm32l5xx/Device/Source/startup_stm32l5xx_bl2.o
                0x000000000c000ac2                TIM7_IRQHandler
 .text.TIM8_BRK_IRQHandler
                0x000000000c000ac4        0x2 CMakeFiles/bl2.dir/__/platform/ext/target/stm/common/stm32l5xx/Device/Source/startup_stm32l5xx_bl2.o
                0x000000000c000ac4                TIM8_BRK_IRQHandler
 .text.TIM8_UP_IRQHandler
                0x000000000c000ac6        0x2 CMakeFiles/bl2.dir/__/platform/ext/target/stm/common/stm32l5xx/Device/Source/startup_stm32l5xx_bl2.o
                0x000000000c000ac6                TIM8_UP_IRQHandler
 .text.TIM8_TRG_COM_IRQHandler
                0x000000000c000ac8        0x2 CMakeFiles/bl2.dir/__/platform/ext/target/stm/common/stm32l5xx/Device/Source/startup_stm32l5xx_bl2.o
                0x000000000c000ac8                TIM8_TRG_COM_IRQHandler
 .text.TIM8_CC_IRQHandler
                0x000000000c000aca        0x2 CMakeFiles/bl2.dir/__/platform/ext/target/stm/common/stm32l5xx/Device/Source/startup_stm32l5xx_bl2.o
                0x000000000c000aca                TIM8_CC_IRQHandler
 .text.I2C1_EV_IRQHandler
                0x000000000c000acc        0x2 CMakeFiles/bl2.dir/__/platform/ext/target/stm/common/stm32l5xx/Device/Source/startup_stm32l5xx_bl2.o
                0x000000000c000acc                I2C1_EV_IRQHandler
 .text.I2C1_ER_IRQHandler
                0x000000000c000ace        0x2 CMakeFiles/bl2.dir/__/platform/ext/target/stm/common/stm32l5xx/Device/Source/startup_stm32l5xx_bl2.o
                0x000000000c000ace                I2C1_ER_IRQHandler
 .text.I2C2_EV_IRQHandler
                0x000000000c000ad0        0x2 CMakeFiles/bl2.dir/__/platform/ext/target/stm/common/stm32l5xx/Device/Source/startup_stm32l5xx_bl2.o
                0x000000000c000ad0                I2C2_EV_IRQHandler
 .text.I2C2_ER_IRQHandler
                0x000000000c000ad2        0x2 CMakeFiles/bl2.dir/__/platform/ext/target/stm/common/stm32l5xx/Device/Source/startup_stm32l5xx_bl2.o
                0x000000000c000ad2                I2C2_ER_IRQHandler
 .text.SPI1_IRQHandler
                0x000000000c000ad4        0x2 CMakeFiles/bl2.dir/__/platform/ext/target/stm/common/stm32l5xx/Device/Source/startup_stm32l5xx_bl2.o
                0x000000000c000ad4                SPI1_IRQHandler
 .text.SPI2_IRQHandler
                0x000000000c000ad6        0x2 CMakeFiles/bl2.dir/__/platform/ext/target/stm/common/stm32l5xx/Device/Source/startup_stm32l5xx_bl2.o
                0x000000000c000ad6                SPI2_IRQHandler
 .text.USART1_IRQHandler
                0x000000000c000ad8        0x2 CMakeFiles/bl2.dir/__/platform/ext/target/stm/common/stm32l5xx/Device/Source/startup_stm32l5xx_bl2.o
                0x000000000c000ad8                USART1_IRQHandler
 .text.USART2_IRQHandler
                0x000000000c000ada        0x2 CMakeFiles/bl2.dir/__/platform/ext/target/stm/common/stm32l5xx/Device/Source/startup_stm32l5xx_bl2.o
                0x000000000c000ada                USART2_IRQHandler
 .text.USART3_IRQHandler
                0x000000000c000adc        0x2 CMakeFiles/bl2.dir/__/platform/ext/target/stm/common/stm32l5xx/Device/Source/startup_stm32l5xx_bl2.o
                0x000000000c000adc                USART3_IRQHandler
 .text.UART4_IRQHandler
                0x000000000c000ade        0x2 CMakeFiles/bl2.dir/__/platform/ext/target/stm/common/stm32l5xx/Device/Source/startup_stm32l5xx_bl2.o
                0x000000000c000ade                UART4_IRQHandler
 .text.UART5_IRQHandler
                0x000000000c000ae0        0x2 CMakeFiles/bl2.dir/__/platform/ext/target/stm/common/stm32l5xx/Device/Source/startup_stm32l5xx_bl2.o
                0x000000000c000ae0                UART5_IRQHandler
 .text.LPUART1_IRQHandler
                0x000000000c000ae2        0x2 CMakeFiles/bl2.dir/__/platform/ext/target/stm/common/stm32l5xx/Device/Source/startup_stm32l5xx_bl2.o
                0x000000000c000ae2                LPUART1_IRQHandler
 .text.LPTIM1_IRQHandler
                0x000000000c000ae4        0x2 CMakeFiles/bl2.dir/__/platform/ext/target/stm/common/stm32l5xx/Device/Source/startup_stm32l5xx_bl2.o
                0x000000000c000ae4                LPTIM1_IRQHandler
 .text.LPTIM2_IRQHandler
                0x000000000c000ae6        0x2 CMakeFiles/bl2.dir/__/platform/ext/target/stm/common/stm32l5xx/Device/Source/startup_stm32l5xx_bl2.o
                0x000000000c000ae6                LPTIM2_IRQHandler
 .text.TIM15_IRQHandler
                0x000000000c000ae8        0x2 CMakeFiles/bl2.dir/__/platform/ext/target/stm/common/stm32l5xx/Device/Source/startup_stm32l5xx_bl2.o
                0x000000000c000ae8                TIM15_IRQHandler
 .text.TIM16_IRQHandler
                0x000000000c000aea        0x2 CMakeFiles/bl2.dir/__/platform/ext/target/stm/common/stm32l5xx/Device/Source/startup_stm32l5xx_bl2.o
                0x000000000c000aea                TIM16_IRQHandler
 .text.TIM17_IRQHandler
                0x000000000c000aec        0x2 CMakeFiles/bl2.dir/__/platform/ext/target/stm/common/stm32l5xx/Device/Source/startup_stm32l5xx_bl2.o
                0x000000000c000aec                TIM17_IRQHandler
 .text.COMP_IRQHandler
                0x000000000c000aee        0x2 CMakeFiles/bl2.dir/__/platform/ext/target/stm/common/stm32l5xx/Device/Source/startup_stm32l5xx_bl2.o
                0x000000000c000aee                COMP_IRQHandler
 .text.USB_FS_IRQHandler
                0x000000000c000af0        0x2 CMakeFiles/bl2.dir/__/platform/ext/target/stm/common/stm32l5xx/Device/Source/startup_stm32l5xx_bl2.o
                0x000000000c000af0                USB_FS_IRQHandler
 .text.CRS_IRQHandler
                0x000000000c000af2        0x2 CMakeFiles/bl2.dir/__/platform/ext/target/stm/common/stm32l5xx/Device/Source/startup_stm32l5xx_bl2.o
                0x000000000c000af2                CRS_IRQHandler
 .text.FMC_IRQHandler
                0x000000000c000af4        0x2 CMakeFiles/bl2.dir/__/platform/ext/target/stm/common/stm32l5xx/Device/Source/startup_stm32l5xx_bl2.o
                0x000000000c000af4                FMC_IRQHandler
 .text.OCTOSPI1_IRQHandler
                0x000000000c000af6        0x2 CMakeFiles/bl2.dir/__/platform/ext/target/stm/common/stm32l5xx/Device/Source/startup_stm32l5xx_bl2.o
                0x000000000c000af6                OCTOSPI1_IRQHandler
 .text.SDMMC1_IRQHandler
                0x000000000c000af8        0x2 CMakeFiles/bl2.dir/__/platform/ext/target/stm/common/stm32l5xx/Device/Source/startup_stm32l5xx_bl2.o
                0x000000000c000af8                SDMMC1_IRQHandler
 .text.DMA2_Channel1_IRQHandler
                0x000000000c000afa        0x2 CMakeFiles/bl2.dir/__/platform/ext/target/stm/common/stm32l5xx/Device/Source/startup_stm32l5xx_bl2.o
                0x000000000c000afa                DMA2_Channel1_IRQHandler
 .text.DMA2_Channel2_IRQHandler
                0x000000000c000afc        0x2 CMakeFiles/bl2.dir/__/platform/ext/target/stm/common/stm32l5xx/Device/Source/startup_stm32l5xx_bl2.o
                0x000000000c000afc                DMA2_Channel2_IRQHandler
 .text.DMA2_Channel3_IRQHandler
                0x000000000c000afe        0x2 CMakeFiles/bl2.dir/__/platform/ext/target/stm/common/stm32l5xx/Device/Source/startup_stm32l5xx_bl2.o
                0x000000000c000afe                DMA2_Channel3_IRQHandler
 .text.DMA2_Channel4_IRQHandler
                0x000000000c000b00        0x2 CMakeFiles/bl2.dir/__/platform/ext/target/stm/common/stm32l5xx/Device/Source/startup_stm32l5xx_bl2.o
                0x000000000c000b00                DMA2_Channel4_IRQHandler
 .text.DMA2_Channel5_IRQHandler
                0x000000000c000b02        0x2 CMakeFiles/bl2.dir/__/platform/ext/target/stm/common/stm32l5xx/Device/Source/startup_stm32l5xx_bl2.o
                0x000000000c000b02                DMA2_Channel5_IRQHandler
 .text.DMA2_Channel6_IRQHandler
                0x000000000c000b04        0x2 CMakeFiles/bl2.dir/__/platform/ext/target/stm/common/stm32l5xx/Device/Source/startup_stm32l5xx_bl2.o
                0x000000000c000b04                DMA2_Channel6_IRQHandler
 .text.DMA2_Channel7_IRQHandler
                0x000000000c000b06        0x2 CMakeFiles/bl2.dir/__/platform/ext/target/stm/common/stm32l5xx/Device/Source/startup_stm32l5xx_bl2.o
                0x000000000c000b06                DMA2_Channel7_IRQHandler
 .text.DMA2_Channel8_IRQHandler
                0x000000000c000b08        0x2 CMakeFiles/bl2.dir/__/platform/ext/target/stm/common/stm32l5xx/Device/Source/startup_stm32l5xx_bl2.o
                0x000000000c000b08                DMA2_Channel8_IRQHandler
 .text.I2C3_EV_IRQHandler
                0x000000000c000b0a        0x2 CMakeFiles/bl2.dir/__/platform/ext/target/stm/common/stm32l5xx/Device/Source/startup_stm32l5xx_bl2.o
                0x000000000c000b0a                I2C3_EV_IRQHandler
 .text.I2C3_ER_IRQHandler
                0x000000000c000b0c        0x2 CMakeFiles/bl2.dir/__/platform/ext/target/stm/common/stm32l5xx/Device/Source/startup_stm32l5xx_bl2.o
                0x000000000c000b0c                I2C3_ER_IRQHandler
 .text.SAI1_IRQHandler
                0x000000000c000b0e        0x2 CMakeFiles/bl2.dir/__/platform/ext/target/stm/common/stm32l5xx/Device/Source/startup_stm32l5xx_bl2.o
                0x000000000c000b0e                SAI1_IRQHandler
 .text.SAI2_IRQHandler
                0x000000000c000b10        0x2 CMakeFiles/bl2.dir/__/platform/ext/target/stm/common/stm32l5xx/Device/Source/startup_stm32l5xx_bl2.o
                0x000000000c000b10                SAI2_IRQHandler
 .text.TSC_IRQHandler
                0x000000000c000b12        0x2 CMakeFiles/bl2.dir/__/platform/ext/target/stm/common/stm32l5xx/Device/Source/startup_stm32l5xx_bl2.o
                0x000000000c000b12                TSC_IRQHandler
 .text.RNG_IRQHandler
                0x000000000c000b14        0x2 CMakeFiles/bl2.dir/__/platform/ext/target/stm/common/stm32l5xx/Device/Source/startup_stm32l5xx_bl2.o
                0x000000000c000b14                RNG_IRQHandler
 .text.FPU_IRQHandler
                0x000000000c000b16        0x2 CMakeFiles/bl2.dir/__/platform/ext/target/stm/common/stm32l5xx/Device/Source/startup_stm32l5xx_bl2.o
                0x000000000c000b16                FPU_IRQHandler
 .text.HASH_IRQHandler
                0x000000000c000b18        0x2 CMakeFiles/bl2.dir/__/platform/ext/target/stm/common/stm32l5xx/Device/Source/startup_stm32l5xx_bl2.o
                0x000000000c000b18                HASH_IRQHandler
 .text.LPTIM3_IRQHandler
                0x000000000c000b1a        0x2 CMakeFiles/bl2.dir/__/platform/ext/target/stm/common/stm32l5xx/Device/Source/startup_stm32l5xx_bl2.o
                0x000000000c000b1a                LPTIM3_IRQHandler
 .text.SPI3_IRQHandler
                0x000000000c000b1c        0x2 CMakeFiles/bl2.dir/__/platform/ext/target/stm/common/stm32l5xx/Device/Source/startup_stm32l5xx_bl2.o
                0x000000000c000b1c                SPI3_IRQHandler
 .text.I2C4_ER_IRQHandler
                0x000000000c000b1e        0x2 CMakeFiles/bl2.dir/__/platform/ext/target/stm/common/stm32l5xx/Device/Source/startup_stm32l5xx_bl2.o
                0x000000000c000b1e                I2C4_ER_IRQHandler
 .text.I2C4_EV_IRQHandler
                0x000000000c000b20        0x2 CMakeFiles/bl2.dir/__/platform/ext/target/stm/common/stm32l5xx/Device/Source/startup_stm32l5xx_bl2.o
                0x000000000c000b20                I2C4_EV_IRQHandler
 .text.DFSDM1_FLT0_IRQHandler
                0x000000000c000b22        0x2 CMakeFiles/bl2.dir/__/platform/ext/target/stm/common/stm32l5xx/Device/Source/startup_stm32l5xx_bl2.o
                0x000000000c000b22                DFSDM1_FLT0_IRQHandler
 .text.DFSDM1_FLT1_IRQHandler
                0x000000000c000b24        0x2 CMakeFiles/bl2.dir/__/platform/ext/target/stm/common/stm32l5xx/Device/Source/startup_stm32l5xx_bl2.o
                0x000000000c000b24                DFSDM1_FLT1_IRQHandler
 .text.DFSDM1_FLT2_IRQHandler
                0x000000000c000b26        0x2 CMakeFiles/bl2.dir/__/platform/ext/target/stm/common/stm32l5xx/Device/Source/startup_stm32l5xx_bl2.o
                0x000000000c000b26                DFSDM1_FLT2_IRQHandler
 .text.DFSDM1_FLT3_IRQHandler
                0x000000000c000b28        0x2 CMakeFiles/bl2.dir/__/platform/ext/target/stm/common/stm32l5xx/Device/Source/startup_stm32l5xx_bl2.o
                0x000000000c000b28                DFSDM1_FLT3_IRQHandler
 .text.UCPD1_IRQHandler
                0x000000000c000b2a        0x2 CMakeFiles/bl2.dir/__/platform/ext/target/stm/common/stm32l5xx/Device/Source/startup_stm32l5xx_bl2.o
                0x000000000c000b2a                UCPD1_IRQHandler
 .text.ICACHE_IRQHandler
                0x000000000c000b2c        0x2 CMakeFiles/bl2.dir/__/platform/ext/target/stm/common/stm32l5xx/Device/Source/startup_stm32l5xx_bl2.o
                0x000000000c000b2c                ICACHE_IRQHandler
 .text.OTFDEC1_IRQHandler
                0x000000000c000b2e        0x2 CMakeFiles/bl2.dir/__/platform/ext/target/stm/common/stm32l5xx/Device/Source/startup_stm32l5xx_bl2.o
                0x000000000c000b2e                OTFDEC1_IRQHandler
 .text.Reset_Handler
                0x000000000c000b30       0x88 CMakeFiles/bl2.dir/__/platform/ext/target/stm/common/stm32l5xx/Device/Source/startup_stm32l5xx_bl2.o
                0x000000000c000b30                Reset_Handler
 .text.mbedtls_sha256_init
                0x000000000c000bb8       0x30 CMakeFiles/bl2.dir/__/platform/ext/target/stm/common/hal/accelerator/sha256_alt.o
                0x000000000c000bb8                mbedtls_sha256_init
 .text.mbedtls_sha256_starts
                0x000000000c000be8       0x32 CMakeFiles/bl2.dir/__/platform/ext/target/stm/common/hal/accelerator/sha256_alt.o
                0x000000000c000be8                mbedtls_sha256_starts
 .text.mbedtls_sha256_update
                0x000000000c000c1a       0xba CMakeFiles/bl2.dir/__/platform/ext/target/stm/common/hal/accelerator/sha256_alt.o
                0x000000000c000c1a                mbedtls_sha256_update
 .text.mbedtls_sha256_finish
                0x000000000c000cd4       0x34 CMakeFiles/bl2.dir/__/platform/ext/target/stm/common/hal/accelerator/sha256_alt.o
                0x000000000c000cd4                mbedtls_sha256_finish
 .text.crypto_hw_accelerator_init
                0x000000000c000d08        0x4 CMakeFiles/bl2.dir/__/platform/ext/target/stm/common/hal/accelerator/stm.o
                0x000000000c000d08                crypto_hw_accelerator_init
 .text.boot_initialize_area
                0x000000000c000d0c       0x60 ext/mcuboot/bootutil/libbootutil.a(loader.o)
 .text.boot_read_image_headers
                0x000000000c000d6c       0x44 ext/mcuboot/bootutil/libbootutil.a(loader.o)
 .text.boot_read_sectors
                0x000000000c000db0       0x56 ext/mcuboot/bootutil/libbootutil.a(loader.o)
 .text.boot_update_security_counter.constprop.0
                0x000000000c000e06       0x40 ext/mcuboot/bootutil/libbootutil.a(loader.o)
 *fill*         0x000000000c000e46        0x2 
 .text.boot_validate_slot.isra.0
                0x000000000c000e48      0x114 ext/mcuboot/bootutil/libbootutil.a(loader.o)
 .text.boot_status_reset
                0x000000000c000f5c       0x12 ext/mcuboot/bootutil/libbootutil.a(loader.o)
                0x000000000c000f5c                boot_status_reset
 .text.boot_status_is_reset
                0x000000000c000f6e       0x1a ext/mcuboot/bootutil/libbootutil.a(loader.o)
                0x000000000c000f6e                boot_status_is_reset
 .text.boot_copy_region
                0x000000000c000f88       0x58 ext/mcuboot/bootutil/libbootutil.a(loader.o)
                0x000000000c000f88                boot_copy_region
 .text.context_boot_go
                0x000000000c000fe0      0x624 ext/mcuboot/bootutil/libbootutil.a(loader.o)
                0x000000000c000fe0                context_boot_go
 .text.boot_go_for_image_id
                0x000000000c001604       0x38 ext/mcuboot/bootutil/libbootutil.a(loader.o)
                0x000000000c001604                boot_go_for_image_id
 .text.boot_read_image_header
                0x000000000c00163c       0x38 ext/mcuboot/bootutil/libbootutil.a(swap_scratch.o)
                0x000000000c00163c                boot_read_image_header
 .text.boot_slots_compatible
                0x000000000c001674       0xa0 ext/mcuboot/bootutil/libbootutil.a(swap_scratch.o)
                0x000000000c001674                boot_slots_compatible
 .text.bootutil_tlv_iter_begin
                0x000000000c001714       0x98 ext/mcuboot/bootutil/libbootutil.a(tlv.o)
                0x000000000c001714                bootutil_tlv_iter_begin
 .text.bootutil_tlv_iter_next
                0x000000000c0017ac       0x96 ext/mcuboot/bootutil/libbootutil.a(tlv.o)
                0x000000000c0017ac                bootutil_tlv_iter_next
 *fill*         0x000000000c001842        0x2 
 .text.boot_add_data_to_shared_area
                0x000000000c001844       0xec ext/mcuboot/bootutil/libbootutil.a(boot_record.o)
                0x000000000c001844                boot_add_data_to_shared_area
 .text.boot_save_boot_status
                0x000000000c001930       0x9e ext/mcuboot/bootutil/libbootutil.a(boot_record.o)
                0x000000000c001930                boot_save_boot_status
 .text.boot_fih_memequal
                0x000000000c0019ce        0x4 ext/mcuboot/bootutil/libbootutil.a(bootutil_misc.o)
                0x000000000c0019ce                boot_fih_memequal
 .text.bootutil_buffer_is_erased.part.0
                0x000000000c0019d2       0x22 ext/mcuboot/bootutil/libbootutil.a(bootutil_public.o)
 .text.boot_swap_info_off
                0x000000000c0019f4        0xc ext/mcuboot/bootutil/libbootutil.a(bootutil_public.o)
                0x000000000c0019f4                boot_swap_info_off
 .text.boot_magic_compatible_check
                0x000000000c001a00       0x1c ext/mcuboot/bootutil/libbootutil.a(bootutil_public.o)
                0x000000000c001a00                boot_magic_compatible_check
 .text.bootutil_buffer_is_erased
                0x000000000c001a1c        0xc ext/mcuboot/bootutil/libbootutil.a(bootutil_public.o)
                0x000000000c001a1c                bootutil_buffer_is_erased
 .text.boot_read_flag
                0x000000000c001a28       0x3a ext/mcuboot/bootutil/libbootutil.a(bootutil_public.o)
 .text.boot_read_image_ok
                0x000000000c001a62        0xc ext/mcuboot/bootutil/libbootutil.a(bootutil_public.o)
                0x000000000c001a62                boot_read_image_ok
 *fill*         0x000000000c001a6e        0x2 
 .text.boot_read_swap_state
                0x000000000c001a70       0xa8 ext/mcuboot/bootutil/libbootutil.a(bootutil_public.o)
                0x000000000c001a70                boot_read_swap_state
 .text.boot_read_swap_state_by_id
                0x000000000c001b18       0x28 ext/mcuboot/bootutil/libbootutil.a(bootutil_public.o)
                0x000000000c001b18                boot_read_swap_state_by_id
 .text.boot_swap_type_multi
                0x000000000c001b40      0x108 ext/mcuboot/bootutil/libbootutil.a(bootutil_public.o)
                0x000000000c001b40                boot_swap_type_multi
 .text.bootutil_get_img_security_cnt
                0x000000000c001c48       0x60 ext/mcuboot/bootutil/libbootutil.a(image_validate.o)
                0x000000000c001c48                bootutil_get_img_security_cnt
 .text.bootutil_img_validate
                0x000000000c001ca8      0x27c ext/mcuboot/bootutil/libbootutil.a(image_validate.o)
                0x000000000c001ca8                bootutil_img_validate
 .text.bootutil_verify_sig
                0x000000000c001f24      0x1c8 ext/mcuboot/bootutil/libbootutil.a(image_rsa.o)
                0x000000000c001f24                bootutil_verify_sig
 .text.SystemInit
                0x000000000c0020ec        0x2 ../platform/libplatform_bl2.a(system_stm32l5xx.o)
                0x000000000c0020ec                SystemInit
 *fill*         0x000000000c0020ee        0x2 
 .text.SystemCoreClockUpdate
                0x000000000c0020f0       0xa4 ../platform/libplatform_bl2.a(system_stm32l5xx.o)
                0x000000000c0020f0                SystemCoreClockUpdate
 .text.boot_platform_init
                0x000000000c002194      0x110 ../platform/libplatform_bl2.a(boot_hal_bl2.o)
                0x000000000c002194                boot_platform_init
 .text.TFM_LL_SECU_ApplyRunTimeProtections
                0x000000000c0022a4       0xc8 ../platform/libplatform_bl2.a(tfm_low_level_security.o)
                0x000000000c0022a4                TFM_LL_SECU_ApplyRunTimeProtections
 .text.TFM_LL_SECU_CheckStaticProtections
                0x000000000c00236c      0x220 ../platform/libplatform_bl2.a(tfm_low_level_security.o)
                0x000000000c00236c                TFM_LL_SECU_CheckStaticProtections
 .text.memcpy_flash
                0x000000000c00258c       0x32 ../platform/libplatform_bl2.a(low_level_flash.o)
 *fill*         0x000000000c0025be        0x2 
 .text.Flash_GetVersion
                0x000000000c0025c0       0x20 ../platform/libplatform_bl2.a(low_level_flash.o)
 .text.Flash_GetCapabilities
                0x000000000c0025e0        0x4 ../platform/libplatform_bl2.a(low_level_flash.o)
 .text.Flash_Uninitialize
                0x000000000c0025e4        0x4 ../platform/libplatform_bl2.a(low_level_flash.o)
 .text.Flash_PowerControl
                0x000000000c0025e8       0x16 ../platform/libplatform_bl2.a(low_level_flash.o)
 .text.Flash_EraseChip
                0x000000000c0025fe        0x6 ../platform/libplatform_bl2.a(low_level_flash.o)
 .text.Flash_GetStatus
                0x000000000c002604        0xc ../platform/libplatform_bl2.a(low_level_flash.o)
 .text.Flash_GetInfo
                0x000000000c002610        0x8 ../platform/libplatform_bl2.a(low_level_flash.o)
 .text.Flash_Initialize
                0x000000000c002618        0xe ../platform/libplatform_bl2.a(low_level_flash.o)
 .text.is_range_secure.isra.0
                0x000000000c002626       0x30 ../platform/libplatform_bl2.a(low_level_flash.o)
 *fill*         0x000000000c002656        0x2 
 .text.Flash_ReadData
                0x000000000c002658       0x90 ../platform/libplatform_bl2.a(low_level_flash.o)
 .text.Flash_ProgramData
                0x000000000c0026e8       0xf0 ../platform/libplatform_bl2.a(low_level_flash.o)
 .text.Flash_EraseSector
                0x000000000c0027d8       0xb8 ../platform/libplatform_bl2.a(low_level_flash.o)
 .text.NMI_Handler
                0x000000000c002890       0x68 ../platform/libplatform_bl2.a(low_level_flash.o)
                0x000000000c002890                NMI_Handler
 .text.HAL_MspInit
                0x000000000c0028f8        0x2 ../platform/libplatform_bl2.a(stm32l5xx_hal.o)
                0x000000000c0028f8                HAL_MspInit
 .text.HAL_Init
                0x000000000c0028fa       0x22 ../platform/libplatform_bl2.a(stm32l5xx_hal.o)
                0x000000000c0028fa                HAL_Init
 .text.FLASH_Program_DoubleWord
                0x000000000c00291c       0x3c ../platform/libplatform_bl2.a(stm32l5xx_hal_flash.o)
 .text.HAL_FLASH_Unlock
                0x000000000c002958       0x40 ../platform/libplatform_bl2.a(stm32l5xx_hal_flash.o)
                0x000000000c002958                HAL_FLASH_Unlock
 .text.HAL_FLASH_Lock
                0x000000000c002998       0x28 ../platform/libplatform_bl2.a(stm32l5xx_hal_flash.o)
                0x000000000c002998                HAL_FLASH_Lock
 .text.HAL_FLASH_OB_Unlock
                0x000000000c0029c0       0x24 ../platform/libplatform_bl2.a(stm32l5xx_hal_flash.o)
                0x000000000c0029c0                HAL_FLASH_OB_Unlock
 .text.HAL_FLASH_OB_Launch
                0x000000000c0029e4       0x14 ../platform/libplatform_bl2.a(stm32l5xx_hal_flash.o)
                0x000000000c0029e4                HAL_FLASH_OB_Launch
 .text.FLASH_WaitForLastOperation
                0x000000000c0029f8       0x7c ../platform/libplatform_bl2.a(stm32l5xx_hal_flash.o)
                0x000000000c0029f8                FLASH_WaitForLastOperation
 .text.HAL_FLASH_Program
                0x000000000c002a74       0x6c ../platform/libplatform_bl2.a(stm32l5xx_hal_flash.o)
                0x000000000c002a74                HAL_FLASH_Program
 .text.FLASH_MassErase
                0x000000000c002ae0       0x64 ../platform/libplatform_bl2.a(stm32l5xx_hal_flash_ex.o)
 .text.HAL_FLASHEx_OBProgram
                0x000000000c002b44      0x264 ../platform/libplatform_bl2.a(stm32l5xx_hal_flash_ex.o)
                0x000000000c002b44                HAL_FLASHEx_OBProgram
 .text.HAL_FLASHEx_OBGetConfig
                0x000000000c002da8      0x108 ../platform/libplatform_bl2.a(stm32l5xx_hal_flash_ex.o)
                0x000000000c002da8                HAL_FLASHEx_OBGetConfig
 .text.HAL_FLASHEx_ConfigPrivMode
                0x000000000c002eb0       0x18 ../platform/libplatform_bl2.a(stm32l5xx_hal_flash_ex.o)
                0x000000000c002eb0                HAL_FLASHEx_ConfigPrivMode
 .text.FLASH_PageErase
                0x000000000c002ec8       0x68 ../platform/libplatform_bl2.a(stm32l5xx_hal_flash_ex.o)
                0x000000000c002ec8                FLASH_PageErase
 .text.HAL_FLASHEx_Erase
                0x000000000c002f30       0xac ../platform/libplatform_bl2.a(stm32l5xx_hal_flash_ex.o)
                0x000000000c002f30                HAL_FLASHEx_Erase
 .text.HAL_PWREx_GetVoltageRange
                0x000000000c002fdc       0x10 ../platform/libplatform_bl2.a(stm32l5xx_hal_pwr_ex.o)
                0x000000000c002fdc                HAL_PWREx_GetVoltageRange
 .text.HAL_PWREx_EnableVddIO2
                0x000000000c002fec       0x10 ../platform/libplatform_bl2.a(stm32l5xx_hal_pwr_ex.o)
                0x000000000c002fec                HAL_PWREx_EnableVddIO2
 .text.HAL_PWREx_ConfigSRAM2ContentRetention
                0x000000000c002ffc       0x14 ../platform/libplatform_bl2.a(stm32l5xx_hal_pwr_ex.o)
                0x000000000c002ffc                HAL_PWREx_ConfigSRAM2ContentRetention
 .text.HAL_PWREx_EnableSRAM2ContentRetention
                0x000000000c003010        0x8 ../platform/libplatform_bl2.a(stm32l5xx_hal_pwr_ex.o)
                0x000000000c003010                HAL_PWREx_EnableSRAM2ContentRetention
 .text.HAL_PWREx_SMPS_GetEffectiveMode
                0x000000000c003018       0x20 ../platform/libplatform_bl2.a(stm32l5xx_hal_pwr_ex.o)
                0x000000000c003018                HAL_PWREx_SMPS_GetEffectiveMode
 .text.HAL_PWREx_ControlVoltageScaling
                0x000000000c003038       0x6c ../platform/libplatform_bl2.a(stm32l5xx_hal_pwr_ex.o)
                0x000000000c003038                HAL_PWREx_ControlVoltageScaling
 .text.RCC_SetFlashLatencyFromMSIRange
                0x000000000c0030a4       0x74 ../platform/libplatform_bl2.a(stm32l5xx_hal_rcc.o)
 .text.HAL_RCC_GetSysClockFreq
                0x000000000c003118       0xa0 ../platform/libplatform_bl2.a(stm32l5xx_hal_rcc.o)
                0x000000000c003118                HAL_RCC_GetSysClockFreq
 .text.HAL_RCC_GetHCLKFreq
                0x000000000c0031b8       0x20 ../platform/libplatform_bl2.a(stm32l5xx_hal_rcc.o)
                0x000000000c0031b8                HAL_RCC_GetHCLKFreq
 .text.HAL_RCC_OscConfig
                0x000000000c0031d8      0x698 ../platform/libplatform_bl2.a(stm32l5xx_hal_rcc.o)
                0x000000000c0031d8                HAL_RCC_OscConfig
 .text.HAL_RCC_ClockConfig
                0x000000000c003870      0x208 ../platform/libplatform_bl2.a(stm32l5xx_hal_rcc.o)
                0x000000000c003870                HAL_RCC_ClockConfig
 .text.HAL_RCC_GetPCLK1Freq
                0x000000000c003a78       0x20 ../platform/libplatform_bl2.a(stm32l5xx_hal_rcc.o)
                0x000000000c003a78                HAL_RCC_GetPCLK1Freq
 .text.HAL_RCC_GetPCLK2Freq
                0x000000000c003a98       0x20 ../platform/libplatform_bl2.a(stm32l5xx_hal_rcc.o)
                0x000000000c003a98                HAL_RCC_GetPCLK2Freq
 .text.HAL_NVIC_SetPriorityGrouping
                0x000000000c003ab8       0x24 ../platform/libplatform_bl2.a(stm32l5xx_hal_cortex.o)
                0x000000000c003ab8                HAL_NVIC_SetPriorityGrouping
 .text.HAL_NVIC_SystemReset
                0x000000000c003adc       0x24 ../platform/libplatform_bl2.a(stm32l5xx_hal_cortex.o)
                0x000000000c003adc                HAL_NVIC_SystemReset
 .text.HAL_GPIO_Init
                0x000000000c003b00      0x194 ../platform/libplatform_bl2.a(stm32l5xx_hal_gpio.o)
                0x000000000c003b00                HAL_GPIO_Init
 .text.HAL_GTZC_MPCBB_ConfigMem
                0x000000000c003c94       0x80 ../platform/libplatform_bl2.a(stm32l5xx_hal_gtzc.o)
                0x000000000c003c94                HAL_GTZC_MPCBB_ConfigMem
 .text.HAL_GTZC_MPCBB_GetConfigMem
                0x000000000c003d14       0x68 ../platform/libplatform_bl2.a(stm32l5xx_hal_gtzc.o)
                0x000000000c003d14                HAL_GTZC_MPCBB_GetConfigMem
 .text.HASH_WriteData
                0x000000000c003d7c       0x80 ../platform/libplatform_bl2.a(stm32l5xx_hal_hash.o)
 .text.HASH_GetDigest
                0x000000000c003dfc       0xc4 ../platform/libplatform_bl2.a(stm32l5xx_hal_hash.o)
 .text.HASH_WaitOnFlagUntilTimeout
                0x000000000c003ec0       0x74 ../platform/libplatform_bl2.a(stm32l5xx_hal_hash.o)
 .text.HAL_HASH_MspInit
                0x000000000c003f34        0x2 ../platform/libplatform_bl2.a(stm32l5xx_hal_hash.o)
                0x000000000c003f34                HAL_HASH_MspInit
 *fill*         0x000000000c003f36        0x2 
 .text.HAL_HASH_Init
                0x000000000c003f38       0x5c ../platform/libplatform_bl2.a(stm32l5xx_hal_hash.o)
                0x000000000c003f38                HAL_HASH_Init
 .text.HAL_HASH_MspDeInit
                0x000000000c003f94        0x2 ../platform/libplatform_bl2.a(stm32l5xx_hal_hash.o)
                0x000000000c003f94                HAL_HASH_MspDeInit
 .text.HAL_HASH_DeInit
                0x000000000c003f96       0x32 ../platform/libplatform_bl2.a(stm32l5xx_hal_hash.o)
                0x000000000c003f96                HAL_HASH_DeInit
 .text.HASH_Start
                0x000000000c003fc8      0x11c ../platform/libplatform_bl2.a(stm32l5xx_hal_hash.o)
                0x000000000c003fc8                HASH_Start
 .text.HASH_Accumulate
                0x000000000c0040e4       0x98 ../platform/libplatform_bl2.a(stm32l5xx_hal_hash.o)
                0x000000000c0040e4                HASH_Accumulate
 .text.HAL_HASHEx_SHA224_Start
                0x000000000c00417c       0x14 ../platform/libplatform_bl2.a(stm32l5xx_hal_hash_ex.o)
                0x000000000c00417c                HAL_HASHEx_SHA224_Start
 .text.HAL_HASHEx_SHA224_Accmlt
                0x000000000c004190        0x8 ../platform/libplatform_bl2.a(stm32l5xx_hal_hash_ex.o)
                0x000000000c004190                HAL_HASHEx_SHA224_Accmlt
 .text.HAL_HASHEx_SHA224_Accmlt_End
                0x000000000c004198        0x4 ../platform/libplatform_bl2.a(stm32l5xx_hal_hash_ex.o)
                0x000000000c004198                HAL_HASHEx_SHA224_Accmlt_End
 .text.HAL_HASHEx_SHA256_Start
                0x000000000c00419c       0x18 ../platform/libplatform_bl2.a(stm32l5xx_hal_hash_ex.o)
                0x000000000c00419c                HAL_HASHEx_SHA256_Start
 .text.HAL_HASHEx_SHA256_Accmlt
                0x000000000c0041b4        0xc ../platform/libplatform_bl2.a(stm32l5xx_hal_hash_ex.o)
                0x000000000c0041b4                HAL_HASHEx_SHA256_Accmlt
 .text.HAL_HASHEx_SHA256_Accmlt_End
                0x000000000c0041c0        0x4 ../platform/libplatform_bl2.a(stm32l5xx_hal_hash_ex.o)
                0x000000000c0041c0                HAL_HASHEx_SHA256_Accmlt_End
 .text.RNG_Init
                0x000000000c0041c4       0x84 ../platform/libplatform_bl2.a(low_level_rng.o)
                0x000000000c0041c4                RNG_Init
 .text.RNG_DeInit
                0x000000000c004248       0x28 ../platform/libplatform_bl2.a(low_level_rng.o)
                0x000000000c004248                RNG_DeInit
 .text.boot_platform_post_init
                0x000000000c004270        0xe ../platform/libplatform_bl2.a(boot_hal_bl2.o)
                0x000000000c004270                boot_platform_post_init
 .text.boot_platform_pre_load
                0x000000000c00427e        0x4 ../platform/libplatform_bl2.a(boot_hal_bl2.o)
                0x000000000c00427e                boot_platform_pre_load
 .text.boot_platform_post_load
                0x000000000c004282        0x4 ../platform/libplatform_bl2.a(boot_hal_bl2.o)
                0x000000000c004282                boot_platform_post_load
 *fill*         0x000000000c004286        0x2 
 .text.stdio_output_string
                0x000000000c004288       0x28 ../platform/libplatform_bl2.a(uart_stdout.o)
                0x000000000c004288                stdio_output_string
 .text._write   0x000000000c0042b0        0x8 ../platform/libplatform_bl2.a(uart_stdout.o)
                0x000000000c0042b0                _write
 .text.stdio_init
                0x000000000c0042b8       0x58 ../platform/libplatform_bl2.a(uart_stdout.o)
                0x000000000c0042b8                stdio_init
 .text.stdio_uninit
                0x000000000c004310       0x30 ../platform/libplatform_bl2.a(uart_stdout.o)
                0x000000000c004310                stdio_uninit
 .text.set_nv_counter_otp
                0x000000000c004340       0x66 ../platform/libplatform_bl2.a(nv_counters.o)
 .text.read_nv_counter_otp.isra.0
                0x000000000c0043a6       0x6a ../platform/libplatform_bl2.a(nv_counters.o)
 .text.tfm_plat_init_nv_counter
                0x000000000c004410        0x4 ../platform/libplatform_bl2.a(nv_counters.o)
                0x000000000c004410                tfm_plat_init_nv_counter
 .text.tfm_plat_read_nv_counter
                0x000000000c004414       0x34 ../platform/libplatform_bl2.a(nv_counters.o)
                0x000000000c004414                tfm_plat_read_nv_counter
 .text.tfm_plat_set_nv_counter
                0x000000000c004448       0x4a ../platform/libplatform_bl2.a(nv_counters.o)
                0x000000000c004448                tfm_plat_set_nv_counter
 .text.get_rotpk_hash
                0x000000000c004492       0x22 ../platform/libplatform_bl2.a(tfm_rotpk.o)
 .text.tfm_plat_get_rotpk_hash
                0x000000000c0044b4       0x24 ../platform/libplatform_bl2.a(tfm_rotpk.o)
                0x000000000c0044b4                tfm_plat_get_rotpk_hash
 .text.tfm_plat_otp_init
                0x000000000c0044d8        0x4 ../platform/libplatform_bl2.a(otp_flash.o)
                0x000000000c0044d8                tfm_plat_otp_init
 .text.tfm_plat_otp_get_size
                0x000000000c0044dc       0x3e ../platform/libplatform_bl2.a(otp_flash.o)
                0x000000000c0044dc                tfm_plat_otp_get_size
 .text.write_to_output
                0x000000000c00451a       0x22 ../platform/libplatform_bl2.a(otp_flash.o)
 .text.tfm_plat_otp_read
                0x000000000c00453c       0xee ../platform/libplatform_bl2.a(otp_flash.o)
                0x000000000c00453c                tfm_plat_otp_read
 .text.read_from_input
                0x000000000c00462a       0x5e ../platform/libplatform_bl2.a(otp_flash.o)
 .text.tfm_plat_otp_write
                0x000000000c004688       0xee ../platform/libplatform_bl2.a(otp_flash.o)
                0x000000000c004688                tfm_plat_otp_write
 *fill*         0x000000000c004776        0x2 
 .text.USART_GetVersion
                0x000000000c004778       0x20 ../platform/libplatform_bl2.a(low_level_com.o)
 .text.USART_GetCapabilities
                0x000000000c004798        0x4 ../platform/libplatform_bl2.a(low_level_com.o)
 .text.USART0_Uninitialize
                0x000000000c00479c        0x4 ../platform/libplatform_bl2.a(low_level_com.o)
 .text.USART0_PowerControl
                0x000000000c0047a0        0x4 ../platform/libplatform_bl2.a(low_level_com.o)
 .text.USART0_Transfer
                0x000000000c0047a4        0x6 ../platform/libplatform_bl2.a(low_level_com.o)
 .text.USART0_GetTxCount
                0x000000000c0047aa        0x4 ../platform/libplatform_bl2.a(low_level_com.o)
 .text.USART0_Control
                0x000000000c0047ae        0x4 ../platform/libplatform_bl2.a(low_level_com.o)
 .text.USART0_GetStatus
                0x000000000c0047b2        0xc ../platform/libplatform_bl2.a(low_level_com.o)
 .text.USART0_SetModemControl
                0x000000000c0047be        0x6 ../platform/libplatform_bl2.a(low_level_com.o)
 .text.USART0_GetModemStatus
                0x000000000c0047c4        0xc ../platform/libplatform_bl2.a(low_level_com.o)
 .text.USART0_Receive
                0x000000000c0047d0       0x20 ../platform/libplatform_bl2.a(low_level_com.o)
 .text.USART0_Send
                0x000000000c0047f0       0x24 ../platform/libplatform_bl2.a(low_level_com.o)
 .text.USART0_Initialize
                0x000000000c004814       0xc4 ../platform/libplatform_bl2.a(low_level_com.o)
 .text.USART0_GetRxCount
                0x000000000c0048d8        0x4 ../platform/libplatform_bl2.a(low_level_com.o)
 .text.RCCEx_PLLSAI1_Config
                0x000000000c0048dc      0x104 ../platform/libplatform_bl2.a(stm32l5xx_hal_rcc_ex.o)
 .text.RCCEx_PLLSAI2_Config.constprop.0
                0x000000000c0049e0       0xb8 ../platform/libplatform_bl2.a(stm32l5xx_hal_rcc_ex.o)
 .text.HAL_RCCEx_PeriphCLKConfig
                0x000000000c004a98      0x4a4 ../platform/libplatform_bl2.a(stm32l5xx_hal_rcc_ex.o)
                0x000000000c004a98                HAL_RCCEx_PeriphCLKConfig
 .text.HAL_UART_MspInit
                0x000000000c004f3c        0x2 ../platform/libplatform_bl2.a(stm32l5xx_hal_uart.o)
                0x000000000c004f3c                HAL_UART_MspInit
 .text.HAL_UART_RxCpltCallback
                0x000000000c004f3e        0x2 ../platform/libplatform_bl2.a(stm32l5xx_hal_uart.o)
                0x000000000c004f3e                HAL_UART_RxCpltCallback
 .text.HAL_UART_ErrorCallback
                0x000000000c004f40        0x2 ../platform/libplatform_bl2.a(stm32l5xx_hal_uart.o)
                0x000000000c004f40                HAL_UART_ErrorCallback
 .text.HAL_UARTEx_RxEventCallback
                0x000000000c004f42        0x2 ../platform/libplatform_bl2.a(stm32l5xx_hal_uart.o)
                0x000000000c004f42                HAL_UARTEx_RxEventCallback
 .text.UART_RxISR_8BIT
                0x000000000c004f44       0x7a ../platform/libplatform_bl2.a(stm32l5xx_hal_uart.o)
 .text.UART_RxISR_16BIT
                0x000000000c004fbe       0x76 ../platform/libplatform_bl2.a(stm32l5xx_hal_uart.o)
 .text.UART_RxISR_8BIT_FIFOEN
                0x000000000c005034      0x138 ../platform/libplatform_bl2.a(stm32l5xx_hal_uart.o)
 .text.UART_RxISR_16BIT_FIFOEN
                0x000000000c00516c      0x134 ../platform/libplatform_bl2.a(stm32l5xx_hal_uart.o)
 .text.UART_SetConfig
                0x000000000c0052a0      0x2cc ../platform/libplatform_bl2.a(stm32l5xx_hal_uart.o)
                0x000000000c0052a0                UART_SetConfig
 .text.UART_AdvFeatureConfig
                0x000000000c00556c       0xaa ../platform/libplatform_bl2.a(stm32l5xx_hal_uart.o)
                0x000000000c00556c                UART_AdvFeatureConfig
 .text.UART_WaitOnFlagUntilTimeout
                0x000000000c005616       0x94 ../platform/libplatform_bl2.a(stm32l5xx_hal_uart.o)
                0x000000000c005616                UART_WaitOnFlagUntilTimeout
 .text.HAL_UART_Transmit
                0x000000000c0056aa       0xb8 ../platform/libplatform_bl2.a(stm32l5xx_hal_uart.o)
                0x000000000c0056aa                HAL_UART_Transmit
 .text.UART_CheckIdleState
                0x000000000c005762       0x68 ../platform/libplatform_bl2.a(stm32l5xx_hal_uart.o)
                0x000000000c005762                UART_CheckIdleState
 .text.HAL_UART_Init
                0x000000000c0057ca       0x60 ../platform/libplatform_bl2.a(stm32l5xx_hal_uart.o)
                0x000000000c0057ca                HAL_UART_Init
 *fill*         0x000000000c00582a        0x2 
 .text.UART_Start_Receive_IT
                0x000000000c00582c       0xd4 ../platform/libplatform_bl2.a(stm32l5xx_hal_uart.o)
                0x000000000c00582c                UART_Start_Receive_IT
 .text.HAL_UART_Receive_IT
                0x000000000c005900       0x4c ../platform/libplatform_bl2.a(stm32l5xx_hal_uart.o)
                0x000000000c005900                HAL_UART_Receive_IT
 .text.HAL_RNG_MspInit
                0x000000000c00594c        0x2 ../platform/libplatform_bl2.a(stm32l5xx_hal_rng.o)
                0x000000000c00594c                HAL_RNG_MspInit
 *fill*         0x000000000c00594e        0x2 
 .text.HAL_RNG_Init
                0x000000000c005950       0xc4 ../platform/libplatform_bl2.a(stm32l5xx_hal_rng.o)
                0x000000000c005950                HAL_RNG_Init
 .text.HAL_RNG_MspDeInit
                0x000000000c005a14        0x2 ../platform/libplatform_bl2.a(stm32l5xx_hal_rng.o)
                0x000000000c005a14                HAL_RNG_MspDeInit
 .text.HAL_RNG_DeInit
                0x000000000c005a16       0x74 ../platform/libplatform_bl2.a(stm32l5xx_hal_rng.o)
                0x000000000c005a16                HAL_RNG_DeInit
 .text.HAL_RNG_ErrorCallback
                0x000000000c005a8a        0x2 ../platform/libplatform_bl2.a(stm32l5xx_hal_rng.o)
                0x000000000c005a8a                HAL_RNG_ErrorCallback
 .text.RNG_RecoverSeedError
                0x000000000c005a8c       0x84 ../platform/libplatform_bl2.a(stm32l5xx_hal_rng.o)
                0x000000000c005a8c                RNG_RecoverSeedError
 .text.HAL_RNG_GenerateRandomNumber
                0x000000000c005b10       0x8e ../platform/libplatform_bl2.a(stm32l5xx_hal_rng.o)
                0x000000000c005b10                HAL_RNG_GenerateRandomNumber
 *fill*         0x000000000c005b9e        0x2 
 .text.erase_flash_region
                0x000000000c005ba0       0x3c ../platform/libplatform_bl2.a(flash_otp_nv_counters_backend.o)
 .text.copy_flash_region.constprop.0
                0x000000000c005bdc       0x6c ../platform/libplatform_bl2.a(flash_otp_nv_counters_backend.o)
 .text.make_backup
                0x000000000c005c48       0x22 ../platform/libplatform_bl2.a(flash_otp_nv_counters_backend.o)
 *fill*         0x000000000c005c6a        0x2 
 .text.read_otp_nv_counters_flash
                0x000000000c005c6c       0x78 ../platform/libplatform_bl2.a(flash_otp_nv_counters_backend.o)
                0x000000000c005c6c                read_otp_nv_counters_flash
 .text.write_otp_nv_counters_flash
                0x000000000c005ce4      0x154 ../platform/libplatform_bl2.a(flash_otp_nv_counters_backend.o)
                0x000000000c005ce4                write_otp_nv_counters_flash
 .text.init_otp_nv_counters_flash
                0x000000000c005e38      0x160 ../platform/libplatform_bl2.a(flash_otp_nv_counters_backend.o)
                0x000000000c005e38                init_otp_nv_counters_flash
 .text.mbedtls_asn1_get_len
                0x000000000c005f98       0x90 mbedcrypto/library/libmbedcrypto.a(asn1parse.o)
                0x000000000c005f98                mbedtls_asn1_get_len
 .text.mbedtls_asn1_get_tag
                0x000000000c006028       0x28 mbedcrypto/library/libmbedcrypto.a(asn1parse.o)
                0x000000000c006028                mbedtls_asn1_get_tag
 .text.mbedtls_asn1_get_mpi
                0x000000000c006050       0x26 mbedcrypto/library/libmbedcrypto.a(asn1parse.o)
                0x000000000c006050                mbedtls_asn1_get_mpi
 .text.mpi_bigendian_to_host.part.0
                0x000000000c006076       0x24 mbedcrypto/library/libmbedcrypto.a(bignum.o)
 .text.mbedtls_mpi_init
                0x000000000c00609a        0xc mbedcrypto/library/libmbedcrypto.a(bignum.o)
                0x000000000c00609a                mbedtls_mpi_init
 .text.mbedtls_mpi_free
                0x000000000c0060a6       0x24 mbedcrypto/library/libmbedcrypto.a(bignum.o)
                0x000000000c0060a6                mbedtls_mpi_free
 .text.mbedtls_mpi_grow
                0x000000000c0060ca       0x4c mbedcrypto/library/libmbedcrypto.a(bignum.o)
                0x000000000c0060ca                mbedtls_mpi_grow
 .text.mbedtls_mpi_resize_clear
                0x000000000c006116       0x36 mbedcrypto/library/libmbedcrypto.a(bignum.o)
 .text.mbedtls_mpi_copy
                0x000000000c00614c       0x64 mbedcrypto/library/libmbedcrypto.a(bignum.o)
                0x000000000c00614c                mbedtls_mpi_copy
 .text.mbedtls_mpi_lset
                0x000000000c0061b0       0x38 mbedcrypto/library/libmbedcrypto.a(bignum.o)
                0x000000000c0061b0                mbedtls_mpi_lset
 .text.mbedtls_mpi_get_bit
                0x000000000c0061e8       0x22 mbedcrypto/library/libmbedcrypto.a(bignum.o)
                0x000000000c0061e8                mbedtls_mpi_get_bit
 .text.mbedtls_mpi_bitlen
                0x000000000c00620a       0x38 mbedcrypto/library/libmbedcrypto.a(bignum.o)
                0x000000000c00620a                mbedtls_mpi_bitlen
 .text.mbedtls_mpi_size
                0x000000000c006242        0xc mbedcrypto/library/libmbedcrypto.a(bignum.o)
                0x000000000c006242                mbedtls_mpi_size
 .text.mbedtls_mpi_read_binary
                0x000000000c00624e       0x42 mbedcrypto/library/libmbedcrypto.a(bignum.o)
                0x000000000c00624e                mbedtls_mpi_read_binary
 .text.mbedtls_mpi_write_binary
                0x000000000c006290       0x6e mbedcrypto/library/libmbedcrypto.a(bignum.o)
                0x000000000c006290                mbedtls_mpi_write_binary
 .text.mbedtls_mpi_shift_l
                0x000000000c0062fe       0x9c mbedcrypto/library/libmbedcrypto.a(bignum.o)
                0x000000000c0062fe                mbedtls_mpi_shift_l
 .text.mbedtls_mpi_shift_r
                0x000000000c00639a       0x74 mbedcrypto/library/libmbedcrypto.a(bignum.o)
                0x000000000c00639a                mbedtls_mpi_shift_r
 .text.mbedtls_mpi_cmp_abs
                0x000000000c00640e       0x66 mbedcrypto/library/libmbedcrypto.a(bignum.o)
                0x000000000c00640e                mbedtls_mpi_cmp_abs
 .text.mbedtls_mpi_cmp_mpi
                0x000000000c006474       0x86 mbedcrypto/library/libmbedcrypto.a(bignum.o)
                0x000000000c006474                mbedtls_mpi_cmp_mpi
 .text.mbedtls_mpi_cmp_int
                0x000000000c0064fa       0x2c mbedcrypto/library/libmbedcrypto.a(bignum.o)
                0x000000000c0064fa                mbedtls_mpi_cmp_int
 .text.mbedtls_mpi_add_abs
                0x000000000c006526       0xb2 mbedcrypto/library/libmbedcrypto.a(bignum.o)
                0x000000000c006526                mbedtls_mpi_add_abs
 .text.mbedtls_mpi_sub_abs
                0x000000000c0065d8       0xdc mbedcrypto/library/libmbedcrypto.a(bignum.o)
                0x000000000c0065d8                mbedtls_mpi_sub_abs
 .text.mbedtls_mpi_add_mpi
                0x000000000c0066b4       0x44 mbedcrypto/library/libmbedcrypto.a(bignum.o)
                0x000000000c0066b4                mbedtls_mpi_add_mpi
 .text.mbedtls_mpi_sub_mpi
                0x000000000c0066f8       0x46 mbedcrypto/library/libmbedcrypto.a(bignum.o)
                0x000000000c0066f8                mbedtls_mpi_sub_mpi
 .text.mbedtls_mpi_core_mla
                0x000000000c00673e      0x1dc mbedcrypto/library/libmbedcrypto.a(bignum.o)
                0x000000000c00673e                mbedtls_mpi_core_mla
 .text.mpi_montmul.isra.0
                0x000000000c00691a       0xe0 mbedcrypto/library/libmbedcrypto.a(bignum.o)
 .text.mbedtls_mpi_mul_int
                0x000000000c0069fa       0x62 mbedcrypto/library/libmbedcrypto.a(bignum.o)
                0x000000000c0069fa                mbedtls_mpi_mul_int
 .text.mbedtls_mpi_div_mpi
                0x000000000c006a5c      0x346 mbedcrypto/library/libmbedcrypto.a(bignum.o)
                0x000000000c006a5c                mbedtls_mpi_div_mpi
 .text.mbedtls_mpi_mod_mpi
                0x000000000c006da2       0x64 mbedcrypto/library/libmbedcrypto.a(bignum.o)
                0x000000000c006da2                mbedtls_mpi_mod_mpi
 .text.mbedtls_mpi_exp_mod
                0x000000000c006e06      0x462 mbedcrypto/library/libmbedcrypto.a(bignum.o)
                0x000000000c006e06                mbedtls_mpi_exp_mod
 .text.mbedtls_ct_size_bool_eq
                0x000000000c007268        0xc mbedcrypto/library/libmbedcrypto.a(constant_time.o)
                0x000000000c007268                mbedtls_ct_size_bool_eq
 .text.mbedtls_ct_mpi_uint_cond_assign
                0x000000000c007274       0x24 mbedcrypto/library/libmbedcrypto.a(constant_time.o)
                0x000000000c007274                mbedtls_ct_mpi_uint_cond_assign
 .text.mbedtls_mpi_safe_cond_assign
                0x000000000c007298       0x5e mbedcrypto/library/libmbedcrypto.a(constant_time.o)
                0x000000000c007298                mbedtls_mpi_safe_cond_assign
 *fill*         0x000000000c0072f6        0x2 
 .text.verify_header
                0x000000000c0072f8       0x40 mbedcrypto/library/libmbedcrypto.a(memory_buffer_alloc.o)
 .text.verify_chain
                0x000000000c007338       0x3c mbedcrypto/library/libmbedcrypto.a(memory_buffer_alloc.o)
 .text.buffer_alloc_calloc
                0x000000000c007374      0x118 mbedcrypto/library/libmbedcrypto.a(memory_buffer_alloc.o)
 .text.buffer_alloc_free
                0x000000000c00748c      0x110 mbedcrypto/library/libmbedcrypto.a(memory_buffer_alloc.o)
 .text.mbedtls_memory_buffer_alloc_init
                0x000000000c00759c       0x64 mbedcrypto/library/libmbedcrypto.a(memory_buffer_alloc.o)
                0x000000000c00759c                mbedtls_memory_buffer_alloc_init
 .text.mbedtls_calloc
                0x000000000c007600        0xc mbedcrypto/library/libmbedcrypto.a(platform.o)
                0x000000000c007600                mbedtls_calloc
 .text.mbedtls_free
                0x000000000c00760c        0xc mbedcrypto/library/libmbedcrypto.a(platform.o)
                0x000000000c00760c                mbedtls_free
 .text.mbedtls_platform_set_calloc_free
                0x000000000c007618       0x14 mbedcrypto/library/libmbedcrypto.a(platform.o)
                0x000000000c007618                mbedtls_platform_set_calloc_free
 .text.mbedtls_platform_zeroize
                0x000000000c00762c       0x14 mbedcrypto/library/libmbedcrypto.a(platform_util.o)
                0x000000000c00762c                mbedtls_platform_zeroize
 .text.rsa_check_context.isra.0
                0x000000000c007640       0xb8 mbedcrypto/library/libmbedcrypto.a(rsa.o)
 .text.mbedtls_rsa_import
                0x000000000c0076f8       0x88 mbedcrypto/library/libmbedcrypto.a(rsa.o)
                0x000000000c0076f8                mbedtls_rsa_import
 .text.mbedtls_rsa_init
                0x000000000c007780       0x14 mbedcrypto/library/libmbedcrypto.a(rsa.o)
                0x000000000c007780                mbedtls_rsa_init
 .text.mbedtls_rsa_check_pubkey
                0x000000000c007794       0x48 mbedcrypto/library/libmbedcrypto.a(rsa.o)
                0x000000000c007794                mbedtls_rsa_check_pubkey
 .text.mbedtls_rsa_public
                0x000000000c0077dc       0x7c mbedcrypto/library/libmbedcrypto.a(rsa.o)
                0x000000000c0077dc                mbedtls_rsa_public
 .text.mbedtls_rsa_free
                0x000000000c007858       0x72 mbedcrypto/library/libmbedcrypto.a(rsa.o)
                0x000000000c007858                mbedtls_rsa_free
 .text          0x000000000c0078ca       0x2a /usr/lib/gcc/arm-none-eabi/9.2.1/thumb/v8-m.main/nofp/libgcc.a(cmse_nonsecure_call.o)
                0x000000000c0078ca                __gnu_cmse_nonsecure_call
 .text          0x000000000c0078f4       0x30 /usr/lib/gcc/arm-none-eabi/9.2.1/thumb/v8-m.main/nofp/libgcc.a(_aeabi_uldivmod.o)
                0x000000000c0078f4                __aeabi_uldivmod
 .text          0x000000000c007924      0x2c8 /usr/lib/gcc/arm-none-eabi/9.2.1/thumb/v8-m.main/nofp/libgcc.a(_udivmoddi4.o)
                0x000000000c007924                __udivmoddi4
 .text          0x000000000c007bec        0x4 /usr/lib/gcc/arm-none-eabi/9.2.1/thumb/v8-m.main/nofp/libgcc.a(_dvmd_tls.o)
                0x000000000c007bec                __aeabi_ldiv0
                0x000000000c007bec                __aeabi_idiv0
 .text          0x000000000c007bf0       0x48 /usr/lib/gcc/arm-none-eabi/9.2.1/../../../arm-none-eabi/lib/thumb/v8-m.main/nofp/libg_nano.a(lib_a-assert.o)
                0x000000000c007bf0                __assert_func
                0x000000000c007c2c                __assert
 .text          0x000000000c007c38        0xc /usr/lib/gcc/arm-none-eabi/9.2.1/../../../arm-none-eabi/lib/thumb/v8-m.main/nofp/libg_nano.a(lib_a-atexit.o)
                0x000000000c007c38                atexit
 .text          0x000000000c007c44       0x10 /usr/lib/gcc/arm-none-eabi/9.2.1/../../../arm-none-eabi/lib/thumb/v8-m.main/nofp/libg_nano.a(lib_a-calloc.o)
                0x000000000c007c44                calloc
 .text          0x000000000c007c54       0x28 /usr/lib/gcc/arm-none-eabi/9.2.1/../../../arm-none-eabi/lib/thumb/v8-m.main/nofp/libg_nano.a(lib_a-exit.o)
                0x000000000c007c54                exit
 .text          0x000000000c007c7c       0x34 /usr/lib/gcc/arm-none-eabi/9.2.1/../../../arm-none-eabi/lib/thumb/v8-m.main/nofp/libg_nano.a(lib_a-fini.o)
                0x000000000c007c7c                __libc_fini_array
 .text          0x000000000c007cb0       0x48 /usr/lib/gcc/arm-none-eabi/9.2.1/../../../arm-none-eabi/lib/thumb/v8-m.main/nofp/libg_nano.a(lib_a-fprintf.o)
                0x000000000c007cb0                _fprintf_r
                0x000000000c007cb0                _fiprintf_r
                0x000000000c007cd0                fprintf
                0x000000000c007cd0                fiprintf
 .text          0x000000000c007cf8       0x48 /usr/lib/gcc/arm-none-eabi/9.2.1/../../../arm-none-eabi/lib/thumb/v8-m.main/nofp/libg_nano.a(lib_a-init.o)
                0x000000000c007cf8                __libc_init_array
 .text          0x000000000c007d40       0x20 /usr/lib/gcc/arm-none-eabi/9.2.1/../../../arm-none-eabi/lib/thumb/v8-m.main/nofp/libg_nano.a(lib_a-malloc.o)
                0x000000000c007d40                malloc
                0x000000000c007d50                free
 .text          0x000000000c007d60       0x5c /usr/lib/gcc/arm-none-eabi/9.2.1/../../../arm-none-eabi/lib/thumb/v8-m.main/nofp/libg_nano.a(lib_a-memcmp.o)
                0x000000000c007d60                memcmp
 .text          0x000000000c007dbc       0xec /usr/lib/gcc/arm-none-eabi/9.2.1/../../../arm-none-eabi/lib/thumb/v8-m.main/nofp/libg_nano.a(lib_a-memcpy.o)
                0x000000000c007dbc                memcpy
 .text          0x000000000c007ea8       0xd0 /usr/lib/gcc/arm-none-eabi/9.2.1/../../../arm-none-eabi/lib/thumb/v8-m.main/nofp/libg_nano.a(lib_a-memmove.o)
                0x000000000c007ea8                memmove
 .text          0x000000000c007f78       0xa0 /usr/lib/gcc/arm-none-eabi/9.2.1/../../../arm-none-eabi/lib/thumb/v8-m.main/nofp/libg_nano.a(lib_a-memset.o)
                0x000000000c007f78                memset
 .text          0x000000000c008018       0x1c /usr/lib/gcc/arm-none-eabi/9.2.1/../../../arm-none-eabi/lib/thumb/v8-m.main/nofp/libg_nano.a(lib_a-nano-callocr.o)
                0x000000000c008018                _calloc_r
 .text          0x000000000c008034       0xb4 /usr/lib/gcc/arm-none-eabi/9.2.1/../../../arm-none-eabi/lib/thumb/v8-m.main/nofp/libg_nano.a(lib_a-nano-freer.o)
                0x000000000c008034                _free_r
 .text          0x000000000c0080e8       0xc8 /usr/lib/gcc/arm-none-eabi/9.2.1/../../../arm-none-eabi/lib/thumb/v8-m.main/nofp/libg_nano.a(lib_a-nano-mallocr.o)
                0x000000000c0080e8                _malloc_r
 .text          0x000000000c0081b0      0x354 /usr/lib/gcc/arm-none-eabi/9.2.1/../../../arm-none-eabi/lib/thumb/v8-m.main/nofp/libg_nano.a(lib_a-nano-vfprintf.o)
                0x000000000c0081e8                __sfputs_r
                0x000000000c008218                __sprint_r
                0x000000000c008234                _vfiprintf_r
                0x000000000c008234                _vfprintf_r
                0x000000000c0084ec                vfiprintf
                0x000000000c0084ec                vfprintf
 .text          0x000000000c008504      0x3c8 /usr/lib/gcc/arm-none-eabi/9.2.1/../../../arm-none-eabi/lib/thumb/v8-m.main/nofp/libg_nano.a(lib_a-nano-vfprintf_i.o)
                0x000000000c008504                _printf_common
                0x000000000c00862c                _printf_i
 .text          0x000000000c0088cc       0x68 /usr/lib/gcc/arm-none-eabi/9.2.1/../../../arm-none-eabi/lib/thumb/v8-m.main/nofp/libg_nano.a(lib_a-printf.o)
                0x000000000c0088cc                _printf_r
                0x000000000c0088cc                _iprintf_r
                0x000000000c0088fc                printf
                0x000000000c0088fc                iprintf
 .text          0x000000000c008934       0x24 /usr/lib/gcc/arm-none-eabi/9.2.1/../../../arm-none-eabi/lib/thumb/v8-m.main/nofp/libg_nano.a(lib_a-sbrkr.o)
                0x000000000c008934                _sbrk_r
 .text          0x000000000c008958       0xc0 /usr/lib/gcc/arm-none-eabi/9.2.1/../../../arm-none-eabi/lib/thumb/v8-m.main/nofp/libg_nano.a(lib_a-wbuf.o)
                0x000000000c008958                __swbuf_r
                0x000000000c008a08                __swbuf
 .text          0x000000000c008a18      0x100 /usr/lib/gcc/arm-none-eabi/9.2.1/../../../arm-none-eabi/lib/thumb/v8-m.main/nofp/libg_nano.a(lib_a-wsetup.o)
                0x000000000c008a18                __swsetup_r
 .text          0x000000000c008b18       0xb0 /usr/lib/gcc/arm-none-eabi/9.2.1/../../../arm-none-eabi/lib/thumb/v8-m.main/nofp/libg_nano.a(lib_a-__atexit.o)
                0x000000000c008b18                __register_exitproc
 .text          0x000000000c008bc8       0xa0 /usr/lib/gcc/arm-none-eabi/9.2.1/../../../arm-none-eabi/lib/thumb/v8-m.main/nofp/libg_nano.a(lib_a-__call_atexit.o)
                0x000000000c008bc8                __call_exitprocs
 .text          0x000000000c008c68       0x10 /usr/lib/gcc/arm-none-eabi/9.2.1/../../../arm-none-eabi/lib/thumb/v8-m.main/nofp/libg_nano.a(lib_a-abort.o)
                0x000000000c008c68                abort
 .text          0x000000000c008c78      0x1b8 /usr/lib/gcc/arm-none-eabi/9.2.1/../../../arm-none-eabi/lib/thumb/v8-m.main/nofp/libg_nano.a(lib_a-fflush.o)
                0x000000000c008c78                __sflush_r
                0x000000000c008dac                _fflush_r
                0x000000000c008e0c                fflush
 .text          0x000000000c008e30      0x214 /usr/lib/gcc/arm-none-eabi/9.2.1/../../../arm-none-eabi/lib/thumb/v8-m.main/nofp/libg_nano.a(lib_a-findfp.o)
                0x000000000c008e34                _cleanup_r
                0x000000000c008e44                __sfmoreglue
                0x000000000c008e74                __sfp
                0x000000000c008ff0                _cleanup
                0x000000000c009004                __sinit
                0x000000000c00900c                __sfp_lock_acquire
                0x000000000c009010                __sfp_lock_release
                0x000000000c009014                __sinit_lock_acquire
                0x000000000c009018                __sinit_lock_release
                0x000000000c00901c                __fp_lock_all
                0x000000000c009030                __fp_unlock_all
 .text          0x000000000c009044      0x328 /usr/lib/gcc/arm-none-eabi/9.2.1/../../../arm-none-eabi/lib/thumb/v8-m.main/nofp/libg_nano.a(lib_a-fvwrite.o)
                0x000000000c009044                __sfvwrite_r
 .text          0x000000000c00936c       0x98 /usr/lib/gcc/arm-none-eabi/9.2.1/../../../arm-none-eabi/lib/thumb/v8-m.main/nofp/libg_nano.a(lib_a-fwalk.o)
                0x000000000c00936c                _fwalk
                0x000000000c0093b4                _fwalk_reent
 .text          0x000000000c009404       0xf0 /usr/lib/gcc/arm-none-eabi/9.2.1/../../../arm-none-eabi/lib/thumb/v8-m.main/nofp/libg_nano.a(lib_a-makebuf.o)
                0x000000000c009404                __swhatbuf_r
                0x000000000c009460                __smakebuf_r
 .text          0x000000000c0094f4       0x8c /usr/lib/gcc/arm-none-eabi/9.2.1/../../../arm-none-eabi/lib/thumb/v8-m.main/nofp/libg_nano.a(lib_a-memchr-stub.o)
                0x000000000c0094f4                memchr
 .text          0x000000000c009580        0x8 /usr/lib/gcc/arm-none-eabi/9.2.1/../../../arm-none-eabi/lib/thumb/v8-m.main/nofp/libg_nano.a(lib_a-mlock.o)
                0x000000000c009580                __malloc_lock
                0x000000000c009584                __malloc_unlock
 .text          0x000000000c009588       0x4c /usr/lib/gcc/arm-none-eabi/9.2.1/../../../arm-none-eabi/lib/thumb/v8-m.main/nofp/libg_nano.a(lib_a-nano-reallocr.o)
                0x000000000c009588                _realloc_r
 .text          0x000000000c0095d4      0x150 /usr/lib/gcc/arm-none-eabi/9.2.1/../../../arm-none-eabi/lib/thumb/v8-m.main/nofp/libg_nano.a(lib_a-signal.o)
                0x000000000c0095fc                _init_signal_r
                0x000000000c009608                _signal_r
                0x000000000c00963c                _raise_r
                0x000000000c009690                __sigtramp_r
                0x000000000c0096e0                raise
                0x000000000c0096f0                signal
                0x000000000c009700                _init_signal
                0x000000000c009714                __sigtramp
 .text          0x000000000c009724       0x2c /usr/lib/gcc/arm-none-eabi/9.2.1/../../../arm-none-eabi/lib/thumb/v8-m.main/nofp/libg_nano.a(lib_a-signalr.o)
                0x000000000c009724                _kill_r
                0x000000000c00974c                _getpid_r
 .text          0x000000000c009750       0x94 /usr/lib/gcc/arm-none-eabi/9.2.1/../../../arm-none-eabi/lib/thumb/v8-m.main/nofp/libg_nano.a(lib_a-stdio.o)
                0x000000000c009750                __sread
                0x000000000c009774                __seofread
                0x000000000c009778                __swrite
                0x000000000c0097b8                __sseek
                0x000000000c0097dc                __sclose
 .text          0x000000000c0097e4       0x2c /usr/lib/gcc/arm-none-eabi/9.2.1/../../../arm-none-eabi/lib/thumb/v8-m.main/nofp/libg_nano.a(lib_a-writer.o)
                0x000000000c0097e4                _write_r
 .text          0x000000000c009810       0x24 /usr/lib/gcc/arm-none-eabi/9.2.1/../../../arm-none-eabi/lib/thumb/v8-m.main/nofp/libg_nano.a(lib_a-closer.o)
                0x000000000c009810                _close_r
 .text          0x000000000c009834       0x28 /usr/lib/gcc/arm-none-eabi/9.2.1/../../../arm-none-eabi/lib/thumb/v8-m.main/nofp/libg_nano.a(lib_a-fstatr.o)
                0x000000000c009834                _fstat_r
 .text          0x000000000c00985c       0x24 /usr/lib/gcc/arm-none-eabi/9.2.1/../../../arm-none-eabi/lib/thumb/v8-m.main/nofp/libg_nano.a(lib_a-isattyr.o)
                0x000000000c00985c                _isatty_r
 .text          0x000000000c009880       0x2c /usr/lib/gcc/arm-none-eabi/9.2.1/../../../arm-none-eabi/lib/thumb/v8-m.main/nofp/libg_nano.a(lib_a-lseekr.o)
                0x000000000c009880                _lseek_r
 .text          0x000000000c0098ac       0x14 /usr/lib/gcc/arm-none-eabi/9.2.1/../../../arm-none-eabi/lib/thumb/v8-m.main/nofp/libg_nano.a(lib_a-nano-msizer.o)
                0x000000000c0098ac                _malloc_usable_size_r
 .text          0x000000000c0098c0       0x2c /usr/lib/gcc/arm-none-eabi/9.2.1/../../../arm-none-eabi/lib/thumb/v8-m.main/nofp/libg_nano.a(lib_a-readr.o)
                0x000000000c0098c0                _read_r
 .text          0x000000000c0098ec       0x10 /usr/lib/gcc/arm-none-eabi/9.2.1/../../../arm-none-eabi/lib/thumb/v8-m.main/nofp/libnosys.a(close.o)
                0x000000000c0098ec                _close
 .text          0x000000000c0098fc       0x10 /usr/lib/gcc/arm-none-eabi/9.2.1/../../../arm-none-eabi/lib/thumb/v8-m.main/nofp/libnosys.a(fstat.o)
                0x000000000c0098fc                _fstat
 .text          0x000000000c00990c       0x10 /usr/lib/gcc/arm-none-eabi/9.2.1/../../../arm-none-eabi/lib/thumb/v8-m.main/nofp/libnosys.a(getpid.o)
                0x000000000c00990c                _getpid
 .text          0x000000000c00991c       0x10 /usr/lib/gcc/arm-none-eabi/9.2.1/../../../arm-none-eabi/lib/thumb/v8-m.main/nofp/libnosys.a(isatty.o)
                0x000000000c00991c                _isatty
 .text          0x000000000c00992c       0x10 /usr/lib/gcc/arm-none-eabi/9.2.1/../../../arm-none-eabi/lib/thumb/v8-m.main/nofp/libnosys.a(kill.o)
                0x000000000c00992c                _kill
 .text          0x000000000c00993c       0x10 /usr/lib/gcc/arm-none-eabi/9.2.1/../../../arm-none-eabi/lib/thumb/v8-m.main/nofp/libnosys.a(lseek.o)
                0x000000000c00993c                _lseek
 .text          0x000000000c00994c       0x10 /usr/lib/gcc/arm-none-eabi/9.2.1/../../../arm-none-eabi/lib/thumb/v8-m.main/nofp/libnosys.a(read.o)
                0x000000000c00994c                _read
 .text          0x000000000c00995c       0x1c /usr/lib/gcc/arm-none-eabi/9.2.1/../../../arm-none-eabi/lib/thumb/v8-m.main/nofp/libnosys.a(sbrk.o)
                0x000000000c00995c                _sbrk
 .text          0x000000000c009978        0x4 /usr/lib/gcc/arm-none-eabi/9.2.1/../../../arm-none-eabi/lib/thumb/v8-m.main/nofp/libnosys.a(_exit.o)
                0x000000000c009978                _exit
 *(.init)
 .init          0x000000000c00997c        0x4 /usr/lib/gcc/arm-none-eabi/9.2.1/thumb/v8-m.main/nofp/crti.o
                0x000000000c00997c                _init
 .init          0x000000000c009980        0x8 /usr/lib/gcc/arm-none-eabi/9.2.1/thumb/v8-m.main/nofp/crtn.o
 *(.fini)
 .fini          0x000000000c009988        0x4 /usr/lib/gcc/arm-none-eabi/9.2.1/thumb/v8-m.main/nofp/crti.o
                0x000000000c009988                _fini
 .fini          0x000000000c00998c        0x8 /usr/lib/gcc/arm-none-eabi/9.2.1/thumb/v8-m.main/nofp/crtn.o
 *crtbegin.o(.ctors)
 *crtbegin?.o(.ctors)
 *(EXCLUDE_FILE(*crtend.o *crtend?.o) .ctors)
 *(SORT_BY_NAME(.ctors.*))
 *(.ctors)
 *crtbegin.o(.dtors)
 *crtbegin?.o(.dtors)
 *(EXCLUDE_FILE(*crtend.o *crtend?.o) .dtors)
 *(SORT_BY_NAME(.dtors.*))
 *(.dtors)
 *(.rodata*)
 .rodata.data_width_byte
                0x000000000c009994        0xc CMakeFiles/bl2.dir/src/flash_map.o
 .rodata.flash_map
                0x000000000c0099a0       0x40 CMakeFiles/bl2.dir/src/default_flash_map.o
                0x000000000c0099a0                flash_map
 .rodata.flash_map_entry_num
                0x000000000c0099e0        0x4 CMakeFiles/bl2.dir/src/default_flash_map.o
                0x000000000c0099e0                flash_map_entry_num
 .rodata.tfm_plat_provisioning_check_for_dummy_keys.str1.1
                0x000000000c0099e4       0x6c CMakeFiles/bl2.dir/src/provisioning.o
 .rodata.tfm_plat_provisioning_perform.str1.1
                0x000000000c009a50       0x5b CMakeFiles/bl2.dir/src/provisioning.o
 .rodata.bl2_assembly_and_test_prov_data
                0x000000000c009aab       0x44 CMakeFiles/bl2.dir/src/provisioning.o
 .rodata.main.str1.1
                0x000000000c009aef      0x1f1 CMakeFiles/bl2.dir/ext/mcuboot/bl2_main.o
 .rodata.__func__.7235
                0x000000000c009ce0        0x8 CMakeFiles/bl2.dir/ext/mcuboot/bl2_main.o
 .rodata.bootutil_key_cnt
                0x000000000c009ce8        0x4 CMakeFiles/bl2.dir/ext/mcuboot/keys.o
                0x000000000c009ce8                bootutil_key_cnt
 .rodata.flash_device_base.str1.1
                0x000000000c009cec       0x29 CMakeFiles/bl2.dir/ext/mcuboot/flash_map_extended.o
 .rodata.flash_area_get_sectors.str1.1
                0x000000000c009d15       0x68 CMakeFiles/bl2.dir/ext/mcuboot/flash_map_legacy.o
 .rodata.boot_validate_slot.isra.0.str1.1
                0x000000000c009d7d       0x3d ext/mcuboot/bootutil/libbootutil.a(loader.o)
 .rodata.context_boot_go.str1.1
                0x000000000c009dba      0x220 ext/mcuboot/bootutil/libbootutil.a(loader.o)
                                        0x22a (size before relaxing)
 .rodata.__func__.5527
                0x000000000c009fda       0x10 ext/mcuboot/bootutil/libbootutil.a(loader.o)
 .rodata.__func__.5575
                0x000000000c009fea       0x14 ext/mcuboot/bootutil/libbootutil.a(loader.o)
 .rodata.__func__.5590
                0x000000000c009ffe       0x1e ext/mcuboot/bootutil/libbootutil.a(loader.o)
 .rodata.__func__.5609
                0x000000000c00a01c       0x10 ext/mcuboot/bootutil/libbootutil.a(loader.o)
 .rodata.boot_slots_compatible.str1.1
                0x000000000c00a02c       0x9d ext/mcuboot/bootutil/libbootutil.a(swap_scratch.o)
 .rodata.boot_swap_type_multi.str1.1
                0x000000000c00a0c9       0x9f ext/mcuboot/bootutil/libbootutil.a(bootutil_public.o)
 .rodata.boot_img_magic
                0x000000000c00a168       0x10 ext/mcuboot/bootutil/libbootutil.a(bootutil_public.o)
                0x000000000c00a168                boot_img_magic
 .rodata.boot_swap_tables
                0x000000000c00a178       0x12 ext/mcuboot/bootutil/libbootutil.a(bootutil_public.o)
 .rodata.pss_zeros
                0x000000000c00a18a        0x8 ext/mcuboot/bootutil/libbootutil.a(image_rsa.o)
 .rodata.AHBPrescTable
                0x000000000c00a192       0x10 ../platform/libplatform_bl2.a(system_stm32l5xx.o)
                0x000000000c00a192                AHBPrescTable
 .rodata.APBPrescTable
                0x000000000c00a1a2        0x8 ../platform/libplatform_bl2.a(system_stm32l5xx.o)
                0x000000000c00a1a2                APBPrescTable
 *fill*         0x000000000c00a1aa        0x2 
 .rodata.MSIRangeTable
                0x000000000c00a1ac       0x40 ../platform/libplatform_bl2.a(system_stm32l5xx.o)
                0x000000000c00a1ac                MSIRangeTable
 .rodata.boot_platform_init.str1.1
                0x000000000c00a1ec       0x84 ../platform/libplatform_bl2.a(boot_hal_bl2.o)
 .rodata.TFM_LL_SECU_CheckStaticProtections.str1.1
                0x000000000c00a270      0x37a ../platform/libplatform_bl2.a(tfm_low_level_security.o)
 *fill*         0x000000000c00a5ea        0x2 
 .rodata.ARM_FLASH0_DEV_DATA
                0x000000000c00a5ec       0x18 ../platform/libplatform_bl2.a(low_level_flash.o)
 .rodata.DriverVersion
                0x000000000c00a604        0x4 ../platform/libplatform_bl2.a(low_level_flash.o)
 .rodata.TFM_Driver_FLASH0
                0x000000000c00a608       0x2c ../platform/libplatform_bl2.a(low_level_flash.o)