Archive member included to satisfy reference by file (symbol)

../../platform/ns/libplatform_ns.a(uart_stdout.o)
                              CMakeFiles/tfm_ns.dir/__/log/tfm_log_raw.o (stdio_output_string)
../../platform/ns/libplatform_ns.a(system_stm32l5xx.o)
                              CMakeFiles/tfm_ns.dir/__/__/__/__/__/platform/ext/target/stm/common/stm32l5xx/Device/Source/startup_stm32l5xx_ns.o (SystemInit)
../../platform/ns/libplatform_ns.a(low_level_com.o)
                              ../../platform/ns/libplatform_ns.a(uart_stdout.o) (Driver_USART0)
../../platform/ns/libplatform_ns.a(stm32l5xx_hal_pwr_ex.o)
                              ../../platform/ns/libplatform_ns.a(low_level_com.o) (HAL_PWREx_EnableVddIO2)
../../platform/ns/libplatform_ns.a(stm32l5xx_hal_gpio.o)
                              ../../platform/ns/libplatform_ns.a(low_level_com.o) (HAL_GPIO_Init)
../../platform/ns/libplatform_ns.a(stm32l5xx_hal_uart.o)
                              ../../platform/ns/libplatform_ns.a(low_level_com.o) (HAL_UART_Transmit)
../../platform/ns/libplatform_ns.a(stm32l5xx_hal_uart_ex.o)
                              ../../platform/ns/libplatform_ns.a(stm32l5xx_hal_uart.o) (HAL_UARTEx_WakeupCallback)
../../platform/ns/libplatform_ns.a(stm32l5xx_hal.o)
                              ../../platform/ns/libplatform_ns.a(stm32l5xx_hal_uart.o) (HAL_GetTick)
../../platform/ns/libplatform_ns.a(stm32l5xx_hal_dma.o)
                              ../../platform/ns/libplatform_ns.a(stm32l5xx_hal_uart.o) (HAL_DMA_Start_IT)
../../platform/ns/libplatform_ns.a(stm32l5xx_hal_pwr.o)
                              ../../platform/ns/libplatform_ns.a(stm32l5xx_hal_pwr_ex.o) (HAL_PWR_PVDCallback)
../../platform/ns/libplatform_ns.a(stm32l5xx_hal_rcc.o)
                              ../../platform/ns/libplatform_ns.a(stm32l5xx_hal_uart.o) (HAL_RCC_GetSysClockFreq)
../../platform/ns/libplatform_ns.a(stm32l5xx_hal_cortex.o)
                              ../../platform/ns/libplatform_ns.a(stm32l5xx_hal.o) (HAL_NVIC_SetPriorityGrouping)
libtfm_test_app.a(test_app.o)
                              CMakeFiles/tfm_ns.dir/main_ns.o (test_app)
../../lib/ext/tfm_test_repo-src/CMSIS/RTOS2/RTX/Library/GCC/libRTX_V8MMN.a(irq_armv8mml.o)
                              CMakeFiles/tfm_ns.dir/__/CMSIS/RTOS2/RTX/Source/rtx_lib.o (irqRtxLib)
../../lib/ext/tfm_test_repo-src/CMSIS/RTOS2/RTX/Library/GCC/libRTX_V8MMN.a(rtx_system.o)
                              ../../lib/ext/tfm_test_repo-src/CMSIS/RTOS2/RTX/Library/GCC/libRTX_V8MMN.a(irq_armv8mml.o) (osRtxTick_Handler)
../../lib/ext/tfm_test_repo-src/CMSIS/RTOS2/RTX/Library/GCC/libRTX_V8MMN.a(rtx_msgqueue.o)
                              CMakeFiles/tfm_ns.dir/os_wrapper_cmsis_rtos_v2.o (osMessageQueueNew)
../../lib/ext/tfm_test_repo-src/CMSIS/RTOS2/RTX/Library/GCC/libRTX_V8MMN.a(rtx_mempool.o)
                              ../../lib/ext/tfm_test_repo-src/CMSIS/RTOS2/RTX/Library/GCC/libRTX_V8MMN.a(rtx_msgqueue.o) (osRtxMemoryPoolInit)
../../lib/ext/tfm_test_repo-src/CMSIS/RTOS2/RTX/Library/GCC/libRTX_V8MMN.a(rtx_memory.o)
                              ../../lib/ext/tfm_test_repo-src/CMSIS/RTOS2/RTX/Library/GCC/libRTX_V8MMN.a(rtx_msgqueue.o) (osRtxMemoryAlloc)
../../lib/ext/tfm_test_repo-src/CMSIS/RTOS2/RTX/Library/GCC/libRTX_V8MMN.a(rtx_semaphore.o)
                              CMakeFiles/tfm_ns.dir/os_wrapper_cmsis_rtos_v2.o (osSemaphoreNew)
../../lib/ext/tfm_test_repo-src/CMSIS/RTOS2/RTX/Library/GCC/libRTX_V8MMN.a(rtx_mutex.o)
                              CMakeFiles/tfm_ns.dir/os_wrapper_cmsis_rtos_v2.o (osMutexNew)
../../lib/ext/tfm_test_repo-src/CMSIS/RTOS2/RTX/Library/GCC/libRTX_V8MMN.a(rtx_delay.o)
                              CMakeFiles/tfm_ns.dir/os_wrapper_cmsis_rtos_v2.o (osDelay)
../../lib/ext/tfm_test_repo-src/CMSIS/RTOS2/RTX/Library/GCC/libRTX_V8MMN.a(rtx_thread.o)
                              CMakeFiles/tfm_ns.dir/os_wrapper_cmsis_rtos_v2.o (osThreadExit)
../../lib/ext/tfm_test_repo-src/CMSIS/RTOS2/RTX/Library/GCC/libRTX_V8MMN.a(rtx_kernel.o)
                              CMakeFiles/tfm_ns.dir/main_ns.o (osKernelInitialize)
../../lib/ext/tfm_test_repo-src/CMSIS/RTOS2/RTX/Library/GCC/libRTX_V8MMN.a(os_systick.o)
                              ../../lib/ext/tfm_test_repo-src/CMSIS/RTOS2/RTX/Library/GCC/libRTX_V8MMN.a(rtx_kernel.o) (OS_Tick_Setup)
../../lib/ext/tfm_test_repo-src/CMSIS/RTOS2/RTX/Library/GCC/libRTX_V8MMN.a(rtx_timer.o)
                              ../../lib/ext/tfm_test_repo-src/CMSIS/RTOS2/RTX/Library/GCC/libRTX_V8MMN.a(rtx_thread.o) (osRtxTimerThread)
libtfm_api_ns.a(tfm_ns_interface.o)
                              CMakeFiles/tfm_ns.dir/main_ns.o (tfm_ns_interface_init)
/opt/gcc-arm-none-eabi-10.3-2021.10/bin/../lib/gcc/arm-none-eabi/10.3.1/thumb/v8-m.main/nofp/libgcc.a(_aeabi_ldivmod.o)
                              ../../platform/ns/libplatform_ns.a(stm32l5xx_hal_uart.o) (__aeabi_ldivmod)
[...]
Memory Configuration

Name             Origin             Length             Attributes
FLASH            0x0000000008041400 0x0000000000006c00 xr
RAM              0x0000000020000000 0x0000000000020000 xrw
*default*        0x0000000000000000 0xffffffffffffffff

Linker script and memory map

LOAD /opt/gcc-arm-none-eabi-10.3-2021.10/bin/../lib/gcc/arm-none-eabi/10.3.1/thumb/v8-m.main/nofp/crti.o
LOAD /opt/gcc-arm-none-eabi-10.3-2021.10/bin/../lib/gcc/arm-none-eabi/10.3.1/thumb/v8-m.main/nofp/crtbegin.o
LOAD /opt/gcc-arm-none-eabi-10.3-2021.10/bin/../lib/gcc/arm-none-eabi/10.3.1/../../../../arm-none-eabi/lib/thumb/v8-m.main/nofp/crt0.o
LOAD CMakeFiles/tfm_ns.dir/main_ns.o
LOAD CMakeFiles/tfm_ns.dir/__/__/__/__/__/platform/ext/target/stm/common/stm32l5xx/Device/Source/startup_stm32l5xx_ns.o
LOAD CMakeFiles/tfm_ns.dir/__/ns_interface/ns_client_ext/tz_shim_layer.o
LOAD CMakeFiles/tfm_ns.dir/__/CMSIS/RTOS2/RTX/Config/RTX_Config.o
LOAD CMakeFiles/tfm_ns.dir/__/CMSIS/RTOS2/RTX/Source/rtx_lib.o
LOAD CMakeFiles/tfm_ns.dir/os_wrapper_cmsis_rtos_v2.o
LOAD CMakeFiles/tfm_ns.dir/__/log/tfm_log_raw.o
LOAD ../../platform/ns/libplatform_ns.a
LOAD libtfm_test_app.a
LOAD ../../lib/ext/tfm_test_repo-src/CMSIS/RTOS2/RTX/Library/GCC/libRTX_V8MMN.a
LOAD libtfm_api_ns.a
LOAD ../../platform/ns/libplatform_ns.a
LOAD ../../secure_fw/libtfm_s_veneers.a
START GROUP
LOAD /opt/gcc-arm-none-eabi-10.3-2021.10/bin/../lib/gcc/arm-none-eabi/10.3.1/thumb/v8-m.main/nofp/libgcc.a
LOAD /opt/gcc-arm-none-eabi-10.3-2021.10/bin/../lib/gcc/arm-none-eabi/10.3.1/../../../../arm-none-eabi/lib/thumb/v8-m.main/nofp/libg_nano.a
LOAD /opt/gcc-arm-none-eabi-10.3-2021.10/bin/../lib/gcc/arm-none-eabi/10.3.1/../../../../arm-none-eabi/lib/thumb/v8-m.main/nofp/libc_nano.a
END GROUP
START GROUP
LOAD /opt/gcc-arm-none-eabi-10.3-2021.10/bin/../lib/gcc/arm-none-eabi/10.3.1/thumb/v8-m.main/nofp/libgcc.a
LOAD /opt/gcc-arm-none-eabi-10.3-2021.10/bin/../lib/gcc/arm-none-eabi/10.3.1/../../../../arm-none-eabi/lib/thumb/v8-m.main/nofp/libc_nano.a
END GROUP
LOAD /opt/gcc-arm-none-eabi-10.3-2021.10/bin/../lib/gcc/arm-none-eabi/10.3.1/thumb/v8-m.main/nofp/crtend.o
LOAD /opt/gcc-arm-none-eabi-10.3-2021.10/bin/../lib/gcc/arm-none-eabi/10.3.1/thumb/v8-m.main/nofp/crtn.o
                0x0000000000001000                __heap_size__ = 0x1000
                0x0000000000001000                __stack_size__ = 0x1000
START GROUP
LOAD /opt/gcc-arm-none-eabi-10.3-2021.10/bin/../lib/gcc/arm-none-eabi/10.3.1/thumb/v8-m.main/nofp/libgcc.a
LOAD /opt/gcc-arm-none-eabi-10.3-2021.10/bin/../lib/gcc/arm-none-eabi/10.3.1/../../../../arm-none-eabi/lib/thumb/v8-m.main/nofp/libc.a
LOAD /opt/gcc-arm-none-eabi-10.3-2021.10/bin/../lib/gcc/arm-none-eabi/10.3.1/../../../../arm-none-eabi/lib/thumb/v8-m.main/nofp/libm.a
LOAD /opt/gcc-arm-none-eabi-10.3-2021.10/bin/../lib/gcc/arm-none-eabi/10.3.1/../../../../arm-none-eabi/lib/thumb/v8-m.main/nofp/libnosys.a
END GROUP

.text           0x0000000008041400     0x46a0
 *(.vectors)
 .vectors       0x0000000008041400      0x1f4 CMakeFiles/tfm_ns.dir/__/__/__/__/__/platform/ext/target/stm/common/stm32l5xx/Device/Source/startup_stm32l5xx_ns.o
                0x0000000008041400                __Vectors
                0x00000000080415f4                __Vectors_End = .
                0x00000000080415f4                __Vectors_Size = (__Vectors_End - __Vectors)
                0x0000000020003640                __end__ = .
 *(.text*)
 .text          0x00000000080415f4       0x40 /opt/gcc-arm-none-eabi-10.3-2021.10/bin/../lib/gcc/arm-none-eabi/10.3.1/thumb/v8-m.main/nofp/crtbegin.o
 .text          0x0000000008041634       0x7c /opt/gcc-arm-none-eabi-10.3-2021.10/bin/../lib/gcc/arm-none-eabi/10.3.1/../../../../arm-none-eabi/lib/thumb/v8-m.main/nofp/crt0.o
                0x0000000008041634                _stack_init
                0x000000000804163c                _mainCRTStartup
                0x000000000804163c                _start
 .text.tfm_ns_platform_init
                0x00000000080416b0        0xa CMakeFiles/tfm_ns.dir/main_ns.o
                0x00000000080416b0                tfm_ns_platform_init
 .text.tfm_ns_cp_init
                0x00000000080416ba        0x4 CMakeFiles/tfm_ns.dir/main_ns.o
                0x00000000080416ba                tfm_ns_cp_init
 *fill*         0x00000000080416be        0x2 
 .text.startup.main
                0x00000000080416c0       0x40 CMakeFiles/tfm_ns.dir/main_ns.o
                0x00000000080416c0                main
 .text.NMI_Handler
                0x0000000008041700        0x2 CMakeFiles/tfm_ns.dir/__/__/__/__/__/platform/ext/target/stm/common/stm32l5xx/Device/Source/startup_stm32l5xx_ns.o
                0x0000000008041700                NMI_Handler
 .text.HardFault_Handler
                0x0000000008041702        0x2 CMakeFiles/tfm_ns.dir/__/__/__/__/__/platform/ext/target/stm/common/stm32l5xx/Device/Source/startup_stm32l5xx_ns.o
                0x0000000008041702                HardFault_Handler
 .text.MemManage_Handler
                0x0000000008041704        0x2 CMakeFiles/tfm_ns.dir/__/__/__/__/__/platform/ext/target/stm/common/stm32l5xx/Device/Source/startup_stm32l5xx_ns.o
                0x0000000008041704                MemManage_Handler
 .text.BusFault_Handler
                0x0000000008041706        0x2 CMakeFiles/tfm_ns.dir/__/__/__/__/__/platform/ext/target/stm/common/stm32l5xx/Device/Source/startup_stm32l5xx_ns.o
                0x0000000008041706                BusFault_Handler
 .text.UsageFault_Handler
                0x0000000008041708        0x2 CMakeFiles/tfm_ns.dir/__/__/__/__/__/platform/ext/target/stm/common/stm32l5xx/Device/Source/startup_stm32l5xx_ns.o
                0x0000000008041708                UsageFault_Handler
 .text.SecureFault_Handler
                0x000000000804170a        0x2 CMakeFiles/tfm_ns.dir/__/__/__/__/__/platform/ext/target/stm/common/stm32l5xx/Device/Source/startup_stm32l5xx_ns.o
                0x000000000804170a                SecureFault_Handler
 .text.DebugMon_Handler
                0x000000000804170c        0x2 CMakeFiles/tfm_ns.dir/__/__/__/__/__/platform/ext/target/stm/common/stm32l5xx/Device/Source/startup_stm32l5xx_ns.o
                0x000000000804170c                DebugMon_Handler
 .text.WWDG_IRQHandler
                0x000000000804170e        0x2 CMakeFiles/tfm_ns.dir/__/__/__/__/__/platform/ext/target/stm/common/stm32l5xx/Device/Source/startup_stm32l5xx_ns.o
                0x000000000804170e                WWDG_IRQHandler
 .text.PVD_PVM_IRQHandler
                0x0000000008041710        0x2 CMakeFiles/tfm_ns.dir/__/__/__/__/__/platform/ext/target/stm/common/stm32l5xx/Device/Source/startup_stm32l5xx_ns.o
                0x0000000008041710                PVD_PVM_IRQHandler
 .text.RTC_IRQHandler
                0x0000000008041712        0x2 CMakeFiles/tfm_ns.dir/__/__/__/__/__/platform/ext/target/stm/common/stm32l5xx/Device/Source/startup_stm32l5xx_ns.o
                0x0000000008041712                RTC_IRQHandler
 .text.RTC_IRQHandler_S
                0x0000000008041714        0x2 CMakeFiles/tfm_ns.dir/__/__/__/__/__/platform/ext/target/stm/common/stm32l5xx/Device/Source/startup_stm32l5xx_ns.o
                0x0000000008041714                RTC_IRQHandler_S
 .text.TAMP_IRQHandler
                0x0000000008041716        0x2 CMakeFiles/tfm_ns.dir/__/__/__/__/__/platform/ext/target/stm/common/stm32l5xx/Device/Source/startup_stm32l5xx_ns.o
                0x0000000008041716                TAMP_IRQHandler
 .text.TAMP_IRQHandler_S
                0x0000000008041718        0x2 CMakeFiles/tfm_ns.dir/__/__/__/__/__/platform/ext/target/stm/common/stm32l5xx/Device/Source/startup_stm32l5xx_ns.o
                0x0000000008041718                TAMP_IRQHandler_S
 .text.FLASH_IRQHandler
                0x000000000804171a        0x2 CMakeFiles/tfm_ns.dir/__/__/__/__/__/platform/ext/target/stm/common/stm32l5xx/Device/Source/startup_stm32l5xx_ns.o
                0x000000000804171a                FLASH_IRQHandler
 .text.FLASH_IRQHandler_S
                0x000000000804171c        0x2 CMakeFiles/tfm_ns.dir/__/__/__/__/__/platform/ext/target/stm/common/stm32l5xx/Device/Source/startup_stm32l5xx_ns.o
                0x000000000804171c                FLASH_IRQHandler_S
 .text.SERR_IRQHandler
                0x000000000804171e        0x2 CMakeFiles/tfm_ns.dir/__/__/__/__/__/platform/ext/target/stm/common/stm32l5xx/Device/Source/startup_stm32l5xx_ns.o
                0x000000000804171e                SERR_IRQHandler
 .text.RCC_IRQHandler
                0x0000000008041720        0x2 CMakeFiles/tfm_ns.dir/__/__/__/__/__/platform/ext/target/stm/common/stm32l5xx/Device/Source/startup_stm32l5xx_ns.o
                0x0000000008041720                RCC_IRQHandler
 .text.RCC_IRQHandler_S
                0x0000000008041722        0x2 CMakeFiles/tfm_ns.dir/__/__/__/__/__/platform/ext/target/stm/common/stm32l5xx/Device/Source/startup_stm32l5xx_ns.o
                0x0000000008041722                RCC_IRQHandler_S
 .text.EXTI0_IRQHandler
                0x0000000008041724        0x2 CMakeFiles/tfm_ns.dir/__/__/__/__/__/platform/ext/target/stm/common/stm32l5xx/Device/Source/startup_stm32l5xx_ns.o
                0x0000000008041724                EXTI0_IRQHandler
 .text.EXTI1_IRQHandler
                0x0000000008041726        0x2 CMakeFiles/tfm_ns.dir/__/__/__/__/__/platform/ext/target/stm/common/stm32l5xx/Device/Source/startup_stm32l5xx_ns.o
                0x0000000008041726                EXTI1_IRQHandler
 .text.EXTI2_IRQHandler
                0x0000000008041728        0x2 CMakeFiles/tfm_ns.dir/__/__/__/__/__/platform/ext/target/stm/common/stm32l5xx/Device/Source/startup_stm32l5xx_ns.o
                0x0000000008041728                EXTI2_IRQHandler
 .text.EXTI3_IRQHandler
                0x000000000804172a        0x2 CMakeFiles/tfm_ns.dir/__/__/__/__/__/platform/ext/target/stm/common/stm32l5xx/Device/Source/startup_stm32l5xx_ns.o
                0x000000000804172a                EXTI3_IRQHandler
 .text.EXTI4_IRQHandler
                0x000000000804172c        0x2 CMakeFiles/tfm_ns.dir/__/__/__/__/__/platform/ext/target/stm/common/stm32l5xx/Device/Source/startup_stm32l5xx_ns.o
                0x000000000804172c                EXTI4_IRQHandler
 .text.EXTI5_IRQHandler
                0x000000000804172e        0x2 CMakeFiles/tfm_ns.dir/__/__/__/__/__/platform/ext/target/stm/common/stm32l5xx/Device/Source/startup_stm32l5xx_ns.o
                0x000000000804172e                EXTI5_IRQHandler
 .text.EXTI6_IRQHandler
                0x0000000008041730        0x2 CMakeFiles/tfm_ns.dir/__/__/__/__/__/platform/ext/target/stm/common/stm32l5xx/Device/Source/startup_stm32l5xx_ns.o
                0x0000000008041730                EXTI6_IRQHandler
 .text.EXTI7_IRQHandler
                0x0000000008041732        0x2 CMakeFiles/tfm_ns.dir/__/__/__/__/__/platform/ext/target/stm/common/stm32l5xx/Device/Source/startup_stm32l5xx_ns.o
                0x0000000008041732                EXTI7_IRQHandler
 .text.EXTI8_IRQHandler
                0x0000000008041734        0x2 CMakeFiles/tfm_ns.dir/__/__/__/__/__/platform/ext/target/stm/common/stm32l5xx/Device/Source/startup_stm32l5xx_ns.o
                0x0000000008041734                EXTI8_IRQHandler
 .text.EXTI9_IRQHandler
                0x0000000008041736        0x2 CMakeFiles/tfm_ns.dir/__/__/__/__/__/platform/ext/target/stm/common/stm32l5xx/Device/Source/startup_stm32l5xx_ns.o
                0x0000000008041736                EXTI9_IRQHandler
 .text.EXTI10_IRQHandler
                0x0000000008041738        0x2 CMakeFiles/tfm_ns.dir/__/__/__/__/__/platform/ext/target/stm/common/stm32l5xx/Device/Source/startup_stm32l5xx_ns.o
                0x0000000008041738                EXTI10_IRQHandler
 .text.EXTI11_IRQHandler
                0x000000000804173a        0x2 CMakeFiles/tfm_ns.dir/__/__/__/__/__/platform/ext/target/stm/common/stm32l5xx/Device/Source/startup_stm32l5xx_ns.o
                0x000000000804173a                EXTI11_IRQHandler
 .text.EXTI12_IRQHandler
                0x000000000804173c        0x2 CMakeFiles/tfm_ns.dir/__/__/__/__/__/platform/ext/target/stm/common/stm32l5xx/Device/Source/startup_stm32l5xx_ns.o
                0x000000000804173c                EXTI12_IRQHandler
 .text.EXTI13_IRQHandler
                0x000000000804173e        0x2 CMakeFiles/tfm_ns.dir/__/__/__/__/__/platform/ext/target/stm/common/stm32l5xx/Device/Source/startup_stm32l5xx_ns.o
                0x000000000804173e                EXTI13_IRQHandler
 .text.EXTI14_IRQHandler
                0x0000000008041740        0x2 CMakeFiles/tfm_ns.dir/__/__/__/__/__/platform/ext/target/stm/common/stm32l5xx/Device/Source/startup_stm32l5xx_ns.o
                0x0000000008041740                EXTI14_IRQHandler
 .text.EXTI15_IRQHandler
                0x0000000008041742        0x2 CMakeFiles/tfm_ns.dir/__/__/__/__/__/platform/ext/target/stm/common/stm32l5xx/Device/Source/startup_stm32l5xx_ns.o
                0x0000000008041742                EXTI15_IRQHandler
 .text.DMAMUX1_IRQHandler
                0x0000000008041744        0x2 CMakeFiles/tfm_ns.dir/__/__/__/__/__/platform/ext/target/stm/common/stm32l5xx/Device/Source/startup_stm32l5xx_ns.o
                0x0000000008041744                DMAMUX1_IRQHandler
 .text.DMAMUX1_IRQHandler_S
                0x0000000008041746        0x2 CMakeFiles/tfm_ns.dir/__/__/__/__/__/platform/ext/target/stm/common/stm32l5xx/Device/Source/startup_stm32l5xx_ns.o
                0x0000000008041746                DMAMUX1_IRQHandler_S
 .text.DMA1_Channel1_IRQHandler
                0x0000000008041748        0x2 CMakeFiles/tfm_ns.dir/__/__/__/__/__/platform/ext/target/stm/common/stm32l5xx/Device/Source/startup_stm32l5xx_ns.o
                0x0000000008041748                DMA1_Channel1_IRQHandler
 .text.DMA1_Channel2_IRQHandler
                0x000000000804174a        0x2 CMakeFiles/tfm_ns.dir/__/__/__/__/__/platform/ext/target/stm/common/stm32l5xx/Device/Source/startup_stm32l5xx_ns.o
                0x000000000804174a                DMA1_Channel2_IRQHandler
 .text.DMA1_Channel3_IRQHandler
                0x000000000804174c        0x2 CMakeFiles/tfm_ns.dir/__/__/__/__/__/platform/ext/target/stm/common/stm32l5xx/Device/Source/startup_stm32l5xx_ns.o
                0x000000000804174c                DMA1_Channel3_IRQHandler
 .text.DMA1_Channel4_IRQHandler
                0x000000000804174e        0x2 CMakeFiles/tfm_ns.dir/__/__/__/__/__/platform/ext/target/stm/common/stm32l5xx/Device/Source/startup_stm32l5xx_ns.o
                0x000000000804174e                DMA1_Channel4_IRQHandler
 .text.DMA1_Channel5_IRQHandler
                0x0000000008041750        0x2 CMakeFiles/tfm_ns.dir/__/__/__/__/__/platform/ext/target/stm/common/stm32l5xx/Device/Source/startup_stm32l5xx_ns.o
                0x0000000008041750                DMA1_Channel5_IRQHandler
 .text.DMA1_Channel6_IRQHandler
                0x0000000008041752        0x2 CMakeFiles/tfm_ns.dir/__/__/__/__/__/platform/ext/target/stm/common/stm32l5xx/Device/Source/startup_stm32l5xx_ns.o
                0x0000000008041752                DMA1_Channel6_IRQHandler
 .text.DMA1_Channel7_IRQHandler
                0x0000000008041754        0x2 CMakeFiles/tfm_ns.dir/__/__/__/__/__/platform/ext/target/stm/common/stm32l5xx/Device/Source/startup_stm32l5xx_ns.o
                0x0000000008041754                DMA1_Channel7_IRQHandler
 .text.DMA1_Channel8_IRQHandler
                0x0000000008041756        0x2 CMakeFiles/tfm_ns.dir/__/__/__/__/__/platform/ext/target/stm/common/stm32l5xx/Device/Source/startup_stm32l5xx_ns.o
                0x0000000008041756                DMA1_Channel8_IRQHandler
 .text.ADC1_2_IRQHandler
                0x0000000008041758        0x2 CMakeFiles/tfm_ns.dir/__/__/__/__/__/platform/ext/target/stm/common/stm32l5xx/Device/Source/startup_stm32l5xx_ns.o
                0x0000000008041758                ADC1_2_IRQHandler
 .text.DAC_IRQHandler
                0x000000000804175a        0x2 CMakeFiles/tfm_ns.dir/__/__/__/__/__/platform/ext/target/stm/common/stm32l5xx/Device/Source/startup_stm32l5xx_ns.o
                0x000000000804175a                DAC_IRQHandler
 .text.FDCAN1_IT0_IRQHandler
                0x000000000804175c        0x2 CMakeFiles/tfm_ns.dir/__/__/__/__/__/platform/ext/target/stm/common/stm32l5xx/Device/Source/startup_stm32l5xx_ns.o
                0x000000000804175c                FDCAN1_IT0_IRQHandler
 .text.FDCAN1_IT1_IRQHandler
                0x000000000804175e        0x2 CMakeFiles/tfm_ns.dir/__/__/__/__/__/platform/ext/target/stm/common/stm32l5xx/Device/Source/startup_stm32l5xx_ns.o
                0x000000000804175e                FDCAN1_IT1_IRQHandler
 .text.TIM1_BRK_IRQHandler
                0x0000000008041760        0x2 CMakeFiles/tfm_ns.dir/__/__/__/__/__/platform/ext/target/stm/common/stm32l5xx/Device/Source/startup_stm32l5xx_ns.o
                0x0000000008041760                TIM1_BRK_IRQHandler
 .text.TIM1_UP_IRQHandler
                0x0000000008041762        0x2 CMakeFiles/tfm_ns.dir/__/__/__/__/__/platform/ext/target/stm/common/stm32l5xx/Device/Source/startup_stm32l5xx_ns.o
                0x0000000008041762                TIM1_UP_IRQHandler
 .text.TIM1_TRG_COM_IRQHandler
                0x0000000008041764        0x2 CMakeFiles/tfm_ns.dir/__/__/__/__/__/platform/ext/target/stm/common/stm32l5xx/Device/Source/startup_stm32l5xx_ns.o
                0x0000000008041764                TIM1_TRG_COM_IRQHandler
 .text.TIM1_CC_IRQHandler
                0x0000000008041766        0x2 CMakeFiles/tfm_ns.dir/__/__/__/__/__/platform/ext/target/stm/common/stm32l5xx/Device/Source/startup_stm32l5xx_ns.o
                0x0000000008041766                TIM1_CC_IRQHandler
 .text.TIM2_IRQHandler
                0x0000000008041768        0x2 CMakeFiles/tfm_ns.dir/__/__/__/__/__/platform/ext/target/stm/common/stm32l5xx/Device/Source/startup_stm32l5xx_ns.o
                0x0000000008041768                TIM2_IRQHandler
 .text.TIM3_IRQHandler
                0x000000000804176a        0x2 CMakeFiles/tfm_ns.dir/__/__/__/__/__/platform/ext/target/stm/common/stm32l5xx/Device/Source/startup_stm32l5xx_ns.o
                0x000000000804176a                TIM3_IRQHandler
 .text.TIM4_IRQHandler
                0x000000000804176c        0x2 CMakeFiles/tfm_ns.dir/__/__/__/__/__/platform/ext/target/stm/common/stm32l5xx/Device/Source/startup_stm32l5xx_ns.o
                0x000000000804176c                TIM4_IRQHandler
 .text.TIM5_IRQHandler
                0x000000000804176e        0x2 CMakeFiles/tfm_ns.dir/__/__/__/__/__/platform/ext/target/stm/common/stm32l5xx/Device/Source/startup_stm32l5xx_ns.o
                0x000000000804176e                TIM5_IRQHandler
 .text.TIM6_IRQHandler
                0x0000000008041770        0x2 CMakeFiles/tfm_ns.dir/__/__/__/__/__/platform/ext/target/stm/common/stm32l5xx/Device/Source/startup_stm32l5xx_ns.o
                0x0000000008041770                TIM6_IRQHandler
 .text.TIM7_IRQHandler
                0x0000000008041772        0x2 CMakeFiles/tfm_ns.dir/__/__/__/__/__/platform/ext/target/stm/common/stm32l5xx/Device/Source/startup_stm32l5xx_ns.o
                0x0000000008041772                TIM7_IRQHandler
 .text.TIM8_BRK_IRQHandler
                0x0000000008041774        0x2 CMakeFiles/tfm_ns.dir/__/__/__/__/__/platform/ext/target/stm/common/stm32l5xx/Device/Source/startup_stm32l5xx_ns.o
                0x0000000008041774                TIM8_BRK_IRQHandler
 .text.TIM8_UP_IRQHandler
                0x0000000008041776        0x2 CMakeFiles/tfm_ns.dir/__/__/__/__/__/platform/ext/target/stm/common/stm32l5xx/Device/Source/startup_stm32l5xx_ns.o
                0x0000000008041776                TIM8_UP_IRQHandler
 .text.TIM8_TRG_COM_IRQHandler
                0x0000000008041778        0x2 CMakeFiles/tfm_ns.dir/__/__/__/__/__/platform/ext/target/stm/common/stm32l5xx/Device/Source/startup_stm32l5xx_ns.o
                0x0000000008041778                TIM8_TRG_COM_IRQHandler
 .text.TIM8_CC_IRQHandler
                0x000000000804177a        0x2 CMakeFiles/tfm_ns.dir/__/__/__/__/__/platform/ext/target/stm/common/stm32l5xx/Device/Source/startup_stm32l5xx_ns.o
                0x000000000804177a                TIM8_CC_IRQHandler
 .text.I2C1_EV_IRQHandler
                0x000000000804177c        0x2 CMakeFiles/tfm_ns.dir/__/__/__/__/__/platform/ext/target/stm/common/stm32l5xx/Device/Source/startup_stm32l5xx_ns.o
                0x000000000804177c                I2C1_EV_IRQHandler
 .text.I2C1_ER_IRQHandler
                0x000000000804177e        0x2 CMakeFiles/tfm_ns.dir/__/__/__/__/__/platform/ext/target/stm/common/stm32l5xx/Device/Source/startup_stm32l5xx_ns.o
                0x000000000804177e                I2C1_ER_IRQHandler
 .text.I2C2_EV_IRQHandler
                0x0000000008041780        0x2 CMakeFiles/tfm_ns.dir/__/__/__/__/__/platform/ext/target/stm/common/stm32l5xx/Device/Source/startup_stm32l5xx_ns.o
                0x0000000008041780                I2C2_EV_IRQHandler
 .text.I2C2_ER_IRQHandler
                0x0000000008041782        0x2 CMakeFiles/tfm_ns.dir/__/__/__/__/__/platform/ext/target/stm/common/stm32l5xx/Device/Source/startup_stm32l5xx_ns.o
                0x0000000008041782                I2C2_ER_IRQHandler
 .text.SPI1_IRQHandler
                0x0000000008041784        0x2 CMakeFiles/tfm_ns.dir/__/__/__/__/__/platform/ext/target/stm/common/stm32l5xx/Device/Source/startup_stm32l5xx_ns.o
                0x0000000008041784                SPI1_IRQHandler
 .text.SPI2_IRQHandler
                0x0000000008041786        0x2 CMakeFiles/tfm_ns.dir/__/__/__/__/__/platform/ext/target/stm/common/stm32l5xx/Device/Source/startup_stm32l5xx_ns.o
                0x0000000008041786                SPI2_IRQHandler
 .text.USART1_IRQHandler
                0x0000000008041788        0x2 CMakeFiles/tfm_ns.dir/__/__/__/__/__/platform/ext/target/stm/common/stm32l5xx/Device/Source/startup_stm32l5xx_ns.o
                0x0000000008041788                USART1_IRQHandler
 .text.USART2_IRQHandler
                0x000000000804178a        0x2 CMakeFiles/tfm_ns.dir/__/__/__/__/__/platform/ext/target/stm/common/stm32l5xx/Device/Source/startup_stm32l5xx_ns.o
                0x000000000804178a                USART2_IRQHandler
 .text.USART3_IRQHandler
                0x000000000804178c        0x2 CMakeFiles/tfm_ns.dir/__/__/__/__/__/platform/ext/target/stm/common/stm32l5xx/Device/Source/startup_stm32l5xx_ns.o
                0x000000000804178c                USART3_IRQHandler
 .text.UART4_IRQHandler
                0x000000000804178e        0x2 CMakeFiles/tfm_ns.dir/__/__/__/__/__/platform/ext/target/stm/common/stm32l5xx/Device/Source/startup_stm32l5xx_ns.o
                0x000000000804178e                UART4_IRQHandler
 .text.UART5_IRQHandler
                0x0000000008041790        0x2 CMakeFiles/tfm_ns.dir/__/__/__/__/__/platform/ext/target/stm/common/stm32l5xx/Device/Source/startup_stm32l5xx_ns.o
                0x0000000008041790                UART5_IRQHandler
 .text.LPUART1_IRQHandler
                0x0000000008041792        0x2 CMakeFiles/tfm_ns.dir/__/__/__/__/__/platform/ext/target/stm/common/stm32l5xx/Device/Source/startup_stm32l5xx_ns.o
                0x0000000008041792                LPUART1_IRQHandler
 .text.LPTIM1_IRQHandler
                0x0000000008041794        0x2 CMakeFiles/tfm_ns.dir/__/__/__/__/__/platform/ext/target/stm/common/stm32l5xx/Device/Source/startup_stm32l5xx_ns.o
                0x0000000008041794                LPTIM1_IRQHandler
 .text.LPTIM2_IRQHandler
                0x0000000008041796        0x2 CMakeFiles/tfm_ns.dir/__/__/__/__/__/platform/ext/target/stm/common/stm32l5xx/Device/Source/startup_stm32l5xx_ns.o
                0x0000000008041796                LPTIM2_IRQHandler
 .text.TIM15_IRQHandler
                0x0000000008041798        0x2 CMakeFiles/tfm_ns.dir/__/__/__/__/__/platform/ext/target/stm/common/stm32l5xx/Device/Source/startup_stm32l5xx_ns.o
                0x0000000008041798                TIM15_IRQHandler
 .text.TIM16_IRQHandler
                0x000000000804179a        0x2 CMakeFiles/tfm_ns.dir/__/__/__/__/__/platform/ext/target/stm/common/stm32l5xx/Device/Source/startup_stm32l5xx_ns.o
                0x000000000804179a                TIM16_IRQHandler
 .text.TIM17_IRQHandler
                0x000000000804179c        0x2 CMakeFiles/tfm_ns.dir/__/__/__/__/__/platform/ext/target/stm/common/stm32l5xx/Device/Source/startup_stm32l5xx_ns.o
                0x000000000804179c                TIM17_IRQHandler
 .text.COMP_IRQHandler
                0x000000000804179e        0x2 CMakeFiles/tfm_ns.dir/__/__/__/__/__/platform/ext/target/stm/common/stm32l5xx/Device/Source/startup_stm32l5xx_ns.o
                0x000000000804179e                COMP_IRQHandler
 .text.USB_FS_IRQHandler
                0x00000000080417a0        0x2 CMakeFiles/tfm_ns.dir/__/__/__/__/__/platform/ext/target/stm/common/stm32l5xx/Device/Source/startup_stm32l5xx_ns.o
                0x00000000080417a0                USB_FS_IRQHandler
 .text.CRS_IRQHandler
                0x00000000080417a2        0x2 CMakeFiles/tfm_ns.dir/__/__/__/__/__/platform/ext/target/stm/common/stm32l5xx/Device/Source/startup_stm32l5xx_ns.o
                0x00000000080417a2                CRS_IRQHandler
 .text.FMC_IRQHandler
                0x00000000080417a4        0x2 CMakeFiles/tfm_ns.dir/__/__/__/__/__/platform/ext/target/stm/common/stm32l5xx/Device/Source/startup_stm32l5xx_ns.o
                0x00000000080417a4                FMC_IRQHandler
 .text.OCTOSPI1_IRQHandler
                0x00000000080417a6        0x2 CMakeFiles/tfm_ns.dir/__/__/__/__/__/platform/ext/target/stm/common/stm32l5xx/Device/Source/startup_stm32l5xx_ns.o
                0x00000000080417a6                OCTOSPI1_IRQHandler
 .text.SDMMC1_IRQHandler
                0x00000000080417a8        0x2 CMakeFiles/tfm_ns.dir/__/__/__/__/__/platform/ext/target/stm/common/stm32l5xx/Device/Source/startup_stm32l5xx_ns.o
                0x00000000080417a8                SDMMC1_IRQHandler
 .text.DMA2_Channel1_IRQHandler
                0x00000000080417aa        0x2 CMakeFiles/tfm_ns.dir/__/__/__/__/__/platform/ext/target/stm/common/stm32l5xx/Device/Source/startup_stm32l5xx_ns.o
                0x00000000080417aa                DMA2_Channel1_IRQHandler
 .text.DMA2_Channel2_IRQHandler
                0x00000000080417ac        0x2 CMakeFiles/tfm_ns.dir/__/__/__/__/__/platform/ext/target/stm/common/stm32l5xx/Device/Source/startup_stm32l5xx_ns.o
                0x00000000080417ac                DMA2_Channel2_IRQHandler
 .text.DMA2_Channel3_IRQHandler
                0x00000000080417ae        0x2 CMakeFiles/tfm_ns.dir/__/__/__/__/__/platform/ext/target/stm/common/stm32l5xx/Device/Source/startup_stm32l5xx_ns.o
                0x00000000080417ae                DMA2_Channel3_IRQHandler
 .text.DMA2_Channel4_IRQHandler
                0x00000000080417b0        0x2 CMakeFiles/tfm_ns.dir/__/__/__/__/__/platform/ext/target/stm/common/stm32l5xx/Device/Source/startup_stm32l5xx_ns.o
                0x00000000080417b0                DMA2_Channel4_IRQHandler
 .text.DMA2_Channel5_IRQHandler
                0x00000000080417b2        0x2 CMakeFiles/tfm_ns.dir/__/__/__/__/__/platform/ext/target/stm/common/stm32l5xx/Device/Source/startup_stm32l5xx_ns.o
                0x00000000080417b2                DMA2_Channel5_IRQHandler
 .text.DMA2_Channel6_IRQHandler
                0x00000000080417b4        0x2 CMakeFiles/tfm_ns.dir/__/__/__/__/__/platform/ext/target/stm/common/stm32l5xx/Device/Source/startup_stm32l5xx_ns.o
                0x00000000080417b4                DMA2_Channel6_IRQHandler
 .text.DMA2_Channel7_IRQHandler
                0x00000000080417b6        0x2 CMakeFiles/tfm_ns.dir/__/__/__/__/__/platform/ext/target/stm/common/stm32l5xx/Device/Source/startup_stm32l5xx_ns.o
                0x00000000080417b6                DMA2_Channel7_IRQHandler
 .text.DMA2_Channel8_IRQHandler
                0x00000000080417b8        0x2 CMakeFiles/tfm_ns.dir/__/__/__/__/__/platform/ext/target/stm/common/stm32l5xx/Device/Source/startup_stm32l5xx_ns.o
                0x00000000080417b8                DMA2_Channel8_IRQHandler
 .text.I2C3_EV_IRQHandler
                0x00000000080417ba        0x2 CMakeFiles/tfm_ns.dir/__/__/__/__/__/platform/ext/target/stm/common/stm32l5xx/Device/Source/startup_stm32l5xx_ns.o
                0x00000000080417ba                I2C3_EV_IRQHandler
 .text.I2C3_ER_IRQHandler
                0x00000000080417bc        0x2 CMakeFiles/tfm_ns.dir/__/__/__/__/__/platform/ext/target/stm/common/stm32l5xx/Device/Source/startup_stm32l5xx_ns.o
                0x00000000080417bc                I2C3_ER_IRQHandler
 .text.SAI1_IRQHandler
                0x00000000080417be        0x2 CMakeFiles/tfm_ns.dir/__/__/__/__/__/platform/ext/target/stm/common/stm32l5xx/Device/Source/startup_stm32l5xx_ns.o
                0x00000000080417be                SAI1_IRQHandler
 .text.SAI2_IRQHandler
                0x00000000080417c0        0x2 CMakeFiles/tfm_ns.dir/__/__/__/__/__/platform/ext/target/stm/common/stm32l5xx/Device/Source/startup_stm32l5xx_ns.o
                0x00000000080417c0                SAI2_IRQHandler
 .text.TSC_IRQHandler
                0x00000000080417c2        0x2 CMakeFiles/tfm_ns.dir/__/__/__/__/__/platform/ext/target/stm/common/stm32l5xx/Device/Source/startup_stm32l5xx_ns.o
                0x00000000080417c2                TSC_IRQHandler
 .text.RNG_IRQHandler
                0x00000000080417c4        0x2 CMakeFiles/tfm_ns.dir/__/__/__/__/__/platform/ext/target/stm/common/stm32l5xx/Device/Source/startup_stm32l5xx_ns.o
                0x00000000080417c4                RNG_IRQHandler
 .text.FPU_IRQHandler
                0x00000000080417c6        0x2 CMakeFiles/tfm_ns.dir/__/__/__/__/__/platform/ext/target/stm/common/stm32l5xx/Device/Source/startup_stm32l5xx_ns.o
                0x00000000080417c6                FPU_IRQHandler
 .text.HASH_IRQHandler
                0x00000000080417c8        0x2 CMakeFiles/tfm_ns.dir/__/__/__/__/__/platform/ext/target/stm/common/stm32l5xx/Device/Source/startup_stm32l5xx_ns.o
                0x00000000080417c8                HASH_IRQHandler
 .text.LPTIM3_IRQHandler
                0x00000000080417ca        0x2 CMakeFiles/tfm_ns.dir/__/__/__/__/__/platform/ext/target/stm/common/stm32l5xx/Device/Source/startup_stm32l5xx_ns.o
                0x00000000080417ca                LPTIM3_IRQHandler
 .text.SPI3_IRQHandler
                0x00000000080417cc        0x2 CMakeFiles/tfm_ns.dir/__/__/__/__/__/platform/ext/target/stm/common/stm32l5xx/Device/Source/startup_stm32l5xx_ns.o
                0x00000000080417cc                SPI3_IRQHandler
 .text.I2C4_ER_IRQHandler
                0x00000000080417ce        0x2 CMakeFiles/tfm_ns.dir/__/__/__/__/__/platform/ext/target/stm/common/stm32l5xx/Device/Source/startup_stm32l5xx_ns.o
                0x00000000080417ce                I2C4_ER_IRQHandler
 .text.I2C4_EV_IRQHandler
                0x00000000080417d0        0x2 CMakeFiles/tfm_ns.dir/__/__/__/__/__/platform/ext/target/stm/common/stm32l5xx/Device/Source/startup_stm32l5xx_ns.o
                0x00000000080417d0                I2C4_EV_IRQHandler
 .text.DFSDM1_FLT0_IRQHandler
                0x00000000080417d2        0x2 CMakeFiles/tfm_ns.dir/__/__/__/__/__/platform/ext/target/stm/common/stm32l5xx/Device/Source/startup_stm32l5xx_ns.o
                0x00000000080417d2                DFSDM1_FLT0_IRQHandler
 .text.DFSDM1_FLT1_IRQHandler
                0x00000000080417d4        0x2 CMakeFiles/tfm_ns.dir/__/__/__/__/__/platform/ext/target/stm/common/stm32l5xx/Device/Source/startup_stm32l5xx_ns.o
                0x00000000080417d4                DFSDM1_FLT1_IRQHandler
 .text.DFSDM1_FLT2_IRQHandler
                0x00000000080417d6        0x2 CMakeFiles/tfm_ns.dir/__/__/__/__/__/platform/ext/target/stm/common/stm32l5xx/Device/Source/startup_stm32l5xx_ns.o
                0x00000000080417d6                DFSDM1_FLT2_IRQHandler
 .text.DFSDM1_FLT3_IRQHandler
                0x00000000080417d8        0x2 CMakeFiles/tfm_ns.dir/__/__/__/__/__/platform/ext/target/stm/common/stm32l5xx/Device/Source/startup_stm32l5xx_ns.o
                0x00000000080417d8                DFSDM1_FLT3_IRQHandler
 .text.UCPD1_IRQHandler
                0x00000000080417da        0x2 CMakeFiles/tfm_ns.dir/__/__/__/__/__/platform/ext/target/stm/common/stm32l5xx/Device/Source/startup_stm32l5xx_ns.o
                0x00000000080417da                UCPD1_IRQHandler
 .text.ICACHE_IRQHandler
                0x00000000080417dc        0x2 CMakeFiles/tfm_ns.dir/__/__/__/__/__/platform/ext/target/stm/common/stm32l5xx/Device/Source/startup_stm32l5xx_ns.o
                0x00000000080417dc                ICACHE_IRQHandler
 .text.OTFDEC1_IRQHandler
                0x00000000080417de        0x2 CMakeFiles/tfm_ns.dir/__/__/__/__/__/platform/ext/target/stm/common/stm32l5xx/Device/Source/startup_stm32l5xx_ns.o
                0x00000000080417de                OTFDEC1_IRQHandler
 .text.Reset_Handler
                0x00000000080417e0       0x78 CMakeFiles/tfm_ns.dir/__/__/__/__/__/platform/ext/target/stm/common/stm32l5xx/Device/Source/startup_stm32l5xx_ns.o
                0x00000000080417e0                Reset_Handler
 .text.TZ_InitContextSystem_S
                0x0000000008041858        0x4 CMakeFiles/tfm_ns.dir/__/ns_interface/ns_client_ext/tz_shim_layer.o
                0x0000000008041858                TZ_InitContextSystem_S
 .text.TZ_AllocModuleContext_S
                0x000000000804185c        0x4 CMakeFiles/tfm_ns.dir/__/ns_interface/ns_client_ext/tz_shim_layer.o
                0x000000000804185c                TZ_AllocModuleContext_S
 .text.TZ_FreeModuleContext_S
                0x0000000008041860        0x4 CMakeFiles/tfm_ns.dir/__/ns_interface/ns_client_ext/tz_shim_layer.o
                0x0000000008041860                TZ_FreeModuleContext_S
 .text.TZ_LoadContext_S
                0x0000000008041864        0x4 CMakeFiles/tfm_ns.dir/__/ns_interface/ns_client_ext/tz_shim_layer.o
                0x0000000008041864                TZ_LoadContext_S
 .text.TZ_StoreContext_S
                0x0000000008041868        0x4 CMakeFiles/tfm_ns.dir/__/ns_interface/ns_client_ext/tz_shim_layer.o
                0x0000000008041868                TZ_StoreContext_S
 .text.osRtxIdleThread
                0x000000000804186c        0x2 CMakeFiles/tfm_ns.dir/__/CMSIS/RTOS2/RTX/Config/RTX_Config.o
                0x000000000804186c                osRtxIdleThread
 .text.osRtxErrorNotify
                0x000000000804186e        0x2 CMakeFiles/tfm_ns.dir/__/CMSIS/RTOS2/RTX/Config/RTX_Config.o
                0x000000000804186e                osRtxErrorNotify
 .text.software_init_hook
                0x0000000008041870        0x4 CMakeFiles/tfm_ns.dir/__/CMSIS/RTOS2/RTX/Source/rtx_lib.o
                0x0000000008041870                software_init_hook
 .text.os_wrapper_mutex_create
                0x0000000008041874       0x1a CMakeFiles/tfm_ns.dir/os_wrapper_cmsis_rtos_v2.o
                0x0000000008041874                os_wrapper_mutex_create
 .text._tfm_flush_formatted_buffer
                0x000000000804188e       0x1c CMakeFiles/tfm_ns.dir/__/log/tfm_log_raw.o
 .text._tfm_dec_num_output
                0x00000000080418aa       0x5e CMakeFiles/tfm_ns.dir/__/log/tfm_log_raw.o
 .text._tfm_hex_num_output
                0x0000000008041908       0x3a CMakeFiles/tfm_ns.dir/__/log/tfm_log_raw.o
 .text._tfm_string_output
                0x0000000008041942       0x1a CMakeFiles/tfm_ns.dir/__/log/tfm_log_raw.o
 .text.tfm_log_printf
                0x000000000804195c      0x110 CMakeFiles/tfm_ns.dir/__/log/tfm_log_raw.o
                0x000000000804195c                tfm_log_printf
 .text.stdio_output_string
                0x0000000008041a6c       0x28 ../../platform/ns/libplatform_ns.a(uart_stdout.o)
                0x0000000008041a6c                stdio_output_string
 .text._write   0x0000000008041a94        0x8 ../../platform/ns/libplatform_ns.a(uart_stdout.o)
                0x0000000008041a94                _write
 .text.stdio_init
                0x0000000008041a9c       0x58 ../../platform/ns/libplatform_ns.a(uart_stdout.o)
                0x0000000008041a9c                stdio_init
 .text.SystemInit
                0x0000000008041af4        0x2 ../../platform/ns/libplatform_ns.a(system_stm32l5xx.o)
                0x0000000008041af4                SystemInit
 *fill*         0x0000000008041af6        0x2 
 .text.USART_GetVersion
                0x0000000008041af8       0x20 ../../platform/ns/libplatform_ns.a(low_level_com.o)
 .text.USART_GetCapabilities
                0x0000000008041b18        0x4 ../../platform/ns/libplatform_ns.a(low_level_com.o)
 .text.USART0_Uninitialize
                0x0000000008041b1c        0x4 ../../platform/ns/libplatform_ns.a(low_level_com.o)
 .text.USART0_PowerControl
                0x0000000008041b20        0x4 ../../platform/ns/libplatform_ns.a(low_level_com.o)
 .text.USART0_Transfer
                0x0000000008041b24        0x6 ../../platform/ns/libplatform_ns.a(low_level_com.o)
 .text.USART0_GetTxCount
                0x0000000008041b2a        0x4 ../../platform/ns/libplatform_ns.a(low_level_com.o)
 .text.USART0_Control
                0x0000000008041b2e        0x4 ../../platform/ns/libplatform_ns.a(low_level_com.o)
 .text.USART0_GetStatus
                0x0000000008041b32        0xc ../../platform/ns/libplatform_ns.a(low_level_com.o)
 .text.USART0_SetModemControl
                0x0000000008041b3e        0x6 ../../platform/ns/libplatform_ns.a(low_level_com.o)
 .text.USART0_GetModemStatus
                0x0000000008041b44        0xc ../../platform/ns/libplatform_ns.a(low_level_com.o)
 .text.USART0_Receive
                0x0000000008041b50       0x20 ../../platform/ns/libplatform_ns.a(low_level_com.o)
 .text.USART0_Send
                0x0000000008041b70       0x24 ../../platform/ns/libplatform_ns.a(low_level_com.o)
 .text.USART0_Initialize
                0x0000000008041b94       0xc4 ../../platform/ns/libplatform_ns.a(low_level_com.o)
 .text.USART0_GetRxCount
                0x0000000008041c58        0x4 ../../platform/ns/libplatform_ns.a(low_level_com.o)
 .text.HAL_PWREx_EnableVddIO2
                0x0000000008041c5c       0x10 ../../platform/ns/libplatform_ns.a(stm32l5xx_hal_pwr_ex.o)
                0x0000000008041c5c                HAL_PWREx_EnableVddIO2
 .text.HAL_GPIO_Init
                0x0000000008041c6c      0x190 ../../platform/ns/libplatform_ns.a(stm32l5xx_hal_gpio.o)
                0x0000000008041c6c                HAL_GPIO_Init
 .text.HAL_UART_MspInit
                0x0000000008041dfc        0x2 ../../platform/ns/libplatform_ns.a(stm32l5xx_hal_uart.o)
                0x0000000008041dfc                HAL_UART_MspInit
 .text.HAL_UART_RxCpltCallback
                0x0000000008041dfe        0x2 ../../platform/ns/libplatform_ns.a(stm32l5xx_hal_uart.o)
                0x0000000008041dfe                HAL_UART_RxCpltCallback
 .text.HAL_UART_ErrorCallback
                0x0000000008041e00        0x2 ../../platform/ns/libplatform_ns.a(stm32l5xx_hal_uart.o)
                0x0000000008041e00                HAL_UART_ErrorCallback
 .text.HAL_UARTEx_RxEventCallback
                0x0000000008041e02        0x2 ../../platform/ns/libplatform_ns.a(stm32l5xx_hal_uart.o)
                0x0000000008041e02                HAL_UARTEx_RxEventCallback
 .text.UART_RxISR_8BIT
                0x0000000008041e04       0x7a ../../platform/ns/libplatform_ns.a(stm32l5xx_hal_uart.o)
 .text.UART_RxISR_16BIT
                0x0000000008041e7e       0x76 ../../platform/ns/libplatform_ns.a(stm32l5xx_hal_uart.o)
 .text.UART_RxISR_8BIT_FIFOEN
                0x0000000008041ef4      0x138 ../../platform/ns/libplatform_ns.a(stm32l5xx_hal_uart.o)
 .text.UART_RxISR_16BIT_FIFOEN
                0x000000000804202c      0x134 ../../platform/ns/libplatform_ns.a(stm32l5xx_hal_uart.o)
 .text.UART_SetConfig
                0x0000000008042160      0x2d0 ../../platform/ns/libplatform_ns.a(stm32l5xx_hal_uart.o)
                0x0000000008042160                UART_SetConfig
 .text.UART_AdvFeatureConfig
                0x0000000008042430       0xaa ../../platform/ns/libplatform_ns.a(stm32l5xx_hal_uart.o)
                0x0000000008042430                UART_AdvFeatureConfig
 .text.UART_WaitOnFlagUntilTimeout
                0x00000000080424da       0x94 ../../platform/ns/libplatform_ns.a(stm32l5xx_hal_uart.o)
                0x00000000080424da                UART_WaitOnFlagUntilTimeout
 .text.HAL_UART_Transmit
                0x000000000804256e       0xb8 ../../platform/ns/libplatform_ns.a(stm32l5xx_hal_uart.o)
                0x000000000804256e                HAL_UART_Transmit
 .text.UART_CheckIdleState
                0x0000000008042626       0x68 ../../platform/ns/libplatform_ns.a(stm32l5xx_hal_uart.o)
                0x0000000008042626                UART_CheckIdleState
 .text.HAL_UART_Init
                0x000000000804268e       0x60 ../../platform/ns/libplatform_ns.a(stm32l5xx_hal_uart.o)
                0x000000000804268e                HAL_UART_Init
 *fill*         0x00000000080426ee        0x2 
 .text.UART_Start_Receive_IT
                0x00000000080426f0       0xd4 ../../platform/ns/libplatform_ns.a(stm32l5xx_hal_uart.o)
                0x00000000080426f0                UART_Start_Receive_IT
 .text.HAL_UART_Receive_IT
                0x00000000080427c4       0x4c ../../platform/ns/libplatform_ns.a(stm32l5xx_hal_uart.o)
                0x00000000080427c4                HAL_UART_Receive_IT
 .text.HAL_GetTick
                0x0000000008042810        0xc ../../platform/ns/libplatform_ns.a(stm32l5xx_hal.o)
                0x0000000008042810                HAL_GetTick
 .text.HAL_RCC_GetSysClockFreq
                0x000000000804281c       0xa0 ../../platform/ns/libplatform_ns.a(stm32l5xx_hal_rcc.o)
                0x000000000804281c                HAL_RCC_GetSysClockFreq
 .text.HAL_RCC_GetHCLKFreq
                0x00000000080428bc       0x20 ../../platform/ns/libplatform_ns.a(stm32l5xx_hal_rcc.o)
                0x00000000080428bc                HAL_RCC_GetHCLKFreq
 .text.HAL_RCC_GetPCLK1Freq
                0x00000000080428dc       0x20 ../../platform/ns/libplatform_ns.a(stm32l5xx_hal_rcc.o)
                0x00000000080428dc                HAL_RCC_GetPCLK1Freq
 .text.HAL_RCC_GetPCLK2Freq
                0x00000000080428fc       0x20 ../../platform/ns/libplatform_ns.a(stm32l5xx_hal_rcc.o)
                0x00000000080428fc                HAL_RCC_GetPCLK2Freq
 .text.test_app
                0x000000000804291c       0x10 libtfm_test_app.a(test_app.o)
                0x000000000804291c                test_app
 .text          0x000000000804292c      0x124 ../../lib/ext/tfm_test_repo-src/CMSIS/RTOS2/RTX/Library/GCC/libRTX_V8MMN.a(irq_armv8mml.o)
                0x000000000804292c                SVC_Handler
                0x00000000080429c8                PendSV_Handler
                0x00000000080429d6                SysTick_Handler
                0x00000000080429e4                Sys_Context
 .text.osRtxTick_Handler
                0x0000000008042a50       0x74 ../../lib/ext/tfm_test_repo-src/CMSIS/RTOS2/RTX/Library/GCC/libRTX_V8MMN.a(rtx_system.o)
                0x0000000008042a50                osRtxTick_Handler
 .text.osRtxPendSV_Handler
                0x0000000008042ac4       0xa8 ../../lib/ext/tfm_test_repo-src/CMSIS/RTOS2/RTX/Library/GCC/libRTX_V8MMN.a(rtx_system.o)
                0x0000000008042ac4                osRtxPendSV_Handler
 .text.osRtxPostProcess
                0x0000000008042b6c       0x74 ../../lib/ext/tfm_test_repo-src/CMSIS/RTOS2/RTX/Library/GCC/libRTX_V8MMN.a(rtx_system.o)
                0x0000000008042b6c                osRtxPostProcess
 .text.svcRtxMessageQueueNew
                0x0000000008042be0      0x16c ../../lib/ext/tfm_test_repo-src/CMSIS/RTOS2/RTX/Library/GCC/libRTX_V8MMN.a(rtx_msgqueue.o)
 .text.svcRtxMessageQueueGet
                0x0000000008042d4c      0x188 ../../lib/ext/tfm_test_repo-src/CMSIS/RTOS2/RTX/Library/GCC/libRTX_V8MMN.a(rtx_msgqueue.o)
 .text.svcRtxMessageQueuePut
                0x0000000008042ed4      0x108 ../../lib/ext/tfm_test_repo-src/CMSIS/RTOS2/RTX/Library/GCC/libRTX_V8MMN.a(rtx_msgqueue.o)
 .text.osRtxMessageQueuePostProcess
                0x0000000008042fdc      0x154 ../../lib/ext/tfm_test_repo-src/CMSIS/RTOS2/RTX/Library/GCC/libRTX_V8MMN.a(rtx_msgqueue.o)
 .text.osMessageQueueNew
                0x0000000008043130       0x24 ../../lib/ext/tfm_test_repo-src/CMSIS/RTOS2/RTX/Library/GCC/libRTX_V8MMN.a(rtx_msgqueue.o)
                0x0000000008043130                osMessageQueueNew
 .text.osMessageQueuePut
                0x0000000008043154       0x7c ../../lib/ext/tfm_test_repo-src/CMSIS/RTOS2/RTX/Library/GCC/libRTX_V8MMN.a(rtx_msgqueue.o)
                0x0000000008043154                osMessageQueuePut
 .text.osMessageQueueGet
                0x00000000080431d0       0xbc ../../lib/ext/tfm_test_repo-src/CMSIS/RTOS2/RTX/Library/GCC/libRTX_V8MMN.a(rtx_msgqueue.o)
                0x00000000080431d0                osMessageQueueGet
 .text.osRtxMemoryPoolInit
                0x000000000804328c       0x48 ../../lib/ext/tfm_test_repo-src/CMSIS/RTOS2/RTX/Library/GCC/libRTX_V8MMN.a(rtx_mempool.o)
                0x000000000804328c                osRtxMemoryPoolInit
 .text.osRtxMemoryPoolAlloc
                0x00000000080432d4       0x38 ../../lib/ext/tfm_test_repo-src/CMSIS/RTOS2/RTX/Library/GCC/libRTX_V8MMN.a(rtx_mempool.o)
                0x00000000080432d4                osRtxMemoryPoolAlloc
 .text.osRtxMemoryPoolFree
                0x000000000804330c       0x4c ../../lib/ext/tfm_test_repo-src/CMSIS/RTOS2/RTX/Library/GCC/libRTX_V8MMN.a(rtx_mempool.o)
                0x000000000804330c                osRtxMemoryPoolFree
 .text.osRtxMemoryInit
                0x0000000008043358       0x3c ../../lib/ext/tfm_test_repo-src/CMSIS/RTOS2/RTX/Library/GCC/libRTX_V8MMN.a(rtx_memory.o)
                0x0000000008043358                osRtxMemoryInit
 .text.osRtxMemoryAlloc
                0x0000000008043394       0x7c ../../lib/ext/tfm_test_repo-src/CMSIS/RTOS2/RTX/Library/GCC/libRTX_V8MMN.a(rtx_memory.o)
                0x0000000008043394                osRtxMemoryAlloc
 .text.osRtxMemoryFree
                0x0000000008043410       0x78 ../../lib/ext/tfm_test_repo-src/CMSIS/RTOS2/RTX/Library/GCC/libRTX_V8MMN.a(rtx_memory.o)
                0x0000000008043410                osRtxMemoryFree
 .text.svcRtxMutexNew
                0x0000000008043488       0x6c ../../lib/ext/tfm_test_repo-src/CMSIS/RTOS2/RTX/Library/GCC/libRTX_V8MMN.a(rtx_mutex.o)
 .text.osRtxMutexOwnerRelease
                0x00000000080434f4       0x44 ../../lib/ext/tfm_test_repo-src/CMSIS/RTOS2/RTX/Library/GCC/libRTX_V8MMN.a(rtx_mutex.o)
                0x00000000080434f4                osRtxMutexOwnerRelease
 .text.osMutexNew
                0x0000000008043538       0x24 ../../lib/ext/tfm_test_repo-src/CMSIS/RTOS2/RTX/Library/GCC/libRTX_V8MMN.a(rtx_mutex.o)
                0x0000000008043538                osMutexNew
 .text.osThreadExit
                0x000000000804355c        0xc ../../lib/ext/tfm_test_repo-src/CMSIS/RTOS2/RTX/Library/GCC/libRTX_V8MMN.a(rtx_thread.o)
                0x000000000804355c                osThreadExit
 .text.osRtxThreadFree
                0x0000000008043568       0x60 ../../lib/ext/tfm_test_repo-src/CMSIS/RTOS2/RTX/Library/GCC/libRTX_V8MMN.a(rtx_thread.o)
 .text.osRtxThreadPostProcess
                0x00000000080435c8      0x100 ../../lib/ext/tfm_test_repo-src/CMSIS/RTOS2/RTX/Library/GCC/libRTX_V8MMN.a(rtx_thread.o)
 .text.osRtxThreadListPut
                0x00000000080436c8       0x44 ../../lib/ext/tfm_test_repo-src/CMSIS/RTOS2/RTX/Library/GCC/libRTX_V8MMN.a(rtx_thread.o)
                0x00000000080436c8                osRtxThreadListPut
 .text.osRtxThreadListGet
                0x000000000804370c       0x14 ../../lib/ext/tfm_test_repo-src/CMSIS/RTOS2/RTX/Library/GCC/libRTX_V8MMN.a(rtx_thread.o)
                0x000000000804370c                osRtxThreadListGet
 .text.osRtxThreadListRemove
                0x0000000008043720       0x14 ../../lib/ext/tfm_test_repo-src/CMSIS/RTOS2/RTX/Library/GCC/libRTX_V8MMN.a(rtx_thread.o)
                0x0000000008043720                osRtxThreadListRemove
 .text.osRtxThreadReadyPut
                0x0000000008043734       0x54 ../../lib/ext/tfm_test_repo-src/CMSIS/RTOS2/RTX/Library/GCC/libRTX_V8MMN.a(rtx_thread.o)
                0x0000000008043734                osRtxThreadReadyPut
 .text.osRtxThreadDelayTick
                0x0000000008043788       0x78 ../../lib/ext/tfm_test_repo-src/CMSIS/RTOS2/RTX/Library/GCC/libRTX_V8MMN.a(rtx_thread.o)
                0x0000000008043788                osRtxThreadDelayTick
 .text.osRtxThreadRegPtr
                0x0000000008043800        0x8 ../../lib/ext/tfm_test_repo-src/CMSIS/RTOS2/RTX/Library/GCC/libRTX_V8MMN.a(rtx_thread.o)
                0x0000000008043800                osRtxThreadRegPtr
 .text.osRtxThreadStackCheck
                0x0000000008043808       0x28 ../../lib/ext/tfm_test_repo-src/CMSIS/RTOS2/RTX/Library/GCC/libRTX_V8MMN.a(rtx_thread.o)
                0x0000000008043808                osRtxThreadStackCheck
 .text.osRtxThreadSwitch
                0x0000000008043830       0x14 ../../lib/ext/tfm_test_repo-src/CMSIS/RTOS2/RTX/Library/GCC/libRTX_V8MMN.a(rtx_thread.o)
                0x0000000008043830                osRtxThreadSwitch
 .text.osRtxThreadDispatch
                0x0000000008043844      0x120 ../../lib/ext/tfm_test_repo-src/CMSIS/RTOS2/RTX/Library/GCC/libRTX_V8MMN.a(rtx_thread.o)
                0x0000000008043844                osRtxThreadDispatch
 .text.osRtxThreadWaitExit
                0x0000000008043964       0x98 ../../lib/ext/tfm_test_repo-src/CMSIS/RTOS2/RTX/Library/GCC/libRTX_V8MMN.a(rtx_thread.o)
                0x0000000008043964                osRtxThreadWaitExit
 .text.svcRtxThreadNew
                0x00000000080439fc      0x2b0 ../../lib/ext/tfm_test_repo-src/CMSIS/RTOS2/RTX/Library/GCC/libRTX_V8MMN.a(rtx_thread.o)
 .text.svcRtxThreadExit
                0x0000000008043cac       0xf0 ../../lib/ext/tfm_test_repo-src/CMSIS/RTOS2/RTX/Library/GCC/libRTX_V8MMN.a(rtx_thread.o)
 .text.osRtxThreadWaitEnter
                0x0000000008043d9c       0xb4 ../../lib/ext/tfm_test_repo-src/CMSIS/RTOS2/RTX/Library/GCC/libRTX_V8MMN.a(rtx_thread.o)
                0x0000000008043d9c                osRtxThreadWaitEnter
 .text.osRtxThreadStartup
                0x0000000008043e50       0x40 ../../lib/ext/tfm_test_repo-src/CMSIS/RTOS2/RTX/Library/GCC/libRTX_V8MMN.a(rtx_thread.o)
                0x0000000008043e50                osRtxThreadStartup
 .text.osThreadNew
                0x0000000008043e90       0x24 ../../lib/ext/tfm_test_repo-src/CMSIS/RTOS2/RTX/Library/GCC/libRTX_V8MMN.a(rtx_thread.o)
                0x0000000008043e90                osThreadNew
 .text.svcRtxKernelInitialize
                0x0000000008043eb4      0x16c ../../lib/ext/tfm_test_repo-src/CMSIS/RTOS2/RTX/Library/GCC/libRTX_V8MMN.a(rtx_kernel.o)
 .text.svcRtxKernelStart
                0x0000000008044020       0xa0 ../../lib/ext/tfm_test_repo-src/CMSIS/RTOS2/RTX/Library/GCC/libRTX_V8MMN.a(rtx_kernel.o)
 .text.osRtxKernelPreInit
                0x00000000080440c0        0x4 ../../lib/ext/tfm_test_repo-src/CMSIS/RTOS2/RTX/Library/GCC/libRTX_V8MMN.a(rtx_kernel.o)
                0x00000000080440c0                osRtxKernelPreInit
 .text.osKernelInitialize
                0x00000000080440c4       0x2c ../../lib/ext/tfm_test_repo-src/CMSIS/RTOS2/RTX/Library/GCC/libRTX_V8MMN.a(rtx_kernel.o)
                0x00000000080440c4                osKernelInitialize
 .text.osKernelStart
                0x00000000080440f0       0x24 ../../lib/ext/tfm_test_repo-src/CMSIS/RTOS2/RTX/Library/GCC/libRTX_V8MMN.a(rtx_kernel.o)
                0x00000000080440f0                osKernelStart
 .text.OS_Tick_Setup
                0x0000000008044114       0x48 ../../lib/ext/tfm_test_repo-src/CMSIS/RTOS2/RTX/Library/GCC/libRTX_V8MMN.a(os_systick.o)
                0x0000000008044114                OS_Tick_Setup
 .text.OS_Tick_Enable
                0x000000000804415c       0x2c ../../lib/ext/tfm_test_repo-src/CMSIS/RTOS2/RTX/Library/GCC/libRTX_V8MMN.a(os_systick.o)
                0x000000000804415c                OS_Tick_Enable
 .text.OS_Tick_AcknowledgeIRQ
                0x0000000008044188        0xc ../../lib/ext/tfm_test_repo-src/CMSIS/RTOS2/RTX/Library/GCC/libRTX_V8MMN.a(os_systick.o)
                0x0000000008044188                OS_Tick_AcknowledgeIRQ
 .text.OS_Tick_GetIRQn
                0x0000000008044194        0x8 ../../lib/ext/tfm_test_repo-src/CMSIS/RTOS2/RTX/Library/GCC/libRTX_V8MMN.a(os_systick.o)
                0x0000000008044194                OS_Tick_GetIRQn
 .text.osRtxTimerTick
                0x000000000804419c       0xc8 ../../lib/ext/tfm_test_repo-src/CMSIS/RTOS2/RTX/Library/GCC/libRTX_V8MMN.a(rtx_timer.o)
 .text.osRtxTimerThread
                0x0000000008044264       0x3c ../../lib/ext/tfm_test_repo-src/CMSIS/RTOS2/RTX/Library/GCC/libRTX_V8MMN.a(rtx_timer.o)
                0x0000000008044264                osRtxTimerThread
 .text.tfm_ns_interface_init
                0x00000000080442a0       0x1c libtfm_api_ns.a(tfm_ns_interface.o)
                0x00000000080442a0                tfm_ns_interface_init
 .text          0x00000000080442bc       0x30 /opt/gcc-arm-none-eabi-10.3-2021.10/bin/../lib/gcc/arm-none-eabi/10.3.1/thumb/v8-m.main/nofp/libgcc.a(_aeabi_uldivmod.o)
                0x00000000080442bc                __aeabi_uldivmod
 .text          0x00000000080442ec      0x2e8 /opt/gcc-arm-none-eabi-10.3-2021.10/bin/../lib/gcc/arm-none-eabi/10.3.1/thumb/v8-m.main/nofp/libgcc.a(_udivmoddi4.o)
                0x00000000080442ec                __udivmoddi4
 .text          0x00000000080445d4        0x4 /opt/gcc-arm-none-eabi-10.3-2021.10/bin/../lib/gcc/arm-none-eabi/10.3.1/thumb/v8-m.main/nofp/libgcc.a(_dvmd_tls.o)
                0x00000000080445d4                __aeabi_ldiv0
                0x00000000080445d4                __aeabi_idiv0
 .text.__assert_func
                0x00000000080445d8       0x3c /opt/gcc-arm-none-eabi-10.3-2021.10/bin/../lib/gcc/arm-none-eabi/10.3.1/../../../../arm-none-eabi/lib/thumb/v8-m.main/nofp/libg_nano.a(lib_a-assert.o)
                0x00000000080445d8                __assert_func
 .text.exit     0x0000000008044614       0x28 /opt/gcc-arm-none-eabi-10.3-2021.10/bin/../lib/gcc/arm-none-eabi/10.3.1/../../../../arm-none-eabi/lib/thumb/v8-m.main/nofp/libg_nano.a(lib_a-exit.o)
                0x0000000008044614                exit
 .text.fprintf  0x000000000804463c       0x24 /opt/gcc-arm-none-eabi-10.3-2021.10/bin/../lib/gcc/arm-none-eabi/10.3.1/../../../../arm-none-eabi/lib/thumb/v8-m.main/nofp/libg_nano.a(lib_a-fprintf.o)
                0x000000000804463c                fprintf
                0x000000000804463c                fiprintf
 .text.__libc_init_array
                0x0000000008044660       0x48 /opt/gcc-arm-none-eabi-10.3-2021.10/bin/../lib/gcc/arm-none-eabi/10.3.1/../../../../arm-none-eabi/lib/thumb/v8-m.main/nofp/libg_nano.a(lib_a-init.o)
                0x0000000008044660                __libc_init_array
 .text.memcpy   0x00000000080446a8       0x1a /opt/gcc-arm-none-eabi-10.3-2021.10/bin/../lib/gcc/arm-none-eabi/10.3.1/../../../../arm-none-eabi/lib/thumb/v8-m.main/nofp/libg_nano.a(lib_a-memcpy-stub.o)
                0x00000000080446a8                memcpy
 .text.memset   0x00000000080446c2       0x10 /opt/gcc-arm-none-eabi-10.3-2021.10/bin/../lib/gcc/arm-none-eabi/10.3.1/../../../../arm-none-eabi/lib/thumb/v8-m.main/nofp/libg_nano.a(lib_a-memset.o)
                0x00000000080446c2                memset
 .text.__sfputc_r
                0x00000000080446d2       0x2a /opt/gcc-arm-none-eabi-10.3-2021.10/bin/../lib/gcc/arm-none-eabi/10.3.1/../../../../arm-none-eabi/lib/thumb/v8-m.main/nofp/libg_nano.a(lib_a-nano-vfprintf.o)
 .text.__sfputs_r
                0x00000000080446fc       0x24 /opt/gcc-arm-none-eabi-10.3-2021.10/bin/../lib/gcc/arm-none-eabi/10.3.1/../../../../arm-none-eabi/lib/thumb/v8-m.main/nofp/libg_nano.a(lib_a-nano-vfprintf.o)
                0x00000000080446fc                __sfputs_r
 .text._vfprintf_r
                0x0000000008044720      0x260 /opt/gcc-arm-none-eabi-10.3-2021.10/bin/../lib/gcc/arm-none-eabi/10.3.1/../../../../arm-none-eabi/lib/thumb/v8-m.main/nofp/libg_nano.a(lib_a-nano-vfprintf.o)
                0x0000000008044720                _vfiprintf_r
                0x0000000008044720                _vfprintf_r
 .text._printf_common
                0x0000000008044980       0xe0 /opt/gcc-arm-none-eabi-10.3-2021.10/bin/../lib/gcc/arm-none-eabi/10.3.1/../../../../arm-none-eabi/lib/thumb/v8-m.main/nofp/libg_nano.a(lib_a-nano-vfprintf_i.o)
                0x0000000008044980                _printf_common
 .text._printf_i
                0x0000000008044a60      0x24c /opt/gcc-arm-none-eabi-10.3-2021.10/bin/../lib/gcc/arm-none-eabi/10.3.1/../../../../arm-none-eabi/lib/thumb/v8-m.main/nofp/libg_nano.a(lib_a-nano-vfprintf_i.o)
                0x0000000008044a60                _printf_i
 .text.__swbuf_r
                0x0000000008044cac       0xa4 /opt/gcc-arm-none-eabi-10.3-2021.10/bin/../lib/gcc/arm-none-eabi/10.3.1/../../../../arm-none-eabi/lib/thumb/v8-m.main/nofp/libg_nano.a(lib_a-wbuf.o)
                0x0000000008044cac                __swbuf_r
 .text.__swsetup_r
                0x0000000008044d50       0xdc /opt/gcc-arm-none-eabi-10.3-2021.10/bin/../lib/gcc/arm-none-eabi/10.3.1/../../../../arm-none-eabi/lib/thumb/v8-m.main/nofp/libg_nano.a(lib_a-wsetup.o)
                0x0000000008044d50                __swsetup_r
 .text.abort    0x0000000008044e2c        0xe /opt/gcc-arm-none-eabi-10.3-2021.10/bin/../lib/gcc/arm-none-eabi/10.3.1/../../../../arm-none-eabi/lib/thumb/v8-m.main/nofp/libg_nano.a(lib_a-abort.o)
                0x0000000008044e2c                abort
 *fill*         0x0000000008044e3a        0x2 
 .text.__sflush_r
                0x0000000008044e3c      0x100 /opt/gcc-arm-none-eabi-10.3-2021.10/bin/../lib/gcc/arm-none-eabi/10.3.1/../../../../arm-none-eabi/lib/thumb/v8-m.main/nofp/libg_nano.a(lib_a-fflush.o)
                0x0000000008044e3c                __sflush_r
 .text._fflush_r
                0x0000000008044f3c       0x78 /opt/gcc-arm-none-eabi-10.3-2021.10/bin/../lib/gcc/arm-none-eabi/10.3.1/../../../../arm-none-eabi/lib/thumb/v8-m.main/nofp/libg_nano.a(lib_a-fflush.o)
                0x0000000008044f3c                _fflush_r
 .text.std      0x0000000008044fb4       0x48 /opt/gcc-arm-none-eabi-10.3-2021.10/bin/../lib/gcc/arm-none-eabi/10.3.1/../../../../arm-none-eabi/lib/thumb/v8-m.main/nofp/libg_nano.a(lib_a-findfp.o)
 .text._cleanup_r
                0x0000000008044ffc        0xc /opt/gcc-arm-none-eabi-10.3-2021.10/bin/../lib/gcc/arm-none-eabi/10.3.1/../../../../arm-none-eabi/lib/thumb/v8-m.main/nofp/libg_nano.a(lib_a-findfp.o)
                0x0000000008044ffc                _cleanup_r
 .text.__sfmoreglue
                0x0000000008045008       0x2c /opt/gcc-arm-none-eabi-10.3-2021.10/bin/../lib/gcc/arm-none-eabi/10.3.1/../../../../arm-none-eabi/lib/thumb/v8-m.main/nofp/libg_nano.a(lib_a-findfp.o)
                0x0000000008045008                __sfmoreglue
 .text.__sfp_lock_acquire
                0x0000000008045034        0xc /opt/gcc-arm-none-eabi-10.3-2021.10/bin/../lib/gcc/arm-none-eabi/10.3.1/../../../../arm-none-eabi/lib/thumb/v8-m.main/nofp/libg_nano.a(lib_a-findfp.o)
                0x0000000008045034                __sfp_lock_acquire
 .text.__sfp_lock_release
                0x0000000008045040        0xc /opt/gcc-arm-none-eabi-10.3-2021.10/bin/../lib/gcc/arm-none-eabi/10.3.1/../../../../arm-none-eabi/lib/thumb/v8-m.main/nofp/libg_nano.a(lib_a-findfp.o)
                0x0000000008045040                __sfp_lock_release
 .text.__sinit_lock_acquire
                0x000000000804504c        0xc /opt/gcc-arm-none-eabi-10.3-2021.10/bin/../lib/gcc/arm-none-eabi/10.3.1/../../../../arm-none-eabi/lib/thumb/v8-m.main/nofp/libg_nano.a(lib_a-findfp.o)
                0x000000000804504c                __sinit_lock_acquire
 .text.__sinit_lock_release
                0x0000000008045058        0xc /opt/gcc-arm-none-eabi-10.3-2021.10/bin/../lib/gcc/arm-none-eabi/10.3.1/../../../../arm-none-eabi/lib/thumb/v8-m.main/nofp/libg_nano.a(lib_a-findfp.o)
                0x0000000008045058                __sinit_lock_release
 .text.__sinit  0x0000000008045064       0x70 /opt/gcc-arm-none-eabi-10.3-2021.10/bin/../lib/gcc/arm-none-eabi/10.3.1/../../../../arm-none-eabi/lib/thumb/v8-m.main/nofp/libg_nano.a(lib_a-findfp.o)
                0x0000000008045064                __sinit
 .text.__sfp    0x00000000080450d4       0x8c /opt/gcc-arm-none-eabi-10.3-2021.10/bin/../lib/gcc/arm-none-eabi/10.3.1/../../../../arm-none-eabi/lib/thumb/v8-m.main/nofp/libg_nano.a(lib_a-findfp.o)
                0x00000000080450d4                __sfp
 .text._fwalk_reent
                0x0000000008045160       0x3e /opt/gcc-arm-none-eabi-10.3-2021.10/bin/../lib/gcc/arm-none-eabi/10.3.1/../../../../arm-none-eabi/lib/thumb/v8-m.main/nofp/libg_nano.a(lib_a-fwalk.o)
                0x0000000008045160                _fwalk_reent
 .text.__retarget_lock_init_recursive
                0x000000000804519e        0x2 /opt/gcc-arm-none-eabi-10.3-2021.10/bin/../lib/gcc/arm-none-eabi/10.3.1/../../../../arm-none-eabi/lib/thumb/v8-m.main/nofp/libg_nano.a(lib_a-lock.o)
                0x000000000804519e                __retarget_lock_init_recursive
 .text.__retarget_lock_acquire_recursive
                0x00000000080451a0        0x2 /opt/gcc-arm-none-eabi-10.3-2021.10/bin/../lib/gcc/arm-none-eabi/10.3.1/../../../../arm-none-eabi/lib/thumb/v8-m.main/nofp/libg_nano.a(lib_a-lock.o)
                0x00000000080451a0                __retarget_lock_acquire_recursive
 .text.__retarget_lock_release_recursive
                0x00000000080451a2        0x2 /opt/gcc-arm-none-eabi-10.3-2021.10/bin/../lib/gcc/arm-none-eabi/10.3.1/../../../../arm-none-eabi/lib/thumb/v8-m.main/nofp/libg_nano.a(lib_a-lock.o)
                0x00000000080451a2                __retarget_lock_release_recursive
 .text.__swhatbuf_r
                0x00000000080451a4       0x4a /opt/gcc-arm-none-eabi-10.3-2021.10/bin/../lib/gcc/arm-none-eabi/10.3.1/../../../../arm-none-eabi/lib/thumb/v8-m.main/nofp/libg_nano.a(lib_a-makebuf.o)
                0x00000000080451a4                __swhatbuf_r
 *fill*         0x00000000080451ee        0x2 
 .text.__smakebuf_r
                0x00000000080451f0       0x80 /opt/gcc-arm-none-eabi-10.3-2021.10/bin/../lib/gcc/arm-none-eabi/10.3.1/../../../../arm-none-eabi/lib/thumb/v8-m.main/nofp/libg_nano.a(lib_a-makebuf.o)
                0x00000000080451f0                __smakebuf_r
 .text.memchr   0x0000000008045270       0x1c /opt/gcc-arm-none-eabi-10.3-2021.10/bin/../lib/gcc/arm-none-eabi/10.3.1/../../../../arm-none-eabi/lib/thumb/v8-m.main/nofp/libg_nano.a(lib_a-memchr-stub.o)
                0x0000000008045270                memchr
 .text._free_r  0x000000000804528c       0x94 /opt/gcc-arm-none-eabi-10.3-2021.10/bin/../lib/gcc/arm-none-eabi/10.3.1/../../../../arm-none-eabi/lib/thumb/v8-m.main/nofp/libg_nano.a(lib_a-nano-freer.o)
                0x000000000804528c                _free_r
 .text.sbrk_aligned
                0x0000000008045320       0x40 /opt/gcc-arm-none-eabi-10.3-2021.10/bin/../lib/gcc/arm-none-eabi/10.3.1/../../../../arm-none-eabi/lib/thumb/v8-m.main/nofp/libg_nano.a(lib_a-nano-mallocr.o)
 .text._malloc_r
                0x0000000008045360       0xe8 /opt/gcc-arm-none-eabi-10.3-2021.10/bin/../lib/gcc/arm-none-eabi/10.3.1/../../../../arm-none-eabi/lib/thumb/v8-m.main/nofp/libg_nano.a(lib_a-nano-mallocr.o)
                0x0000000008045360                _malloc_r
 .text._sbrk_r  0x0000000008045448       0x20 /opt/gcc-arm-none-eabi-10.3-2021.10/bin/../lib/gcc/arm-none-eabi/10.3.1/../../../../arm-none-eabi/lib/thumb/v8-m.main/nofp/libg_nano.a(lib_a-sbrkr.o)
                0x0000000008045448                _sbrk_r
 .text._raise_r
                0x0000000008045468       0x50 /opt/gcc-arm-none-eabi-10.3-2021.10/bin/../lib/gcc/arm-none-eabi/10.3.1/../../../../arm-none-eabi/lib/thumb/v8-m.main/nofp/libg_nano.a(lib_a-signal.o)
                0x0000000008045468                _raise_r
 .text.raise    0x00000000080454b8       0x10 /opt/gcc-arm-none-eabi-10.3-2021.10/bin/../lib/gcc/arm-none-eabi/10.3.1/../../../../arm-none-eabi/lib/thumb/v8-m.main/nofp/libg_nano.a(lib_a-signal.o)
                0x00000000080454b8                raise
 .text._kill_r  0x00000000080454c8       0x24 /opt/gcc-arm-none-eabi-10.3-2021.10/bin/../lib/gcc/arm-none-eabi/10.3.1/../../../../arm-none-eabi/lib/thumb/v8-m.main/nofp/libg_nano.a(lib_a-signalr.o)
                0x00000000080454c8                _kill_r
 .text._getpid_r
                0x00000000080454ec        0x4 /opt/gcc-arm-none-eabi-10.3-2021.10/bin/../lib/gcc/arm-none-eabi/10.3.1/../../../../arm-none-eabi/lib/thumb/v8-m.main/nofp/libg_nano.a(lib_a-signalr.o)
                0x00000000080454ec                _getpid_r
 .text.__sread  0x00000000080454f0       0x22 /opt/gcc-arm-none-eabi-10.3-2021.10/bin/../lib/gcc/arm-none-eabi/10.3.1/../../../../arm-none-eabi/lib/thumb/v8-m.main/nofp/libg_nano.a(lib_a-stdio.o)
                0x00000000080454f0                __sread
 .text.__swrite
                0x0000000008045512       0x38 /opt/gcc-arm-none-eabi-10.3-2021.10/bin/../lib/gcc/arm-none-eabi/10.3.1/../../../../arm-none-eabi/lib/thumb/v8-m.main/nofp/libg_nano.a(lib_a-stdio.o)
                0x0000000008045512                __swrite
 .text.__sseek  0x000000000804554a       0x24 /opt/gcc-arm-none-eabi-10.3-2021.10/bin/../lib/gcc/arm-none-eabi/10.3.1/../../../../arm-none-eabi/lib/thumb/v8-m.main/nofp/libg_nano.a(lib_a-stdio.o)
                0x000000000804554a                __sseek
 .text.__sclose
                0x000000000804556e        0x8 /opt/gcc-arm-none-eabi-10.3-2021.10/bin/../lib/gcc/arm-none-eabi/10.3.1/../../../../arm-none-eabi/lib/thumb/v8-m.main/nofp/libg_nano.a(lib_a-stdio.o)
                0x000000000804556e                __sclose
 *fill*         0x0000000008045576        0x2 
 .text._write_r
                0x0000000008045578       0x24 /opt/gcc-arm-none-eabi-10.3-2021.10/bin/../lib/gcc/arm-none-eabi/10.3.1/../../../../arm-none-eabi/lib/thumb/v8-m.main/nofp/libg_nano.a(lib_a-writer.o)
                0x0000000008045578                _write_r
 .text._close_r
                0x000000000804559c       0x20 /opt/gcc-arm-none-eabi-10.3-2021.10/bin/../lib/gcc/arm-none-eabi/10.3.1/../../../../arm-none-eabi/lib/thumb/v8-m.main/nofp/libg_nano.a(lib_a-closer.o)
                0x000000000804559c                _close_r
 .text._fstat_r
                0x00000000080455bc       0x24 /opt/gcc-arm-none-eabi-10.3-2021.10/bin/../lib/gcc/arm-none-eabi/10.3.1/../../../../arm-none-eabi/lib/thumb/v8-m.main/nofp/libg_nano.a(lib_a-fstatr.o)
                0x00000000080455bc                _fstat_r
 .text._isatty_r
                0x00000000080455e0       0x20 /opt/gcc-arm-none-eabi-10.3-2021.10/bin/../lib/gcc/arm-none-eabi/10.3.1/../../../../arm-none-eabi/lib/thumb/v8-m.main/nofp/libg_nano.a(lib_a-isattyr.o)
                0x00000000080455e0                _isatty_r
 .text._lseek_r
                0x0000000008045600       0x24 /opt/gcc-arm-none-eabi-10.3-2021.10/bin/../lib/gcc/arm-none-eabi/10.3.1/../../../../arm-none-eabi/lib/thumb/v8-m.main/nofp/libg_nano.a(lib_a-lseekr.o)
                0x0000000008045600                _lseek_r
 .text.__malloc_lock
                0x0000000008045624        0xc /opt/gcc-arm-none-eabi-10.3-2021.10/bin/../lib/gcc/arm-none-eabi/10.3.1/../../../../arm-none-eabi/lib/thumb/v8-m.main/nofp/libg_nano.a(lib_a-mlock.o)
                0x0000000008045624                __malloc_lock
 .text.__malloc_unlock
                0x0000000008045630        0xc /opt/gcc-arm-none-eabi-10.3-2021.10/bin/../lib/gcc/arm-none-eabi/10.3.1/../../../../arm-none-eabi/lib/thumb/v8-m.main/nofp/libg_nano.a(lib_a-mlock.o)
                0x0000000008045630                __malloc_unlock
 .text._read_r  0x000000000804563c       0x24 /opt/gcc-arm-none-eabi-10.3-2021.10/bin/../lib/gcc/arm-none-eabi/10.3.1/../../../../arm-none-eabi/lib/thumb/v8-m.main/nofp/libg_nano.a(lib_a-readr.o)
                0x000000000804563c                _read_r
 .text._close   0x0000000008045660       0x10 /opt/gcc-arm-none-eabi-10.3-2021.10/bin/../lib/gcc/arm-none-eabi/10.3.1/../../../../arm-none-eabi/lib/thumb/v8-m.main/nofp/libnosys.a(close.o)
                0x0000000008045660                _close
 .text._fstat   0x0000000008045670       0x10 /opt/gcc-arm-none-eabi-10.3-2021.10/bin/../lib/gcc/arm-none-eabi/10.3.1/../../../../arm-none-eabi/lib/thumb/v8-m.main/nofp/libnosys.a(fstat.o)
                0x0000000008045670                _fstat
 .text._getpid  0x0000000008045680       0x10 /opt/gcc-arm-none-eabi-10.3-2021.10/bin/../lib/gcc/arm-none-eabi/10.3.1/../../../../arm-none-eabi/lib/thumb/v8-m.main/nofp/libnosys.a(getpid.o)
                0x0000000008045680                _getpid
 .text._isatty  0x0000000008045690       0x10 /opt/gcc-arm-none-eabi-10.3-2021.10/bin/../lib/gcc/arm-none-eabi/10.3.1/../../../../arm-none-eabi/lib/thumb/v8-m.main/nofp/libnosys.a(isatty.o)
                0x0000000008045690                _isatty
 .text._kill    0x00000000080456a0       0x10 /opt/gcc-arm-none-eabi-10.3-2021.10/bin/../lib/gcc/arm-none-eabi/10.3.1/../../../../arm-none-eabi/lib/thumb/v8-m.main/nofp/libnosys.a(kill.o)
                0x00000000080456a0                _kill
 .text._lseek   0x00000000080456b0       0x10 /opt/gcc-arm-none-eabi-10.3-2021.10/bin/../lib/gcc/arm-none-eabi/10.3.1/../../../../arm-none-eabi/lib/thumb/v8-m.main/nofp/libnosys.a(lseek.o)
                0x00000000080456b0                _lseek
 .text._read    0x00000000080456c0       0x10 /opt/gcc-arm-none-eabi-10.3-2021.10/bin/../lib/gcc/arm-none-eabi/10.3.1/../../../../arm-none-eabi/lib/thumb/v8-m.main/nofp/libnosys.a(read.o)
                0x00000000080456c0                _read
 .text._sbrk    0x00000000080456d0       0x20 /opt/gcc-arm-none-eabi-10.3-2021.10/bin/../lib/gcc/arm-none-eabi/10.3.1/../../../../arm-none-eabi/lib/thumb/v8-m.main/nofp/libnosys.a(sbrk.o)
                0x00000000080456d0                _sbrk
 .text._exit    0x00000000080456f0        0x4 /opt/gcc-arm-none-eabi-10.3-2021.10/bin/../lib/gcc/arm-none-eabi/10.3.1/../../../../arm-none-eabi/lib/thumb/v8-m.main/nofp/libnosys.a(_exit.o)
                0x00000000080456f0                _exit
 *(.init)
 .init          0x00000000080456f4        0x4 /opt/gcc-arm-none-eabi-10.3-2021.10/bin/../lib/gcc/arm-none-eabi/10.3.1/thumb/v8-m.main/nofp/crti.o
                0x00000000080456f4                _init
 .init          0x00000000080456f8        0x8 /opt/gcc-arm-none-eabi-10.3-2021.10/bin/../lib/gcc/arm-none-eabi/10.3.1/thumb/v8-m.main/nofp/crtn.o
 *(.fini)
 .fini          0x0000000008045700        0x4 /opt/gcc-arm-none-eabi-10.3-2021.10/bin/../lib/gcc/arm-none-eabi/10.3.1/thumb/v8-m.main/nofp/crti.o
                0x0000000008045700                _fini
 .fini          0x0000000008045704        0x8 /opt/gcc-arm-none-eabi-10.3-2021.10/bin/../lib/gcc/arm-none-eabi/10.3.1/thumb/v8-m.main/nofp/crtn.o
 *crtbegin.o(.ctors)
 *crtbegin?.o(.ctors)
 *(EXCLUDE_FILE(*crtend.o *crtend?.o) .ctors)
 *(SORT_BY_NAME(.ctors.*))
 *(.ctors)
 *crtbegin.o(.dtors)
 *crtbegin?.o(.dtors)
 *(EXCLUDE_FILE(*crtend.o *crtend?.o) .dtors)
 *(SORT_BY_NAME(.dtors.*))
 *(.dtors)
 *(.rodata*)
 .rodata.main.str1.1
                0x000000000804570c       0x20 CMakeFiles/tfm_ns.dir/main_ns.o
 .rodata.str1.1
                0x000000000804572c        0xc CMakeFiles/tfm_ns.dir/main_ns.o
 .rodata.thread_attr
                0x0000000008045738       0x24 CMakeFiles/tfm_ns.dir/main_ns.o
 .rodata        0x000000000804575c       0xa0 CMakeFiles/tfm_ns.dir/__/CMSIS/RTOS2/RTX/Source/rtx_lib.o
                0x000000000804575c                os_cb_sections
                0x0000000008045794                osRtxConfig
 .rodata.osRtxUserSVC
                0x00000000080457fc        0x4 CMakeFiles/tfm_ns.dir/__/CMSIS/RTOS2/RTX/Source/rtx_lib.o
                0x00000000080457fc                osRtxUserSVC
 .rodata.os_idle_thread_attr
                0x0000000008045800       0x24 CMakeFiles/tfm_ns.dir/__/CMSIS/RTOS2/RTX/Source/rtx_lib.o
 .rodata.os_timer_mq_attr
                0x0000000008045824       0x18 CMakeFiles/tfm_ns.dir/__/CMSIS/RTOS2/RTX/Source/rtx_lib.o
 .rodata.os_timer_thread_attr
                0x000000000804583c       0x24 CMakeFiles/tfm_ns.dir/__/CMSIS/RTOS2/RTX/Source/rtx_lib.o
 .rodata.tfm_log_printf.str1.1
                0x0000000008045860       0x15 CMakeFiles/tfm_ns.dir/__/log/tfm_log_raw.o
 .rodata.hex_digits_lo
                0x0000000008045875       0x10 CMakeFiles/tfm_ns.dir/__/log/tfm_log_raw.o
                0x0000000008045875                hex_digits_lo
 .rodata.hex_digits_up
                0x0000000008045885       0x10 CMakeFiles/tfm_ns.dir/__/log/tfm_log_raw.o
                0x0000000008045885                hex_digits_up
 .rodata.stdio_init.str1.1
                0x0000000008045895       0x5c ../../platform/ns/libplatform_ns.a(uart_stdout.o)
 .rodata.__func__.1
                0x00000000080458f1        0xb ../../platform/ns/libplatform_ns.a(uart_stdout.o)
 .rodata.AHBPrescTable
                0x00000000080458fc       0x10 ../../platform/ns/libplatform_ns.a(system_stm32l5xx.o)
                0x00000000080458fc                AHBPrescTable
 .rodata.APBPrescTable
                0x000000000804590c        0x8 ../../platform/ns/libplatform_ns.a(system_stm32l5xx.o)
                0x000000000804590c                APBPrescTable
 .rodata.MSIRangeTable
                0x0000000008045914       0x40 ../../platform/ns/libplatform_ns.a(system_stm32l5xx.o)
                0x0000000008045914                MSIRangeTable
 .rodata.DriverVersion
                0x0000000008045954        0x4 ../../platform/ns/libplatform_ns.a(low_level_com.o)
 .rodata.Driver_USART0
                0x0000000008045958       0x38 ../../platform/ns/libplatform_ns.a(low_level_com.o)
                0x0000000008045958                Driver_USART0
 .rodata.CSWTCH.58
                0x0000000008045990        0x3 ../../platform/ns/libplatform_ns.a(stm32l5xx_hal_uart.o)
 .rodata.CSWTCH.59
                0x0000000008045993        0xd ../../platform/ns/libplatform_ns.a(stm32l5xx_hal_uart.o)
 .rodata.UARTPrescTable
                0x00000000080459a0       0x18 ../../platform/ns/libplatform_ns.a(stm32l5xx_hal_uart.o)
                0x00000000080459a0                UARTPrescTable
 .rodata.test_app.str1.1
                0x00000000080459b8        0x2 libtfm_test_app.a(test_app.o)
 *fill*         0x00000000080459ba        0x2 
 .rodata.str1.4
                0x00000000080459bc        0xb ../../lib/ext/tfm_test_repo-src/CMSIS/RTOS2/RTX/Library/GCC/libRTX_V8MMN.a(rtx_kernel.o)
 .rodata.__assert_func.str1.1
                0x00000000080459c7       0x3c /opt/gcc-arm-none-eabi-10.3-2021.10/bin/../lib/gcc/arm-none-eabi/10.3.1/../../../../arm-none-eabi/lib/thumb/v8-m.main/nofp/libg_nano.a(lib_a-assert.o)
                                         0x3d (size before relaxing)
 *fill*         0x0000000008045a03        0x1 
 .rodata._global_impure_ptr
                0x0000000008045a04        0x4 /opt/gcc-arm-none-eabi-10.3-2021.10/bin/../lib/gcc/arm-none-eabi/10.3.1/../../../../arm-none-eabi/lib/thumb/v8-m.main/nofp/libg_nano.a(lib_a-impure.o)
                0x0000000008045a04                _global_impure_ptr
 .rodata._vfprintf_r.str1.1
                0x0000000008045a08       0x11 /opt/gcc-arm-none-eabi-10.3-2021.10/bin/../lib/gcc/arm-none-eabi/10.3.1/../../../../arm-none-eabi/lib/thumb/v8-m.main/nofp/libg_nano.a(lib_a-nano-vfprintf.o)
 .rodata._printf_i.str1.1
                0x0000000008045a19       0x22 /opt/gcc-arm-none-eabi-10.3-2021.10/bin/../lib/gcc/arm-none-eabi/10.3.1/../../../../arm-none-eabi/lib/thumb/v8-m.main/nofp/libg_nano.a(lib_a-nano-vfprintf_i.o)
 *fill*         0x0000000008045a3b        0x1 
 .rodata.__sf_fake_stderr
                0x0000000008045a3c       0x20 /opt/gcc-arm-none-eabi-10.3-2021.10/bin/../lib/gcc/arm-none-eabi/10.3.1/../../../../arm-none-eabi/lib/thumb/v8-m.main/nofp/libg_nano.a(lib_a-findfp.o)
                0x0000000008045a3c                __sf_fake_stderr
 .rodata.__sf_fake_stdin
                0x0000000008045a5c       0x20 /opt/gcc-arm-none-eabi-10.3-2021.10/bin/../lib/gcc/arm-none-eabi/10.3.1/../../../../arm-none-eabi/lib/thumb/v8-m.main/nofp/libg_nano.a(lib_a-findfp.o)
                0x0000000008045a5c                __sf_fake_stdin
 .rodata.__sf_fake_stdout
                0x0000000008045a7c       0x20 /opt/gcc-arm-none-eabi-10.3-2021.10/bin/../lib/gcc/arm-none-eabi/10.3.1/../../../../arm-none-eabi/lib/thumb/v8-m.main/nofp/libg_nano.a(lib_a-findfp.o)
                0x0000000008045a7c                __sf_fake_stdout
 *(.eh_frame*)
 .eh_frame      0x0000000008045a9c        0x0 /opt/gcc-arm-none-eabi-10.3-2021.10/bin/../lib/gcc/arm-none-eabi/10.3.1/thumb/v8-m.main/nofp/crtbegin.o
 .eh_frame      0x0000000008045a9c        0x4 /opt/gcc-arm-none-eabi-10.3-2021.10/bin/../lib/gcc/arm-none-eabi/10.3.1/thumb/v8-m.main/nofp/crtend.o

.glue_7         0x0000000008045aa0        0x0
 .glue_7        0x0000000008045aa0        0x0 linker stubs

.glue_7t        0x0000000008045aa0        0x0
 .glue_7t       0x0000000008045aa0        0x0 linker stubs

.vfp11_veneer   0x0000000008045aa0        0x0
 .vfp11_veneer  0x0000000008045aa0        0x0 linker stubs

.v4_bx          0x0000000008045aa0        0x0
 .v4_bx         0x0000000008045aa0        0x0 linker stubs

.iplt           0x0000000008045aa0        0x0
 .iplt          0x0000000008045aa0        0x0 /opt/gcc-arm-none-eabi-10.3-2021.10/bin/../lib/gcc/arm-none-eabi/10.3.1/thumb/v8-m.main/nofp/crtbegin.o

.ARM.extab
 *(.ARM.extab* .gnu.linkonce.armextab.*)
                0x0000000008045aa0                __exidx_start = .

.ARM.exidx      0x0000000008045aa0        0x8
 *(.ARM.exidx* .gnu.linkonce.armexidx.*)
 .ARM.exidx     0x0000000008045aa0        0x8 /opt/gcc-arm-none-eabi-10.3-2021.10/bin/../lib/gcc/arm-none-eabi/10.3.1/../../../../arm-none-eabi/lib/thumb/v8-m.main/nofp/crt0.o
                                         0x10 (size before relaxing)
 .ARM.exidx     0x0000000008045aa8        0x0 ../../lib/ext/tfm_test_repo-src/CMSIS/RTOS2/RTX/Library/GCC/libRTX_V8MMN.a(irq_armv8mml.o)
                                         0x20 (size before relaxing)
 .ARM.exidx     0x0000000008045aa8        0x0 /opt/gcc-arm-none-eabi-10.3-2021.10/bin/../lib/gcc/arm-none-eabi/10.3.1/thumb/v8-m.main/nofp/libgcc.a(_udivmoddi4.o)
                                          0x8 (size before relaxing)
                0x0000000008045aa8                __exidx_end = .

.rel.dyn        0x0000000008045aa8        0x0
 .rel.iplt      0x0000000008045aa8        0x0 /opt/gcc-arm-none-eabi-10.3-2021.10/bin/../lib/gcc/arm-none-eabi/10.3.1/thumb/v8-m.main/nofp/crtbegin.o

.copy.table     0x0000000008045aa8       0x18
                0x0000000008045aa8                . = ALIGN (0x4)
                0x0000000008045aa8                __copy_table_start__ = .
                0x0000000008045aa8        0x4 LONG 0x8045ad0 __etext
                0x0000000008045aac        0x4 LONG 0x20000100 __data_start__
                0x0000000008045ab0        0x4 LONG 0x45 ((__data_end__ - __data_start__) / 0x4)
                0x0000000008045ab4        0x4 LONG 0x0 DEFINED (__etext2)?__etext2:0x0
                0x0000000008045ab8        0x4 LONG 0x0 DEFINED (__data2_start__)?__data2_start__:0x0
                0x0000000008045abc        0x4 LONG 0x0 DEFINED (__data2_start__)?((__data2_end__ - __data2_start__) / 0x4):0x0
                0x0000000008045ac0                __copy_table_end__ = .

.zero.table     0x0000000008045ac0       0x10
                0x0000000008045ac0                . = ALIGN (0x4)
                0x0000000008045ac0                __zero_table_start__ = .
                0x0000000008045ac0        0x4 LONG 0x20000218 __bss_start__
                0x0000000008045ac4        0x4 LONG 0x908 ((__bss_end__ - __bss_start__) / 0x4)
                0x0000000008045ac8        0x4 LONG 0x0 DEFINED (__bss2_start__)?__bss2_start__:0x0
                0x0000000008045acc        0x4 LONG 0x0 DEFINED (__bss2_start__)?((__bss2_end__ - __bss2_start__) / 0x4):0x0
                0x0000000008045ad0                __zero_table_end__ = .
                0x0000000008045ad0                __etext = ALIGN (0x4)

.testprotection
 *(.bss.NoInit)

.data           0x0000000020000100      0x114 load address 0x0000000008045ad0
                0x0000000020000100                __data_start__ = .
 *(vtable)
 *(.data*)
 .data.SystemCoreClock
                0x0000000020000100        0x4 ../../platform/ns/libplatform_ns.a(system_stm32l5xx.o)
                0x0000000020000100                SystemCoreClock
 .data.os       0x0000000020000104       0xa4 ../../lib/ext/tfm_test_repo-src/CMSIS/RTOS2/RTX/Library/GCC/libRTX_V8MMN.a(rtx_kernel.o)
                0x0000000020000104                osRtxInfo
 .data._impure_ptr
                0x00000000200001a8        0x4 /opt/gcc-arm-none-eabi-10.3-2021.10/bin/../lib/gcc/arm-none-eabi/10.3.1/../../../../arm-none-eabi/lib/thumb/v8-m.main/nofp/libg_nano.a(lib_a-impure.o)
                0x00000000200001a8                _impure_ptr
 .data.impure_data
                0x00000000200001ac       0x60 /opt/gcc-arm-none-eabi-10.3-2021.10/bin/../lib/gcc/arm-none-eabi/10.3.1/../../../../arm-none-eabi/lib/thumb/v8-m.main/nofp/libg_nano.a(lib_a-impure.o)
                0x000000002000020c                . = ALIGN (0x4)
                0x000000002000020c                PROVIDE (__preinit_array_start = .)
 *(.preinit_array)
                0x000000002000020c                PROVIDE (__preinit_array_end = .)
                0x000000002000020c                . = ALIGN (0x4)
                0x000000002000020c                PROVIDE (__init_array_start = .)
 *(SORT_BY_NAME(.init_array.*))
 *(.init_array)
 .init_array    0x000000002000020c        0x4 /opt/gcc-arm-none-eabi-10.3-2021.10/bin/../lib/gcc/arm-none-eabi/10.3.1/thumb/v8-m.main/nofp/crtbegin.o
                0x0000000020000210                PROVIDE (__init_array_end = .)
                0x0000000020000210                . = ALIGN (0x4)
                [!provide]                        PROVIDE (__fini_array_start = .)
 *(SORT_BY_NAME(.fini_array.*))
 *(.fini_array)
 .fini_array    0x0000000020000210        0x4 /opt/gcc-arm-none-eabi-10.3-2021.10/bin/../lib/gcc/arm-none-eabi/10.3.1/thumb/v8-m.main/nofp/crtbegin.o
                [!provide]                        PROVIDE (__fini_array_end = .)
 *(.jcr*)
                0x0000000020000214                . = ALIGN (0x4)
                0x0000000020000214                __data_end__ = .

.igot.plt       0x0000000020000214        0x0 load address 0x0000000008045be4
 .igot.plt      0x0000000020000214        0x0 /opt/gcc-arm-none-eabi-10.3-2021.10/bin/../lib/gcc/arm-none-eabi/10.3.1/thumb/v8-m.main/nofp/crtbegin.o

.bss            0x0000000020000218     0x2420 load address 0x0000000008045be8
                0x0000000020000218                . = ALIGN (0x4)
                0x0000000020000218                __bss_start__ = .
 *(.bss*)
 .bss           0x0000000020000218       0x1c /opt/gcc-arm-none-eabi-10.3-2021.10/bin/../lib/gcc/arm-none-eabi/10.3.1/thumb/v8-m.main/nofp/crtbegin.o
 *fill*         0x0000000020000234        0x4 
 .bss.os        0x0000000020000238     0x2040 CMakeFiles/tfm_ns.dir/__/CMSIS/RTOS2/RTX/Source/rtx_lib.o
 .bss.os.msgqueue.cb
                0x0000000020002278       0x34 CMakeFiles/tfm_ns.dir/__/CMSIS/RTOS2/RTX/Source/rtx_lib.o
 .bss.os.msgqueue.mem
                0x00000000200022ac       0x50 CMakeFiles/tfm_ns.dir/__/CMSIS/RTOS2/RTX/Source/rtx_lib.o
 .bss.os.thread.cb
                0x00000000200022fc       0x88 CMakeFiles/tfm_ns.dir/__/CMSIS/RTOS2/RTX/Source/rtx_lib.o
 *fill*         0x0000000020002384        0x4 
 .bss.os.thread.stack
                0x0000000020002388      0x200 CMakeFiles/tfm_ns.dir/__/CMSIS/RTOS2/RTX/Source/rtx_lib.o
 .bss.uart_device
                0x0000000020002588       0x90 ../../platform/ns/libplatform_ns.a(low_level_com.o)
 .bss.uwTick    0x0000000020002618        0x4 ../../platform/ns/libplatform_ns.a(stm32l5xx_hal.o)
                0x0000000020002618                uwTick
 .bss           0x000000002000261c        0x1 ../../lib/ext/tfm_test_repo-src/CMSIS/RTOS2/RTX/Library/GCC/libRTX_V8MMN.a(os_systick.o)
 *fill*         0x000000002000261d        0x3 
 .bss.ns_lock_handle
                0x0000000020002620        0x4 libtfm_api_ns.a(tfm_ns_interface.o)
 .bss.__lock___malloc_recursive_mutex
                0x0000000020002624        0x1 /opt/gcc-arm-none-eabi-10.3-2021.10/bin/../lib/gcc/arm-none-eabi/10.3.1/../../../../arm-none-eabi/lib/thumb/v8-m.main/nofp/libg_nano.a(lib_a-lock.o)
                0x0000000020002624                __lock___malloc_recursive_mutex
 .bss.__lock___sfp_recursive_mutex
                0x0000000020002625        0x1 /opt/gcc-arm-none-eabi-10.3-2021.10/bin/../lib/gcc/arm-none-eabi/10.3.1/../../../../arm-none-eabi/lib/thumb/v8-m.main/nofp/libg_nano.a(lib_a-lock.o)
                0x0000000020002625                __lock___sfp_recursive_mutex
 .bss.__lock___sinit_recursive_mutex
                0x0000000020002626        0x1 /opt/gcc-arm-none-eabi-10.3-2021.10/bin/../lib/gcc/arm-none-eabi/10.3.1/../../../../arm-none-eabi/lib/thumb/v8-m.main/nofp/libg_nano.a(lib_a-lock.o)
                0x0000000020002626                __lock___sinit_recursive_mutex
 *fill*         0x0000000020002627        0x1 
 .bss.__malloc_free_list
                0x0000000020002628        0x4 /opt/gcc-arm-none-eabi-10.3-2021.10/bin/../lib/gcc/arm-none-eabi/10.3.1/../../../../arm-none-eabi/lib/thumb/v8-m.main/nofp/libg_nano.a(lib_a-nano-mallocr.o)
                0x0000000020002628                __malloc_free_list
 .bss.__malloc_sbrk_start
                0x000000002000262c        0x4 /opt/gcc-arm-none-eabi-10.3-2021.10/bin/../lib/gcc/arm-none-eabi/10.3.1/../../../../arm-none-eabi/lib/thumb/v8-m.main/nofp/libg_nano.a(lib_a-nano-mallocr.o)
                0x000000002000262c                __malloc_sbrk_start
 .bss.errno     0x0000000020002630        0x4 /opt/gcc-arm-none-eabi-10.3-2021.10/bin/../lib/gcc/arm-none-eabi/10.3.1/../../../../arm-none-eabi/lib/thumb/v8-m.main/nofp/libg_nano.a(lib_a-reent.o)
                0x0000000020002630                errno
 .bss.heap_end.0
                0x0000000020002634        0x4 /opt/gcc-arm-none-eabi-10.3-2021.10/bin/../lib/gcc/arm-none-eabi/10.3.1/../../../../arm-none-eabi/lib/thumb/v8-m.main/nofp/libnosys.a(sbrk.o)
 *(COMMON)
                0x0000000020002638                . = ALIGN (0x4)
                0x0000000020002638                __bss_end__ = .
                0x0000000000002420                bss_size = (__bss_end__ - __bss_start__)

.stack          0x0000000020002640     0x1000 load address 0x0000000008048020
                0x0000000020003640                . = (. + __stack_size__)
 *fill*         0x0000000020002640     0x1000 
                0x0000000020002640                __StackLimit = ADDR (.stack)
                0x0000000020003640                __StackTop = (ADDR (.stack) + SIZEOF (.stack))

.heap           0x0000000020003640     0x1000 load address 0x0000000008049020
                0x0000000020003640                __end__ = .
                0x0000000020003640                PROVIDE (end = .)
                0x0000000020003640                __HeapBase = .
                0x0000000020004640                . = (. + __heap_size__)
 *fill*         0x0000000020003640     0x1000 
                0x0000000020004640                __HeapLimit = .
                0x0000000020004640                __heap_limit = .
                0x0000000020003640                PROVIDE (__stack = __StackTop)
OUTPUT(../../bin/tfm_ns.axf elf32-littlearm)
LOAD linker stubs

.ARM.attributes
                0x0000000000000000       0x30
 .ARM.attributes
                0x0000000000000000       0x22 /opt/gcc-arm-none-eabi-10.3-2021.10/bin/../lib/gcc/arm-none-eabi/10.3.1/thumb/v8-m.main/nofp/crti.o
 .ARM.attributes
                0x0000000000000022       0x32 /opt/gcc-arm-none-eabi-10.3-2021.10/bin/../lib/gcc/arm-none-eabi/10.3.1/thumb/v8-m.main/nofp/crtbegin.o
 .ARM.attributes
                0x0000000000000054       0x20 /opt/gcc-arm-none-eabi-10.3-2021.10/bin/../lib/gcc/arm-none-eabi/10.3.1/../../../../arm-none-eabi/lib/thumb/v8-m.main/nofp/crt0.o
 .ARM.attributes
                0x0000000000000074       0x34 CMakeFiles/tfm_ns.dir/main_ns.o
 .ARM.attributes
                0x00000000000000a8       0x34 CMakeFiles/tfm_ns.dir/__/__/__/__/__/platform/ext/target/stm/common/stm32l5xx/Device/Source/startup_stm32l5xx_ns.o
 .ARM.attributes
                0x00000000000000dc       0x34 CMakeFiles/tfm_ns.dir/__/ns_interface/ns_client_ext/tz_shim_layer.o
 .ARM.attributes
                0x0000000000000110       0x34 CMakeFiles/tfm_ns.dir/__/CMSIS/RTOS2/RTX/Config/RTX_Config.o
 .ARM.attributes
                0x0000000000000144       0x34 CMakeFiles/tfm_ns.dir/__/CMSIS/RTOS2/RTX/Source/rtx_lib.o
 .ARM.attributes
                0x0000000000000178       0x34 CMakeFiles/tfm_ns.dir/os_wrapper_cmsis_rtos_v2.o
 .ARM.attributes
                0x00000000000001ac       0x34 CMakeFiles/tfm_ns.dir/__/log/tfm_log_raw.o
 .ARM.attributes
                0x00000000000001e0       0x34 ../../platform/ns/libplatform_ns.a(uart_stdout.o)
 .ARM.attributes
                0x0000000000000214       0x34 ../../platform/ns/libplatform_ns.a(system_stm32l5xx.o)
 .ARM.attributes
                0x0000000000000248       0x34 ../../platform/ns/libplatform_ns.a(low_level_com.o)
 .ARM.attributes
                0x000000000000027c       0x34 ../../platform/ns/libplatform_ns.a(stm32l5xx_hal_pwr_ex.o)
 .ARM.attributes
                0x00000000000002b0       0x34 ../../platform/ns/libplatform_ns.a(stm32l5xx_hal_gpio.o)
 .ARM.attributes
                0x00000000000002e4       0x34 ../../platform/ns/libplatform_ns.a(stm32l5xx_hal_uart.o)
 .ARM.attributes
                0x0000000000000318       0x34 ../../platform/ns/libplatform_ns.a(stm32l5xx_hal.o)
 .ARM.attributes
                0x000000000000034c       0x34 ../../platform/ns/libplatform_ns.a(stm32l5xx_hal_rcc.o)
 .ARM.attributes
                0x0000000000000380       0x34 libtfm_test_app.a(test_app.o)
 .ARM.attributes
                0x00000000000003b4       0x20 ../../lib/ext/tfm_test_repo-src/CMSIS/RTOS2/RTX/Library/GCC/libRTX_V8MMN.a(irq_armv8mml.o)
 .ARM.attributes
                0x00000000000003d4       0x32 ../../lib/ext/tfm_test_repo-src/CMSIS/RTOS2/RTX/Library/GCC/libRTX_V8MMN.a(rtx_system.o)
 .ARM.attributes
                0x0000000000000406       0x32 ../../lib/ext/tfm_test_repo-src/CMSIS/RTOS2/RTX/Library/GCC/libRTX_V8MMN.a(rtx_msgqueue.o)
 .ARM.attributes
                0x0000000000000438       0x32 ../../lib/ext/tfm_test_repo-src/CMSIS/RTOS2/RTX/Library/GCC/libRTX_V8MMN.a(rtx_mempool.o)
 .ARM.attributes
                0x000000000000046a       0x32 ../../lib/ext/tfm_test_repo-src/CMSIS/RTOS2/RTX/Library/GCC/libRTX_V8MMN.a(rtx_memory.o)
 .ARM.attributes
                0x000000000000049c       0x32 ../../lib/ext/tfm_test_repo-src/CMSIS/RTOS2/RTX/Library/GCC/libRTX_V8MMN.a(rtx_mutex.o)
 .ARM.attributes
                0x00000000000004ce       0x32 ../../lib/ext/tfm_test_repo-src/CMSIS/RTOS2/RTX/Library/GCC/libRTX_V8MMN.a(rtx_thread.o)
 .ARM.attributes
                0x0000000000000500       0x32 ../../lib/ext/tfm_test_repo-src/CMSIS/RTOS2/RTX/Library/GCC/libRTX_V8MMN.a(rtx_kernel.o)
 .ARM.attributes
                0x0000000000000532       0x32 ../../lib/ext/tfm_test_repo-src/CMSIS/RTOS2/RTX/Library/GCC/libRTX_V8MMN.a(os_systick.o)
 .ARM.attributes
                0x0000000000000564       0x32 ../../lib/ext/tfm_test_repo-src/CMSIS/RTOS2/RTX/Library/GCC/libRTX_V8MMN.a(rtx_timer.o)
 .ARM.attributes
                0x0000000000000596       0x34 libtfm_api_ns.a(tfm_ns_interface.o)
 .ARM.attributes
                0x00000000000005ca       0x22 /opt/gcc-arm-none-eabi-10.3-2021.10/bin/../lib/gcc/arm-none-eabi/10.3.1/thumb/v8-m.main/nofp/libgcc.a(_aeabi_uldivmod.o)
 .ARM.attributes
                0x00000000000005ec       0x32 /opt/gcc-arm-none-eabi-10.3-2021.10/bin/../lib/gcc/arm-none-eabi/10.3.1/thumb/v8-m.main/nofp/libgcc.a(_udivmoddi4.o)
 .ARM.attributes
                0x000000000000061e       0x22 /opt/gcc-arm-none-eabi-10.3-2021.10/bin/../lib/gcc/arm-none-eabi/10.3.1/thumb/v8-m.main/nofp/libgcc.a(_dvmd_tls.o)
 .ARM.attributes
                0x0000000000000640       0x32 /opt/gcc-arm-none-eabi-10.3-2021.10/bin/../lib/gcc/arm-none-eabi/10.3.1/../../../../arm-none-eabi/lib/thumb/v8-m.main/nofp/libg_nano.a(lib_a-assert.o)
 .ARM.attributes
                0x0000000000000672       0x32 /opt/gcc-arm-none-eabi-10.3-2021.10/bin/../lib/gcc/arm-none-eabi/10.3.1/../../../../arm-none-eabi/lib/thumb/v8-m.main/nofp/libg_nano.a(lib_a-exit.o)
 .ARM.attributes
                0x00000000000006a4       0x32 /opt/gcc-arm-none-eabi-10.3-2021.10/bin/../lib/gcc/arm-none-eabi/10.3.1/../../../../arm-none-eabi/lib/thumb/v8-m.main/nofp/libg_nano.a(lib_a-fprintf.o)
 .ARM.attributes
                0x00000000000006d6       0x32 /opt/gcc-arm-none-eabi-10.3-2021.10/bin/../lib/gcc/arm-none-eabi/10.3.1/../../../../arm-none-eabi/lib/thumb/v8-m.main/nofp/libg_nano.a(lib_a-impure.o)
 .ARM.attributes
                0x0000000000000708       0x32 /opt/gcc-arm-none-eabi-10.3-2021.10/bin/../lib/gcc/arm-none-eabi/10.3.1/../../../../arm-none-eabi/lib/thumb/v8-m.main/nofp/libg_nano.a(lib_a-init.o)
 .ARM.attributes
                0x000000000000073a       0x32 /opt/gcc-arm-none-eabi-10.3-2021.10/bin/../lib/gcc/arm-none-eabi/10.3.1/../../../../arm-none-eabi/lib/thumb/v8-m.main/nofp/libg_nano.a(lib_a-memcpy-stub.o)
 .ARM.attributes
                0x000000000000076c       0x32 /opt/gcc-arm-none-eabi-10.3-2021.10/bin/../lib/gcc/arm-none-eabi/10.3.1/../../../../arm-none-eabi/lib/thumb/v8-m.main/nofp/libg_nano.a(lib_a-memset.o)
 .ARM.attributes
                0x000000000000079e       0x32 /opt/gcc-arm-none-eabi-10.3-2021.10/bin/../lib/gcc/arm-none-eabi/10.3.1/../../../../arm-none-eabi/lib/thumb/v8-m.main/nofp/libg_nano.a(lib_a-nano-vfprintf.o)
 .ARM.attributes